============================================================
 RIGID workflow (no coupling, all rigid bodies) — viewer=False
 슬롯 개방 지령=+10.0mm  Y_OFFSET=+0.0mm  tablet_cargo=1  leftwall_col=0
============================================================
[rigid-bag] 5-panel proxy: front=1.0mmout back=1.0mmout left=1.0mmin right=1.0mmin bottom=4.0mmin
[rigid-bag] density=183.7 vol=14136mm^3 mass=2.597g (FEM cloth 등가 2.597g)
[rigid-bag] 외형 폭=64.0mm 두께=8.0mm  공동 높이=86.0mm
[rigid-tablet] capsule R=2.00mm L_total=5.00mm mass=0.0599g
[38;5;226m[Genesis] [17:15:09] [WARNING] Mesh is not watertight. Falling back to convex hull for estimating inertial properties.[0m
[38;5;226m[Genesis] [17:15:09] [WARNING] Mesh is not watertight. Falling back to convex hull for estimating inertial properties.[0m
[38;5;226m[Genesis] [17:15:09] [WARNING] Mesh is not watertight. Falling back to convex hull for estimating inertial properties.[0m
[38;5;226m[Genesis] [17:15:09] [WARNING] Mesh is not watertight. Falling back to convex hull for estimating inertial properties.[0m
[38;5;226m[Genesis] [17:15:09] [WARNING] Mesh is not watertight. Falling back to convex hull for estimating inertial properties.[0m
[38;5;226m[Genesis] [17:15:09] [WARNING] Mesh is not watertight. Falling back to convex hull for estimating inertial properties.[0m
[38;5;226m[Genesis] [17:15:09] [WARNING] Mesh is not watertight. Falling back to convex hull for estimating inertial properties.[0m
[38;5;226m[Genesis] [17:15:09] [WARNING] Mesh is not watertight. Falling back to convex hull for estimating inertial properties.[0m
[38;5;226m[Genesis] [17:15:09] [WARNING] Mesh is not watertight. Falling back to convex hull for estimating inertial properties.[0m
[38;5;226m[Genesis] [17:15:09] [WARNING] Mesh is not watertight. Falling back to convex hull for estimating inertial properties.[0m
[38;5;226m[Genesis] [17:15:09] [WARNING] Mesh is not watertight. Falling back to convex hull for estimating inertial properties.[0m
[38;5;226m[Genesis] [17:15:09] [WARNING] Mesh is not watertight. Falling back to convex hull for estimating inertial properties.[0m
[38;5;226m[Genesis] [17:15:09] [WARNING] Mesh is not watertight. Falling back to convex hull for estimating inertial properties.[0m
[38;5;226m[Genesis] [17:15:09] [WARNING] Mesh is not watertight. Falling back to convex hull for estimating inertial properties.[0m
[38;5;226m[Genesis] [17:15:09] [WARNING] Mesh is not watertight. Falling back to convex hull for estimating inertial properties.[0m
[38;5;226m[Genesis] [17:15:09] [WARNING] Mesh is not watertight. Falling back to convex hull for estimating inertial properties.[0m
[38;5;226m[Genesis] [17:15:09] [WARNING] Mesh is not watertight. Falling back to convex hull for estimating inertial properties.[0m
[38;5;226m[Genesis] [17:15:09] [WARNING] Mesh is not watertight. Falling back to convex hull for estimating inertial properties.[0m
[38;5;226m[Genesis] [17:15:09] [WARNING] Mesh is not watertight. Falling back to convex hull for estimating inertial properties.[0m
[38;5;226m[Genesis] [17:15:09] [WARNING] Mesh is not watertight. Falling back to convex hull for estimating inertial properties.[0m
[38;5;226m[Genesis] [17:15:09] [WARNING] Mesh is not watertight. Falling back to convex hull for estimating inertial properties.[0m
[38;5;226m[Genesis] [17:15:09] [WARNING] Mesh is not watertight. Falling back to convex hull for estimating inertial properties.[0m
[38;5;226m[Genesis] [17:15:09] [WARNING] Mesh is not watertight. Falling back to convex hull for estimating inertial properties.[0m
[38;5;226m[Genesis] [17:15:09] [WARNING] Mesh is not watertight. Falling back to convex hull for estimating inertial properties.[0m
[38;5;226m[Genesis] [17:15:09] [WARNING] Mesh is not watertight. Falling back to convex hull for estimating inertial properties.[0m
[38;5;226m[Genesis] [17:15:09] [WARNING] Mesh is not watertight. Falling back to convex hull for estimating inertial properties.[0m
[38;5;226m[Genesis] [17:15:09] [WARNING] Mesh is not watertight. Falling back to convex hull for estimating inertial properties.[0m
[38;5;226m[Genesis] [17:15:09] [WARNING] Mesh is not watertight. Falling back to convex hull for estimating inertial properties.[0m
[38;5;226m[Genesis] [17:15:09] [WARNING] Mesh is not watertight. Falling back to convex hull for estimating inertial properties.[0m
[38;5;226m[Genesis] [17:15:09] [WARNING] Mesh is not watertight. Falling back to convex hull for estimating inertial properties.[0m
[38;5;226m[Genesis] [17:15:09] [WARNING] Mesh is not watertight. Falling back to convex hull for estimating inertial properties.[0m
[38;5;226m[Genesis] [17:15:09] [WARNING] Mesh is not watertight. Falling back to convex hull for estimating inertial properties.[0m
[38;5;226m[Genesis] [17:15:09] [WARNING] Mesh is not watertight. Falling back to convex hull for estimating inertial properties.[0m
[38;5;226m[Genesis] [17:15:09] [WARNING] Mesh is not watertight. Falling back to convex hull for estimating inertial properties.[0m
[38;5;226m[Genesis] [17:15:09] [WARNING] Mesh is not watertight. Falling back to convex hull for estimating inertial properties.[0m
[38;5;226m[Genesis] [17:15:09] [WARNING] Mesh is not watertight. Falling back to convex hull for estimating inertial properties.[0m
[38;5;226m[Genesis] [17:15:09] [WARNING] Mesh is not watertight. Falling back to convex hull for estimating inertial properties.[0m
[38;5;226m[Genesis] [17:15:09] [WARNING] Mesh is not watertight. Falling back to convex hull for estimating inertial properties.[0m
[38;5;226m[Genesis] [17:15:09] [WARNING] Mesh is not watertight. Falling back to convex hull for estimating inertial properties.[0m
[38;5;226m[Genesis] [17:15:09] [WARNING] Mesh is not watertight. Falling back to convex hull for estimating inertial properties.[0m
[38;5;226m[Genesis] [17:15:09] [WARNING] Mesh is not watertight. Falling back to convex hull for estimating inertial properties.[0m
[38;5;226m[Genesis] [17:15:09] [WARNING] At least one of the meshes contain many faces (27466). Consider setting 'morph.decimate=True' to speed up collision detection and improve numerical stability.[0m
[38;5;226m[Genesis] [17:15:09] [WARNING] Mesh is not watertight. Falling back to convex hull for estimating inertial properties.[0m
[38;5;226m[Genesis] [17:15:09] [WARNING] Mesh is not watertight. Falling back to convex hull for estimating inertial properties.[0m
[38;5;226m[Genesis] [17:15:09] [WARNING] Mesh is not watertight. Falling back to convex hull for estimating inertial properties.[0m
[38;5;226m[Genesis] [17:15:10] [WARNING] Mesh is not watertight. Falling back to convex hull for estimating inertial properties.[0m
[38;5;226m[Genesis] [17:15:10] [WARNING] Mesh is not watertight. Falling back to convex hull for estimating inertial properties.[0m

[build] scene.build() 시작...
[38;5;226m[Genesis] [17:15:10] [WARNING] Link 'L4_Motor2_Shaft_1' has dubious center of mass [x=0.000, y=-0.037, z=0.015] compared to the bounding box from geometry [x=(-0.018, 0.018), y=(-0.018, 0.018), z=(-0.000, 0.077)].[0m
[38;5;226m[Genesis] [17:15:10] [WARNING] Link 'Shaft_copy_1' has dubious center of mass [x=0.000, y=-0.015, z=0.003] compared to the bounding box from geometry [x=(-0.053, -0.009), y=(-0.015, 0.029), z=(-0.013, 0.026)].[0m
[38;5;226m[Genesis] [17:15:10] [WARNING] Link 'Shaft_copy_1' has dubious mass 0.095 compared to the estimate from geometry 0.001.[0m
[38;5;226m[Genesis] [17:15:10] [WARNING] Link 'Shaft_copy_1' has dubious inertia [ixx=2.607e-05,iyy=1.928e-05,izz=1.271e-05] compared to the estimate from geometry [ixx=1.278e-05,iyy=1.809e-07,izz=1.278e-05].[0m
[38;5;226m[Genesis] [17:15:10] [WARNING] Link 'M_Bottom_1' has dubious center of mass [x=0.019, y=0.081, z=0.045] compared to the bounding box from geometry [x=(0.057, 0.168), y=(-0.028, 0.093), z=(-0.093, 0.055)].[0m
[38;5;226m[Genesis] [17:15:10] [WARNING] Link 'link_2' has dubious center of mass [x=0.000, y=0.000, z=0.000] compared to the bounding box from geometry [x=(-0.068, 0.479), y=(-0.069, 0.069), z=(0.082, 0.274)].[0m
[38;5;226m[Genesis] [17:15:10] [WARNING] Constraint solver time constant should be greater than 2*substep_dt. timeconst is changed from `0.0002` to `0.01`). Decrease simulation timestep or increase timeconst to avoid altering the original value.[0m
[build] 성공 (8.2s)
[bag] 자세 고정(hold): pos=[-0.12653679 -0.6158201   0.39925346] quat=[0.5 0.5 0.5 0.5]
[slot] gap_cx=-0.3303 gap_cy=-0.0473 gap_width(정지)=12.0mm wall_top_z=0.0864
[robot] PD 구동: n_dofs=12 arm kp/kv=20000.0/1200.0 finger kp/kv=60.0/3.0 (gravity_compensation=1.0)
[38;5;226m[Genesis] [17:15:18] [WARNING] fps=30 is not reachable with dt=0.005. Recording at fps=28.57142857142857 instead.[0m
[38;5;226m[Genesis] [17:15:18] [WARNING] fps=30 is not reachable with dt=0.005. Recording at fps=28.57142857142857 instead.[0m
[38;5;226m[Genesis] [17:15:18] [WARNING] fps=30 is not reachable with dt=0.005. Recording at fps=28.57142857142857 instead.[0m

[phase] 0 prep (1.0s) — 크랭크 0->-3.142rad, Left_Wall 0->+10.0mm(개방)
[phase] prep     @done  crank=-3.000rad  wall=+7.03mm (지령 +10.00mm, 오차 -2.97mm)
[slot] 실제 통로 = 12.0(정지) + +7.03(벽) = 19.0mm  vs 봉투 두께 8.0mm → 여유 +5.5mm/쪽
[slot] **주의** 벽이 지령을 못 따라간다 — 기구 잼 또는 하드 스톱 (RB_LEFTWALL_COLLISION=0; +7.1mm 는 알려진 하드 스톱)
    [drop k=   0] bag_z=+399.3mm  tilt=0.0deg twist=0.0deg  tablet_local=(+0.0,-39.5,+0.0)mm IN
    [drop k=  40] bag_z=+399.3mm  tilt=0.0deg twist=0.0deg  tablet_local=(+0.0,-39.5,+0.0)mm IN
    [drop k=  80] bag_z=+399.3mm  tilt=0.0deg twist=0.0deg  tablet_local=(+0.0,-39.5,+0.2)mm IN
    [drop k= 120] bag_z=+399.3mm  tilt=0.0deg twist=0.0deg  tablet_local=(-0.0,-39.9,+0.6)mm IN
[phase] drop     @done  bag_com=[-0.12653679 -0.6158201   0.39925346]  finger_z=0.4380  q_err=0.00mrad  tilt=0.0deg twist=0.0deg  tablet_local=(-0.0,-39.5,+1.1)mm IN
[phase] settle   @done  bag_com=[-0.12653679 -0.6158201   0.39925346]  finger_z=0.4380  q_err=0.00mrad  tilt=0.0deg twist=0.0deg  tablet_local=(-3.9,-39.7,-0.9)mm IN
[tablet] cargo 종속 (로컬 오프셋 [ -3.8825274 -39.71079    -0.8980781] mm)
[phase] close    @done  bag_com=[-0.12653679 -0.6158201   0.39925346]  finger_z=0.4361  q_err=0.00mrad  tilt=0.0deg twist=0.0deg  tablet_local=(-3.9,-39.7,-0.9)mm IN
[bag] hold 해제(핑거 닫힘 완료) — 이제부터 순수 마찰 파지
[phase] grasp    @done  bag_com=[-0.12668635 -0.6134527   0.40155098]  finger_z=0.4363  q_err=0.00mrad  tilt=4.5deg twist=1.7deg  tablet_local=(-3.9,-39.7,-0.9)mm IN
[phase] lift     @done  bag_com=[-0.12761377 -0.6128584   0.52422696]  finger_z=0.5616  q_err=6.49mrad  tilt=8.5deg twist=1.3deg  tablet_local=(-3.9,-39.7,-0.9)mm IN
[phase] hold     @done  bag_com=[-0.12919593 -0.61330634  0.5222975 ]  finger_z=0.5620  q_err=0.00mrad  tilt=8.7deg twist=4.4deg  tablet_local=(-3.9,-39.7,-0.9)mm IN
[slot] wall_center_z=0.0504  insert_z(finger)=0.1324  hang=82mm
[slot] 봉투중심 보정 dy=+28.0mm -> finger_y=-0.0753 (봉투중심 y=-0.0473 = gap_cy -0.0473)

[ik] above arm_q=[1.5597873  0.5888011  0.63626486 0.00216092 1.9163308  1.5603042 ]
    [above k=   0] bag_z=+522.3mm  tilt=8.7deg twist=2.5deg  tablet_local=(-3.9,-39.7,-0.9)mm IN
    [above k=  40] bag_z=+519.7mm  tilt=7.8deg twist=1.4deg  tablet_local=(-3.9,-39.7,-0.9)mm IN
    [above k=  80] bag_z=+511.0mm  tilt=4.6deg twist=0.2deg  tablet_local=(-3.9,-39.7,-0.9)mm IN
    [above k= 120] bag_z=+491.3mm  tilt=1.6deg twist=1.2deg  tablet_local=(-3.9,-39.7,-0.9)mm IN
    [above k= 160] bag_z=+458.4mm  tilt=7.1deg twist=2.1deg  tablet_local=(-3.9,-39.7,-0.9)mm IN
    [above k= 200] bag_z=+408.7mm  tilt=22.6deg twist=1.8deg  tablet_local=(-3.9,-39.7,-0.9)mm IN
    [above k= 240] bag_z=+353.2mm  tilt=29.6deg twist=2.5deg  tablet_local=(-3.9,-39.7,-0.9)mm IN
    [above k= 280] bag_z=+298.6mm  tilt=34.3deg twist=2.4deg  tablet_local=(-3.9,-39.7,-0.9)mm IN
    [above k= 320] bag_z=+255.9mm  tilt=35.5deg twist=3.7deg  tablet_local=(-3.9,-39.7,-0.9)mm IN
    [above k= 360] bag_z=+232.0mm  tilt=31.9deg twist=3.0deg  tablet_local=(-3.9,-39.7,-0.9)mm IN
[phase] above    @done  bag_com=[-0.33242443 -0.07719325  0.22548856]  finger_z=0.2867  q_err=1.78mrad  tilt=28.8deg twist=5.2deg  tablet_local=(-3.9,-39.7,-0.9)mm IN
[phase] aboveset @done  bag_com=[-0.33156142 -0.07855015  0.22277641]  finger_z=0.2863  q_err=0.00mrad  tilt=30.3deg twist=0.4deg  tablet_local=(-3.9,-39.7,-0.9)mm IN
[ik] insert 웨이포인트 41개(카테시안 직선)  arm_q=[1.5594413  0.5334064  1.1497413  0.00287783 1.458274   1.5589144 ]
    [insert k=   0] bag_z=+222.7mm  tilt=29.3deg twist=2.2deg  tablet_local=(-3.9,-39.7,-0.9)mm IN
    [insert k=  40] bag_z=+222.3mm  tilt=21.5deg twist=0.2deg  tablet_local=(-3.9,-39.7,-0.9)mm IN
    [insert k=  80] bag_z=+216.6mm  tilt=21.1deg twist=0.1deg  tablet_local=(-3.9,-39.7,-0.9)mm IN
    [insert k= 120] bag_z=+202.5mm  tilt=21.2deg twist=0.2deg  tablet_local=(-3.9,-39.7,-0.9)mm IN
    [insert k= 160] bag_z=+180.4mm  tilt=21.3deg twist=0.0deg  tablet_local=(-3.9,-39.7,-0.9)mm IN
    [insert k= 200] bag_z=+153.1mm  tilt=21.4deg twist=0.0deg  tablet_local=(-3.9,-39.7,-0.9)mm IN
    [insert k= 240] bag_z=+127.7mm  tilt=17.7deg twist=1.3deg  tablet_local=(-3.9,-39.7,-0.9)mm IN
    [insert k= 280] bag_z=+125.7mm  tilt=3.5deg twist=1.4deg  tablet_local=(-3.9,-39.7,-0.9)mm IN
    [insert k= 320] bag_z=+120.6mm  tilt=0.3deg twist=0.1deg  tablet_local=(-3.9,-39.7,-0.9)mm IN
    [insert k= 360] bag_z=+122.1mm  tilt=0.0deg twist=0.0deg  tablet_local=(-3.9,-39.7,-0.9)mm IN
[phase] insert   @done  bag_com=[-0.3325421  -0.07015874  0.12394772]  finger_z=0.1327  q_err=0.45mrad  tilt=0.3deg twist=0.0deg  tablet_local=(-3.9,-39.7,-0.9)mm IN
[phase] settle2  @done  bag_com=[-0.3325426  -0.07015517  0.12527056]  finger_z=0.1325  q_err=0.00mrad  tilt=0.1deg twist=0.1deg  tablet_local=(-3.9,-39.7,-0.9)mm IN

[phase] 9 clamp (2.0s) — Left_Wall +10.0mm -> -5.0mm
[phase] clamp    @done  wall=-4.29mm  tilt=0.0deg twist=0.0deg  tablet_local=(-3.9,-39.7,-0.9)mm IN
[phase] clamp    (주의) Left_Wall 충돌 OFF — 벽이 봉투를 통과한다. 클램프 접촉을 보려면 볼록분해 후 RB_LEFTWALL_COLLISION=1
    [release k=   0] bag_z=+125.4mm  tilt=0.0deg twist=0.0deg  tablet_local=(-3.9,-39.7,-0.9)mm IN
    [release k=  40] bag_z=+125.5mm  tilt=0.0deg twist=0.1deg  tablet_local=(-3.9,-39.7,-0.9)mm IN
    [release k=  80] bag_z=+126.7mm  tilt=0.1deg twist=0.0deg  tablet_local=(-3.9,-39.7,-0.9)mm IN
[phase] release  @done  bag_com=[-0.34322378 -0.07014275  0.12701194]  finger_z=0.1342  q_err=0.00mrad  tilt=0.2deg twist=0.1deg  tablet_local=(-3.9,-39.7,-0.9)mm IN

[RESULT] verdict=FAIL  (슬롯 진입 실패(bottom_z=0.0819 vs wall_top_z=0.0864 — 벽 위에 얹힘); 삽입 깊이 부족(bottom_z=0.0819 > wall_center_z+10mm))
[RESULT] wall_open 지령=+10.0mm 실제=+7.03mm  통로=19.0mm
[RESULT] bag_bottom_z=0.0819  (wall_top=0.0864 wall_center=0.0504 pocket_floor=0.0144)
[RESULT] tilt=0.2deg  twist=0.1deg

[timing] build=8.2s  steps=83.8s (2230 steps, 37.6ms/step)
[saved] rigid_workflow_wall+10.0mm_yoff+0.0mm_20260814_171502_overview.mp4
[saved] rigid_workflow_wall+10.0mm_yoff+0.0mm_20260814_171502_bagcam.mp4
[saved] rigid_workflow_wall+10.0mm_yoff+0.0mm_20260814_171502_sideview.mp4
[saved] -> C:\Crusher_isaacsim\Crusher_Genesis\Crusher_M0609_RG2_Tablet_Samplebag\Result_NoCoupling_OnlyRigidbody
완료.
