============================================================
 Full workflow: tablet drop -> bag catch -> grasp -> lift -> Crusher slot insert (viewer=False)
 mode = RIGID(공정 검증)
============================================================
[rigid-bag] 5-panel proxy: front=1.0mmout back=1.0mmout left=1.0mmin right=1.0mmin bottom=4.0mmin
[rigid-bag] density=183.7 vol=14136mm^3 mass=2.597g (FEM cloth 등가 2.597g)
[rigid-bag] 외형 폭=64.0mm(슬롯 Y여유 65mm 와 대조) 두께=8.0mm(gap 12mm 와 대조)  공동 높이=86.0mm
[rigid-tablet] capsule R=2.00mm L_total=5.00mm mass=0.0599g
[38;5;226m[Genesis] [15:50:57] [WARNING] Mesh is not watertight. Falling back to convex hull for estimating inertial properties.[0m
[38;5;226m[Genesis] [15:50:57] [WARNING] Mesh is not watertight. Falling back to convex hull for estimating inertial properties.[0m
[38;5;226m[Genesis] [15:50:57] [WARNING] Mesh is not watertight. Falling back to convex hull for estimating inertial properties.[0m
[38;5;226m[Genesis] [15:50:57] [WARNING] Mesh is not watertight. Falling back to convex hull for estimating inertial properties.[0m
[38;5;226m[Genesis] [15:50:57] [WARNING] Mesh is not watertight. Falling back to convex hull for estimating inertial properties.[0m
[38;5;226m[Genesis] [15:50:57] [WARNING] Mesh is not watertight. Falling back to convex hull for estimating inertial properties.[0m
[38;5;226m[Genesis] [15:50:57] [WARNING] Mesh is not watertight. Falling back to convex hull for estimating inertial properties.[0m
[38;5;226m[Genesis] [15:50:57] [WARNING] Mesh is not watertight. Falling back to convex hull for estimating inertial properties.[0m
[38;5;226m[Genesis] [15:50:57] [WARNING] Mesh is not watertight. Falling back to convex hull for estimating inertial properties.[0m
[38;5;226m[Genesis] [15:50:57] [WARNING] Mesh is not watertight. Falling back to convex hull for estimating inertial properties.[0m
[38;5;226m[Genesis] [15:50:57] [WARNING] Mesh is not watertight. Falling back to convex hull for estimating inertial properties.[0m
[38;5;226m[Genesis] [15:50:57] [WARNING] Mesh is not watertight. Falling back to convex hull for estimating inertial properties.[0m
[38;5;226m[Genesis] [15:50:57] [WARNING] Mesh is not watertight. Falling back to convex hull for estimating inertial properties.[0m
[38;5;226m[Genesis] [15:50:57] [WARNING] Mesh is not watertight. Falling back to convex hull for estimating inertial properties.[0m
[38;5;226m[Genesis] [15:50:57] [WARNING] Mesh is not watertight. Falling back to convex hull for estimating inertial properties.[0m
[38;5;226m[Genesis] [15:50:57] [WARNING] Mesh is not watertight. Falling back to convex hull for estimating inertial properties.[0m
[38;5;226m[Genesis] [15:50:57] [WARNING] Mesh is not watertight. Falling back to convex hull for estimating inertial properties.[0m
[38;5;226m[Genesis] [15:50:57] [WARNING] Mesh is not watertight. Falling back to convex hull for estimating inertial properties.[0m
[38;5;226m[Genesis] [15:50:57] [WARNING] Mesh is not watertight. Falling back to convex hull for estimating inertial properties.[0m
[38;5;226m[Genesis] [15:50:57] [WARNING] Mesh is not watertight. Falling back to convex hull for estimating inertial properties.[0m
[38;5;226m[Genesis] [15:50:57] [WARNING] Mesh is not watertight. Falling back to convex hull for estimating inertial properties.[0m
[38;5;226m[Genesis] [15:50:57] [WARNING] Mesh is not watertight. Falling back to convex hull for estimating inertial properties.[0m
[38;5;226m[Genesis] [15:50:57] [WARNING] Mesh is not watertight. Falling back to convex hull for estimating inertial properties.[0m
[38;5;226m[Genesis] [15:50:57] [WARNING] Mesh is not watertight. Falling back to convex hull for estimating inertial properties.[0m
[38;5;226m[Genesis] [15:50:57] [WARNING] Mesh is not watertight. Falling back to convex hull for estimating inertial properties.[0m
[38;5;226m[Genesis] [15:50:57] [WARNING] Mesh is not watertight. Falling back to convex hull for estimating inertial properties.[0m
[38;5;226m[Genesis] [15:50:57] [WARNING] Mesh is not watertight. Falling back to convex hull for estimating inertial properties.[0m
[38;5;226m[Genesis] [15:50:57] [WARNING] Mesh is not watertight. Falling back to convex hull for estimating inertial properties.[0m
[38;5;226m[Genesis] [15:50:57] [WARNING] Mesh is not watertight. Falling back to convex hull for estimating inertial properties.[0m
[38;5;226m[Genesis] [15:50:57] [WARNING] Mesh is not watertight. Falling back to convex hull for estimating inertial properties.[0m
[38;5;226m[Genesis] [15:50:57] [WARNING] Mesh is not watertight. Falling back to convex hull for estimating inertial properties.[0m
[38;5;226m[Genesis] [15:50:57] [WARNING] Mesh is not watertight. Falling back to convex hull for estimating inertial properties.[0m
[38;5;226m[Genesis] [15:50:57] [WARNING] Mesh is not watertight. Falling back to convex hull for estimating inertial properties.[0m
[38;5;226m[Genesis] [15:50:57] [WARNING] Mesh is not watertight. Falling back to convex hull for estimating inertial properties.[0m
[38;5;226m[Genesis] [15:50:57] [WARNING] Mesh is not watertight. Falling back to convex hull for estimating inertial properties.[0m
[38;5;226m[Genesis] [15:50:57] [WARNING] Mesh is not watertight. Falling back to convex hull for estimating inertial properties.[0m
[38;5;226m[Genesis] [15:50:57] [WARNING] Mesh is not watertight. Falling back to convex hull for estimating inertial properties.[0m
[38;5;226m[Genesis] [15:50:57] [WARNING] Mesh is not watertight. Falling back to convex hull for estimating inertial properties.[0m
[38;5;226m[Genesis] [15:50:57] [WARNING] Mesh is not watertight. Falling back to convex hull for estimating inertial properties.[0m
[38;5;226m[Genesis] [15:50:57] [WARNING] Mesh is not watertight. Falling back to convex hull for estimating inertial properties.[0m
[38;5;226m[Genesis] [15:50:57] [WARNING] Mesh is not watertight. Falling back to convex hull for estimating inertial properties.[0m
[38;5;226m[Genesis] [15:50:57] [WARNING] At least one of the meshes contain many faces (27466). Consider setting 'morph.decimate=True' to speed up collision detection and improve numerical stability.[0m
[38;5;226m[Genesis] [15:50:58] [WARNING] Mesh is not watertight. Falling back to convex hull for estimating inertial properties.[0m
[38;5;226m[Genesis] [15:50:58] [WARNING] Mesh is not watertight. Falling back to convex hull for estimating inertial properties.[0m
[38;5;226m[Genesis] [15:50:58] [WARNING] Mesh is not watertight. Falling back to convex hull for estimating inertial properties.[0m
[38;5;226m[Genesis] [15:50:58] [WARNING] Mesh is not watertight. Falling back to convex hull for estimating inertial properties.[0m
[38;5;226m[Genesis] [15:50:58] [WARNING] Mesh is not watertight. Falling back to convex hull for estimating inertial properties.[0m

[build] scene.build() 시작...
[38;5;226m[Genesis] [15:50:58] [WARNING] Link 'L4_Motor2_Shaft_1' has dubious center of mass [x=0.000, y=-0.037, z=0.015] compared to the bounding box from geometry [x=(-0.018, 0.018), y=(-0.018, 0.018), z=(-0.000, 0.077)].[0m
[38;5;226m[Genesis] [15:50:58] [WARNING] Link 'Shaft_copy_1' has dubious center of mass [x=0.000, y=-0.015, z=0.003] compared to the bounding box from geometry [x=(-0.053, -0.009), y=(-0.015, 0.029), z=(-0.013, 0.026)].[0m
[38;5;226m[Genesis] [15:50:58] [WARNING] Link 'Shaft_copy_1' has dubious mass 0.095 compared to the estimate from geometry 0.001.[0m
[38;5;226m[Genesis] [15:50:58] [WARNING] Link 'Shaft_copy_1' has dubious inertia [ixx=2.607e-05,iyy=1.928e-05,izz=1.271e-05] compared to the estimate from geometry [ixx=1.278e-05,iyy=1.809e-07,izz=1.278e-05].[0m
[38;5;226m[Genesis] [15:50:58] [WARNING] Link 'M_Bottom_1' has dubious center of mass [x=0.019, y=0.081, z=0.045] compared to the bounding box from geometry [x=(0.057, 0.168), y=(-0.028, 0.093), z=(-0.093, 0.055)].[0m
[38;5;226m[Genesis] [15:50:58] [WARNING] Link 'link_2' has dubious center of mass [x=0.000, y=0.000, z=0.000] compared to the bounding box from geometry [x=(-0.068, 0.479), y=(-0.069, 0.069), z=(0.082, 0.274)].[0m
[38;5;226m[Genesis] [15:50:58] [WARNING] Constraint solver time constant should be greater than 2*substep_dt. timeconst is changed from `0.0002` to `0.01`). Decrease simulation timestep or increase timeconst to avoid altering the original value.[0m
[build] 성공 (7.5s)
[bag] rigid 프록시 자세 고정(hold): pos=[-0.12653679 -0.6158201   0.39925346] quat=[0.5 0.5 0.5 0.5]
[slot] gap_cx=-0.3303 gap_cy=-0.0473 gap_width=12.0mm wall_top_z=0.0864
[slot] pocket(L1_Wall1_1) center=(-0.3683,-0.0853)
[robot] PD 구동: n_dofs=12 arm kp/kv=20000.0/1200.0 finger kp/kv=60.0/3.0 (gravity_compensation=1.0)
[38;5;226m[Genesis] [15:51:05] [WARNING] fps=30 is not reachable with dt=0.005. Recording at fps=28.57142857142857 instead.[0m
[38;5;226m[Genesis] [15:51:05] [WARNING] fps=30 is not reachable with dt=0.005. Recording at fps=28.57142857142857 instead.[0m
[38;5;226m[Genesis] [15:51:05] [WARNING] fps=30 is not reachable with dt=0.005. Recording at fps=28.57142857142857 instead.[0m

[phase] 0 prep (1.0s) — 크랭크 0->-3.142rad(-180deg), Left_Wall 0->+6mm(개방)
[phase] prep     @done  crank=-2.999rad  wall=-10.16mm
    [drop k=   0] tablet_z=+359.75mm  tablet_local=(+0.0,-39.5,+0.0)mm IN 
    [drop k=  40] tablet_z=+359.75mm  tablet_local=(+0.0,-39.5,+0.0)mm IN 
    [drop k=  80] tablet_z=+359.75mm  tablet_local=(+0.0,-39.5,+0.1)mm IN 
    [drop k= 120] tablet_z=+359.46mm  tablet_local=(+0.0,-39.8,+0.7)mm IN 
[phase] drop     @done  bag_com=[-0.12653679 -0.6158201   0.39925346]  finger_z=0.4380  tablet_z=+359.65mm  q_err=0.00mrad  tablet_local=(+0.0,-39.6,+0.8)mm IN 
[phase] settle   @done  bag_com=[-0.12653679 -0.6158201   0.39925346]  finger_z=0.4380  tablet_z=+359.58mm  q_err=0.00mrad  tablet_local=(+0.0,-39.7,-0.7)mm IN 
[phase] close    @done  bag_com=[-0.12653679 -0.6158201   0.39925346]  finger_z=0.4363  tablet_z=+360.50mm  q_err=0.00mrad  tablet_local=(+0.1,-38.8,+0.1)mm IN 
[bag] rigid hold 해제(핑거 닫힘 완료) — 이제부터 순수 마찰 파지
[phase] grasp    @done  bag_com=[-0.12488727 -0.61416984  0.39992574]  finger_z=0.4362  tablet_z=+338.21mm  q_err=0.00mrad  tablet_local=(-11.3,-63.1,+59.0)mm OUT:yz
[phase] lift     @done  bag_com=[-0.12381818 -0.61200285  0.5206377 ]  finger_z=0.5585  tablet_z=+1.97mm  q_err=47.36mrad  tablet_local=(-94.6,-508.1,+148.8)mm OUT:xyz
[phase] hold     @done  bag_com=[-0.12542179 -0.61255103  0.5216879 ]  finger_z=0.5620  tablet_z=+1.97mm  q_err=0.01mrad  tablet_local=(-87.4,-511.1,+161.8)mm OUT:xyz
[slot] wall_center_z=0.0504  insert_z(finger)=0.1024  margin=52mm
[sweep] Y_OFFSET_MM=+0.0mm -> target_xy=[-0.33027777 -0.04730234]  (gap_cy=-0.0473)
[cam] side view 고정: pos=(np.float64(-0.3302777709960938), np.float64(-0.597302336215973), np.float64(0.168431227684021)) look=(np.float64(-0.3302777709960938), np.float64(-0.047302336215972886), np.float64(0.168431227684021)) (gap_width=12.0mm, z범위 above=0.2864~insert=0.1024)

[ik] above-slot target=[-0.33027777 -0.04730234  0.28643123]  arm_q=[1.5605388e+00 7.1451670e-01 4.1810220e-01 1.7665299e-03 2.0089114e+00
 1.5615394e+00]
    [above k=   0] tablet_z=+1.97mm  tablet_local=(-90.8,-514.7,+147.3)mm OUT:xyz
    [above k=  40] tablet_z=+1.97mm  tablet_local=(-110.3,-494.1,+144.8)mm OUT:xyz
    [above k=  80] tablet_z=+1.97mm  tablet_local=(-167.1,-473.0,+94.5)mm OUT:xyz
    [above k= 120] tablet_z=+1.97mm  tablet_local=(-210.1,-445.1,+102.6)mm OUT:xyz
    [above k= 160] tablet_z=+1.97mm  tablet_local=(-300.7,-402.8,+87.7)mm OUT:xyz
    [above k= 200] tablet_z=+1.97mm  tablet_local=(-341.5,-373.3,+147.9)mm OUT:xyz
    [above k= 240] tablet_z=+1.97mm  tablet_local=(-423.5,-350.6,+99.0)mm OUT:xyz
    [above k= 280] tablet_z=+1.97mm  tablet_local=(-492.8,-309.4,+159.9)mm OUT:xyz
    [above k= 320] tablet_z=+1.97mm  tablet_local=(-536.4,-274.6,+258.4)mm OUT:xyz
    [above k= 360] tablet_z=+1.97mm  tablet_local=(-595.0,-239.9,+317.0)mm OUT:xyz
[phase] above    @done  bag_com=[-0.30416888 -0.0287037   0.24617007]  finger_z=0.2971  tablet_z=+1.97mm  q_err=42.96mrad  tablet_local=(-621.2,-205.7,+418.5)mm OUT:xyz
[ik] insert target=[-0.33027777 -0.04730234  0.10243123]  arm_q=[1.5601281  0.61824816 1.0951233  0.00255343 1.4280311  1.5595609 ]
    [insert k=   0] tablet_z=+1.97mm  tablet_local=(-642.5,-218.2,+381.2)mm OUT:xyz
    [insert k=  40] tablet_z=+1.97mm  tablet_local=(-626.8,-219.2,+436.9)mm OUT:xyz
    [insert k=  80] tablet_z=+1.97mm  tablet_local=(-630.3,-228.2,+431.1)mm OUT:xyz
    [insert k= 120] tablet_z=+1.97mm  tablet_local=(-577.8,-218.1,+503.7)mm OUT:xyz
    [insert k= 160] tablet_z=+1.97mm  tablet_local=(-621.9,-244.3,+436.5)mm OUT:xyz
    [insert k= 200] tablet_z=+1.97mm  tablet_local=(-572.4,-309.7,+453.6)mm OUT:xyz
    [insert k= 240] tablet_z=+1.97mm  tablet_local=(-614.0,-236.7,+453.4)mm OUT:xyz
    [insert k= 280] tablet_z=+1.97mm  tablet_local=(-646.3,-122.1,+464.5)mm OUT:xyz
    [insert k= 320] tablet_z=+1.97mm  tablet_local=(-636.5,-102.7,+486.2)mm OUT:xyz
    [insert k= 360] tablet_z=+1.97mm  tablet_local=(-645.7,-59.6,+485.5)mm OUT:xyz
[phase] insert   @done  bag_com=[-0.32882395 -0.02951783  0.1383574 ]  finger_z=0.1077  tablet_z=+1.97mm  q_err=18.66mrad  tablet_local=(-634.9,+122.2,+480.8)mm OUT:xyz
[phase] settle2  @done  bag_com=[-0.32977903 -0.03677451  0.14161626]  finger_z=0.1054  tablet_z=+1.97mm  q_err=3.39mrad  tablet_local=(-592.2,+256.5,+493.1)mm OUT:xyz

[phase] 9 clamp (2.0s) — Left_Wall +6.0mm -> -5.0mm (실링부 압착)
[phase] clamp    @done  wall=-9.33mm  bag_com=[-0.31567833  0.04243049  0.06764049]
    [release k=   0] tablet_z=+1.97mm  tablet_local=(+326.7,-666.3,+514.9)mm OUT:xyz
    [release k=  40] tablet_z=+1.97mm  tablet_local=(+381.8,-763.1,+297.1)mm OUT:xyz
    [release k=  80] tablet_z=+1.97mm  tablet_local=(+385.6,-767.2,+295.4)mm OUT:xyz
[phase] release  @done  bag_com=[-0.31653696  0.03907748  0.03242672]  finger_z=0.1069  tablet_z=+1.97mm  q_err=1.65mrad  tablet_local=(+387.3,-769.1,+294.6)mm OUT:xyz

[RESULT] Y_OFFSET_MM=+0.0mm  verdict=FAIL  (미도달(bag_bottom_z=-0.0000 vs wall_center_z=0.0504, diff=50.5mm>30mm))
[RESULT] final_bottom_z=-0.0000  wall_center_z=0.0504  width_y=92.4mm(baseline 74.9mm)  height_z=64.9mm(baseline 97.4mm)

[timing] mode=RIGID(공정 검증)  build=7.5s  steps=62.4s (2230 steps, 28.0ms/step)

[saved] overview -> C:\Crusher_isaacsim\Crusher_Genesis\Crusher_M0609_RG2_Tablet_Samplebag\RESULT\full_workflow_rigid_yoff+0.0mm_20260803_155050_overview.mp4
[saved] bagcam   -> C:\Crusher_isaacsim\Crusher_Genesis\Crusher_M0609_RG2_Tablet_Samplebag\RESULT\full_workflow_rigid_yoff+0.0mm_20260803_155050_bagcam.mp4
[saved] sideview -> C:\Crusher_isaacsim\Crusher_Genesis\Crusher_M0609_RG2_Tablet_Samplebag\RESULT\full_workflow_rigid_yoff+0.0mm_20260803_155050_sideview.mp4
완료.
