============================================================
 Full workflow: tablet drop -> bag catch -> grasp -> lift -> Crusher slot insert (viewer=False)
 mode = RIGID(공정 검증)
============================================================
[rigid-bag] 5-panel proxy: front=1.0mmout back=1.0mmout left=1.0mmin right=1.0mmin bottom=4.0mmin
[rigid-bag] density=183.7 vol=14136mm^3 mass=2.597g (FEM cloth 등가 2.597g)
[rigid-bag] 외형 폭=64.0mm(슬롯 Y여유 65mm 와 대조) 두께=8.0mm(gap 12mm 와 대조)  공동 높이=86.0mm
[rigid-tablet] capsule R=2.00mm L_total=5.00mm mass=0.0599g
[38;5;226m[Genesis] [16:10:05] [WARNING] Mesh is not watertight. Falling back to convex hull for estimating inertial properties.[0m
[38;5;226m[Genesis] [16:10:05] [WARNING] Mesh is not watertight. Falling back to convex hull for estimating inertial properties.[0m
[38;5;226m[Genesis] [16:10:05] [WARNING] Mesh is not watertight. Falling back to convex hull for estimating inertial properties.[0m
[38;5;226m[Genesis] [16:10:05] [WARNING] Mesh is not watertight. Falling back to convex hull for estimating inertial properties.[0m
[38;5;226m[Genesis] [16:10:05] [WARNING] Mesh is not watertight. Falling back to convex hull for estimating inertial properties.[0m
[38;5;226m[Genesis] [16:10:05] [WARNING] Mesh is not watertight. Falling back to convex hull for estimating inertial properties.[0m
[38;5;226m[Genesis] [16:10:05] [WARNING] Mesh is not watertight. Falling back to convex hull for estimating inertial properties.[0m
[38;5;226m[Genesis] [16:10:05] [WARNING] Mesh is not watertight. Falling back to convex hull for estimating inertial properties.[0m
[38;5;226m[Genesis] [16:10:05] [WARNING] Mesh is not watertight. Falling back to convex hull for estimating inertial properties.[0m
[38;5;226m[Genesis] [16:10:05] [WARNING] Mesh is not watertight. Falling back to convex hull for estimating inertial properties.[0m
[38;5;226m[Genesis] [16:10:05] [WARNING] Mesh is not watertight. Falling back to convex hull for estimating inertial properties.[0m
[38;5;226m[Genesis] [16:10:05] [WARNING] Mesh is not watertight. Falling back to convex hull for estimating inertial properties.[0m
[38;5;226m[Genesis] [16:10:05] [WARNING] Mesh is not watertight. Falling back to convex hull for estimating inertial properties.[0m
[38;5;226m[Genesis] [16:10:05] [WARNING] Mesh is not watertight. Falling back to convex hull for estimating inertial properties.[0m
[38;5;226m[Genesis] [16:10:05] [WARNING] Mesh is not watertight. Falling back to convex hull for estimating inertial properties.[0m
[38;5;226m[Genesis] [16:10:05] [WARNING] Mesh is not watertight. Falling back to convex hull for estimating inertial properties.[0m
[38;5;226m[Genesis] [16:10:05] [WARNING] Mesh is not watertight. Falling back to convex hull for estimating inertial properties.[0m
[38;5;226m[Genesis] [16:10:05] [WARNING] Mesh is not watertight. Falling back to convex hull for estimating inertial properties.[0m
[38;5;226m[Genesis] [16:10:05] [WARNING] Mesh is not watertight. Falling back to convex hull for estimating inertial properties.[0m
[38;5;226m[Genesis] [16:10:05] [WARNING] Mesh is not watertight. Falling back to convex hull for estimating inertial properties.[0m
[38;5;226m[Genesis] [16:10:05] [WARNING] Mesh is not watertight. Falling back to convex hull for estimating inertial properties.[0m
[38;5;226m[Genesis] [16:10:05] [WARNING] Mesh is not watertight. Falling back to convex hull for estimating inertial properties.[0m
[38;5;226m[Genesis] [16:10:05] [WARNING] Mesh is not watertight. Falling back to convex hull for estimating inertial properties.[0m
[38;5;226m[Genesis] [16:10:05] [WARNING] Mesh is not watertight. Falling back to convex hull for estimating inertial properties.[0m
[38;5;226m[Genesis] [16:10:05] [WARNING] Mesh is not watertight. Falling back to convex hull for estimating inertial properties.[0m
[38;5;226m[Genesis] [16:10:05] [WARNING] Mesh is not watertight. Falling back to convex hull for estimating inertial properties.[0m
[38;5;226m[Genesis] [16:10:05] [WARNING] Mesh is not watertight. Falling back to convex hull for estimating inertial properties.[0m
[38;5;226m[Genesis] [16:10:05] [WARNING] Mesh is not watertight. Falling back to convex hull for estimating inertial properties.[0m
[38;5;226m[Genesis] [16:10:05] [WARNING] Mesh is not watertight. Falling back to convex hull for estimating inertial properties.[0m
[38;5;226m[Genesis] [16:10:05] [WARNING] Mesh is not watertight. Falling back to convex hull for estimating inertial properties.[0m
[38;5;226m[Genesis] [16:10:05] [WARNING] Mesh is not watertight. Falling back to convex hull for estimating inertial properties.[0m
[38;5;226m[Genesis] [16:10:05] [WARNING] Mesh is not watertight. Falling back to convex hull for estimating inertial properties.[0m
[38;5;226m[Genesis] [16:10:05] [WARNING] Mesh is not watertight. Falling back to convex hull for estimating inertial properties.[0m
[38;5;226m[Genesis] [16:10:05] [WARNING] Mesh is not watertight. Falling back to convex hull for estimating inertial properties.[0m
[38;5;226m[Genesis] [16:10:05] [WARNING] Mesh is not watertight. Falling back to convex hull for estimating inertial properties.[0m
[38;5;226m[Genesis] [16:10:05] [WARNING] Mesh is not watertight. Falling back to convex hull for estimating inertial properties.[0m
[38;5;226m[Genesis] [16:10:05] [WARNING] Mesh is not watertight. Falling back to convex hull for estimating inertial properties.[0m
[38;5;226m[Genesis] [16:10:05] [WARNING] Mesh is not watertight. Falling back to convex hull for estimating inertial properties.[0m
[38;5;226m[Genesis] [16:10:05] [WARNING] Mesh is not watertight. Falling back to convex hull for estimating inertial properties.[0m
[38;5;226m[Genesis] [16:10:05] [WARNING] Mesh is not watertight. Falling back to convex hull for estimating inertial properties.[0m
[38;5;226m[Genesis] [16:10:05] [WARNING] Mesh is not watertight. Falling back to convex hull for estimating inertial properties.[0m
[38;5;226m[Genesis] [16:10:05] [WARNING] At least one of the meshes contain many faces (27466). Consider setting 'morph.decimate=True' to speed up collision detection and improve numerical stability.[0m
[38;5;226m[Genesis] [16:10:06] [WARNING] Mesh is not watertight. Falling back to convex hull for estimating inertial properties.[0m
[38;5;226m[Genesis] [16:10:06] [WARNING] Mesh is not watertight. Falling back to convex hull for estimating inertial properties.[0m
[38;5;226m[Genesis] [16:10:06] [WARNING] Mesh is not watertight. Falling back to convex hull for estimating inertial properties.[0m
[38;5;226m[Genesis] [16:10:06] [WARNING] Mesh is not watertight. Falling back to convex hull for estimating inertial properties.[0m
[38;5;226m[Genesis] [16:10:06] [WARNING] Mesh is not watertight. Falling back to convex hull for estimating inertial properties.[0m

[build] scene.build() 시작...
[38;5;226m[Genesis] [16:10:06] [WARNING] Link 'L4_Motor2_Shaft_1' has dubious center of mass [x=0.000, y=-0.037, z=0.015] compared to the bounding box from geometry [x=(-0.018, 0.018), y=(-0.018, 0.018), z=(-0.000, 0.077)].[0m
[38;5;226m[Genesis] [16:10:06] [WARNING] Link 'Shaft_copy_1' has dubious center of mass [x=0.000, y=-0.015, z=0.003] compared to the bounding box from geometry [x=(-0.053, -0.009), y=(-0.015, 0.029), z=(-0.013, 0.026)].[0m
[38;5;226m[Genesis] [16:10:06] [WARNING] Link 'Shaft_copy_1' has dubious mass 0.095 compared to the estimate from geometry 0.001.[0m
[38;5;226m[Genesis] [16:10:06] [WARNING] Link 'Shaft_copy_1' has dubious inertia [ixx=2.607e-05,iyy=1.928e-05,izz=1.271e-05] compared to the estimate from geometry [ixx=1.278e-05,iyy=1.809e-07,izz=1.278e-05].[0m
[38;5;226m[Genesis] [16:10:06] [WARNING] Link 'M_Bottom_1' has dubious center of mass [x=0.019, y=0.081, z=0.045] compared to the bounding box from geometry [x=(0.057, 0.168), y=(-0.028, 0.093), z=(-0.093, 0.055)].[0m
[38;5;226m[Genesis] [16:10:06] [WARNING] Link 'link_2' has dubious center of mass [x=0.000, y=0.000, z=0.000] compared to the bounding box from geometry [x=(-0.068, 0.479), y=(-0.069, 0.069), z=(0.082, 0.274)].[0m
[38;5;226m[Genesis] [16:10:06] [WARNING] Constraint solver time constant should be greater than 2*substep_dt. timeconst is changed from `0.0002` to `0.01`). Decrease simulation timestep or increase timeconst to avoid altering the original value.[0m
[build] 성공 (7.1s)
[bag] rigid 프록시 자세 고정(hold): pos=[-0.12653679 -0.6158201   0.39925346] quat=[0.5 0.5 0.5 0.5]
[slot] gap_cx=-0.3303 gap_cy=-0.0473 gap_width=12.0mm wall_top_z=0.0864
[slot] pocket(L1_Wall1_1) center=(-0.3683,-0.0853)
[robot] PD 구동: n_dofs=12 arm kp/kv=20000.0/1200.0 finger kp/kv=60.0/3.0 (gravity_compensation=1.0)
[38;5;226m[Genesis] [16:10:13] [WARNING] fps=30 is not reachable with dt=0.005. Recording at fps=28.57142857142857 instead.[0m
[38;5;226m[Genesis] [16:10:13] [WARNING] fps=30 is not reachable with dt=0.005. Recording at fps=28.57142857142857 instead.[0m
[38;5;226m[Genesis] [16:10:13] [WARNING] fps=30 is not reachable with dt=0.005. Recording at fps=28.57142857142857 instead.[0m

[phase] 0 prep (1.0s) — 크랭크 0->-3.142rad(-180deg), Left_Wall 0->+10mm(개방)
[phase] prep     @done  crank=-3.000rad  wall=+7.03mm (지령 +10.00mm, 오차 -2.97mm)
[slot] 실제 통로 폭 = 12.0(정지) + +7.03(벽) = 19.0mm   vs 봉투 두께 8.0mm → 여유 +5.5mm/쪽
[slot] **경고** 벽이 지령을 못 따라간다 — 기구 잼 의심 (RB_LEFTWALL_COLLISION=0)
    [drop k=   0] bag_z=+399.3mm  tilt=0.0deg twist=0.0deg  tablet_local=(+0.0,-39.5,+0.0)mm IN 
    [drop k=  40] bag_z=+399.3mm  tilt=0.0deg twist=0.0deg  tablet_local=(+0.0,-39.5,+0.3)mm IN 
    [drop k=  80] bag_z=+399.3mm  tilt=0.0deg twist=0.0deg  tablet_local=(-0.0,-39.9,+0.6)mm IN 
    [drop k= 120] bag_z=+399.3mm  tilt=0.0deg twist=0.0deg  tablet_local=(-0.2,-39.6,-0.5)mm IN 
[phase] drop     @done  bag_com=[-0.12653679 -0.6158201   0.39925346]  finger_z=0.4380  tablet_z=+359.48mm  q_err=0.00mrad  tilt=0.0deg twist=0.0deg
[phase] settle   @done  bag_com=[-0.12653679 -0.6158201   0.39925346]  finger_z=0.4380  tablet_z=+359.58mm  q_err=0.00mrad  tilt=0.0deg twist=0.0deg
[tablet] cargo 종속(settle 시점 로컬 오프셋 [ -5.35655    -39.671005     0.80515444] mm) — 담기 물리는 FEM 모드에서 검증(§조합5/6/9)
[phase] close    @done  bag_com=[-0.12653679 -0.6158201   0.39925346]  finger_z=0.4363  tablet_z=+359.58mm  q_err=0.00mrad  tilt=0.0deg twist=0.0deg
[bag] rigid hold 해제(핑거 닫힘 완료) — 이제부터 순수 마찰 파지
[phase] grasp    @done  bag_com=[-0.12452867 -0.61415935  0.3999531 ]  finger_z=0.4362  tablet_z=+360.06mm  q_err=0.00mrad  tilt=2.9deg twist=3.1deg
[phase] lift     @done  bag_com=[-0.12360334 -0.6136714   0.5191401 ]  finger_z=0.5584  tablet_z=+479.14mm  q_err=47.36mrad  tilt=5.5deg twist=0.7deg
[phase] hold     @done  bag_com=[-0.12577109 -0.61377025  0.52066034]  finger_z=0.5620  tablet_z=+480.67mm  q_err=0.01mrad  tilt=5.4deg twist=0.5deg
[slot] wall_center_z=0.0504  insert_z(finger)=0.1024  margin=52mm
[sweep] Y_OFFSET_MM=+0.0mm -> target_xy=[-0.33027777 -0.04730234]  (gap_cy=-0.0473)
[cam] side view 고정: pos=(np.float64(-0.3302777709960938), np.float64(-0.597302336215973), np.float64(0.168431227684021)) look=(np.float64(-0.3302777709960938), np.float64(-0.047302336215972886), np.float64(0.168431227684021)) (gap_width=12.0mm, z범위 above=0.2864~insert=0.1024)

[ik] above-slot target=[-0.33027777 -0.04730234  0.28643123]  arm_q=[1.5597397  0.7145503  0.41800043 0.00383789 2.0089962  1.5616114 ]
    [above k=   0] bag_z=+520.8mm  tilt=5.6deg twist=3.3deg  tablet_local=(-5.4,-39.7,+0.8)mm IN 
    [above k=  40] bag_z=+508.8mm  tilt=5.6deg twist=3.5deg  tablet_local=(-5.4,-39.7,+0.8)mm IN 
    [above k=  80] bag_z=+491.0mm  tilt=5.4deg twist=0.8deg  tablet_local=(-5.4,-39.7,+0.8)mm IN 
    [above k= 120] bag_z=+470.0mm  tilt=5.8deg twist=2.9deg  tablet_local=(-5.4,-39.7,+0.8)mm IN 
    [above k= 160] bag_z=+445.9mm  tilt=5.8deg twist=1.7deg  tablet_local=(-5.4,-39.7,+0.8)mm IN 
    [above k= 200] bag_z=+419.0mm  tilt=5.3deg twist=2.8deg  tablet_local=(-5.4,-39.7,+0.8)mm IN 
    [above k= 240] bag_z=+389.6mm  tilt=6.0deg twist=2.2deg  tablet_local=(-5.4,-39.7,+0.8)mm IN 
    [above k= 280] bag_z=+356.8mm  tilt=4.8deg twist=2.7deg  tablet_local=(-5.4,-39.7,+0.8)mm IN 
    [above k= 320] bag_z=+321.7mm  tilt=4.0deg twist=3.0deg  tablet_local=(-5.4,-39.7,+0.8)mm IN 
    [above k= 360] bag_z=+284.2mm  tilt=2.7deg twist=1.6deg  tablet_local=(-5.4,-39.7,+0.8)mm IN 
[phase] above    @done  bag_com=[-0.3028453  -0.0287654   0.24636848]  finger_z=0.2972  tablet_z=+206.57mm  q_err=42.94mrad  tilt=1.6deg twist=1.9deg
[ik] insert target=[-0.33027777 -0.04730234  0.10243123]  arm_q=[1.5601294  0.61824596 1.0951267  0.00255217 1.4280301  1.5595623 ]
    [insert k=   0] bag_z=+245.4mm  tilt=1.6deg twist=2.9deg  tablet_local=(-5.4,-39.7,+0.8)mm IN 
    [insert k=  40] bag_z=+221.2mm  tilt=1.3deg twist=2.2deg  tablet_local=(-5.4,-39.7,+0.8)mm IN 
    [insert k=  80] bag_z=+201.9mm  tilt=2.8deg twist=1.1deg  tablet_local=(-5.4,-39.7,+0.8)mm IN 
    [insert k= 120] bag_z=+181.9mm  tilt=5.7deg twist=0.9deg  tablet_local=(-5.4,-39.7,+0.8)mm IN 
    [insert k= 160] bag_z=+161.7mm  tilt=8.8deg twist=3.2deg  tablet_local=(-5.4,-39.7,+0.8)mm IN 
    [insert k= 200] bag_z=+141.2mm  tilt=13.0deg twist=2.1deg  tablet_local=(-5.4,-39.7,+0.8)mm IN 
    [insert k= 240] bag_z=+121.1mm  tilt=14.7deg twist=1.4deg  tablet_local=(-5.4,-39.7,+0.8)mm IN 
    [insert k= 280] bag_z=+100.2mm  tilt=18.8deg twist=3.4deg  tablet_local=(-5.4,-39.7,+0.8)mm IN 
    [insert k= 320] bag_z=+80.2mm  tilt=20.4deg twist=1.3deg  tablet_local=(-5.4,-39.7,+0.8)mm IN 
    [insert k= 360] bag_z=+61.8mm  tilt=22.3deg twist=4.1deg  tablet_local=(-5.4,-39.7,+0.8)mm IN 
[phase] insert   @done  bag_com=[-0.32792822 -0.03085744  0.05794522]  finger_z=0.1076  tablet_z=+19.89mm  q_err=18.64mrad  tilt=10.4deg twist=2.5deg
[phase] settle2  @done  bag_com=[-0.32851258 -0.030153    0.05685079]  finger_z=0.1024  tablet_z=+17.72mm  q_err=0.00mrad  tilt=4.5deg twist=0.4deg

[phase] 9 clamp (2.0s) — Left_Wall +10.0mm -> -5.0mm (실링부 압착)
[phase] clamp    @done  wall=+2.06mm  bag_com=[-0.33281747 -0.02719341  0.05500619]
    [release k=   0] bag_z=+55.0mm  tilt=0.2deg twist=0.2deg  tablet_local=(-5.4,-39.7,+0.8)mm IN 
    [release k=  40] bag_z=+54.5mm  tilt=1.2deg twist=1.2deg  tablet_local=(-5.4,-39.7,+0.8)mm IN 
    [release k=  80] bag_z=+54.8mm  tilt=2.9deg twist=2.9deg  tablet_local=(-5.4,-39.7,+0.8)mm IN 
[phase] release  @done  bag_com=[-0.3290963  -0.02694188  0.05527132]  finger_z=0.1073  tablet_z=+15.68mm  q_err=1.44mrad  tilt=4.3deg twist=4.3deg

[RESULT] Y_OFFSET_MM=+0.0mm  verdict=FAIL  (미도달(bag_bottom_z=0.0099 vs wall_center_z=0.0504, diff=40.5mm>30mm))
[RESULT] final_bottom_z=0.0099  wall_center_z=0.0504  width_y=64.5mm(baseline 72.2mm)  height_z=90.7mm(baseline 95.6mm)

[timing] mode=RIGID(공정 검증)  build=7.1s  steps=71.0s (2230 steps, 31.8ms/step)

[saved] overview -> C:\Crusher_isaacsim\Crusher_Genesis\Crusher_M0609_RG2_Tablet_Samplebag\RESULT\full_workflow_rigid_yoff+0.0mm_20260803_160959_overview.mp4
[saved] bagcam   -> C:\Crusher_isaacsim\Crusher_Genesis\Crusher_M0609_RG2_Tablet_Samplebag\RESULT\full_workflow_rigid_yoff+0.0mm_20260803_160959_bagcam.mp4
[saved] sideview -> C:\Crusher_isaacsim\Crusher_Genesis\Crusher_M0609_RG2_Tablet_Samplebag\RESULT\full_workflow_rigid_yoff+0.0mm_20260803_160959_sideview.mp4
완료.
