============================================================
 고정장치+회수장치2 스택 시뮬레이션 (viewer=False)
============================================================

[build] scene.build() 시작...
[38;5;226m[Genesis] [18:04:40] [WARNING] Link 'Shaft_copy_1' has dubious center of mass [x=0.000, y=-0.015, z=0.003] compared to the bounding box from geometry [x=(-0.053, -0.009), y=(-0.015, 0.029), z=(-0.013, 0.026)].[0m
[38;5;226m[Genesis] [18:04:40] [WARNING] Link 'M_Bottom_1' has dubious center of mass [x=0.019, y=0.081, z=0.045] compared to the bounding box from geometry [x=(0.057, 0.168), y=(-0.028, 0.093), z=(-0.093, 0.055)].[0m
[build] 성공  fixture n_dofs=1  recovery2 n_dofs=4

[spin] Servo3_ServoShaft 0 -> 2pi (300스텝) — Jig-회수장치2 오버랩 실시간 확인
    k=   0 q=0.021rad  OK
    k=  30 q=0.649rad  OK
    k=  60 q=1.278rad  OK
    k=  90 q=1.906rad  OK
    k= 120 q=2.534rad  OK
    k= 150 q=3.163rad  OK
    k= 180 q=3.791rad  OK
    k= 210 q=4.419rad  OK
    k= 240 q=5.047rad  OK
    k= 270 q=5.676rad  OK
[hold] 정지 유지 (60스텝)

[saved] C:\Crusher_isaacsim\Crusher_Genesis\Fixture_only\RESULT\fixture_recovery2_stack_sim_20260727_180435.mp4
완료.
