[cfg] LEFTWALL_FLANGE_CONTACT=0 WALL_CLOSE_MMPS=8 WALL_FORCE_LIM_N=200 HOLD_THROUGH_CLAMP=0
============================================================
 Full workflow: tablet drop -> bag catch -> grasp -> lift -> Crusher slot insert (viewer=False)
============================================================
[mjcf] Left_Wall 형상 교체: 옛 geom 12개(시각 1 + hull 11) -> 본체 hull 5개 + 플랜지 1개 + 시각 1개. 플랜지 = **시각 전용(접촉 제외)**. 중립 간격 플랜지 12.50mm / 본체 17.50mm
[fem_ipc_workarounds] FEMEntity.set_vertex_constraints 패치 완료 (IPC 커플러 버그 우회)
[38;5;226m[Genesis] [05:21:10] [WARNING] At least one of the meshes contain many faces (15432). Consider setting 'morph.decimate=True' to speed up collision detection and improve numerical stability.[0m
[38;5;226m[Genesis] [05:21:10] [WARNING] At least one of the meshes contain many faces (15762). Consider setting 'morph.decimate=True' to speed up collision detection and improve numerical stability.[0m
[38;5;226m[Genesis] [05:21:10] [WARNING] Mesh is not watertight. Falling back to convex hull for estimating inertial properties.[0m
[38;5;226m[Genesis] [05:21:10] [WARNING] Mesh is not watertight. Falling back to convex hull for estimating inertial properties.[0m
[38;5;226m[Genesis] [05:21:10] [WARNING] At least one of the meshes contain many faces (12522). Consider setting 'morph.decimate=True' to speed up collision detection and improve numerical stability.[0m
[38;5;226m[Genesis] [05:21:11] [WARNING] Mesh is not watertight. Falling back to convex hull for estimating inertial properties.[0m
[38;5;226m[Genesis] [05:21:11] [WARNING] Mesh is not watertight. Falling back to convex hull for estimating inertial properties.[0m
[38;5;226m[Genesis] [05:21:11] [WARNING] Mesh is not watertight. Falling back to convex hull for estimating inertial properties.[0m
[38;5;226m[Genesis] [05:21:11] [WARNING] Mesh is not watertight. Falling back to convex hull for estimating inertial properties.[0m
[38;5;226m[Genesis] [05:21:11] [WARNING] Mesh is not watertight. Falling back to convex hull for estimating inertial properties.[0m
[38;5;226m[Genesis] [05:21:11] [WARNING] Mesh is not watertight. Falling back to convex hull for estimating inertial properties.[0m
[38;5;226m[Genesis] [05:21:11] [WARNING] Mesh is not watertight. Falling back to convex hull for estimating inertial properties.[0m
[38;5;226m[Genesis] [05:21:11] [WARNING] Mesh is not watertight. Falling back to convex hull for estimating inertial properties.[0m
[38;5;226m[Genesis] [05:21:11] [WARNING] Mesh is not watertight. Falling back to convex hull for estimating inertial properties.[0m
[38;5;226m[Genesis] [05:21:11] [WARNING] Mesh is not watertight. Falling back to convex hull for estimating inertial properties.[0m
[38;5;226m[Genesis] [05:21:11] [WARNING] Mesh is not watertight. Falling back to convex hull for estimating inertial properties.[0m
[38;5;226m[Genesis] [05:21:11] [WARNING] Mesh is not watertight. Falling back to convex hull for estimating inertial properties.[0m
[38;5;226m[Genesis] [05:21:11] [WARNING] Mesh is not watertight. Falling back to convex hull for estimating inertial properties.[0m
[38;5;226m[Genesis] [05:21:11] [WARNING] Mesh is not watertight. Falling back to convex hull for estimating inertial properties.[0m
[38;5;226m[Genesis] [05:21:11] [WARNING] Mesh is not watertight. Falling back to convex hull for estimating inertial properties.[0m
[38;5;226m[Genesis] [05:21:11] [WARNING] At least one of the meshes contain many faces (27466). Consider setting 'morph.decimate=True' to speed up collision detection and improve numerical stability.[0m
[38;5;226m[Genesis] [05:21:11] [WARNING] Mesh is not watertight. Falling back to convex hull for estimating inertial properties.[0m
[38;5;226m[Genesis] [05:21:11] [WARNING] Mesh is not watertight. Falling back to convex hull for estimating inertial properties.[0m
[38;5;226m[Genesis] [05:21:11] [WARNING] Mesh is not watertight. Falling back to convex hull for estimating inertial properties.[0m
[38;5;226m[Genesis] [05:21:11] [WARNING] Mesh is not watertight. Falling back to convex hull for estimating inertial properties.[0m
[38;5;226m[Genesis] [05:21:11] [WARNING] Mesh is not watertight. Falling back to convex hull for estimating inertial properties.[0m

[build] scene.build() 시작...
[38;5;226m[Genesis] [05:21:12] [WARNING] Link 'L4_Motor2_Shaft_1' has dubious center of mass [x=0.000, y=-0.037, z=0.015] compared to the bounding box from geometry [x=(-0.018, 0.018), y=(-0.018, 0.018), z=(-0.000, 0.077)].[0m
[38;5;226m[Genesis] [05:21:12] [WARNING] Link 'M_Bottom_1' has dubious center of mass [x=0.166, y=0.030, z=-0.073] compared to the bounding box from geometry [x=(0.106, 0.155), y=(-0.011, 0.071), z=(-0.078, -0.068)].[0m
[38;5;226m[Genesis] [05:21:12] [WARNING] Link 'M_Back_1' has dubious center of mass [x=0.003, y=0.021, z=0.011] compared to the bounding box from geometry [x=(-0.035, -0.030), y=(-0.033, 0.076), z=(-0.005, 0.028)].[0m
[38;5;226m[Genesis] [05:21:12] [WARNING] Link 'M_Left1_1' has dubious center of mass [x=-0.025, y=-0.002, z=-0.014] compared to the bounding box from geometry [x=(-0.088, -0.032), y=(-0.005, -0.000), z=(-0.038, 0.010)].[0m
[38;5;226m[Genesis] [05:21:12] [WARNING] Link 'M_Right1_1' has dubious center of mass [x=-0.025, y=0.003, z=-0.014] compared to the bounding box from geometry [x=(-0.087, -0.033), y=(0.000, 0.005), z=(-0.038, 0.010)].[0m
[38;5;226m[Genesis] [05:21:12] [WARNING] Link 'M_Top_1' has dubious center of mass [x=-0.024, y=0.028, z=0.005] compared to the bounding box from geometry [x=(-0.088, -0.032), y=(-0.031, 0.088), z=(-0.000, 0.010)].[0m
[38;5;226m[Genesis] [05:21:12] [WARNING] Link 'M_LeftLink_1' has dubious center of mass [x=-0.002, y=0.005, z=0.046] compared to the bounding box from geometry [x=(-0.040, -0.035), y=(-0.005, 0.015), z=(-0.005, 0.095)].[0m
[38;5;226m[Genesis] [05:21:12] [WARNING] Link 'M_RightLink_1' has dubious center of mass [x=-0.002, y=-0.005, z=0.046] compared to the bounding box from geometry [x=(-0.040, -0.035), y=(-0.015, 0.005), z=(-0.005, 0.095)].[0m
[38;5;226m[Genesis] [05:21:12] [WARNING] Link 'M_LeftLink2_copy_1' has dubious center of mass [x=-0.005, y=-0.005, z=0.021] compared to the bounding box from geometry [x=(-0.044, -0.032), y=(-0.015, 0.005), z=(-0.000, 0.045)].[0m
[38;5;226m[Genesis] [05:21:12] [WARNING] Link 'link_2' has dubious center of mass [x=0.000, y=0.000, z=0.000] compared to the bounding box from geometry [x=(-0.068, 0.479), y=(-0.069, 0.069), z=(0.082, 0.274)].[0m
[38;5;226m[Genesis] [05:21:12] [WARNING] Constraint solver time constant should be greater than 2*substep_dt. timeconst is changed from `0.0002` to `0.01`). Decrease simulation timestep or increase timeconst to avoid altering the original value.[0m
[38;5;226m[Genesis] [05:21:13] [WARNING] Filtered out geometry pairs causing self-collision for the neutral configuration (qpos0): (90, 113), (103, 105). Consider tuning Morph option 'decompose_robot_error_threshold' or specify dedicated collision meshes. This behavior can be disabled by setting Morph option 'enable_neutral_collision=True'.[0m
C:\Users\user\AppData\Local\Programs\Python\Python311\Lib\site-packages\quadrants\_test_tools\warnings_helper.py:11: UserWarning: cannot create weak reference to 'tuple' object. Template mapper caching disabled.
  warnings.warn(message)
[verify] L2_Left_Wall1_1 충돌 geom 5개 / 시각 geom 3개  (플랜지 접촉=OFF, 기대 충돌 5개)
[build] 성공 (11.4s)
[bag] shape 고정: 714/714 정점(바닥+양측면), 입구는 자유
[slot] 간격축 = world Y (겹침 -12.5mm), 슬롯 길이축 = world X (겹침 +65.0mm)
[slot] gap_cx=0.2125 gap_cy=-0.0053 gap_width=12.5mm wall_top_z=0.0870
[slot] pocket(L1_Wall1_1) center=(0.1745,0.0330)
[ctrl] Left_Wall force clip: ±200 N (Motor2 ctrlrange, docs/Crusher.md §5) — 벽은 이 힘에서 균형지는 위치에 멈춘다
[bag] grip_strip verts near FINGER_MID: 76

[phase] 0 prep (1.0s) — 크랭크 0->-3.142rad(-180deg), Left_Wall 0->+6mm(개방)
[phase] prep     @done  crank=-3.000rad  wall=+5.43mm
    [drop k=   0] tablet_z=+415.26mm bag_com=[0.00646321 0.2561791  0.39925352]
    [drop k=  40] tablet_z=+412.74mm bag_com=[0.00646321 0.2561791  0.39925352]
    [drop k=  80] tablet_z=+404.83mm bag_com=[0.00646321 0.2561791  0.39925352]
    [drop k= 120] tablet_z=+388.64mm bag_com=[0.00646321 0.2561791  0.39925352]
[phase] drop     @done  bag_com=[0.00646321 0.2561791  0.39925352]  finger_z=0.4378  tablet_z=+371.85mm  tilt=0.8deg  bag_bottom=0.3543
[phase] settle   @done  bag_com=[0.00646321 0.2561791  0.39925352]  finger_z=0.4378  tablet_z=+364.08mm  tilt=0.8deg  bag_bottom=0.3543
[bag] shape 고정 해제 — 이제부터 순수 마찰 파지
[phase] close    @done  bag_com=[0.00643695 0.2557295  0.39879742]  finger_z=0.4360  tablet_z=+362.48mm  tilt=0.7deg  bag_bottom=0.3538
[phase] grasp    @done  bag_com=[0.00640312 0.25574946 0.39880252]  finger_z=0.4361  tablet_z=+359.34mm  tilt=0.4deg  bag_bottom=0.3538
[phase] lift     @done  bag_com=[0.00561861 0.25857624 0.5243257 ]  finger_z=0.5620  tablet_z=+482.44mm  tilt=1.0deg  bag_bottom=0.4790
[phase] hold     @done  bag_com=[0.00556874 0.25860885 0.5243147 ]  finger_z=0.5620  tablet_z=+482.38mm  tilt=1.1deg  bag_bottom=0.4790
[slot] wall_center_z=0.0510  insert_z(finger)=0.1330  hang=82mm
[slot] 봉투중심 보정 dy=+0.0mm -> finger_y=-0.0053 (봉투중심 y=-0.0053 = gap_cy -0.0053)
[sweep] Y_OFFSET_MM=+0.0mm -> target_xy=[ 0.21249766 -0.00527226]  (gap_cy=-0.0053)
[cam] side view 고정: pos=(np.float64(0.21249766187667846), np.float64(-0.5552722595214844), np.float64(0.169001227684021)) look=(np.float64(0.21249766187667846), np.float64(-0.005272259521484357), np.float64(0.169001227684021)) (gap_width=12.5mm, z범위 above=0.2870~insert=0.1330)

[ik] above-slot target=[ 0.21249766 -0.00527226  0.28700123]  arm_q=[-5.4023927e-01  3.6852112e-01  9.7265971e-01 -8.6938962e-07
  1.8000312e+00  4.1719265e+00]
    [above k=   0] tablet_z=+482.38mm bag_com=[0.00556872 0.25860813 0.5243143 ]
    [above k=  40] tablet_z=+481.07mm bag_com=[0.00931114 0.25757897 0.5229281 ]
    [above k=  80] tablet_z=+473.07mm bag_com=[0.02950252 0.2468181  0.5146225 ]
    [above k= 120] tablet_z=+454.33mm bag_com=[0.06802315 0.22082224 0.49487522]
    [above k= 160] tablet_z=+424.08mm bag_com=[0.11206613 0.17695317 0.46059647]
    [above k= 200] tablet_z=+377.00mm bag_com=[0.1464195  0.12466729 0.41220883]
    [above k= 240] tablet_z=+323.50mm bag_com=[0.16742757 0.07621532 0.35717398]
    [above k= 280] tablet_z=+277.26mm bag_com=[0.17930678 0.03641242 0.3062526 ]
    [above k= 320] tablet_z=+241.47mm bag_com=[0.18373144 0.00949601 0.26978785]
    [above k= 360] tablet_z=+224.58mm bag_com=[ 0.18464896 -0.00305277  0.25251767]
[phase] above    @done  bag_com=[ 0.18482956 -0.00930537  0.24979879]  finger_z=0.2868  tablet_z=+221.78mm  tilt=7.6deg  bag_bottom=0.2044
[phase] aboveset @done  bag_com=[ 0.1848527  -0.00672582  0.24946849]  finger_z=0.2868  tablet_z=+219.69mm  tilt=5.6deg  bag_bottom=0.2043
[ik] insert target=[ 0.21249766 -0.00527226  0.13300123]  웨이포인트 41개(카테시안 직선)  arm_q=[-5.4022563e-01  3.6158791e-01  1.4039805e+00  9.5616961e-05
  1.3756344e+00  4.1719408e+00]
    [insert k=   0] tablet_z=+219.61mm bag_com=[ 0.18479846 -0.00672022  0.24930976]
    [insert k=  40] tablet_z=+215.53mm bag_com=[ 0.1848461  -0.00700912  0.24795139]
    [insert k=  80] tablet_z=+205.81mm bag_com=[ 0.18489064 -0.0072456   0.24028528]
    [insert k= 120] tablet_z=+188.96mm bag_com=[ 0.18489118 -0.00711912  0.22386426]
    [insert k= 160] tablet_z=+165.76mm bag_com=[ 0.1849007  -0.0064086   0.19989057]
    [insert k= 200] tablet_z=+142.16mm bag_com=[ 0.1849196  -0.0064177   0.17171223]
    [insert k= 240] tablet_z=+111.40mm bag_com=[ 0.18494725 -0.00612818  0.14362562]
    [insert k= 280] tablet_z=+85.97mm bag_com=[ 0.18493941 -0.00695005  0.12003539]
    [insert k= 320] tablet_z=+68.27mm bag_com=[ 0.18496476 -0.0071411   0.10404754]
    [insert k= 360] tablet_z=+60.11mm bag_com=[ 0.18498296 -0.0069271   0.09661725]
[phase] insert   @done  bag_com=[ 0.18499018 -0.0068697   0.09537745]  finger_z=0.1328  tablet_z=+58.31mm  tilt=5.9deg  bag_bottom=0.0503
[phase] settle2  @done  bag_com=[ 0.1850136  -0.00697089  0.09535626]  finger_z=0.1328  tablet_z=+54.13mm  tilt=6.0deg  bag_bottom=0.0502
[trim] TRIM_ROUNDS=0 — 생략(기본값). settle2 시점 bag_bottom 오차 +0.8mm 를 그대로 결과로 쓴다.
[trim] 최종 finger_z=0.1330  (초기 0.1330, 하한 0.1030)

[phase] 9 clamp (4.3s) — Left_Wall +6.0mm 에서 **속도지령** 8.0mm/s 로 계속 닫음 (docs §11-5), lead 40.0mm = 정지 시 200N, 가드 -17.0mm
    [clamp t= 0.00s] wall=  +6.00mm v=  -0.34mm/s  본체면 잔여 +23.50mm  bag_com=[ 0.18501385 -0.00697272  0.09535614]
    [clamp t= 0.17s] wall=  +5.24mm v=  -6.68mm/s  본체면 잔여 +22.74mm  bag_com=[ 0.18501514 -0.00698224  0.09535428]
    [clamp t= 0.34s] wall=  +3.98mm v=  -7.77mm/s  본체면 잔여 +21.48mm  bag_com=[ 0.18502107 -0.00698063  0.09534647]
    [clamp t= 0.51s] wall=  +2.64mm v=  -7.96mm/s  본체면 잔여 +20.14mm  bag_com=[ 0.18502632 -0.00697907  0.09533911]
    [clamp t= 0.68s] wall=  +1.28mm v=  -7.99mm/s  본체면 잔여 +18.78mm  bag_com=[ 0.18503074 -0.00697727  0.09533349]
    [clamp t= 0.85s] wall=  -0.08mm v=  -8.00mm/s  본체면 잔여 +17.42mm  bag_com=[ 0.18505062 -0.00668419  0.09530041]
    [clamp t= 1.02s] wall=  -1.44mm v=  -8.01mm/s  본체면 잔여 +16.06mm  bag_com=[ 0.18508114 -0.0059864   0.09525252]
    [clamp t= 1.19s] wall=  -2.80mm v=  -8.01mm/s  본체면 잔여 +14.70mm  bag_com=[ 0.18512046 -0.00526146  0.09521801]
    [clamp t= 1.36s] wall=  -4.16mm v=  -8.00mm/s  본체면 잔여 +13.34mm  bag_com=[ 0.18517372 -0.00453334  0.09519418]
    [clamp t= 1.53s] wall=  -5.53mm v=  -8.03mm/s  본체면 잔여 +11.97mm  bag_com=[ 0.18522117 -0.0039495   0.09518996]
    [clamp t= 1.70s] wall=  -6.89mm v=  -8.04mm/s  본체면 잔여 +10.61mm  bag_com=[ 0.18525578 -0.00349694  0.09520116]
    [clamp t= 1.87s] wall=  -8.26mm v=  -8.03mm/s  본체면 잔여  +9.24mm  bag_com=[ 0.1852855  -0.00305849  0.09522451]
    [clamp t= 2.04s] wall=  -9.76mm v= -16.30mm/s  본체면 잔여  +7.74mm  bag_com=[ 0.18532321 -0.00256712  0.0952618 ]
    [clamp t= 2.21s] wall=-260.51mm v=-544.86mm/s  본체면 잔여 -243.01mm  bag_com=[ 0.18580751 -0.01333118  0.09589083]
    [clamp t= 2.38s] wall= -66.88mm v=+571.65mm/s  본체면 잔여 -49.38mm  bag_com=[ 0.18506248 -0.00710672  0.09527642]
    [clamp t= 2.55s] wall= -23.05mm v= +92.04mm/s  본체면 잔여  -5.55mm  bag_com=[ 0.18519941 -0.00785045  0.09522068]
    [clamp t= 2.72s] wall= -16.64mm v=  +9.20mm/s  본체면 잔여  +0.86mm  bag_com=[ 0.18581294 -0.01333315  0.09586596]
    [clamp t= 2.89s] wall= -16.65mm v=  -3.62mm/s  본체면 잔여  +0.85mm  bag_com=[ 0.18584743 -0.01336846  0.095866  ]
    [clamp t= 3.06s] wall= -16.93mm v=  -0.62mm/s  본체면 잔여  +0.57mm  bag_com=[ 0.18580055 -0.013168    0.09583263]
    [clamp t= 3.23s] wall= -16.98mm v=  -0.11mm/s  본체면 잔여  +0.52mm  bag_com=[ 0.18579125 -0.01313391  0.09582513]
    [clamp t= 3.40s] wall= -16.98mm v=  -0.02mm/s  본체면 잔여  +0.52mm  bag_com=[ 0.18579161 -0.01312661  0.09581918]
    [clamp t= 3.57s] wall= -16.99mm v=  -0.00mm/s  본체면 잔여  +0.51mm  bag_com=[ 0.1857952  -0.01312582  0.0958128 ]
    [clamp t= 3.74s] wall= -16.99mm v=  -0.00mm/s  본체면 잔여  +0.51mm  bag_com=[ 0.18579866 -0.01312544  0.09580626]
    [clamp t= 3.91s] wall= -16.99mm v=  -0.00mm/s  본체면 잔여  +0.51mm  bag_com=[ 0.18580225 -0.01312513  0.09579987]
    [clamp t= 4.08s] wall= -16.99mm v=  -0.00mm/s  본체면 잔여  +0.51mm  bag_com=[ 0.18580589 -0.01312512  0.09579343]
    [clamp t= 4.25s] wall= -16.99mm v=  -0.00mm/s  본체면 잔여  +0.51mm  bag_com=[ 0.18580912 -0.01312518  0.09578697]
[phase] clamp    @done  wall=-16.99mm  (잔여: 플랜지면(비접촉) -4.49mm / 본체면 0.51mm)  bag_com=[ 0.1858101  -0.01312529  0.09578495]
[clamp] **하드스톱까지 내려감 — 봉투를 못 물었다**  (가드 -17.00mm, 최종 v=-0.00mm/s)
    [release k=   0] tablet_z=+54.78mm bag_com=[ 0.18581025 -0.0131253   0.09578474]
    [release k=  40] tablet_z=+51.16mm bag_com=[ 0.18753381 -0.01373985  0.09163053]
    [release k=  80] tablet_z=+27.32mm bag_com=[ 0.19578443 -0.01425408  0.06920335]
[phase] release  @done  bag_com=[ 0.1952044  -0.01330695  0.06910282]  finger_z=0.1345  tablet_z=+27.22mm  tilt=1.5deg  bag_bottom=0.0241

[RESULT] GRIP_OFFSET_MM=-28mm  Y_OFFSET_MM=+0.0mm  verdict=FAIL  (미도달(bag_bottom_z=0.0241 vs wall_center_z=0.0510, diff=26.9mm>15mm))
[RESULT] final_bottom_z=0.0241  wall_center_z=0.0510  오차=-26.9mm(+면 얕음/-면 깊음)
[RESULT] width_y=23.4mm(baseline 14.9mm)  height_z=90.0mm(baseline 90.7mm)
[SUMMARY] flange=OFF mode=velocity v=8.0mm/s F=200N kp=5000 hold=0 wall=-16.99mm body_gap=+0.51mm stalled=N drop=-26.7mm tilt=1.5deg width=23.4mm reach_err=-26.9mm verdict=FAIL

[saved] overview -> C:\Users\user\Desktop\Crusher_IsaacSim\Crusher_Genesis\Crusher_M0609_RG2_Tablet_Samplebag\RESULT\grip-28mm\full_workflow_grip-28mm_yoff+0.0mm_20260831_052101_overview.mp4
[saved] bagcam   -> C:\Users\user\Desktop\Crusher_IsaacSim\Crusher_Genesis\Crusher_M0609_RG2_Tablet_Samplebag\RESULT\grip-28mm\full_workflow_grip-28mm_yoff+0.0mm_20260831_052101_bagcam.mp4
[saved] sideview -> C:\Users\user\Desktop\Crusher_IsaacSim\Crusher_Genesis\Crusher_M0609_RG2_Tablet_Samplebag\RESULT\grip-28mm\full_workflow_grip-28mm_yoff+0.0mm_20260831_052101_sideview.mp4

[timing] build=11.4s  steps=1028.0s (2892 steps, 355.5ms/step)  합계=1039.4s
완료.
