[cfg] LEFTWALL_FLANGE_CONTACT=0 WALL_CLOSE_MMPS=8 WALL_FORCE_LIM_N=400 HOLD_THROUGH_CLAMP=0
============================================================
 Full workflow: tablet drop -> bag catch -> grasp -> lift -> Crusher slot insert (viewer=False)
============================================================
[mjcf] Left_Wall 형상 교체: 옛 geom 12개(시각 1 + hull 11) -> 본체 hull 5개 + 플랜지 1개 + 시각 1개. 플랜지 = **시각 전용(접촉 제외)**. 중립 간격 플랜지 12.50mm / 본체 17.50mm
[fem_ipc_workarounds] FEMEntity.set_vertex_constraints 패치 완료 (IPC 커플러 버그 우회)
[38;5;226m[Genesis] [05:38:41] [WARNING] At least one of the meshes contain many faces (15432). Consider setting 'morph.decimate=True' to speed up collision detection and improve numerical stability.[0m
[38;5;226m[Genesis] [05:38:41] [WARNING] At least one of the meshes contain many faces (15762). Consider setting 'morph.decimate=True' to speed up collision detection and improve numerical stability.[0m
[38;5;226m[Genesis] [05:38:41] [WARNING] Mesh is not watertight. Falling back to convex hull for estimating inertial properties.[0m
[38;5;226m[Genesis] [05:38:41] [WARNING] Mesh is not watertight. Falling back to convex hull for estimating inertial properties.[0m
[38;5;226m[Genesis] [05:38:41] [WARNING] At least one of the meshes contain many faces (12522). Consider setting 'morph.decimate=True' to speed up collision detection and improve numerical stability.[0m
[38;5;226m[Genesis] [05:38:41] [WARNING] Mesh is not watertight. Falling back to convex hull for estimating inertial properties.[0m
[38;5;226m[Genesis] [05:38:41] [WARNING] Mesh is not watertight. Falling back to convex hull for estimating inertial properties.[0m
[38;5;226m[Genesis] [05:38:41] [WARNING] Mesh is not watertight. Falling back to convex hull for estimating inertial properties.[0m
[38;5;226m[Genesis] [05:38:41] [WARNING] Mesh is not watertight. Falling back to convex hull for estimating inertial properties.[0m
[38;5;226m[Genesis] [05:38:41] [WARNING] Mesh is not watertight. Falling back to convex hull for estimating inertial properties.[0m
[38;5;226m[Genesis] [05:38:41] [WARNING] Mesh is not watertight. Falling back to convex hull for estimating inertial properties.[0m
[38;5;226m[Genesis] [05:38:41] [WARNING] Mesh is not watertight. Falling back to convex hull for estimating inertial properties.[0m
[38;5;226m[Genesis] [05:38:41] [WARNING] Mesh is not watertight. Falling back to convex hull for estimating inertial properties.[0m
[38;5;226m[Genesis] [05:38:41] [WARNING] Mesh is not watertight. Falling back to convex hull for estimating inertial properties.[0m
[38;5;226m[Genesis] [05:38:42] [WARNING] Mesh is not watertight. Falling back to convex hull for estimating inertial properties.[0m
[38;5;226m[Genesis] [05:38:42] [WARNING] Mesh is not watertight. Falling back to convex hull for estimating inertial properties.[0m
[38;5;226m[Genesis] [05:38:42] [WARNING] Mesh is not watertight. Falling back to convex hull for estimating inertial properties.[0m
[38;5;226m[Genesis] [05:38:42] [WARNING] Mesh is not watertight. Falling back to convex hull for estimating inertial properties.[0m
[38;5;226m[Genesis] [05:38:42] [WARNING] Mesh is not watertight. Falling back to convex hull for estimating inertial properties.[0m
[38;5;226m[Genesis] [05:38:42] [WARNING] Mesh is not watertight. Falling back to convex hull for estimating inertial properties.[0m
[38;5;226m[Genesis] [05:38:42] [WARNING] At least one of the meshes contain many faces (27466). Consider setting 'morph.decimate=True' to speed up collision detection and improve numerical stability.[0m
[38;5;226m[Genesis] [05:38:42] [WARNING] Mesh is not watertight. Falling back to convex hull for estimating inertial properties.[0m
[38;5;226m[Genesis] [05:38:42] [WARNING] Mesh is not watertight. Falling back to convex hull for estimating inertial properties.[0m
[38;5;226m[Genesis] [05:38:42] [WARNING] Mesh is not watertight. Falling back to convex hull for estimating inertial properties.[0m
[38;5;226m[Genesis] [05:38:42] [WARNING] Mesh is not watertight. Falling back to convex hull for estimating inertial properties.[0m
[38;5;226m[Genesis] [05:38:42] [WARNING] Mesh is not watertight. Falling back to convex hull for estimating inertial properties.[0m

[build] scene.build() 시작...
[38;5;226m[Genesis] [05:38:42] [WARNING] Link 'L4_Motor2_Shaft_1' has dubious center of mass [x=0.000, y=-0.037, z=0.015] compared to the bounding box from geometry [x=(-0.018, 0.018), y=(-0.018, 0.018), z=(-0.000, 0.077)].[0m
[38;5;226m[Genesis] [05:38:42] [WARNING] Link 'M_Bottom_1' has dubious center of mass [x=0.166, y=0.030, z=-0.073] compared to the bounding box from geometry [x=(0.106, 0.155), y=(-0.011, 0.071), z=(-0.078, -0.068)].[0m
[38;5;226m[Genesis] [05:38:42] [WARNING] Link 'M_Back_1' has dubious center of mass [x=0.003, y=0.021, z=0.011] compared to the bounding box from geometry [x=(-0.035, -0.030), y=(-0.033, 0.076), z=(-0.005, 0.028)].[0m
[38;5;226m[Genesis] [05:38:42] [WARNING] Link 'M_Left1_1' has dubious center of mass [x=-0.025, y=-0.002, z=-0.014] compared to the bounding box from geometry [x=(-0.088, -0.032), y=(-0.005, -0.000), z=(-0.038, 0.010)].[0m
[38;5;226m[Genesis] [05:38:42] [WARNING] Link 'M_Right1_1' has dubious center of mass [x=-0.025, y=0.003, z=-0.014] compared to the bounding box from geometry [x=(-0.087, -0.033), y=(0.000, 0.005), z=(-0.038, 0.010)].[0m
[38;5;226m[Genesis] [05:38:42] [WARNING] Link 'M_Top_1' has dubious center of mass [x=-0.024, y=0.028, z=0.005] compared to the bounding box from geometry [x=(-0.088, -0.032), y=(-0.031, 0.088), z=(-0.000, 0.010)].[0m
[38;5;226m[Genesis] [05:38:42] [WARNING] Link 'M_LeftLink_1' has dubious center of mass [x=-0.002, y=0.005, z=0.046] compared to the bounding box from geometry [x=(-0.040, -0.035), y=(-0.005, 0.015), z=(-0.005, 0.095)].[0m
[38;5;226m[Genesis] [05:38:42] [WARNING] Link 'M_RightLink_1' has dubious center of mass [x=-0.002, y=-0.005, z=0.046] compared to the bounding box from geometry [x=(-0.040, -0.035), y=(-0.015, 0.005), z=(-0.005, 0.095)].[0m
[38;5;226m[Genesis] [05:38:42] [WARNING] Link 'M_LeftLink2_copy_1' has dubious center of mass [x=-0.005, y=-0.005, z=0.021] compared to the bounding box from geometry [x=(-0.044, -0.032), y=(-0.015, 0.005), z=(-0.000, 0.045)].[0m
[38;5;226m[Genesis] [05:38:42] [WARNING] Link 'link_2' has dubious center of mass [x=0.000, y=0.000, z=0.000] compared to the bounding box from geometry [x=(-0.068, 0.479), y=(-0.069, 0.069), z=(0.082, 0.274)].[0m
[38;5;226m[Genesis] [05:38:43] [WARNING] Constraint solver time constant should be greater than 2*substep_dt. timeconst is changed from `0.0002` to `0.01`). Decrease simulation timestep or increase timeconst to avoid altering the original value.[0m
[38;5;226m[Genesis] [05:38:44] [WARNING] Filtered out geometry pairs causing self-collision for the neutral configuration (qpos0): (90, 113), (103, 105). Consider tuning Morph option 'decompose_robot_error_threshold' or specify dedicated collision meshes. This behavior can be disabled by setting Morph option 'enable_neutral_collision=True'.[0m
C:\Users\user\AppData\Local\Programs\Python\Python311\Lib\site-packages\quadrants\_test_tools\warnings_helper.py:11: UserWarning: cannot create weak reference to 'tuple' object. Template mapper caching disabled.
  warnings.warn(message)
[verify] L2_Left_Wall1_1 충돌 geom 5개 / 시각 geom 3개  (플랜지 접촉=OFF, 기대 충돌 5개)
[build] 성공 (12.8s)
[bag] shape 고정: 714/714 정점(바닥+양측면), 입구는 자유
[slot] 간격축 = world Y (겹침 -12.5mm), 슬롯 길이축 = world X (겹침 +65.0mm)
[slot] gap_cx=0.2125 gap_cy=-0.0053 gap_width=12.5mm wall_top_z=0.0870
[slot] pocket(L1_Wall1_1) center=(0.1745,0.0330)
[ctrl] Left_Wall force clip: ±400 N (Motor2 ctrlrange, docs/Crusher.md §5) — 벽은 이 힘에서 균형지는 위치에 멈춘다
[bag] grip_strip verts near FINGER_MID: 76

[phase] 0 prep (1.0s) — 크랭크 0->-3.142rad(-180deg), Left_Wall 0->+6mm(개방)
[phase] prep     @done  crank=-3.000rad  wall=+5.43mm
    [drop k=   0] tablet_z=+401.68mm bag_com=[0.00646321 0.2561791  0.39925352]
    [drop k=  40] tablet_z=+400.63mm bag_com=[0.00646321 0.2561791  0.39925352]
    [drop k=  80] tablet_z=+395.13mm bag_com=[0.00646321 0.2561791  0.39925352]
    [drop k= 120] tablet_z=+383.50mm bag_com=[0.00646321 0.2561791  0.39925352]
[phase] drop     @done  bag_com=[0.00646321 0.2561791  0.39925352]  finger_z=0.4378  tablet_z=+367.85mm  tilt=0.8deg  bag_bottom=0.3543
[phase] settle   @done  bag_com=[0.00646321 0.2561791  0.39925352]  finger_z=0.4378  tablet_z=+358.66mm  tilt=0.8deg  bag_bottom=0.3543
[bag] shape 고정 해제 — 이제부터 순수 마찰 파지
[phase] close    @done  bag_com=[0.00644864 0.2556402  0.39879915]  finger_z=0.4360  tablet_z=+357.44mm  tilt=0.8deg  bag_bottom=0.3538
[phase] grasp    @done  bag_com=[0.00641237 0.25570387 0.3988026 ]  finger_z=0.4361  tablet_z=+357.09mm  tilt=0.8deg  bag_bottom=0.3538
[phase] lift     @done  bag_com=[0.00563843 0.2587254  0.5243449 ]  finger_z=0.5620  tablet_z=+482.60mm  tilt=1.1deg  bag_bottom=0.4791
[phase] hold     @done  bag_com=[0.00561622 0.25866392 0.5243398 ]  finger_z=0.5620  tablet_z=+482.40mm  tilt=1.3deg  bag_bottom=0.4791
[slot] wall_center_z=0.0510  insert_z(finger)=0.1330  hang=82mm
[slot] 봉투중심 보정 dy=+0.0mm -> finger_y=-0.0053 (봉투중심 y=-0.0053 = gap_cy -0.0053)
[sweep] Y_OFFSET_MM=+0.0mm -> target_xy=[ 0.21249766 -0.00527226]  (gap_cy=-0.0053)
[cam] side view 고정: pos=(np.float64(0.21249766187667846), np.float64(-0.5552722595214844), np.float64(0.169001227684021)) look=(np.float64(0.21249766187667846), np.float64(-0.005272259521484357), np.float64(0.169001227684021)) (gap_width=12.5mm, z범위 above=0.2870~insert=0.1330)

[ik] above-slot target=[ 0.21249766 -0.00527226  0.28700123]  arm_q=[-5.4024148e-01  3.6852300e-01  9.7265720e-01  3.5590492e-06
  1.8000342e+00  4.1719255e+00]
    [above k=   0] tablet_z=+482.40mm bag_com=[0.00561623 0.25866452 0.5243395 ]
    [above k=  40] tablet_z=+481.03mm bag_com=[0.00936871 0.25763983 0.522965  ]
    [above k=  80] tablet_z=+472.96mm bag_com=[0.02974048 0.24748446 0.51470876]
    [above k= 120] tablet_z=+453.37mm bag_com=[0.067945   0.22104847 0.49486566]
    [above k= 160] tablet_z=+419.22mm bag_com=[0.11184216 0.17680569 0.4606011 ]
    [above k= 200] tablet_z=+371.08mm bag_com=[0.14517693 0.12467244 0.41231436]
    [above k= 240] tablet_z=+317.62mm bag_com=[0.17097767 0.07316512 0.35731125]
    [above k= 280] tablet_z=+276.79mm bag_com=[0.18069105 0.03297367 0.3063871 ]
    [above k= 320] tablet_z=+254.55mm bag_com=[0.18358266 0.01114636 0.2698163 ]
    [above k= 360] tablet_z=+239.43mm bag_com=[ 0.18456033 -0.00397073  0.25257725]
[phase] above    @done  bag_com=[ 0.18466005 -0.0075514   0.24971637]  finger_z=0.2868  tablet_z=+233.49mm  tilt=6.4deg  bag_bottom=0.2044
[phase] aboveset @done  bag_com=[ 0.18480058 -0.00702369  0.24951065]  finger_z=0.2868  tablet_z=+219.93mm  tilt=5.8deg  bag_bottom=0.2043
[ik] insert target=[ 0.21249766 -0.00527226  0.13300123]  웨이포인트 41개(카테시안 직선)  arm_q=[-5.4022866e-01  3.6159039e-01  1.4039776e+00  1.0123549e-04
  1.3756382e+00  4.1719370e+00]
    [insert k=   0] tablet_z=+219.70mm bag_com=[ 0.18474782 -0.00701394  0.24935155]
    [insert k=  40] tablet_z=+213.12mm bag_com=[ 0.18479271 -0.00684714  0.2479689 ]
    [insert k=  80] tablet_z=+204.22mm bag_com=[ 0.18482631 -0.0070078   0.24030615]
    [insert k= 120] tablet_z=+186.04mm bag_com=[ 0.1848458  -0.00699322  0.22387768]
    [insert k= 160] tablet_z=+162.00mm bag_com=[ 0.18484072 -0.00704616  0.19995183]
    [insert k= 200] tablet_z=+133.98mm bag_com=[ 0.1848776  -0.00595271  0.17171228]
    [insert k= 240] tablet_z=+108.77mm bag_com=[ 0.18484083 -0.00580849  0.14371571]
    [insert k= 280] tablet_z=+90.31mm bag_com=[ 0.1849829  -0.0041703   0.11999767]
    [insert k= 320] tablet_z=+69.34mm bag_com=[ 0.18489881 -0.00660507  0.10405106]
    [insert k= 360] tablet_z=+55.83mm bag_com=[ 0.18491705 -0.00699765  0.09665427]
[phase] insert   @done  bag_com=[ 0.1849305  -0.00688426  0.09540386]  finger_z=0.1328  tablet_z=+54.03mm  tilt=5.9deg  bag_bottom=0.0503
[phase] settle2  @done  bag_com=[ 0.18495516 -0.00694629  0.09537686]  finger_z=0.1328  tablet_z=+53.99mm  tilt=5.9deg  bag_bottom=0.0503
[trim] TRIM_ROUNDS=0 — 생략(기본값). settle2 시점 bag_bottom 오차 +0.7mm 를 그대로 결과로 쓴다.
[trim] 최종 finger_z=0.1330  (초기 0.1330, 하한 0.1030)

[phase] 9 clamp (4.3s) — Left_Wall +6.0mm 에서 **속도지령** 8.0mm/s 로 계속 닫음 (docs §11-5), lead 80.0mm = 정지 시 400N, 가드 -17.0mm
    [clamp t= 0.00s] wall=  +6.00mm v=  -0.34mm/s  본체면 잔여 +23.50mm  bag_com=[ 0.18495539 -0.00694709  0.09537666]
    [clamp t= 0.17s] wall=  +5.24mm v=  -6.68mm/s  본체면 잔여 +22.74mm  bag_com=[ 0.18495649 -0.00694632  0.09537292]
    [clamp t= 0.34s] wall=  +3.98mm v=  -7.76mm/s  본체면 잔여 +21.48mm  bag_com=[ 0.18496384 -0.00694439  0.09536276]
    [clamp t= 0.51s] wall=  +2.64mm v=  -7.96mm/s  본체면 잔여 +20.14mm  bag_com=[ 0.18496762 -0.00694256  0.0953557 ]
    [clamp t= 0.68s] wall=  +1.28mm v=  -8.00mm/s  본체면 잔여 +18.78mm  bag_com=[ 0.1849734  -0.00694105  0.0953477 ]
    [clamp t= 0.85s] wall=  -0.08mm v=  -8.00mm/s  본체면 잔여 +17.42mm  bag_com=[ 0.18498869 -0.00670403  0.09532031]
    [clamp t= 1.02s] wall=  -1.44mm v=  -8.01mm/s  본체면 잔여 +16.06mm  bag_com=[ 0.18501899 -0.00600868  0.09527083]
    [clamp t= 1.19s] wall=  -2.80mm v=  -8.00mm/s  본체면 잔여 +14.70mm  bag_com=[ 0.18505642 -0.00527979  0.09523552]
    [clamp t= 1.36s] wall=  -4.16mm v=  -8.00mm/s  본체면 잔여 +13.34mm  bag_com=[ 0.18510795 -0.00455016  0.09521103]
    [clamp t= 1.53s] wall=  -5.53mm v=  -8.03mm/s  본체면 잔여 +11.97mm  bag_com=[ 0.18515469 -0.00395678  0.09520545]
    [clamp t= 1.70s] wall=  -6.89mm v=  -8.04mm/s  본체면 잔여 +10.61mm  bag_com=[ 0.1851884  -0.0034983   0.09521595]
    [clamp t= 1.87s] wall=  -8.26mm v=  -8.03mm/s  본체면 잔여  +9.24mm  bag_com=[ 0.18521634 -0.0030589   0.09523936]
    [clamp t= 2.04s] wall=  -9.76mm v= -16.24mm/s  본체면 잔여  +7.74mm  bag_com=[ 0.18525705 -0.00254283  0.09527382]
    [clamp t= 2.21s] wall=-1438.44mm v=-14294.08mm/s  본체면 잔여 -1420.94mm  bag_com=[ 0.1853489  -0.01137159  0.09565767]
    [clamp t= 2.38s] wall=-1825.45mm v=+9054.34mm/s  본체면 잔여 -1807.95mm  bag_com=[ 0.18502453 -0.00796319  0.09533074]
    [clamp t= 2.55s] wall=-359.96mm v=+3670.95mm/s  본체면 잔여 -342.46mm  bag_com=[ 0.18506943 -0.00519828  0.0951887 ]
    [clamp t= 2.72s] wall= -74.63mm v=+625.07mm/s  본체면 잔여 -57.13mm  bag_com=[ 0.18505144 -0.00821694  0.09533253]
    [clamp t= 2.89s] wall= -26.63mm v=+102.85mm/s  본체면 잔여  -9.13mm  bag_com=[ 0.18503033 -0.00679214  0.09523442]
    [clamp t= 3.06s] wall= -18.65mm v= +17.64mm/s  본체면 잔여  -1.15mm  bag_com=[ 0.18549609 -0.01222637  0.09572319]
    [clamp t= 3.23s] wall= -17.27mm v=  +3.03mm/s  본체면 잔여  +0.23mm  bag_com=[ 0.18567255 -0.01303257  0.0958253 ]
    [clamp t= 3.40s] wall= -17.04mm v=  +0.52mm/s  본체면 잔여  +0.46mm  bag_com=[ 0.18571901 -0.01311558  0.09581376]
    [clamp t= 3.57s] wall= -16.99mm v=  +0.09mm/s  본체면 잔여  +0.51mm  bag_com=[ 0.18573397 -0.01313782  0.09580398]
    [clamp t= 3.74s] wall= -16.99mm v=  +0.02mm/s  본체면 잔여  +0.51mm  bag_com=[ 0.18574053 -0.01314261  0.09579426]
    [clamp t= 3.91s] wall= -16.99mm v=  +0.00mm/s  본체면 잔여  +0.51mm  bag_com=[ 0.1857455  -0.0131445   0.09578457]
    [clamp t= 4.08s] wall= -16.99mm v=  +0.00mm/s  본체면 잔여  +0.51mm  bag_com=[ 0.18575016 -0.01314583  0.09577484]
    [clamp t= 4.25s] wall= -16.99mm v=  +0.00mm/s  본체면 잔여  +0.51mm  bag_com=[ 0.18575443 -0.01314706  0.09576514]
[phase] clamp    @done  wall=-16.99mm  (잔여: 플랜지면(비접촉) -4.49mm / 본체면 0.51mm)  bag_com=[ 0.18575571 -0.01314739  0.09576198]
[clamp] **하드스톱까지 내려감 — 봉투를 못 물었다**  (가드 -17.00mm, 최종 v=+0.00mm/s)
    [release k=   0] tablet_z=+54.47mm bag_com=[ 0.18575592 -0.01314743  0.09576168]
    [release k=  40] tablet_z=+51.94mm bag_com=[ 0.1873456  -0.01369306  0.09284747]
    [release k=  80] tablet_z=+27.26mm bag_com=[ 0.1957671  -0.01552072  0.06920725]
[phase] release  @done  bag_com=[ 0.19562747 -0.01577042  0.06915566]  finger_z=0.1345  tablet_z=+27.26mm  tilt=2.5deg  bag_bottom=0.0241

[RESULT] GRIP_OFFSET_MM=-28mm  Y_OFFSET_MM=+0.0mm  verdict=FAIL  (미도달(bag_bottom_z=0.0241 vs wall_center_z=0.0510, diff=26.9mm>15mm))
[RESULT] final_bottom_z=0.0241  wall_center_z=0.0510  오차=-26.9mm(+면 얕음/-면 깊음)
[RESULT] width_y=27.8mm(baseline 15.0mm)  height_z=90.1mm(baseline 90.7mm)
[SUMMARY] flange=OFF mode=velocity v=8.0mm/s F=400N kp=5000 hold=0 wall=-16.99mm body_gap=+0.51mm stalled=N drop=-26.6mm tilt=2.5deg width=27.8mm reach_err=-26.9mm verdict=FAIL

[saved] overview -> C:\Users\user\Desktop\Crusher_IsaacSim\Crusher_Genesis\Crusher_M0609_RG2_Tablet_Samplebag\RESULT\grip-28mm\full_workflow_grip-28mm_yoff+0.0mm_20260831_053834_overview.mp4
[saved] bagcam   -> C:\Users\user\Desktop\Crusher_IsaacSim\Crusher_Genesis\Crusher_M0609_RG2_Tablet_Samplebag\RESULT\grip-28mm\full_workflow_grip-28mm_yoff+0.0mm_20260831_053834_bagcam.mp4
[saved] sideview -> C:\Users\user\Desktop\Crusher_IsaacSim\Crusher_Genesis\Crusher_M0609_RG2_Tablet_Samplebag\RESULT\grip-28mm\full_workflow_grip-28mm_yoff+0.0mm_20260831_053834_sideview.mp4

[timing] build=12.8s  steps=433.8s (2892 steps, 150.0ms/step)  합계=446.6s
완료.
