[cfg] LEFTWALL_FLANGE_CONTACT=0 WALL_CLOSE_MMPS=8 WALL_FORCE_LIM_N=100 HOLD_THROUGH_CLAMP=0
============================================================
 Full workflow: tablet drop -> bag catch -> grasp -> lift -> Crusher slot insert (viewer=False)
============================================================
[mjcf] Left_Wall 형상 교체: 옛 geom 12개(시각 1 + hull 11) -> 본체 hull 5개 + 플랜지 1개 + 시각 1개. 플랜지 = **시각 전용(접촉 제외)**. 중립 간격 플랜지 12.50mm / 본체 17.50mm
[fem_ipc_workarounds] FEMEntity.set_vertex_constraints 패치 완료 (IPC 커플러 버그 우회)
[38;5;226m[Genesis] [05:46:19] [WARNING] At least one of the meshes contain many faces (15432). Consider setting 'morph.decimate=True' to speed up collision detection and improve numerical stability.[0m
[38;5;226m[Genesis] [05:46:19] [WARNING] At least one of the meshes contain many faces (15762). Consider setting 'morph.decimate=True' to speed up collision detection and improve numerical stability.[0m
[38;5;226m[Genesis] [05:46:19] [WARNING] Mesh is not watertight. Falling back to convex hull for estimating inertial properties.[0m
[38;5;226m[Genesis] [05:46:20] [WARNING] Mesh is not watertight. Falling back to convex hull for estimating inertial properties.[0m
[38;5;226m[Genesis] [05:46:20] [WARNING] At least one of the meshes contain many faces (12522). Consider setting 'morph.decimate=True' to speed up collision detection and improve numerical stability.[0m
[38;5;226m[Genesis] [05:46:20] [WARNING] Mesh is not watertight. Falling back to convex hull for estimating inertial properties.[0m
[38;5;226m[Genesis] [05:46:20] [WARNING] Mesh is not watertight. Falling back to convex hull for estimating inertial properties.[0m
[38;5;226m[Genesis] [05:46:20] [WARNING] Mesh is not watertight. Falling back to convex hull for estimating inertial properties.[0m
[38;5;226m[Genesis] [05:46:20] [WARNING] Mesh is not watertight. Falling back to convex hull for estimating inertial properties.[0m
[38;5;226m[Genesis] [05:46:20] [WARNING] Mesh is not watertight. Falling back to convex hull for estimating inertial properties.[0m
[38;5;226m[Genesis] [05:46:20] [WARNING] Mesh is not watertight. Falling back to convex hull for estimating inertial properties.[0m
[38;5;226m[Genesis] [05:46:20] [WARNING] Mesh is not watertight. Falling back to convex hull for estimating inertial properties.[0m
[38;5;226m[Genesis] [05:46:20] [WARNING] Mesh is not watertight. Falling back to convex hull for estimating inertial properties.[0m
[38;5;226m[Genesis] [05:46:20] [WARNING] Mesh is not watertight. Falling back to convex hull for estimating inertial properties.[0m
[38;5;226m[Genesis] [05:46:20] [WARNING] Mesh is not watertight. Falling back to convex hull for estimating inertial properties.[0m
[38;5;226m[Genesis] [05:46:20] [WARNING] Mesh is not watertight. Falling back to convex hull for estimating inertial properties.[0m
[38;5;226m[Genesis] [05:46:20] [WARNING] Mesh is not watertight. Falling back to convex hull for estimating inertial properties.[0m
[38;5;226m[Genesis] [05:46:20] [WARNING] Mesh is not watertight. Falling back to convex hull for estimating inertial properties.[0m
[38;5;226m[Genesis] [05:46:20] [WARNING] Mesh is not watertight. Falling back to convex hull for estimating inertial properties.[0m
[38;5;226m[Genesis] [05:46:20] [WARNING] Mesh is not watertight. Falling back to convex hull for estimating inertial properties.[0m
[38;5;226m[Genesis] [05:46:20] [WARNING] At least one of the meshes contain many faces (27466). Consider setting 'morph.decimate=True' to speed up collision detection and improve numerical stability.[0m
[38;5;226m[Genesis] [05:46:21] [WARNING] Mesh is not watertight. Falling back to convex hull for estimating inertial properties.[0m
[38;5;226m[Genesis] [05:46:21] [WARNING] Mesh is not watertight. Falling back to convex hull for estimating inertial properties.[0m
[38;5;226m[Genesis] [05:46:21] [WARNING] Mesh is not watertight. Falling back to convex hull for estimating inertial properties.[0m
[38;5;226m[Genesis] [05:46:21] [WARNING] Mesh is not watertight. Falling back to convex hull for estimating inertial properties.[0m
[38;5;226m[Genesis] [05:46:21] [WARNING] Mesh is not watertight. Falling back to convex hull for estimating inertial properties.[0m

[build] scene.build() 시작...
[38;5;226m[Genesis] [05:46:21] [WARNING] Link 'L4_Motor2_Shaft_1' has dubious center of mass [x=0.000, y=-0.037, z=0.015] compared to the bounding box from geometry [x=(-0.018, 0.018), y=(-0.018, 0.018), z=(-0.000, 0.077)].[0m
[38;5;226m[Genesis] [05:46:21] [WARNING] Link 'M_Bottom_1' has dubious center of mass [x=0.166, y=0.030, z=-0.073] compared to the bounding box from geometry [x=(0.106, 0.155), y=(-0.011, 0.071), z=(-0.078, -0.068)].[0m
[38;5;226m[Genesis] [05:46:21] [WARNING] Link 'M_Back_1' has dubious center of mass [x=0.003, y=0.021, z=0.011] compared to the bounding box from geometry [x=(-0.035, -0.030), y=(-0.033, 0.076), z=(-0.005, 0.028)].[0m
[38;5;226m[Genesis] [05:46:21] [WARNING] Link 'M_Left1_1' has dubious center of mass [x=-0.025, y=-0.002, z=-0.014] compared to the bounding box from geometry [x=(-0.088, -0.032), y=(-0.005, -0.000), z=(-0.038, 0.010)].[0m
[38;5;226m[Genesis] [05:46:21] [WARNING] Link 'M_Right1_1' has dubious center of mass [x=-0.025, y=0.003, z=-0.014] compared to the bounding box from geometry [x=(-0.087, -0.033), y=(0.000, 0.005), z=(-0.038, 0.010)].[0m
[38;5;226m[Genesis] [05:46:21] [WARNING] Link 'M_Top_1' has dubious center of mass [x=-0.024, y=0.028, z=0.005] compared to the bounding box from geometry [x=(-0.088, -0.032), y=(-0.031, 0.088), z=(-0.000, 0.010)].[0m
[38;5;226m[Genesis] [05:46:21] [WARNING] Link 'M_LeftLink_1' has dubious center of mass [x=-0.002, y=0.005, z=0.046] compared to the bounding box from geometry [x=(-0.040, -0.035), y=(-0.005, 0.015), z=(-0.005, 0.095)].[0m
[38;5;226m[Genesis] [05:46:21] [WARNING] Link 'M_RightLink_1' has dubious center of mass [x=-0.002, y=-0.005, z=0.046] compared to the bounding box from geometry [x=(-0.040, -0.035), y=(-0.015, 0.005), z=(-0.005, 0.095)].[0m
[38;5;226m[Genesis] [05:46:21] [WARNING] Link 'M_LeftLink2_copy_1' has dubious center of mass [x=-0.005, y=-0.005, z=0.021] compared to the bounding box from geometry [x=(-0.044, -0.032), y=(-0.015, 0.005), z=(-0.000, 0.045)].[0m
[38;5;226m[Genesis] [05:46:21] [WARNING] Link 'link_2' has dubious center of mass [x=0.000, y=0.000, z=0.000] compared to the bounding box from geometry [x=(-0.068, 0.479), y=(-0.069, 0.069), z=(0.082, 0.274)].[0m
[38;5;226m[Genesis] [05:46:22] [WARNING] Constraint solver time constant should be greater than 2*substep_dt. timeconst is changed from `0.0002` to `0.01`). Decrease simulation timestep or increase timeconst to avoid altering the original value.[0m
[38;5;226m[Genesis] [05:46:23] [WARNING] Filtered out geometry pairs causing self-collision for the neutral configuration (qpos0): (90, 113), (103, 105). Consider tuning Morph option 'decompose_robot_error_threshold' or specify dedicated collision meshes. This behavior can be disabled by setting Morph option 'enable_neutral_collision=True'.[0m
C:\Users\user\AppData\Local\Programs\Python\Python311\Lib\site-packages\quadrants\_test_tools\warnings_helper.py:11: UserWarning: cannot create weak reference to 'tuple' object. Template mapper caching disabled.
  warnings.warn(message)
[verify] L2_Left_Wall1_1 충돌 geom 5개 / 시각 geom 3개  (플랜지 접촉=OFF, 기대 충돌 5개)
[build] 성공 (13.0s)
[bag] shape 고정: 714/714 정점(바닥+양측면), 입구는 자유
[slot] 간격축 = world Y (겹침 -12.5mm), 슬롯 길이축 = world X (겹침 +65.0mm)
[slot] gap_cx=0.2125 gap_cy=-0.0053 gap_width=12.5mm wall_top_z=0.0870
[slot] pocket(L1_Wall1_1) center=(0.1745,0.0330)
[ctrl] Left_Wall force clip: ±100 N (Motor2 ctrlrange, docs/Crusher.md §5) — 벽은 이 힘에서 균형지는 위치에 멈춘다
[bag] grip_strip verts near FINGER_MID: 76

[phase] 0 prep (1.0s) — 크랭크 0->-3.142rad(-180deg), Left_Wall 0->+6mm(개방)
[phase] prep     @done  crank=-3.000rad  wall=+5.43mm
    [drop k=   0] tablet_z=+436.40mm bag_com=[0.00646321 0.2561791  0.39925352]
    [drop k=  40] tablet_z=+430.65mm bag_com=[0.00646321 0.2561791  0.39925352]
    [drop k=  80] tablet_z=+421.58mm bag_com=[0.00646321 0.2561791  0.39925352]
    [drop k= 120] tablet_z=+396.71mm bag_com=[0.00646321 0.2561791  0.39925352]
[phase] drop     @done  bag_com=[0.00646321 0.2561791  0.39925352]  finger_z=0.4378  tablet_z=+385.66mm  tilt=0.8deg  bag_bottom=0.3543
[phase] settle   @done  bag_com=[0.00646321 0.2561791  0.39925352]  finger_z=0.4378  tablet_z=+366.88mm  tilt=0.8deg  bag_bottom=0.3543
[bag] shape 고정 해제 — 이제부터 순수 마찰 파지
[phase] close    @done  bag_com=[0.00644375 0.2556993  0.3987987 ]  finger_z=0.4360  tablet_z=+362.42mm  tilt=0.7deg  bag_bottom=0.3538
[phase] grasp    @done  bag_com=[0.00640683 0.25577387 0.39880273]  finger_z=0.4361  tablet_z=+359.28mm  tilt=0.7deg  bag_bottom=0.3538
[phase] lift     @done  bag_com=[0.00562939 0.25868267 0.52434444]  finger_z=0.5620  tablet_z=+482.91mm  tilt=1.1deg  bag_bottom=0.4791
[phase] hold     @done  bag_com=[0.00559804 0.25861272 0.524333  ]  finger_z=0.5620  tablet_z=+482.85mm  tilt=1.2deg  bag_bottom=0.4790
[slot] wall_center_z=0.0510  insert_z(finger)=0.1330  hang=82mm
[slot] 봉투중심 보정 dy=+0.0mm -> finger_y=-0.0053 (봉투중심 y=-0.0053 = gap_cy -0.0053)
[sweep] Y_OFFSET_MM=+0.0mm -> target_xy=[ 0.21249766 -0.00527226]  (gap_cy=-0.0053)
[cam] side view 고정: pos=(np.float64(0.21249766187667846), np.float64(-0.5552722595214844), np.float64(0.169001227684021)) look=(np.float64(0.21249766187667846), np.float64(-0.005272259521484357), np.float64(0.169001227684021)) (gap_width=12.5mm, z범위 above=0.2870~insert=0.1330)

[ik] above-slot target=[ 0.21249766 -0.00527226  0.28700123]  arm_q=[-5.4023993e-01  3.6852157e-01  9.7265911e-01  5.8813021e-07
  1.8000317e+00  4.1719260e+00]
    [above k=   0] tablet_z=+482.85mm bag_com=[0.00559815 0.25861204 0.52433276]
    [above k=  40] tablet_z=+481.14mm bag_com=[0.00932274 0.25763834 0.52293473]
    [above k=  80] tablet_z=+472.94mm bag_com=[0.02977948 0.24719219 0.51477456]
    [above k= 120] tablet_z=+453.49mm bag_com=[0.06791172 0.22022709 0.49495476]
    [above k= 160] tablet_z=+419.26mm bag_com=[0.11214034 0.17697452 0.46062887]
    [above k= 200] tablet_z=+371.26mm bag_com=[0.14844288 0.12434003 0.41234937]
    [above k= 240] tablet_z=+323.29mm bag_com=[0.16689715 0.07664951 0.35725546]
    [above k= 280] tablet_z=+287.67mm bag_com=[0.1786699  0.03809012 0.3063215 ]
    [above k= 320] tablet_z=+262.21mm bag_com=[0.18353625 0.01009051 0.26998663]
    [above k= 360] tablet_z=+247.13mm bag_com=[ 0.18477115 -0.00781094  0.2528558 ]
[phase] above    @done  bag_com=[ 0.18467098 -0.0065277   0.24965186]  finger_z=0.2868  tablet_z=+242.16mm  tilt=5.7deg  bag_bottom=0.2043
[phase] aboveset @done  bag_com=[ 0.18481806 -0.00697526  0.24950472]  finger_z=0.2868  tablet_z=+207.73mm  tilt=5.8deg  bag_bottom=0.2043
[ik] insert target=[ 0.21249766 -0.00527226  0.13300123]  웨이포인트 41개(카테시안 직선)  arm_q=[-5.4022604e-01  3.6158863e-01  1.4039801e+00  9.6413511e-05
  1.3756348e+00  4.1719403e+00]
    [insert k=   0] tablet_z=+207.57mm bag_com=[ 0.1847667  -0.00697075  0.24934536]
    [insert k=  40] tablet_z=+206.17mm bag_com=[ 0.18481398 -0.00702882  0.24797446]
    [insert k=  80] tablet_z=+198.50mm bag_com=[ 0.18486327 -0.00695927  0.24028675]
    [insert k= 120] tablet_z=+182.15mm bag_com=[ 0.18486999 -0.00702767  0.22387308]
    [insert k= 160] tablet_z=+158.42mm bag_com=[ 0.18485452 -0.00717284  0.19996613]
    [insert k= 200] tablet_z=+130.38mm bag_com=[ 0.18487696 -0.00690053  0.17176238]
    [insert k= 240] tablet_z=+102.53mm bag_com=[ 0.18489508 -0.00709432  0.14369124]
    [insert k= 280] tablet_z=+78.86mm bag_com=[ 0.18490724 -0.00748834  0.12009415]
    [insert k= 320] tablet_z=+62.85mm bag_com=[ 0.18494199 -0.00709968  0.10405795]
    [insert k= 360] tablet_z=+55.36mm bag_com=[ 0.18495774 -0.00666375  0.09661902]
[phase] insert   @done  bag_com=[ 0.18496615 -0.00706435  0.09540194]  finger_z=0.1328  tablet_z=+54.16mm  tilt=6.0deg  bag_bottom=0.0503
[phase] settle2  @done  bag_com=[ 0.1849915  -0.00697443  0.09536815]  finger_z=0.1328  tablet_z=+54.13mm  tilt=6.0deg  bag_bottom=0.0503
[trim] TRIM_ROUNDS=0 — 생략(기본값). settle2 시점 bag_bottom 오차 +0.7mm 를 그대로 결과로 쓴다.
[trim] 최종 finger_z=0.1330  (초기 0.1330, 하한 0.1030)

[phase] 9 clamp (4.3s) — Left_Wall +6.0mm 에서 **속도지령** 8.0mm/s 로 계속 닫음 (docs §11-5), lead 20.0mm = 정지 시 100N, 가드 -17.0mm
    [clamp t= 0.00s] wall=  +6.00mm v=  -0.34mm/s  본체면 잔여 +23.50mm  bag_com=[ 0.18499166 -0.0069741   0.09536789]
    [clamp t= 0.17s] wall=  +5.24mm v=  -6.68mm/s  본체면 잔여 +22.74mm  bag_com=[ 0.18499304 -0.00696993  0.09536525]
    [clamp t= 0.34s] wall=  +3.98mm v=  -7.77mm/s  본체면 잔여 +21.48mm  bag_com=[ 0.18499789 -0.00696845  0.09535784]
    [clamp t= 0.51s] wall=  +2.64mm v=  -7.97mm/s  본체면 잔여 +20.14mm  bag_com=[ 0.18500404 -0.00696686  0.09534997]
    [clamp t= 0.68s] wall=  +1.28mm v=  -7.99mm/s  본체면 잔여 +18.78mm  bag_com=[ 0.18501121 -0.00696586  0.09534094]
    [clamp t= 0.85s] wall=  -0.08mm v=  -8.01mm/s  본체면 잔여 +17.42mm  bag_com=[ 0.18502927 -0.00669107  0.0953109 ]
    [clamp t= 1.02s] wall=  -1.44mm v=  -8.01mm/s  본체면 잔여 +16.06mm  bag_com=[ 0.18505934 -0.00599201  0.09526286]
    [clamp t= 1.19s] wall=  -2.80mm v=  -8.01mm/s  본체면 잔여 +14.70mm  bag_com=[ 0.18509862 -0.00526605  0.0952279 ]
    [clamp t= 1.36s] wall=  -4.16mm v=  -8.00mm/s  본체면 잔여 +13.34mm  bag_com=[ 0.18515164 -0.00453728  0.09520388]
    [clamp t= 1.53s] wall=  -5.53mm v=  -8.03mm/s  본체면 잔여 +11.97mm  bag_com=[ 0.18519884 -0.0039548   0.09519909]
    [clamp t= 1.70s] wall=  -6.89mm v=  -8.04mm/s  본체면 잔여 +10.61mm  bag_com=[ 0.18523362 -0.00349843  0.09521013]
    [clamp t= 1.87s] wall=  -8.26mm v=  -8.03mm/s  본체면 잔여  +9.24mm  bag_com=[ 0.18526252 -0.00306086  0.09523402]
    [clamp t= 2.04s] wall=  -9.76mm v= -16.29mm/s  본체면 잔여  +7.74mm  bag_com=[ 0.1853037  -0.00254711  0.0952699 ]
