[cfg] LEFTWALL_FLANGE_CONTACT=0 WALL_CLOSE_MMPS=8 WALL_FORCE_LIM_N=200 HOLD_THROUGH_CLAMP=0
============================================================
 Full workflow: tablet drop -> bag catch -> grasp -> lift -> Crusher slot insert (viewer=False)
============================================================
[mjcf] Left_Wall 형상 교체: 옛 geom 12개(시각 1 + hull 11) -> 본체 hull 5개 + 플랜지 1개 + 시각 1개. 플랜지 = **시각 전용(접촉 제외)**. 중립 간격 플랜지 12.50mm / 본체 17.50mm
[fem_ipc_workarounds] FEMEntity.set_vertex_constraints 패치 완료 (IPC 커플러 버그 우회)
[38;5;226m[Genesis] [06:11:20] [WARNING] At least one of the meshes contain many faces (15432). Consider setting 'morph.decimate=True' to speed up collision detection and improve numerical stability.[0m
[38;5;226m[Genesis] [06:11:20] [WARNING] At least one of the meshes contain many faces (15762). Consider setting 'morph.decimate=True' to speed up collision detection and improve numerical stability.[0m
[38;5;226m[Genesis] [06:11:20] [WARNING] Mesh is not watertight. Falling back to convex hull for estimating inertial properties.[0m
[38;5;226m[Genesis] [06:11:20] [WARNING] Mesh is not watertight. Falling back to convex hull for estimating inertial properties.[0m
[38;5;226m[Genesis] [06:11:20] [WARNING] At least one of the meshes contain many faces (12522). Consider setting 'morph.decimate=True' to speed up collision detection and improve numerical stability.[0m
[38;5;226m[Genesis] [06:11:20] [WARNING] Mesh is not watertight. Falling back to convex hull for estimating inertial properties.[0m
[38;5;226m[Genesis] [06:11:20] [WARNING] Mesh is not watertight. Falling back to convex hull for estimating inertial properties.[0m
[38;5;226m[Genesis] [06:11:20] [WARNING] Mesh is not watertight. Falling back to convex hull for estimating inertial properties.[0m
[38;5;226m[Genesis] [06:11:20] [WARNING] Mesh is not watertight. Falling back to convex hull for estimating inertial properties.[0m
[38;5;226m[Genesis] [06:11:20] [WARNING] Mesh is not watertight. Falling back to convex hull for estimating inertial properties.[0m
[38;5;226m[Genesis] [06:11:20] [WARNING] Mesh is not watertight. Falling back to convex hull for estimating inertial properties.[0m
[38;5;226m[Genesis] [06:11:20] [WARNING] Mesh is not watertight. Falling back to convex hull for estimating inertial properties.[0m
[38;5;226m[Genesis] [06:11:20] [WARNING] Mesh is not watertight. Falling back to convex hull for estimating inertial properties.[0m
[38;5;226m[Genesis] [06:11:20] [WARNING] Mesh is not watertight. Falling back to convex hull for estimating inertial properties.[0m
[38;5;226m[Genesis] [06:11:20] [WARNING] Mesh is not watertight. Falling back to convex hull for estimating inertial properties.[0m
[38;5;226m[Genesis] [06:11:20] [WARNING] Mesh is not watertight. Falling back to convex hull for estimating inertial properties.[0m
[38;5;226m[Genesis] [06:11:20] [WARNING] Mesh is not watertight. Falling back to convex hull for estimating inertial properties.[0m
[38;5;226m[Genesis] [06:11:20] [WARNING] Mesh is not watertight. Falling back to convex hull for estimating inertial properties.[0m
[38;5;226m[Genesis] [06:11:21] [WARNING] Mesh is not watertight. Falling back to convex hull for estimating inertial properties.[0m
[38;5;226m[Genesis] [06:11:21] [WARNING] Mesh is not watertight. Falling back to convex hull for estimating inertial properties.[0m
[38;5;226m[Genesis] [06:11:21] [WARNING] At least one of the meshes contain many faces (27466). Consider setting 'morph.decimate=True' to speed up collision detection and improve numerical stability.[0m
[38;5;226m[Genesis] [06:11:21] [WARNING] Mesh is not watertight. Falling back to convex hull for estimating inertial properties.[0m
[38;5;226m[Genesis] [06:11:21] [WARNING] Mesh is not watertight. Falling back to convex hull for estimating inertial properties.[0m
[38;5;226m[Genesis] [06:11:21] [WARNING] Mesh is not watertight. Falling back to convex hull for estimating inertial properties.[0m
[38;5;226m[Genesis] [06:11:21] [WARNING] Mesh is not watertight. Falling back to convex hull for estimating inertial properties.[0m
[38;5;226m[Genesis] [06:11:21] [WARNING] Mesh is not watertight. Falling back to convex hull for estimating inertial properties.[0m

[build] scene.build() 시작...
[38;5;226m[Genesis] [06:11:21] [WARNING] Link 'L4_Motor2_Shaft_1' has dubious center of mass [x=0.000, y=-0.037, z=0.015] compared to the bounding box from geometry [x=(-0.018, 0.018), y=(-0.018, 0.018), z=(-0.000, 0.077)].[0m
[38;5;226m[Genesis] [06:11:21] [WARNING] Link 'M_Bottom_1' has dubious center of mass [x=0.166, y=0.030, z=-0.073] compared to the bounding box from geometry [x=(0.106, 0.155), y=(-0.011, 0.071), z=(-0.078, -0.068)].[0m
[38;5;226m[Genesis] [06:11:21] [WARNING] Link 'M_Back_1' has dubious center of mass [x=0.003, y=0.021, z=0.011] compared to the bounding box from geometry [x=(-0.035, -0.030), y=(-0.033, 0.076), z=(-0.005, 0.028)].[0m
[38;5;226m[Genesis] [06:11:21] [WARNING] Link 'M_Left1_1' has dubious center of mass [x=-0.025, y=-0.002, z=-0.014] compared to the bounding box from geometry [x=(-0.088, -0.032), y=(-0.005, -0.000), z=(-0.038, 0.010)].[0m
[38;5;226m[Genesis] [06:11:21] [WARNING] Link 'M_Right1_1' has dubious center of mass [x=-0.025, y=0.003, z=-0.014] compared to the bounding box from geometry [x=(-0.087, -0.033), y=(0.000, 0.005), z=(-0.038, 0.010)].[0m
[38;5;226m[Genesis] [06:11:21] [WARNING] Link 'M_Top_1' has dubious center of mass [x=-0.024, y=0.028, z=0.005] compared to the bounding box from geometry [x=(-0.088, -0.032), y=(-0.031, 0.088), z=(-0.000, 0.010)].[0m
[38;5;226m[Genesis] [06:11:21] [WARNING] Link 'M_LeftLink_1' has dubious center of mass [x=-0.002, y=0.005, z=0.046] compared to the bounding box from geometry [x=(-0.040, -0.035), y=(-0.005, 0.015), z=(-0.005, 0.095)].[0m
[38;5;226m[Genesis] [06:11:21] [WARNING] Link 'M_RightLink_1' has dubious center of mass [x=-0.002, y=-0.005, z=0.046] compared to the bounding box from geometry [x=(-0.040, -0.035), y=(-0.015, 0.005), z=(-0.005, 0.095)].[0m
[38;5;226m[Genesis] [06:11:21] [WARNING] Link 'M_LeftLink2_copy_1' has dubious center of mass [x=-0.005, y=-0.005, z=0.021] compared to the bounding box from geometry [x=(-0.044, -0.032), y=(-0.015, 0.005), z=(-0.000, 0.045)].[0m
[38;5;226m[Genesis] [06:11:21] [WARNING] Link 'link_2' has dubious center of mass [x=0.000, y=0.000, z=0.000] compared to the bounding box from geometry [x=(-0.068, 0.479), y=(-0.069, 0.069), z=(0.082, 0.274)].[0m
[38;5;226m[Genesis] [06:11:22] [WARNING] Constraint solver time constant should be greater than 2*substep_dt. timeconst is changed from `0.0002` to `0.01`). Decrease simulation timestep or increase timeconst to avoid altering the original value.[0m
[38;5;226m[Genesis] [06:11:23] [WARNING] Filtered out geometry pairs causing self-collision for the neutral configuration (qpos0): (90, 113), (103, 105). Consider tuning Morph option 'decompose_robot_error_threshold' or specify dedicated collision meshes. This behavior can be disabled by setting Morph option 'enable_neutral_collision=True'.[0m
C:\Users\user\AppData\Local\Programs\Python\Python311\Lib\site-packages\quadrants\_test_tools\warnings_helper.py:11: UserWarning: cannot create weak reference to 'tuple' object. Template mapper caching disabled.
  warnings.warn(message)
[verify] L2_Left_Wall1_1 충돌 geom 5개 / 시각 geom 3개  (플랜지 접촉=OFF, 기대 충돌 5개)
[build] 성공 (12.1s)
[bag] shape 고정: 714/714 정점(바닥+양측면), 입구는 자유
[slot] 간격축 = world Y (겹침 -12.5mm), 슬롯 길이축 = world X (겹침 +65.0mm)
[slot] gap_cx=0.2125 gap_cy=-0.0053 gap_width=12.5mm wall_top_z=0.0870
[slot] pocket(L1_Wall1_1) center=(0.1745,0.0330)
[ctrl] Left_Wall force clip: ±200 N (Motor2 ctrlrange, docs/Crusher.md §5) — 벽은 이 힘에서 균형지는 위치에 멈춘다
[bag] grip_strip verts near FINGER_MID: 76

[phase] 0 prep (1.0s) — 크랭크 0->-3.142rad(-180deg), Left_Wall 0->+6mm(개방)
[phase] prep     @done  crank=-3.000rad  wall=+5.43mm
    [drop k=   0] tablet_z=+411.61mm bag_com=[0.00646321 0.2561791  0.39925352]
    [drop k=  40] tablet_z=+410.08mm bag_com=[0.00646321 0.2561791  0.39925352]
    [drop k=  80] tablet_z=+403.88mm bag_com=[0.00646321 0.2561791  0.39925352]
    [drop k= 120] tablet_z=+388.73mm bag_com=[0.00646321 0.2561791  0.39925352]
[phase] drop     @done  bag_com=[0.00646321 0.2561791  0.39925352]  finger_z=0.4378  tablet_z=+382.65mm  tilt=0.8deg  bag_bottom=0.3543
[phase] settle   @done  bag_com=[0.00646321 0.2561791  0.39925352]  finger_z=0.4378  tablet_z=+363.76mm  tilt=0.8deg  bag_bottom=0.3543
[bag] shape 고정 해제 — 이제부터 순수 마찰 파지
[phase] close    @done  bag_com=[0.0064279  0.25574115 0.39880043]  finger_z=0.4360  tablet_z=+361.27mm  tilt=0.8deg  bag_bottom=0.3538
[phase] grasp    @done  bag_com=[0.00638858 0.25570303 0.39880586]  finger_z=0.4361  tablet_z=+357.26mm  tilt=0.7deg  bag_bottom=0.3538
[phase] lift     @done  bag_com=[0.00560595 0.25875616 0.52435774]  finger_z=0.5620  tablet_z=+482.47mm  tilt=1.1deg  bag_bottom=0.4791
[phase] hold     @done  bag_com=[0.00556166 0.2586154  0.5243361 ]  finger_z=0.5620  tablet_z=+482.41mm  tilt=1.2deg  bag_bottom=0.4790
[slot] wall_center_z=0.0510  insert_z(finger)=0.1330  hang=82mm
[slot] 봉투중심 보정 dy=+0.0mm -> finger_y=-0.0053 (봉투중심 y=-0.0053 = gap_cy -0.0053)
[sweep] Y_OFFSET_MM=+0.0mm -> target_xy=[ 0.21249766 -0.00527226]  (gap_cy=-0.0053)
[cam] side view 고정: pos=(np.float64(0.21249766187667846), np.float64(-0.5552722595214844), np.float64(0.169001227684021)) look=(np.float64(0.21249766187667846), np.float64(-0.005272259521484357), np.float64(0.169001227684021)) (gap_width=12.5mm, z범위 above=0.2870~insert=0.1330)

[ik] above-slot target=[ 0.21249766 -0.00527226  0.28700123]  arm_q=[-5.4023695e-01  3.6851910e-01  9.7266269e-01 -4.9208757e-06
  1.8000275e+00  4.1719279e+00]
    [above k=   0] tablet_z=+482.41mm bag_com=[0.0055616  0.2586144  0.52433586]
    [above k=  40] tablet_z=+481.15mm bag_com=[0.00929618 0.25755858 0.5229495 ]
    [above k=  80] tablet_z=+473.26mm bag_com=[0.02966729 0.24705681 0.5147197 ]
    [above k= 120] tablet_z=+455.14mm bag_com=[0.06806119 0.22125246 0.49489036]
    [above k= 160] tablet_z=+422.65mm bag_com=[0.11000107 0.17587064 0.46049088]
    [above k= 200] tablet_z=+375.73mm bag_com=[0.14530392 0.1247246  0.4122986 ]
    [above k= 240] tablet_z=+322.30mm bag_com=[0.16729188 0.07632525 0.3572246 ]
    [above k= 280] tablet_z=+276.22mm bag_com=[0.17855878 0.03887084 0.30630478]
    [above k= 320] tablet_z=+246.00mm bag_com=[0.18440734 0.00501935 0.27006942]
    [above k= 360] tablet_z=+228.58mm bag_com=[ 0.18462953 -0.00465372  0.25260702]
[phase] above    @done  bag_com=[ 0.18473648 -0.00729386  0.24968086]  finger_z=0.2868  tablet_z=+225.40mm  tilt=6.3deg  bag_bottom=0.2044
[phase] aboveset @done  bag_com=[ 0.18486364 -0.00713603  0.24950922]  finger_z=0.2868  tablet_z=+221.93mm  tilt=5.9deg  bag_bottom=0.2043
[ik] insert target=[ 0.21249766 -0.00527226  0.13300123]  웨이포인트 41개(카테시안 직선)  arm_q=[-5.4022390e-01  3.6158672e-01  1.4039828e+00  9.1942718e-05
  1.3756312e+00  4.1719437e+00]
    [insert k=   0] tablet_z=+221.68mm bag_com=[ 0.18480942 -0.00712433  0.24935131]
    [insert k=  40] tablet_z=+214.64mm bag_com=[ 0.1848539  -0.00695495  0.24796955]
    [insert k=  80] tablet_z=+201.46mm bag_com=[ 0.1849028  -0.00700629  0.2402892 ]
    [insert k= 120] tablet_z=+184.42mm bag_com=[ 0.18489729 -0.00729969  0.22390255]
    [insert k= 160] tablet_z=+160.78mm bag_com=[ 0.18489148 -0.0062655   0.19992138]
    [insert k= 200] tablet_z=+136.73mm bag_com=[ 0.18474258 -0.00674205  0.17196095]
    [insert k= 240] tablet_z=+109.82mm bag_com=[ 0.18493593 -0.00672442  0.14368199]
    [insert k= 280] tablet_z=+85.87mm bag_com=[ 0.18494204 -0.00715895  0.12008262]
    [insert k= 320] tablet_z=+67.15mm bag_com=[ 0.18496124 -0.0070315   0.10407319]
    [insert k= 360] tablet_z=+57.28mm bag_com=[ 0.18498349 -0.00679569  0.09664144]
[phase] insert   @done  bag_com=[ 0.18498863 -0.00691118  0.09541271]  finger_z=0.1328  tablet_z=+53.68mm  tilt=5.9deg  bag_bottom=0.0503
[phase] settle2  @done  bag_com=[ 0.1850145  -0.00697573  0.09538921]  finger_z=0.1328  tablet_z=+53.67mm  tilt=6.0deg  bag_bottom=0.0503
[trim] TRIM_ROUNDS=0 — 생략(기본값). settle2 시점 bag_bottom 오차 +0.7mm 를 그대로 결과로 쓴다.
[trim] 최종 finger_z=0.1330  (초기 0.1330, 하한 0.1030)

[phase] 9 clamp (4.3s) — Left_Wall +6.0mm 에서 **속도지령** 8.0mm/s 로 계속 닫음 (docs §11-5), lead 40.0mm = 정지 시 200N, 가드 -17.0mm
    [clamp t= 0.00s] wall=  +6.00mm v=  -0.34mm/s  본체면 잔여 +23.50mm  bag_com=[ 0.18501468 -0.00697626  0.09538896]
    [clamp t= 0.17s] wall=  +5.24mm v=  -6.68mm/s  본체면 잔여 +22.74mm  bag_com=[ 0.18501616 -0.00697493  0.0953865 ]
    [clamp t= 0.34s] wall=  +3.98mm v=  -7.77mm/s  본체면 잔여 +21.48mm  bag_com=[ 0.18502398 -0.00697423  0.09537753]
    [clamp t= 0.51s] wall=  +2.64mm v=  -7.96mm/s  본체면 잔여 +20.14mm  bag_com=[ 0.18503082 -0.00697325  0.09537002]
    [clamp t= 0.68s] wall=  +1.28mm v=  -7.99mm/s  본체면 잔여 +18.78mm  bag_com=[ 0.18503737 -0.00697247  0.09536263]
    [clamp t= 0.85s] wall=  -0.08mm v=  -8.00mm/s  본체면 잔여 +17.42mm  bag_com=[ 0.18505393 -0.00667745  0.09533288]
    [clamp t= 1.02s] wall=  -1.44mm v=  -8.01mm/s  본체면 잔여 +16.06mm  bag_com=[ 0.18508552 -0.00597965  0.09528511]
    [clamp t= 1.19s] wall=  -2.80mm v=  -8.00mm/s  본체면 잔여 +14.70mm  bag_com=[ 0.18512592 -0.00526063  0.09525021]
    [clamp t= 1.36s] wall=  -4.16mm v=  -8.00mm/s  본체면 잔여 +13.34mm  bag_com=[ 0.18518071 -0.00453473  0.09522579]
    [clamp t= 1.53s] wall=  -5.53mm v=  -8.03mm/s  본체면 잔여 +11.97mm  bag_com=[ 0.18522939 -0.0039554   0.09522075]
    [clamp t= 1.70s] wall=  -6.89mm v=  -8.04mm/s  본체면 잔여 +10.61mm  bag_com=[ 0.185266   -0.00349811  0.09523156]
    [clamp t= 1.87s] wall=  -8.26mm v=  -8.03mm/s  본체면 잔여  +9.24mm  bag_com=[ 0.18529737 -0.00306113  0.09525421]
    [clamp t= 2.04s] wall=  -9.76mm v= -16.37mm/s  본체면 잔여  +7.74mm  bag_com=[ 0.18533984 -0.0025532   0.09528922]
    [clamp t= 2.21s] wall=-282.06mm v=-813.79mm/s  본체면 잔여 -264.56mm  bag_com=[ 0.1860385  -0.014157    0.09603944]
    [clamp t= 2.38s] wall= -75.45mm v=+662.70mm/s  본체면 잔여 -57.95mm  bag_com=[ 0.185073   -0.00703993  0.09530656]
    [clamp t= 2.55s] wall= -24.53mm v=+107.82mm/s  본체면 잔여  -7.03mm  bag_com=[ 0.18518454 -0.00679474  0.09518371]
    [clamp t= 2.72s] wall= -16.90mm v= +11.90mm/s  본체면 잔여  +0.60mm  bag_com=[ 0.18580508 -0.01322     0.09586499]
    [clamp t= 2.89s] wall= -16.69mm v=  -3.15mm/s  본체면 잔여  +0.81mm  bag_com=[ 0.1858557  -0.01334236  0.09589442]
    [clamp t= 3.06s] wall= -16.93mm v=  -0.54mm/s  본체면 잔여  +0.57mm  bag_com=[ 0.18582055 -0.01317192  0.09586295]
    [clamp t= 3.23s] wall= -16.98mm v=  -0.09mm/s  본체면 잔여  +0.52mm  bag_com=[ 0.18581298 -0.01313314  0.09585395]
    [clamp t= 3.40s] wall= -16.98mm v=  -0.02mm/s  본체면 잔여  +0.52mm  bag_com=[ 0.18581699 -0.01312648  0.09584659]
    [clamp t= 3.57s] wall= -16.99mm v=  -0.00mm/s  본체면 잔여  +0.51mm  bag_com=[ 0.18582329 -0.01312518  0.09583922]
    [clamp t= 3.74s] wall= -16.99mm v=  -0.00mm/s  본체면 잔여  +0.51mm  bag_com=[ 0.1858298  -0.01312459  0.09583182]
    [clamp t= 3.91s] wall= -16.99mm v=  -0.00mm/s  본체면 잔여  +0.51mm  bag_com=[ 0.18583624 -0.01312426  0.09582435]
    [clamp t= 4.08s] wall= -16.99mm v=  -0.00mm/s  본체면 잔여  +0.51mm  bag_com=[ 0.1858428  -0.01312402  0.09581695]
    [clamp t= 4.25s] wall= -16.99mm v=  -0.00mm/s  본체면 잔여  +0.51mm  bag_com=[ 0.18584953 -0.01312389  0.0958095 ]
[phase] clamp    @done  wall=-16.99mm  (잔여: 플랜지면(비접촉) -4.49mm / 본체면 0.51mm)  bag_com=[ 0.18585151 -0.01312384  0.09580711]
[clamp] **하드스톱까지 내려감 — 봉투를 못 물었다**  (가드 -17.00mm, 최종 v=-0.00mm/s)
    [release k=   0] tablet_z=+54.55mm bag_com=[ 0.18585171 -0.01312384  0.09580693]
    [release k=  40] tablet_z=+52.04mm bag_com=[ 0.18822263 -0.01337059  0.09276401]
    [release k=  80] tablet_z=+27.15mm bag_com=[ 0.1986848  -0.01289614  0.06910381]
[phase] release  @done  bag_com=[ 0.19872047 -0.01248492  0.06910511]  finger_z=0.1345  tablet_z=+27.15mm  tilt=1.5deg  bag_bottom=0.0241

[RESULT] GRIP_OFFSET_MM=-28mm  Y_OFFSET_MM=+0.0mm  verdict=FAIL  (미도달(bag_bottom_z=0.0241 vs wall_center_z=0.0510, diff=26.9mm>15mm))
[RESULT] final_bottom_z=0.0241  wall_center_z=0.0510  오차=-26.9mm(+면 얕음/-면 깊음)
[RESULT] width_y=21.7mm(baseline 15.0mm)  height_z=90.0mm(baseline 90.7mm)
[SUMMARY] flange=OFF mode=velocity v=8.0mm/s F=200N kp=5000 hold=0 wall=-16.99mm body_gap=+0.51mm stalled=N drop=-26.7mm tilt=1.5deg width=21.7mm reach_err=-26.9mm verdict=FAIL

[saved] overview -> C:\Users\user\Desktop\Crusher_IsaacSim\Crusher_Genesis\Crusher_M0609_RG2_Tablet_Samplebag\RESULT\grip-28mm\full_workflow_grip-28mm_yoff+0.0mm_20260831_061112_overview.mp4
[saved] bagcam   -> C:\Users\user\Desktop\Crusher_IsaacSim\Crusher_Genesis\Crusher_M0609_RG2_Tablet_Samplebag\RESULT\grip-28mm\full_workflow_grip-28mm_yoff+0.0mm_20260831_061112_bagcam.mp4
[saved] sideview -> C:\Users\user\Desktop\Crusher_IsaacSim\Crusher_Genesis\Crusher_M0609_RG2_Tablet_Samplebag\RESULT\grip-28mm\full_workflow_grip-28mm_yoff+0.0mm_20260831_061112_sideview.mp4

[timing] build=12.1s  steps=395.2s (2892 steps, 136.6ms/step)  합계=407.3s
완료.
