[cfg] LEFTWALL_FLANGE_CONTACT=0 WALL_CLOSE_MMPS=8 WALL_FORCE_LIM_N=800 HOLD_THROUGH_CLAMP=0
============================================================
 Full workflow: tablet drop -> bag catch -> grasp -> lift -> Crusher slot insert (viewer=False)
============================================================
[mjcf] Left_Wall 형상 교체: 옛 geom 12개(시각 1 + hull 11) -> 본체 hull 5개 + 플랜지 1개 + 시각 1개. 플랜지 = **시각 전용(접촉 제외)**. 중립 간격 플랜지 12.50mm / 본체 17.50mm
[fem_ipc_workarounds] FEMEntity.set_vertex_constraints 패치 완료 (IPC 커플러 버그 우회)
[38;5;226m[Genesis] [06:18:19] [WARNING] At least one of the meshes contain many faces (15432). Consider setting 'morph.decimate=True' to speed up collision detection and improve numerical stability.[0m
[38;5;226m[Genesis] [06:18:19] [WARNING] At least one of the meshes contain many faces (15762). Consider setting 'morph.decimate=True' to speed up collision detection and improve numerical stability.[0m
[38;5;226m[Genesis] [06:18:19] [WARNING] Mesh is not watertight. Falling back to convex hull for estimating inertial properties.[0m
[38;5;226m[Genesis] [06:18:19] [WARNING] Mesh is not watertight. Falling back to convex hull for estimating inertial properties.[0m
[38;5;226m[Genesis] [06:18:19] [WARNING] At least one of the meshes contain many faces (12522). Consider setting 'morph.decimate=True' to speed up collision detection and improve numerical stability.[0m
[38;5;226m[Genesis] [06:18:19] [WARNING] Mesh is not watertight. Falling back to convex hull for estimating inertial properties.[0m
[38;5;226m[Genesis] [06:18:19] [WARNING] Mesh is not watertight. Falling back to convex hull for estimating inertial properties.[0m
[38;5;226m[Genesis] [06:18:19] [WARNING] Mesh is not watertight. Falling back to convex hull for estimating inertial properties.[0m
[38;5;226m[Genesis] [06:18:19] [WARNING] Mesh is not watertight. Falling back to convex hull for estimating inertial properties.[0m
[38;5;226m[Genesis] [06:18:19] [WARNING] Mesh is not watertight. Falling back to convex hull for estimating inertial properties.[0m
[38;5;226m[Genesis] [06:18:19] [WARNING] Mesh is not watertight. Falling back to convex hull for estimating inertial properties.[0m
[38;5;226m[Genesis] [06:18:19] [WARNING] Mesh is not watertight. Falling back to convex hull for estimating inertial properties.[0m
[38;5;226m[Genesis] [06:18:19] [WARNING] Mesh is not watertight. Falling back to convex hull for estimating inertial properties.[0m
[38;5;226m[Genesis] [06:18:19] [WARNING] Mesh is not watertight. Falling back to convex hull for estimating inertial properties.[0m
[38;5;226m[Genesis] [06:18:19] [WARNING] Mesh is not watertight. Falling back to convex hull for estimating inertial properties.[0m
[38;5;226m[Genesis] [06:18:19] [WARNING] Mesh is not watertight. Falling back to convex hull for estimating inertial properties.[0m
[38;5;226m[Genesis] [06:18:19] [WARNING] Mesh is not watertight. Falling back to convex hull for estimating inertial properties.[0m
[38;5;226m[Genesis] [06:18:19] [WARNING] Mesh is not watertight. Falling back to convex hull for estimating inertial properties.[0m
[38;5;226m[Genesis] [06:18:20] [WARNING] Mesh is not watertight. Falling back to convex hull for estimating inertial properties.[0m
[38;5;226m[Genesis] [06:18:20] [WARNING] Mesh is not watertight. Falling back to convex hull for estimating inertial properties.[0m
[38;5;226m[Genesis] [06:18:20] [WARNING] At least one of the meshes contain many faces (27466). Consider setting 'morph.decimate=True' to speed up collision detection and improve numerical stability.[0m
[38;5;226m[Genesis] [06:18:20] [WARNING] Mesh is not watertight. Falling back to convex hull for estimating inertial properties.[0m
[38;5;226m[Genesis] [06:18:20] [WARNING] Mesh is not watertight. Falling back to convex hull for estimating inertial properties.[0m
[38;5;226m[Genesis] [06:18:20] [WARNING] Mesh is not watertight. Falling back to convex hull for estimating inertial properties.[0m
[38;5;226m[Genesis] [06:18:20] [WARNING] Mesh is not watertight. Falling back to convex hull for estimating inertial properties.[0m
[38;5;226m[Genesis] [06:18:20] [WARNING] Mesh is not watertight. Falling back to convex hull for estimating inertial properties.[0m

[build] scene.build() 시작...
[38;5;226m[Genesis] [06:18:20] [WARNING] Link 'L4_Motor2_Shaft_1' has dubious center of mass [x=0.000, y=-0.037, z=0.015] compared to the bounding box from geometry [x=(-0.018, 0.018), y=(-0.018, 0.018), z=(-0.000, 0.077)].[0m
[38;5;226m[Genesis] [06:18:20] [WARNING] Link 'M_Bottom_1' has dubious center of mass [x=0.166, y=0.030, z=-0.073] compared to the bounding box from geometry [x=(0.106, 0.155), y=(-0.011, 0.071), z=(-0.078, -0.068)].[0m
[38;5;226m[Genesis] [06:18:20] [WARNING] Link 'M_Back_1' has dubious center of mass [x=0.003, y=0.021, z=0.011] compared to the bounding box from geometry [x=(-0.035, -0.030), y=(-0.033, 0.076), z=(-0.005, 0.028)].[0m
[38;5;226m[Genesis] [06:18:20] [WARNING] Link 'M_Left1_1' has dubious center of mass [x=-0.025, y=-0.002, z=-0.014] compared to the bounding box from geometry [x=(-0.088, -0.032), y=(-0.005, -0.000), z=(-0.038, 0.010)].[0m
[38;5;226m[Genesis] [06:18:20] [WARNING] Link 'M_Right1_1' has dubious center of mass [x=-0.025, y=0.003, z=-0.014] compared to the bounding box from geometry [x=(-0.087, -0.033), y=(0.000, 0.005), z=(-0.038, 0.010)].[0m
[38;5;226m[Genesis] [06:18:20] [WARNING] Link 'M_Top_1' has dubious center of mass [x=-0.024, y=0.028, z=0.005] compared to the bounding box from geometry [x=(-0.088, -0.032), y=(-0.031, 0.088), z=(-0.000, 0.010)].[0m
[38;5;226m[Genesis] [06:18:20] [WARNING] Link 'M_LeftLink_1' has dubious center of mass [x=-0.002, y=0.005, z=0.046] compared to the bounding box from geometry [x=(-0.040, -0.035), y=(-0.005, 0.015), z=(-0.005, 0.095)].[0m
[38;5;226m[Genesis] [06:18:20] [WARNING] Link 'M_RightLink_1' has dubious center of mass [x=-0.002, y=-0.005, z=0.046] compared to the bounding box from geometry [x=(-0.040, -0.035), y=(-0.015, 0.005), z=(-0.005, 0.095)].[0m
[38;5;226m[Genesis] [06:18:20] [WARNING] Link 'M_LeftLink2_copy_1' has dubious center of mass [x=-0.005, y=-0.005, z=0.021] compared to the bounding box from geometry [x=(-0.044, -0.032), y=(-0.015, 0.005), z=(-0.000, 0.045)].[0m
[38;5;226m[Genesis] [06:18:20] [WARNING] Link 'link_2' has dubious center of mass [x=0.000, y=0.000, z=0.000] compared to the bounding box from geometry [x=(-0.068, 0.479), y=(-0.069, 0.069), z=(0.082, 0.274)].[0m
[38;5;226m[Genesis] [06:18:21] [WARNING] Constraint solver time constant should be greater than 2*substep_dt. timeconst is changed from `0.0002` to `0.01`). Decrease simulation timestep or increase timeconst to avoid altering the original value.[0m
[38;5;226m[Genesis] [06:18:22] [WARNING] Filtered out geometry pairs causing self-collision for the neutral configuration (qpos0): (90, 113), (103, 105). Consider tuning Morph option 'decompose_robot_error_threshold' or specify dedicated collision meshes. This behavior can be disabled by setting Morph option 'enable_neutral_collision=True'.[0m
C:\Users\user\AppData\Local\Programs\Python\Python311\Lib\site-packages\quadrants\_test_tools\warnings_helper.py:11: UserWarning: cannot create weak reference to 'tuple' object. Template mapper caching disabled.
  warnings.warn(message)
[verify] L2_Left_Wall1_1 충돌 geom 5개 / 시각 geom 3개  (플랜지 접촉=OFF, 기대 충돌 5개)
[build] 성공 (12.8s)
[bag] shape 고정: 714/714 정점(바닥+양측면), 입구는 자유
[slot] 간격축 = world Y (겹침 -12.5mm), 슬롯 길이축 = world X (겹침 +65.0mm)
[slot] gap_cx=0.2125 gap_cy=-0.0053 gap_width=12.5mm wall_top_z=0.0870
[slot] pocket(L1_Wall1_1) center=(0.1745,0.0330)
[ctrl] Left_Wall force clip: ±800 N (Motor2 ctrlrange, docs/Crusher.md §5) — 벽은 이 힘에서 균형지는 위치에 멈춘다
[bag] grip_strip verts near FINGER_MID: 76

[phase] 0 prep (1.0s) — 크랭크 0->-3.142rad(-180deg), Left_Wall 0->+6mm(개방)
[phase] prep     @done  crank=-3.000rad  wall=+5.43mm
    [drop k=   0] tablet_z=+429.33mm bag_com=[0.00646321 0.2561791  0.39925352]
    [drop k=  40] tablet_z=+428.16mm bag_com=[0.00646321 0.2561791  0.39925352]
    [drop k=  80] tablet_z=+418.60mm bag_com=[0.00646321 0.2561791  0.39925352]
    [drop k= 120] tablet_z=+400.71mm bag_com=[0.00646321 0.2561791  0.39925352]
[phase] drop     @done  bag_com=[0.00646321 0.2561791  0.39925352]  finger_z=0.4378  tablet_z=+394.76mm  tilt=0.8deg  bag_bottom=0.3543
[phase] settle   @done  bag_com=[0.00646321 0.2561791  0.39925352]  finger_z=0.4378  tablet_z=+361.69mm  tilt=0.8deg  bag_bottom=0.3543
[bag] shape 고정 해제 — 이제부터 순수 마찰 파지
[phase] close    @done  bag_com=[0.00641883 0.25570157 0.39880076]  finger_z=0.4360  tablet_z=+359.78mm  tilt=0.7deg  bag_bottom=0.3538
[phase] grasp    @done  bag_com=[0.00638631 0.2557711  0.39880502]  finger_z=0.4361  tablet_z=+357.43mm  tilt=0.7deg  bag_bottom=0.3538
[phase] lift     @done  bag_com=[0.00560255 0.25872773 0.52435434]  finger_z=0.5620  tablet_z=+482.87mm  tilt=1.1deg  bag_bottom=0.4791
[phase] hold     @done  bag_com=[0.00556091 0.2586259  0.5243367 ]  finger_z=0.5620  tablet_z=+482.84mm  tilt=1.2deg  bag_bottom=0.4790
[slot] wall_center_z=0.0510  insert_z(finger)=0.1330  hang=82mm
[slot] 봉투중심 보정 dy=+0.0mm -> finger_y=-0.0053 (봉투중심 y=-0.0053 = gap_cy -0.0053)
[sweep] Y_OFFSET_MM=+0.0mm -> target_xy=[ 0.21249766 -0.00527226]  (gap_cy=-0.0053)
[cam] side view 고정: pos=(np.float64(0.21249766187667846), np.float64(-0.5552722595214844), np.float64(0.169001227684021)) look=(np.float64(0.21249766187667846), np.float64(-0.005272259521484357), np.float64(0.169001227684021)) (gap_width=12.5mm, z범위 above=0.2870~insert=0.1330)

[ik] above-slot target=[ 0.21249766 -0.00527226  0.28700123]  arm_q=[-5.4023635e-01  3.6851901e-01  9.7266227e-01 -5.9034210e-06
  1.8000274e+00  4.1719279e+00]
    [above k=   0] tablet_z=+482.84mm bag_com=[0.00556087 0.25862488 0.52433634]
    [above k=  40] tablet_z=+481.54mm bag_com=[0.00929041 0.25761577 0.52295095]
    [above k=  80] tablet_z=+473.19mm bag_com=[0.02957167 0.2469861  0.5146504 ]
    [above k= 120] tablet_z=+454.45mm bag_com=[0.06784268 0.22051987 0.49484932]
    [above k= 160] tablet_z=+422.07mm bag_com=[0.11026113 0.17594932 0.4605377 ]
    [above k= 200] tablet_z=+376.40mm bag_com=[0.14862266 0.12437267 0.41237047]
    [above k= 240] tablet_z=+321.49mm bag_com=[0.16855367 0.0752343  0.3571456 ]
    [above k= 280] tablet_z=+270.94mm bag_com=[0.17974126 0.03541662 0.30620217]
    [above k= 320] tablet_z=+236.24mm bag_com=[0.1837383  0.00915125 0.26986137]
    [above k= 360] tablet_z=+219.33mm bag_com=[ 0.18475819 -0.00700406  0.2527565 ]
[phase] above    @done  bag_com=[ 0.184731   -0.00672275  0.24964438]  finger_z=0.2868  tablet_z=+216.08mm  tilt=5.8deg  bag_bottom=0.2043
[phase] aboveset @done  bag_com=[ 0.1848622  -0.0069527   0.24949856]  finger_z=0.2868  tablet_z=+211.13mm  tilt=5.8deg  bag_bottom=0.2043
[ik] insert target=[ 0.21249766 -0.00527226  0.13300123]  웨이포인트 41개(카테시안 직선)  arm_q=[-5.4022366e-01  3.6158648e-01  1.4039829e+00  9.1301990e-05
  1.3756310e+00  4.1719441e+00]
    [insert k=   0] tablet_z=+210.94mm bag_com=[ 0.1848078  -0.00695117  0.24933943]
    [insert k=  40] tablet_z=+208.24mm bag_com=[ 0.18485284 -0.00701566  0.2479724 ]
    [insert k=  80] tablet_z=+198.90mm bag_com=[ 0.18490176 -0.00709089  0.24029456]
    [insert k= 120] tablet_z=+182.47mm bag_com=[ 0.18490085 -0.00739532  0.22390024]
    [insert k= 160] tablet_z=+158.40mm bag_com=[ 0.18489783 -0.00713964  0.1999596 ]
    [insert k= 200] tablet_z=+130.73mm bag_com=[ 0.18490757 -0.00660954  0.17175901]
    [insert k= 240] tablet_z=+103.24mm bag_com=[ 0.18491067 -0.00641199  0.14369632]
    [insert k= 280] tablet_z=+80.13mm bag_com=[ 0.18495075 -0.00727388  0.12008121]
    [insert k= 320] tablet_z=+63.97mm bag_com=[ 0.18496212 -0.00668806  0.10405367]
    [insert k= 360] tablet_z=+55.64mm bag_com=[ 0.18498231 -0.00723869  0.09666793]
[phase] insert   @done  bag_com=[ 0.18499097 -0.00672545  0.09540173]  finger_z=0.1328  tablet_z=+54.14mm  tilt=5.8deg  bag_bottom=0.0503
[phase] settle2  @done  bag_com=[ 0.18501636 -0.00695758  0.09538709]  finger_z=0.1328  tablet_z=+54.13mm  tilt=6.0deg  bag_bottom=0.0503
[trim] TRIM_ROUNDS=0 — 생략(기본값). settle2 시점 bag_bottom 오차 +0.7mm 를 그대로 결과로 쓴다.
[trim] 최종 finger_z=0.1330  (초기 0.1330, 하한 0.1030)

[phase] 9 clamp (4.3s) — Left_Wall +6.0mm 에서 **속도지령** 8.0mm/s 로 계속 닫음 (docs §11-5), lead 160.0mm = 정지 시 800N, 가드 -17.0mm
    [clamp t= 0.00s] wall=  +6.00mm v=  -0.34mm/s  본체면 잔여 +23.50mm  bag_com=[ 0.18501657 -0.00696164  0.09538703]
    [clamp t= 0.17s] wall=  +5.24mm v=  -6.68mm/s  본체면 잔여 +22.74mm  bag_com=[ 0.18501814 -0.00699021  0.09538616]
    [clamp t= 0.34s] wall=  +3.98mm v=  -7.77mm/s  본체면 잔여 +21.48mm  bag_com=[ 0.18502463 -0.00698814  0.09537846]
    [clamp t= 0.51s] wall=  +2.64mm v=  -7.96mm/s  본체면 잔여 +20.14mm  bag_com=[ 0.18503197 -0.00698651  0.09537056]
    [clamp t= 0.68s] wall=  +1.28mm v=  -7.99mm/s  본체면 잔여 +18.78mm  bag_com=[ 0.18503894 -0.006985    0.09536292]
    [clamp t= 0.85s] wall=  -0.08mm v=  -8.00mm/s  본체면 잔여 +17.42mm  bag_com=[ 0.18505812 -0.00668424  0.09533029]
    [clamp t= 1.02s] wall=  -1.44mm v=  -8.00mm/s  본체면 잔여 +16.06mm  bag_com=[ 0.18509014 -0.00598441  0.09528174]
    [clamp t= 1.19s] wall=  -2.80mm v=  -8.00mm/s  본체면 잔여 +14.70mm  bag_com=[ 0.1851313  -0.0052608   0.09524649]
    [clamp t= 1.36s] wall=  -4.16mm v=  -8.00mm/s  본체면 잔여 +13.34mm  bag_com=[ 0.18518661 -0.00453277  0.09522173]
    [clamp t= 1.53s] wall=  -5.53mm v=  -8.03mm/s  본체면 잔여 +11.97mm  bag_com=[ 0.1852359  -0.00395284  0.09521636]
    [clamp t= 1.70s] wall=  -6.89mm v=  -8.04mm/s  본체면 잔여 +10.61mm  bag_com=[ 0.18527265 -0.00350067  0.09522658]
    [clamp t= 1.87s] wall=  -8.26mm v=  -8.02mm/s  본체면 잔여  +9.24mm  bag_com=[ 0.1853044  -0.00306707  0.0952489 ]
    [clamp t= 2.04s] wall=  -9.76mm v= -16.48mm/s  본체면 잔여  +7.74mm  bag_com=[ 0.18534397 -0.00258819  0.09528477]
    [clamp t= 2.21s] wall=-1160.44mm v=-5814.96mm/s  본체면 잔여 -1142.94mm  bag_com=[ 0.19034144 -0.02195001  0.09449146]
    [clamp t= 2.38s] wall=-321.56mm v=+3277.43mm/s  본체면 잔여 -304.06mm  bag_com=[ 0.18793494 -0.0042932   0.09022205]
    [clamp t= 2.55s] wall= -66.89mm v=+557.36mm/s  본체면 잔여 -49.39mm  bag_com=[ 0.18799508 -0.00934201  0.09050391]
    [clamp t= 2.72s] wall= -24.20mm v= +89.36mm/s  본체면 잔여  -6.70mm  bag_com=[ 0.18801051 -0.00921589  0.09049043]
    [clamp t= 2.89s] wall= -17.95mm v= +10.23mm/s  본체면 잔여  -0.45mm  bag_com=[ 0.18854202 -0.01320387  0.09097113]
    [clamp t= 3.06s] wall= -17.15mm v=  +1.76mm/s  본체면 잔여  +0.35mm  bag_com=[ 0.18864216 -0.01345348  0.09100971]
    [clamp t= 3.23s] wall= -17.01mm v=  +0.30mm/s  본체면 잔여  +0.49mm  bag_com=[ 0.18870172 -0.01346578  0.09098385]
    [clamp t= 3.40s] wall= -16.99mm v=  +0.05mm/s  본체면 잔여  +0.51mm  bag_com=[ 0.18874188 -0.01345499  0.09095693]
    [clamp t= 3.57s] wall= -16.99mm v=  +0.01mm/s  본체면 잔여  +0.51mm  bag_com=[ 0.18877146 -0.01344614  0.09093436]
    [clamp t= 3.74s] wall= -16.99mm v=  +0.00mm/s  본체면 잔여  +0.51mm  bag_com=[ 0.18879467 -0.01343279  0.090914  ]
    [clamp t= 3.91s] wall= -16.99mm v=  +0.00mm/s  본체면 잔여  +0.51mm  bag_com=[ 0.18881288 -0.01342182  0.09089655]
    [clamp t= 4.08s] wall= -16.99mm v=  +0.00mm/s  본체면 잔여  +0.51mm  bag_com=[ 0.18882544 -0.01341653  0.09088332]
    [clamp t= 4.25s] wall= -16.99mm v=  +0.00mm/s  본체면 잔여  +0.51mm  bag_com=[ 0.18883622 -0.01340694  0.09086961]
[phase] clamp    @done  wall=-16.99mm  (잔여: 플랜지면(비접촉) -4.49mm / 본체면 0.51mm)  bag_com=[ 0.18883966 -0.01340485  0.09086537]
[clamp] **하드스톱까지 내려감 — 봉투를 못 물었다**  (가드 -17.00mm, 최종 v=+0.00mm/s)
    [release k=   0] tablet_z=+51.82mm bag_com=[ 0.18884003 -0.01340477  0.09086496]
    [release k=  40] tablet_z=+49.46mm bag_com=[ 0.19029944 -0.01382676  0.08814687]
    [release k=  80] tablet_z=+31.15mm bag_com=[ 0.19805174 -0.01257839  0.07130222]
[phase] release  @done  bag_com=[ 0.20272478 -0.01163008  0.06910235]  finger_z=0.1345  tablet_z=+27.50mm  tilt=1.6deg  bag_bottom=0.0241

[RESULT] GRIP_OFFSET_MM=-28mm  Y_OFFSET_MM=+0.0mm  verdict=FAIL  (미도달(bag_bottom_z=0.0241 vs wall_center_z=0.0510, diff=26.9mm>15mm))
[RESULT] final_bottom_z=0.0241  wall_center_z=0.0510  오차=-26.9mm(+면 얕음/-면 깊음)
[RESULT] width_y=22.6mm(baseline 15.0mm)  height_z=90.1mm(baseline 90.7mm)
[SUMMARY] flange=OFF mode=velocity v=8.0mm/s F=800N kp=5000 hold=0 wall=-16.99mm body_gap=+0.51mm stalled=N drop=-20.3mm tilt=1.6deg width=22.6mm reach_err=-26.9mm verdict=FAIL

[saved] overview -> C:\Users\user\Desktop\Crusher_IsaacSim\Crusher_Genesis\Crusher_M0609_RG2_Tablet_Samplebag\RESULT\grip-28mm\full_workflow_grip-28mm_yoff+0.0mm_20260831_061811_overview.mp4
[saved] bagcam   -> C:\Users\user\Desktop\Crusher_IsaacSim\Crusher_Genesis\Crusher_M0609_RG2_Tablet_Samplebag\RESULT\grip-28mm\full_workflow_grip-28mm_yoff+0.0mm_20260831_061811_bagcam.mp4
[saved] sideview -> C:\Users\user\Desktop\Crusher_IsaacSim\Crusher_Genesis\Crusher_M0609_RG2_Tablet_Samplebag\RESULT\grip-28mm\full_workflow_grip-28mm_yoff+0.0mm_20260831_061811_sideview.mp4

[timing] build=12.8s  steps=432.0s (2892 steps, 149.4ms/step)  합계=444.8s
완료.
