============================================================
 Full workflow: tablet drop -> bag catch -> grasp -> lift -> Crusher slot insert (viewer=False)
============================================================
[mjcf] Left_Wall 반사 관성 armature=10.0kg (링크 질량 0.312kg + 랙/피니언/감속기/로터). 100N -> 9.7 m/s^2, kv 안정 한계 4125
[mjcf] Left_Wall 형상 교체: 옛 geom 12개(시각 1 + hull 11) -> 본체 hull 5개 + 플랜지 1개 + 시각 1개. 플랜지 = **시각 전용(접촉 제외)**. 중립 간격 플랜지 12.50mm / 본체 17.50mm
[fem_ipc_workarounds] FEMEntity.set_vertex_constraints 패치 완료 (IPC 커플러 버그 우회)
[mjcf] 회수장치 턱 충돌메시 6개를 볼록껍질로 교체 (non-watertight -> IPC 투입 가능)
[38;5;226m[Genesis] [20:02:11] [WARNING] At least one of the meshes contain many faces (15432). Consider setting 'morph.decimate=True' to speed up collision detection and improve numerical stability.[0m
[38;5;226m[Genesis] [20:02:11] [WARNING] At least one of the meshes contain many faces (15762). Consider setting 'morph.decimate=True' to speed up collision detection and improve numerical stability.[0m
[38;5;226m[Genesis] [20:02:11] [WARNING] Mesh is not watertight. Falling back to convex hull for estimating inertial properties.[0m
[38;5;226m[Genesis] [20:02:11] [WARNING] Mesh is not watertight. Falling back to convex hull for estimating inertial properties.[0m
[38;5;226m[Genesis] [20:02:12] [WARNING] At least one of the meshes contain many faces (12522). Consider setting 'morph.decimate=True' to speed up collision detection and improve numerical stability.[0m
[38;5;226m[Genesis] [20:02:12] [WARNING] Mesh is not watertight. Falling back to convex hull for estimating inertial properties.[0m
[38;5;226m[Genesis] [20:02:12] [WARNING] Mesh is not watertight. Falling back to convex hull for estimating inertial properties.[0m
[38;5;226m[Genesis] [20:02:12] [WARNING] Mesh is not watertight. Falling back to convex hull for estimating inertial properties.[0m
[38;5;226m[Genesis] [20:02:12] [WARNING] Mesh is not watertight. Falling back to convex hull for estimating inertial properties.[0m
[38;5;226m[Genesis] [20:02:12] [WARNING] Mesh is not watertight. Falling back to convex hull for estimating inertial properties.[0m
[38;5;226m[Genesis] [20:02:12] [WARNING] Mesh is not watertight. Falling back to convex hull for estimating inertial properties.[0m
[38;5;226m[Genesis] [20:02:12] [WARNING] Mesh is not watertight. Falling back to convex hull for estimating inertial properties.[0m
[38;5;226m[Genesis] [20:02:12] [WARNING] Mesh is not watertight. Falling back to convex hull for estimating inertial properties.[0m
[38;5;226m[Genesis] [20:02:12] [WARNING] Mesh is not watertight. Falling back to convex hull for estimating inertial properties.[0m
[38;5;226m[Genesis] [20:02:12] [WARNING] Mesh is not watertight. Falling back to convex hull for estimating inertial properties.[0m
[38;5;226m[Genesis] [20:02:12] [WARNING] Mesh is not watertight. Falling back to convex hull for estimating inertial properties.[0m
[38;5;226m[Genesis] [20:02:12] [WARNING] Mesh is not watertight. Falling back to convex hull for estimating inertial properties.[0m
[38;5;226m[Genesis] [20:02:12] [WARNING] Mesh is not watertight. Falling back to convex hull for estimating inertial properties.[0m
[38;5;226m[Genesis] [20:02:12] [WARNING] Mesh is not watertight. Falling back to convex hull for estimating inertial properties.[0m
[38;5;226m[Genesis] [20:02:12] [WARNING] Mesh is not watertight. Falling back to convex hull for estimating inertial properties.[0m
[38;5;226m[Genesis] [20:02:12] [WARNING] At least one of the meshes contain many faces (27466). Consider setting 'morph.decimate=True' to speed up collision detection and improve numerical stability.[0m
[38;5;226m[Genesis] [20:02:12] [WARNING] Mesh is not watertight. Falling back to convex hull for estimating inertial properties.[0m
[38;5;226m[Genesis] [20:02:12] [WARNING] Mesh is not watertight. Falling back to convex hull for estimating inertial properties.[0m
[38;5;226m[Genesis] [20:02:12] [WARNING] Mesh is not watertight. Falling back to convex hull for estimating inertial properties.[0m
[38;5;226m[Genesis] [20:02:12] [WARNING] Mesh is not watertight. Falling back to convex hull for estimating inertial properties.[0m
[38;5;226m[Genesis] [20:02:12] [WARNING] Mesh is not watertight. Falling back to convex hull for estimating inertial properties.[0m

[build] scene.build() 시작...
[38;5;226m[Genesis] [20:02:12] [WARNING] Link 'L4_Motor2_Shaft_1' has dubious center of mass [x=0.000, y=-0.037, z=0.015] compared to the bounding box from geometry [x=(-0.018, 0.018), y=(-0.018, 0.018), z=(-0.000, 0.077)].[0m
[38;5;226m[Genesis] [20:02:12] [WARNING] Link 'M_Bottom_1' has dubious center of mass [x=0.166, y=0.030, z=-0.073] compared to the bounding box from geometry [x=(0.106, 0.155), y=(-0.011, 0.071), z=(-0.078, -0.068)].[0m
[38;5;226m[Genesis] [20:02:12] [WARNING] Link 'M_Back_1' has dubious center of mass [x=0.003, y=0.021, z=0.011] compared to the bounding box from geometry [x=(-0.035, -0.030), y=(-0.033, 0.076), z=(-0.005, 0.028)].[0m
[38;5;226m[Genesis] [20:02:12] [WARNING] Link 'M_Left1_1' has dubious center of mass [x=-0.025, y=-0.002, z=-0.014] compared to the bounding box from geometry [x=(-0.088, -0.032), y=(-0.005, -0.000), z=(-0.038, 0.010)].[0m
[38;5;226m[Genesis] [20:02:12] [WARNING] Link 'M_Right1_1' has dubious center of mass [x=-0.025, y=0.003, z=-0.014] compared to the bounding box from geometry [x=(-0.087, -0.033), y=(0.000, 0.005), z=(-0.038, 0.010)].[0m
[38;5;226m[Genesis] [20:02:12] [WARNING] Link 'M_Top_1' has dubious center of mass [x=-0.024, y=0.028, z=0.005] compared to the bounding box from geometry [x=(-0.088, -0.032), y=(-0.031, 0.088), z=(-0.000, 0.010)].[0m
[38;5;226m[Genesis] [20:02:12] [WARNING] Link 'M_LeftLink_1' has dubious center of mass [x=-0.002, y=0.005, z=0.046] compared to the bounding box from geometry [x=(-0.040, -0.035), y=(-0.005, 0.015), z=(-0.005, 0.095)].[0m
[38;5;226m[Genesis] [20:02:12] [WARNING] Link 'M_RightLink_1' has dubious center of mass [x=-0.002, y=-0.005, z=0.046] compared to the bounding box from geometry [x=(-0.040, -0.035), y=(-0.015, 0.005), z=(-0.005, 0.095)].[0m
[38;5;226m[Genesis] [20:02:12] [WARNING] Link 'M_LeftLink2_copy_1' has dubious center of mass [x=-0.005, y=-0.005, z=0.021] compared to the bounding box from geometry [x=(-0.044, -0.032), y=(-0.015, 0.005), z=(-0.000, 0.045)].[0m
[38;5;226m[Genesis] [20:02:13] [WARNING] Link 'link_2' has dubious center of mass [x=0.000, y=0.000, z=0.000] compared to the bounding box from geometry [x=(-0.068, 0.479), y=(-0.069, 0.069), z=(0.082, 0.274)].[0m
[38;5;226m[Genesis] [20:02:13] [WARNING] Constraint solver time constant should be greater than 2*substep_dt. timeconst is changed from `0.0002` to `0.01`). Decrease simulation timestep or increase timeconst to avoid altering the original value.[0m
[38;5;226m[Genesis] [20:02:14] [WARNING] Filtered out geometry pairs causing self-collision for the neutral configuration (qpos0): (90, 113), (103, 105). Consider tuning Morph option 'decompose_robot_error_threshold' or specify dedicated collision meshes. This behavior can be disabled by setting Morph option 'enable_neutral_collision=True'.[0m
C:\Users\simuser\miniconda3\envs\crusher_genesis\Lib\site-packages\quadrants\_test_tools\warnings_helper.py:11: UserWarning: cannot create weak reference to 'tuple' object. Template mapper caching disabled.
  warnings.warn(message)
[verify] L2_Left_Wall1_1 충돌 geom 5개 / 시각 geom 3개  (플랜지 접촉=OFF, 기대 충돌 5개)
[build] 성공 (9.4s)
[bag] shape 고정: 714/714 정점(바닥+양측면), 입구는 자유
[slot] 간격축 = world Y (겹침 -12.5mm), 슬롯 길이축 = world X (겹침 +65.0mm)
[slot] gap_cx=0.2125 gap_cy=-0.0053 gap_width=12.5mm wall_top_z=0.0870
[slot] pocket(L1_Wall1_1) center=(0.1745,0.0330)
[recover] 샤프트 '회전_31' dof=1 (q=0 닫힘 / q=pi 열림, 라쳇 때문에 닫을 땐 pi->2pi)
[ctrl] Left_Wall armature=10.0kg (런타임 API) — 유효 질량 10.31kg, 100N -> 9.7 m/s^2, kv 안정 한계 4125 (현재 500)
[ctrl] Left_Wall force clip: ±100 N (Motor2 ctrlrange, docs/Crusher.md §5) — 벽은 이 힘에서 균형지는 위치에 멈춘다
[bag] grip_strip verts near FINGER_MID: 76
[38;5;226m[Genesis] [20:02:22] [WARNING] fps=30 is not reachable with dt=0.005. Recording at fps=28.57142857142857 instead.[0m
[38;5;226m[Genesis] [20:02:22] [WARNING] fps=30 is not reachable with dt=0.005. Recording at fps=28.57142857142857 instead.[0m
[38;5;226m[Genesis] [20:02:22] [WARNING] fps=30 is not reachable with dt=0.005. Recording at fps=28.57142857142857 instead.[0m

[phase] 0 prep (1.0s) — 크랭크 0->-3.142rad(-180deg), Left_Wall 0->+6mm(개방)
[phase] prep     @done  crank=-3.000rad  wall=+5.43mm
    [drop k=   0] tablet_z=+436.61mm bag_com=[0.00646321 0.2561791  0.39925352]
    [drop k=  40] tablet_z=+436.61mm bag_com=[0.00646321 0.2561791  0.39925352]
    [drop k=  80] tablet_z=+436.61mm bag_com=[0.00646321 0.2561791  0.39925352]
    [drop k= 120] tablet_z=+435.20mm bag_com=[0.00646321 0.2561791  0.39925352]
[phase] drop     @done  bag_com=[0.00646321 0.2561791  0.39925352]  finger_z=0.4378  tablet_z=+435.19mm  tilt=0.8deg  bag_bottom=0.3543
[phase] settle   @done  bag_com=[0.00646321 0.2561791  0.39925352]  finger_z=0.4378  tablet_z=+435.16mm  tilt=0.8deg  bag_bottom=0.3543
[bag] shape 고정 해제 — 이제부터 순수 마찰 파지
[phase] close    @done  bag_com=[0.00640032 0.25591204 0.39880154]  finger_z=0.4360  tablet_z=+431.78mm  tilt=0.6deg  bag_bottom=0.3538
[phase] grasp    @done  bag_com=[0.00636017 0.25600365 0.398804  ]  finger_z=0.4361  tablet_z=+431.52mm  tilt=0.7deg  bag_bottom=0.3538
[phase] lift     @done  bag_com=[0.00555972 0.25828028 0.5242689 ]  finger_z=0.5620  tablet_z=+554.63mm  tilt=1.1deg  bag_bottom=0.4788
[phase] hold     @done  bag_com=[0.00556471 0.25815687 0.5242808 ]  finger_z=0.5620  tablet_z=+554.54mm  tilt=0.9deg  bag_bottom=0.4789
[slot] wall_center_z=0.0510  insert_z(finger)=0.1330  hang=82mm
[slot] 봉투중심 보정 dy=+0.0mm -> finger_y=-0.0053 (봉투중심 y=-0.0053 = gap_cy -0.0053)
[slot] 봉투중심 보정 dx=-28.0mm -> finger_x=0.2405 (봉투중심 x=0.2125 = gap_cx 0.2125) — 실링이 측벽에 물린다
[sweep] Y_OFFSET_MM=+0.0mm -> target_xy=[ 0.24049766 -0.00527226]  (gap_cy=-0.0053)
[cam] side view 고정: pos=(np.float64(0.21249766187667846), np.float64(-0.5552722595214844), np.float64(0.169001227684021)) look=(np.float64(0.21249766187667846), np.float64(-0.005272259521484357), np.float64(0.169001227684021)) (gap_width=12.5mm, z범위 above=0.2870~insert=0.1330)

[ik] above-slot target=[ 0.24049766 -0.00527226  0.28700123]  arm_q=[-5.13085246e-01  4.40762818e-01  8.67708981e-01 -1.06347725e-05
  1.83274126e+00  4.19907665e+00]
    [above k=   0] tablet_z=+554.54mm bag_com=[0.00556472 0.25815684 0.5242808 ]
    [above k=  40] tablet_z=+552.96mm bag_com=[0.00936805 0.25633478 0.5228181 ]
    [above k=  80] tablet_z=+544.83mm bag_com=[0.03017318 0.24509937 0.514548  ]
    [above k= 120] tablet_z=+525.38mm bag_com=[0.06834415 0.21677683 0.49516857]
    [above k= 160] tablet_z=+491.24mm bag_com=[0.11071769 0.1755598  0.46122414]
    [above k= 200] tablet_z=+443.11mm bag_com=[0.16577603 0.12713762 0.41370553]
    [above k= 240] tablet_z=+387.83mm bag_com=[0.18683748 0.07653577 0.3580816 ]
    [above k= 280] tablet_z=+336.43mm bag_com=[0.20345749 0.03371336 0.3071362 ]
    [above k= 320] tablet_z=+300.15mm bag_com=[0.20987998 0.00770977 0.27020493]
    [above k= 360] tablet_z=+283.52mm bag_com=[ 0.21222717 -0.00204791  0.25267693]
[phase] above    @done  bag_com=[ 0.21273357 -0.00865404  0.24975334]  finger_z=0.2868  tablet_z=+279.14mm  tilt=7.2deg  bag_bottom=0.2044
[phase] aboveset @done  bag_com=[ 0.21280546 -0.00707829  0.24948412]  finger_z=0.2868  tablet_z=+262.38mm  tilt=5.9deg  bag_bottom=0.2043
[ik] insert target=[ 0.24049766 -0.00527226  0.13300123]  웨이포인트 41개(카테시안 직선)  arm_q=[-5.1308089e-01  4.2123142e-01  1.3185025e+00  9.5464588e-05
  1.4014814e+00  4.1990881e+00]
    [insert k=   0] tablet_z=+262.34mm bag_com=[ 0.21275811 -0.00704921  0.24933077]
    [insert k=  40] tablet_z=+260.07mm bag_com=[ 0.21272358 -0.00668048  0.24802193]
    [insert k=  80] tablet_z=+252.86mm bag_com=[ 0.21274723 -0.00507715  0.2403655 ]
    [insert k= 120] tablet_z=+241.33mm bag_com=[ 0.21277002 -0.00315421  0.22416796]
    [insert k= 160] tablet_z=+218.70mm bag_com=[ 0.21296702 -0.00154883  0.20037478]
    [insert k= 200] tablet_z=+190.48mm bag_com=[ 0.21281001 -0.00180465  0.17233719]
    [insert k= 240] tablet_z=+164.58mm bag_com=[0.21384008 0.00240785 0.14466192]
    [insert k= 280] tablet_z=+142.21mm bag_com=[0.21446455 0.00145988 0.1234117 ]
    [insert k= 320] tablet_z=+127.48mm bag_com=[0.2138159  0.00253291 0.10875931]
    [insert k= 360] tablet_z=+116.54mm bag_com=[ 0.2126099  -0.00283885  0.09725169]
[phase] insert   @done  bag_com=[ 0.21274601 -0.00822631  0.09569705]  finger_z=0.1328  tablet_z=+106.61mm  tilt=6.9deg  bag_bottom=0.0505
[phase] settle2  @done  bag_com=[ 0.21275112 -0.00668302  0.0955657 ]  finger_z=0.1328  tablet_z=+91.88mm  tilt=5.7deg  bag_bottom=0.0504
[trim] TRIM_ROUNDS=0 — 생략(기본값). settle2 시점 bag_bottom 오차 +0.6mm 를 그대로 결과로 쓴다.
[trim] 최종 finger_z=0.1330  (초기 0.1330, 하한 0.1030)

[phase] 9 clamp (4.3s) — Left_Wall +6.0mm 에서 **속도지령** 8.0mm/s 로 계속 닫음 (docs §11-5), lead 20.0mm = 정지 시 100N, 가드 -17.0mm
    [clamp t= 0.00s] wall=  +5.96mm v=  +0.08mm/s  본체면 잔여 +23.46mm  bag_com=[ 0.21275109 -0.00668299  0.09556568]
    [clamp t= 0.17s] wall=  +4.61mm v=  +2.73mm/s  본체면 잔여 +22.11mm  bag_com=[ 0.2127679  -0.00670393  0.0955479 ]
    [clamp t= 0.34s] wall=  +3.27mm v=  +5.39mm/s  본체면 잔여 +20.77mm  bag_com=[ 0.21278092 -0.00671026  0.09553409]
    [clamp t= 0.51s] wall=  +1.92mm v=  +8.04mm/s  본체면 잔여 +19.42mm  bag_com=[ 0.2127808  -0.00670896  0.09553327]
    [clamp t= 0.68s] wall=  +0.57mm v= +10.70mm/s  본체면 잔여 +18.07mm  bag_com=[ 0.21280272 -0.00643941  0.09550443]
    [clamp t= 0.85s] wall=  -0.77mm v= +13.34mm/s  본체면 잔여 +16.73mm  bag_com=[ 0.21283402 -0.00596188  0.09546989]
    [clamp t= 1.02s] wall=  -2.12mm v= +15.99mm/s  본체면 잔여 +15.38mm  bag_com=[ 0.21286836 -0.00541526  0.09543267]
    [clamp t= 1.19s] wall=  -3.47mm v= +18.64mm/s  본체면 잔여 +14.03mm  bag_com=[ 0.21290734 -0.0050088   0.09541383]
    [clamp t= 1.36s] wall=  -4.81mm v= +21.30mm/s  본체면 잔여 +12.69mm  bag_com=[ 0.21296155 -0.0043961   0.09538399]
    [clamp t= 1.53s] wall=  -6.16mm v= +23.94mm/s  본체면 잔여 +11.34mm  bag_com=[ 0.21300402 -0.00403356  0.09537974]
    [clamp t= 1.70s] wall=  -7.51mm v= +26.59mm/s  본체면 잔여  +9.99mm  bag_com=[ 0.2130546  -0.00346234  0.09538392]
    [clamp t= 1.87s] wall=  -8.85mm v= +29.28mm/s  본체면 잔여  +8.65mm  bag_com=[ 0.21304613 -0.00306497  0.09542464]
    [clamp t= 2.04s] wall= -10.20mm v= +31.88mm/s  본체면 잔여  +7.30mm  bag_com=[ 0.21305546 -0.00264328  0.09546426]
    [clamp t= 2.21s] wall= -11.55mm v= +34.86mm/s  본체면 잔여  +5.95mm  bag_com=[ 0.21305501 -0.00233477  0.09552885]
    [clamp t= 2.38s] wall= -12.84mm v= +48.15mm/s  본체면 잔여  +4.66mm  bag_com=[ 0.21305448 -0.00212248  0.09558524]
    [clamp t= 2.55s] wall= -13.87mm v=+113.05mm/s  본체면 잔여  +3.63mm  bag_com=[ 0.21307206 -0.00191529  0.09565626]
    [clamp t= 2.72s] wall= -14.47mm v=+206.01mm/s  본체면 잔여  +3.03mm  bag_com=[ 0.21307303 -0.00201712  0.09568308]
    [clamp t= 2.89s] wall= -14.51mm v=+198.91mm/s  본체면 잔여  +2.99mm  bag_com=[ 0.21306905 -0.00205782  0.09568747]
    [clamp t= 3.06s] wall= -14.51mm v=+198.36mm/s  본체면 잔여  +2.99mm  bag_com=[ 0.21306255 -0.00210646  0.09568816]
    [clamp t= 3.23s] wall= -14.51mm v=+197.87mm/s  본체면 잔여  +2.99mm  bag_com=[ 0.21305937 -0.00211822  0.09569137]
    [clamp t= 3.40s] wall= -14.51mm v=+197.37mm/s  본체면 잔여  +2.99mm  bag_com=[ 0.21305719 -0.00213351  0.09569623]
    [clamp t= 3.57s] wall= -14.52mm v=+196.89mm/s  본체면 잔여  +2.98mm  bag_com=[ 0.21305619 -0.00215014  0.09570253]
    [clamp t= 3.74s] wall= -14.52mm v=+196.39mm/s  본체면 잔여  +2.98mm  bag_com=[ 0.21305627 -0.00216991  0.09571019]
    [clamp t= 3.91s] wall= -14.52mm v=+195.89mm/s  본체면 잔여  +2.98mm  bag_com=[ 0.2130562  -0.00218198  0.09571698]
    [clamp t= 4.08s] wall= -14.52mm v=+195.45mm/s  본체면 잔여  +2.98mm  bag_com=[ 0.21305695 -0.00219589  0.09572288]
    [clamp t= 4.25s] wall= -14.53mm v=+194.98mm/s  본체면 잔여  +2.97mm  bag_com=[ 0.21305864 -0.00221154  0.09573157]
[phase] clamp    @done  wall=-14.53mm  (잔여: 플랜지면(비접촉) -2.03mm / 본체면 2.97mm)  bag_com=[ 0.21305881 -0.0022166   0.09573601]
[clamp] 봉투 반력에 막혀 정지  (가드 -17.00mm, 최종 v=+194.79mm/s)
    [hold2 k=   0] tablet_z=+84.56mm bag_com=[ 0.21305937 -0.00221836  0.09573685]
    [hold2 k=  40] tablet_z=+84.57mm bag_com=[ 0.21306159 -0.00222903  0.09574801]
    [hold2 k=  80] tablet_z=+84.58mm bag_com=[ 0.21306315 -0.00224011  0.09575655]
[phase] hold2    @done  bag_com=[ 0.21306506 -0.00225925  0.09576508]  finger_z=0.1328  tablet_z=+84.60mm  tilt=0.7deg  bag_bottom=0.0506

[phase] 11 crush (15s, 3000 step) — 크랭크 8.0 RPM (0.8378 rad/s) 연속 회전 ≈ 2.0 바퀴
[ctrl] crank torque clip: ±12.5 N·m (docs/Crusher.md §2-2), kv=5000 — velocity 제어
[crush] 시작 정제 크기 4.29 x 3.99 x 4.89 mm
    [crush t=  0.0s] crank=    +0.0deg ( 0.02 RPM)  wall=-13.57mm  정제  4.30x 3.94x 4.90mm
    [crush t=  0.5s] crank=    +3.7deg ( 2.39 RPM)  wall=-12.94mm  정제  4.33x 3.79x 4.97mm
    [crush t=  1.0s] crank=   +14.4deg ( 4.74 RPM)  wall=-13.02mm  정제  4.33x 3.85x 4.94mm
    [crush t=  1.5s] crank=   +32.2deg ( 7.08 RPM)  wall=-12.81mm  정제  4.31x 3.94x 4.89mm
    [crush t=  2.0s] crank=   +55.6deg ( 8.00 RPM)  wall=-12.78mm  정제  4.28x 3.91x 4.93mm
    [crush t=  2.5s] crank=   +79.6deg ( 8.00 RPM)  wall=-12.78mm  정제  4.28x 3.91x 4.93mm
    [crush t=  3.0s] crank=  +103.6deg ( 8.00 RPM)  wall=-12.77mm  정제  4.28x 3.91x 4.93mm
    [crush t=  3.5s] crank=  +127.6deg ( 8.00 RPM)  wall=-12.77mm  정제  4.28x 3.92x 4.93mm
    [crush t=  4.0s] crank=  +151.5deg ( 7.68 RPM)  wall=-12.89mm  정제  4.26x 3.95x 4.93mm
    [crush t=  4.5s] crank=  +169.9deg ( 4.86 RPM)  wall=-13.17mm  정제  4.23x 3.99x 4.93mm
    [crush t=  5.0s] crank=  +185.1deg ( 6.14 RPM)  wall=-13.53mm  정제  4.22x 4.01x 4.92mm
    [crush t=  5.5s] crank=  +208.0deg ( 8.00 RPM)  wall=-13.50mm  정제  4.23x 3.99x 4.92mm
    [crush t=  6.0s] crank=  +232.0deg ( 8.00 RPM)  wall=-13.49mm  정제  4.31x 4.00x 4.94mm
    [crush t=  6.5s] crank=  +256.0deg ( 8.00 RPM)  wall=-13.47mm  정제  4.37x 4.05x 4.90mm
    [crush t=  7.0s] crank=  +280.0deg ( 8.00 RPM)  wall=-13.46mm  정제  4.37x 4.06x 4.90mm
    [crush t=  7.5s] crank=  +304.0deg ( 8.00 RPM)  wall=-13.46mm  정제  4.37x 4.06x 4.89mm
    [crush t=  8.0s] crank=  +328.0deg ( 8.00 RPM)  wall=-13.46mm  정제  4.47x 4.16x 4.83mm
    [crush t=  8.5s] crank=  +352.0deg ( 8.00 RPM)  wall=-13.46mm  정제  4.48x 4.07x 4.83mm
    [crush t=  9.0s] crank=  +376.0deg ( 8.00 RPM)  wall=-13.46mm  정제  4.45x 4.07x 4.83mm
    [crush t=  9.5s] crank=  +400.0deg ( 8.00 RPM)  wall=-13.46mm  정제  4.37x 4.06x 4.85mm
    [crush t= 10.0s] crank=  +424.0deg ( 8.00 RPM)  wall=-13.46mm  정제  4.36x 4.05x 4.86mm
    [crush t= 10.5s] crank=  +448.0deg ( 8.00 RPM)  wall=-13.46mm  정제  4.35x 4.04x 4.86mm
    [crush t= 11.0s] crank=  +472.0deg ( 8.00 RPM)  wall=-13.46mm  정제  4.60x 4.02x 4.75mm
    [crush t= 11.5s] crank=  +496.0deg ( 8.00 RPM)  wall=-13.46mm  정제  4.63x 3.71x 4.73mm
    [crush t= 12.0s] crank=  +520.0deg ( 7.97 RPM)  wall=-13.51mm  정제  6.28x 0.33x 6.84mm
    [crush t= 12.5s] crank=  +543.7deg ( 8.01 RPM)  wall=-13.54mm  정제  6.57x 0.54x 6.84mm
    [crush t= 13.0s] crank=  +567.8deg ( 8.00 RPM)  wall=-13.56mm  정제  6.47x 0.97x 6.67mm
    [crush t= 13.5s] crank=  +591.7deg ( 8.00 RPM)  wall=-13.51mm  정제  4.76x 3.40x 4.80mm
    [crush t= 14.0s] crank=  +615.7deg ( 8.00 RPM)  wall=-13.48mm  정제  4.71x 3.55x 4.75mm
    [crush t= 14.5s] crank=  +639.7deg ( 8.00 RPM)  wall=-13.47mm  정제  4.67x 3.64x 4.71mm
[phase] crush    @done  크랭크 +663.5deg (1.84 바퀴)  wall=-13.46mm
[crush] 정제 4.29x3.99x4.89 -> 4.63x3.73x4.68 mm  (변화 +0.35/-0.26/-0.21)
[crush] bag_com=[ 0.21316881 -0.00209735  0.09528742]  tilt=1.4deg  bag_bottom=0.0497

[recover] 물림 중심 world=(-0.0565, -0.2750)  봉투하단 z=0.2005 (F_Top 상면 -10mm)  finger z=0.2825  손목 +90deg
[recover] IK yaw 스윕 최적 30deg — 진입 19.7mm / 물림 19.9mm
[recover] IK 도달오차  진입 19.7mm / 물림 19.9mm  (허용 15mm)
[recover] **도달 불가 — 이송 생략**

[RESULT] GRIP_OFFSET_MM=-28mm  Y_OFFSET_MM=+0.0mm  verdict=PASS  (삽입 성공, 걸림/붕괴 없음)
[RESULT] final_bottom_z=0.0497  wall_center_z=0.0510  오차=-1.3mm(+면 얕음/-면 깊음)
[RESULT] width_y=17.8mm(baseline 14.6mm)  height_z=90.9mm(baseline 90.8mm)
[SUMMARY] flange=OFF mode=velocity v=8.0mm/s F=100N kp=5000 hold=1 wall=-14.53mm body_gap=+2.97mm stalled=Y drop=-0.8mm tilt=1.4deg width=17.8mm reach_err=-1.3mm verdict=PASS

[saved] overview -> C:\Crusher_isaacsim\Crusher_Genesis\Crusher_M0609_RG2_Tablet_Samplebag\RESULT_aa_recover\grip-28mm\full_workflow_grip-28mm_yoff+0.0mm_20260831_200205_overview.mp4
[saved] bagcam   -> C:\Crusher_isaacsim\Crusher_Genesis\Crusher_M0609_RG2_Tablet_Samplebag\RESULT_aa_recover\grip-28mm\full_workflow_grip-28mm_yoff+0.0mm_20260831_200205_bagcam.mp4
[saved] sideview -> C:\Crusher_isaacsim\Crusher_Genesis\Crusher_M0609_RG2_Tablet_Samplebag\RESULT_aa_recover\grip-28mm\full_workflow_grip-28mm_yoff+0.0mm_20260831_200205_sideview.mp4

[timing] build=9.4s  steps=560.1s (5892 steps, 95.1ms/step)  합계=569.6s
완료.
