============================================================
 Full workflow: tablet drop -> bag catch -> grasp -> lift -> Crusher slot insert (viewer=False)
============================================================
[mjcf] Left_Wall 반사 관성 armature=10.0kg (링크 질량 0.312kg + 랙/피니언/감속기/로터). 100N -> 9.7 m/s^2, kv 안정 한계 4125
[mjcf] Left_Wall 형상 교체: 옛 geom 12개(시각 1 + hull 11) -> 본체 hull 5개 + 플랜지 1개 + 시각 1개. 플랜지 = **시각 전용(접촉 제외)**. 중립 간격 플랜지 12.50mm / 본체 17.50mm
[fem_ipc_workarounds] FEMEntity.set_vertex_constraints 패치 완료 (IPC 커플러 버그 우회)
[mjcf] 회수장치 턱 충돌메시 6개를 볼록껍질로 교체 (non-watertight -> IPC 투입 가능)
[38;5;226m[Genesis] [20:31:10] [WARNING] At least one of the meshes contain many faces (15432). Consider setting 'morph.decimate=True' to speed up collision detection and improve numerical stability.[0m
[38;5;226m[Genesis] [20:31:10] [WARNING] At least one of the meshes contain many faces (15762). Consider setting 'morph.decimate=True' to speed up collision detection and improve numerical stability.[0m
[38;5;226m[Genesis] [20:31:10] [WARNING] Mesh is not watertight. Falling back to convex hull for estimating inertial properties.[0m
[38;5;226m[Genesis] [20:31:10] [WARNING] Mesh is not watertight. Falling back to convex hull for estimating inertial properties.[0m
[38;5;226m[Genesis] [20:31:10] [WARNING] At least one of the meshes contain many faces (12522). Consider setting 'morph.decimate=True' to speed up collision detection and improve numerical stability.[0m
[38;5;226m[Genesis] [20:31:10] [WARNING] Mesh is not watertight. Falling back to convex hull for estimating inertial properties.[0m
[38;5;226m[Genesis] [20:31:10] [WARNING] Mesh is not watertight. Falling back to convex hull for estimating inertial properties.[0m
[38;5;226m[Genesis] [20:31:10] [WARNING] Mesh is not watertight. Falling back to convex hull for estimating inertial properties.[0m
[38;5;226m[Genesis] [20:31:10] [WARNING] Mesh is not watertight. Falling back to convex hull for estimating inertial properties.[0m
[38;5;226m[Genesis] [20:31:10] [WARNING] Mesh is not watertight. Falling back to convex hull for estimating inertial properties.[0m
[38;5;226m[Genesis] [20:31:10] [WARNING] Mesh is not watertight. Falling back to convex hull for estimating inertial properties.[0m
[38;5;226m[Genesis] [20:31:10] [WARNING] Mesh is not watertight. Falling back to convex hull for estimating inertial properties.[0m
[38;5;226m[Genesis] [20:31:10] [WARNING] Mesh is not watertight. Falling back to convex hull for estimating inertial properties.[0m
[38;5;226m[Genesis] [20:31:10] [WARNING] Mesh is not watertight. Falling back to convex hull for estimating inertial properties.[0m
[38;5;226m[Genesis] [20:31:10] [WARNING] Mesh is not watertight. Falling back to convex hull for estimating inertial properties.[0m
[38;5;226m[Genesis] [20:31:10] [WARNING] Mesh is not watertight. Falling back to convex hull for estimating inertial properties.[0m
[38;5;226m[Genesis] [20:31:10] [WARNING] Mesh is not watertight. Falling back to convex hull for estimating inertial properties.[0m
[38;5;226m[Genesis] [20:31:10] [WARNING] Mesh is not watertight. Falling back to convex hull for estimating inertial properties.[0m
[38;5;226m[Genesis] [20:31:11] [WARNING] Mesh is not watertight. Falling back to convex hull for estimating inertial properties.[0m
[38;5;226m[Genesis] [20:31:11] [WARNING] Mesh is not watertight. Falling back to convex hull for estimating inertial properties.[0m
[38;5;226m[Genesis] [20:31:11] [WARNING] At least one of the meshes contain many faces (27466). Consider setting 'morph.decimate=True' to speed up collision detection and improve numerical stability.[0m
[38;5;226m[Genesis] [20:31:11] [WARNING] Mesh is not watertight. Falling back to convex hull for estimating inertial properties.[0m
[38;5;226m[Genesis] [20:31:11] [WARNING] Mesh is not watertight. Falling back to convex hull for estimating inertial properties.[0m
[38;5;226m[Genesis] [20:31:11] [WARNING] Mesh is not watertight. Falling back to convex hull for estimating inertial properties.[0m
[38;5;226m[Genesis] [20:31:11] [WARNING] Mesh is not watertight. Falling back to convex hull for estimating inertial properties.[0m
[38;5;226m[Genesis] [20:31:11] [WARNING] Mesh is not watertight. Falling back to convex hull for estimating inertial properties.[0m

[build] scene.build() 시작...
[38;5;226m[Genesis] [20:31:11] [WARNING] Link 'L4_Motor2_Shaft_1' has dubious center of mass [x=0.000, y=-0.037, z=0.015] compared to the bounding box from geometry [x=(-0.018, 0.018), y=(-0.018, 0.018), z=(-0.000, 0.077)].[0m
[38;5;226m[Genesis] [20:31:11] [WARNING] Link 'M_Bottom_1' has dubious center of mass [x=0.166, y=0.030, z=-0.073] compared to the bounding box from geometry [x=(0.106, 0.155), y=(-0.011, 0.071), z=(-0.078, -0.068)].[0m
[38;5;226m[Genesis] [20:31:11] [WARNING] Link 'M_Back_1' has dubious center of mass [x=0.003, y=0.021, z=0.011] compared to the bounding box from geometry [x=(-0.035, -0.030), y=(-0.033, 0.076), z=(-0.005, 0.028)].[0m
[38;5;226m[Genesis] [20:31:11] [WARNING] Link 'M_Left1_1' has dubious center of mass [x=-0.025, y=-0.002, z=-0.014] compared to the bounding box from geometry [x=(-0.088, -0.032), y=(-0.005, -0.000), z=(-0.038, 0.010)].[0m
[38;5;226m[Genesis] [20:31:11] [WARNING] Link 'M_Right1_1' has dubious center of mass [x=-0.025, y=0.003, z=-0.014] compared to the bounding box from geometry [x=(-0.087, -0.033), y=(0.000, 0.005), z=(-0.038, 0.010)].[0m
[38;5;226m[Genesis] [20:31:11] [WARNING] Link 'M_Top_1' has dubious center of mass [x=-0.024, y=0.028, z=0.005] compared to the bounding box from geometry [x=(-0.088, -0.032), y=(-0.031, 0.088), z=(-0.000, 0.010)].[0m
[38;5;226m[Genesis] [20:31:11] [WARNING] Link 'M_LeftLink_1' has dubious center of mass [x=-0.002, y=0.005, z=0.046] compared to the bounding box from geometry [x=(-0.040, -0.035), y=(-0.005, 0.015), z=(-0.005, 0.095)].[0m
[38;5;226m[Genesis] [20:31:11] [WARNING] Link 'M_RightLink_1' has dubious center of mass [x=-0.002, y=-0.005, z=0.046] compared to the bounding box from geometry [x=(-0.040, -0.035), y=(-0.015, 0.005), z=(-0.005, 0.095)].[0m
[38;5;226m[Genesis] [20:31:11] [WARNING] Link 'M_LeftLink2_copy_1' has dubious center of mass [x=-0.005, y=-0.005, z=0.021] compared to the bounding box from geometry [x=(-0.044, -0.032), y=(-0.015, 0.005), z=(-0.000, 0.045)].[0m
[38;5;226m[Genesis] [20:31:11] [WARNING] Link 'link_2' has dubious center of mass [x=0.000, y=0.000, z=0.000] compared to the bounding box from geometry [x=(-0.068, 0.479), y=(-0.069, 0.069), z=(0.082, 0.274)].[0m
[38;5;226m[Genesis] [20:31:12] [WARNING] Constraint solver time constant should be greater than 2*substep_dt. timeconst is changed from `0.0002` to `0.01`). Decrease simulation timestep or increase timeconst to avoid altering the original value.[0m
[38;5;226m[Genesis] [20:31:12] [WARNING] Filtered out geometry pairs causing self-collision for the neutral configuration (qpos0): (90, 113), (103, 105). Consider tuning Morph option 'decompose_robot_error_threshold' or specify dedicated collision meshes. This behavior can be disabled by setting Morph option 'enable_neutral_collision=True'.[0m
C:\Users\simuser\miniconda3\envs\crusher_genesis\Lib\site-packages\quadrants\_test_tools\warnings_helper.py:11: UserWarning: cannot create weak reference to 'tuple' object. Template mapper caching disabled.
  warnings.warn(message)
[verify] L2_Left_Wall1_1 충돌 geom 5개 / 시각 geom 3개  (플랜지 접촉=OFF, 기대 충돌 5개)
[build] 성공 (10.5s)
[bag] shape 고정: 714/714 정점(바닥+양측면), 입구는 자유
[slot] 간격축 = world Y (겹침 -12.5mm), 슬롯 길이축 = world X (겹침 +65.0mm)
[slot] gap_cx=0.2125 gap_cy=-0.0053 gap_width=12.5mm wall_top_z=0.0870
[slot] pocket(L1_Wall1_1) center=(0.1745,0.0330)
[recover] 샤프트 '회전_31' dof=1 (q=0 닫힘 / q=pi 열림, 라쳇 때문에 닫을 땐 pi->2pi)
[ctrl] Left_Wall armature=10.0kg (런타임 API) — 유효 질량 10.31kg, 100N -> 9.7 m/s^2, kv 안정 한계 4125 (현재 500)
[ctrl] Left_Wall force clip: ±100 N (Motor2 ctrlrange, docs/Crusher.md §5) — 벽은 이 힘에서 균형지는 위치에 멈춘다
[bag] grip_strip verts near FINGER_MID: 76
[38;5;226m[Genesis] [20:31:22] [WARNING] fps=30 is not reachable with dt=0.005. Recording at fps=28.57142857142857 instead.[0m
[38;5;226m[Genesis] [20:31:22] [WARNING] fps=30 is not reachable with dt=0.005. Recording at fps=28.57142857142857 instead.[0m
[38;5;226m[Genesis] [20:31:22] [WARNING] fps=30 is not reachable with dt=0.005. Recording at fps=28.57142857142857 instead.[0m

[phase] 0 prep (1.0s) — 크랭크 0->-3.142rad(-180deg), Left_Wall 0->+6mm(개방)
[phase] prep     @done  crank=-3.000rad  wall=+5.43mm
    [drop k=   0] tablet_z=+428.73mm bag_com=[0.00646321 0.2561791  0.39925352]
    [drop k=  40] tablet_z=+428.72mm bag_com=[0.00646321 0.2561791  0.39925352]
    [drop k=  80] tablet_z=+428.72mm bag_com=[0.00646321 0.2561791  0.39925352]
    [drop k= 120] tablet_z=+428.72mm bag_com=[0.00646321 0.2561791  0.39925352]
[phase] drop     @done  bag_com=[0.00646321 0.2561791  0.39925352]  finger_z=0.4378  tablet_z=+428.72mm  tilt=0.8deg  bag_bottom=0.3543
[phase] settle   @done  bag_com=[0.00646321 0.2561791  0.39925352]  finger_z=0.4378  tablet_z=+428.72mm  tilt=0.8deg  bag_bottom=0.3543
[bag] shape 고정 해제 — 이제부터 순수 마찰 파지
[phase] close    @done  bag_com=[0.00636637 0.2559036  0.39880174]  finger_z=0.4360  tablet_z=+428.62mm  tilt=0.6deg  bag_bottom=0.3538
[phase] grasp    @done  bag_com=[0.00633989 0.25601992 0.3988024 ]  finger_z=0.4361  tablet_z=+428.40mm  tilt=0.7deg  bag_bottom=0.3538
[phase] lift     @done  bag_com=[0.00566581 0.25819007 0.5243465 ]  finger_z=0.5620  tablet_z=+552.21mm  tilt=1.1deg  bag_bottom=0.4790
[phase] hold     @done  bag_com=[0.00565135 0.25811172 0.5243404 ]  finger_z=0.5620  tablet_z=+551.33mm  tilt=1.0deg  bag_bottom=0.4790
[slot] wall_center_z=0.0510  insert_z(finger)=0.1330  hang=82mm
[slot] 봉투중심 보정 dy=+0.0mm -> finger_y=-0.0053 (봉투중심 y=-0.0053 = gap_cy -0.0053)
[slot] 봉투중심 보정 dx=-28.0mm -> finger_x=0.2405 (봉투중심 x=0.2125 = gap_cx 0.2125) — 실링이 측벽에 물린다
[sweep] Y_OFFSET_MM=+0.0mm -> target_xy=[ 0.24049766 -0.00527226]  (gap_cy=-0.0053)
[cam] side view 고정: pos=(np.float64(0.21249766187667846), np.float64(-0.5552722595214844), np.float64(0.169001227684021)) look=(np.float64(0.21249766187667846), np.float64(-0.005272259521484357), np.float64(0.169001227684021)) (gap_width=12.5mm, z범위 above=0.2870~insert=0.1330)

[ik] above-slot target=[ 0.24049766 -0.00527226  0.28700123]  arm_q=[-5.1308984e-01  4.4076672e-01  8.6770278e-01 -1.8388964e-06
  1.8327484e+00  4.1990747e+00]
    [above k=   0] tablet_z=+551.32mm bag_com=[0.00565152 0.2581117  0.5243403 ]
    [above k=  40] tablet_z=+549.65mm bag_com=[0.00955888 0.25727847 0.5229851 ]
    [above k=  80] tablet_z=+541.34mm bag_com=[0.03085169 0.24682356 0.5148442 ]
    [above k= 120] tablet_z=+521.33mm bag_com=[0.06975708 0.2185568  0.49520344]
    [above k= 160] tablet_z=+487.20mm bag_com=[0.1196422  0.17904107 0.46130314]
    [above k= 200] tablet_z=+438.80mm bag_com=[0.16064844 0.12657908 0.41332123]
    [above k= 240] tablet_z=+383.43mm bag_com=[0.18671618 0.076451   0.3581857 ]
    [above k= 280] tablet_z=+332.16mm bag_com=[0.20306247 0.03437967 0.30700007]
    [above k= 320] tablet_z=+295.23mm bag_com=[0.21004383 0.00625854 0.27033904]
    [above k= 360] tablet_z=+275.48mm bag_com=[ 0.21222259 -0.00577283  0.2527603 ]
[phase] above    @done  bag_com=[ 0.21256794 -0.00664481  0.24969074]  finger_z=0.2868  tablet_z=+246.75mm  tilt=5.7deg  bag_bottom=0.2043
[phase] aboveset @done  bag_com=[ 0.21272072 -0.00698574  0.24953204]  finger_z=0.2868  tablet_z=+216.50mm  tilt=5.8deg  bag_bottom=0.2043
[ik] insert target=[ 0.24049766 -0.00527226  0.13300123]  웨이포인트 41개(카테시안 직선)  arm_q=[-5.1308554e-01  4.2123473e-01  1.3184983e+00  1.0499621e-04
  1.4014879e+00  4.1990824e+00]
    [insert k=   0] tablet_z=+216.34mm bag_com=[ 0.212671   -0.00698152  0.2493755 ]
    [insert k=  40] tablet_z=+208.07mm bag_com=[ 0.21272261 -0.0069373   0.24800219]
    [insert k=  80] tablet_z=+199.14mm bag_com=[ 0.21277864 -0.00694624  0.24032114]
    [insert k= 120] tablet_z=+182.71mm bag_com=[ 0.21278997 -0.00730324  0.2239229 ]
    [insert k= 160] tablet_z=+159.18mm bag_com=[ 0.21279542 -0.00596993  0.19992667]
    [insert k= 200] tablet_z=+134.25mm bag_com=[ 0.21279444 -0.00561423  0.17175622]
    [insert k= 240] tablet_z=+108.79mm bag_com=[ 0.21286872 -0.00493717  0.14364985]
    [insert k= 280] tablet_z=+85.77mm bag_com=[ 0.21283226 -0.00668706  0.12007203]
    [insert k= 320] tablet_z=+67.64mm bag_com=[ 0.21282288 -0.00671414  0.10409433]
    [insert k= 360] tablet_z=+59.24mm bag_com=[ 0.21286556 -0.006844    0.09665773]
[phase] insert   @done  bag_com=[ 0.21287674 -0.00697723  0.09542242]  finger_z=0.1328  tablet_z=+55.43mm  tilt=5.8deg  bag_bottom=0.0503
[phase] settle2  @done  bag_com=[ 0.21290614 -0.00692745  0.0953818 ]  finger_z=0.1328  tablet_z=+53.79mm  tilt=5.8deg  bag_bottom=0.0503
[trim] TRIM_ROUNDS=0 — 생략(기본값). settle2 시점 bag_bottom 오차 +0.7mm 를 그대로 결과로 쓴다.
[trim] 최종 finger_z=0.1330  (초기 0.1330, 하한 0.1030)

[phase] 9 clamp (4.3s) — Left_Wall +6.0mm 에서 **속도지령** 8.0mm/s 로 계속 닫음 (docs §11-5), lead 20.0mm = 정지 시 100N, 가드 -17.0mm
    [clamp t= 0.00s] wall=  +5.96mm v=  +0.08mm/s  본체면 잔여 +23.46mm  bag_com=[ 0.21290614 -0.00692746  0.09538178]
    [clamp t= 0.17s] wall=  +4.61mm v=  +2.73mm/s  본체면 잔여 +22.11mm  bag_com=[ 0.21290573 -0.00692419  0.09537791]
    [clamp t= 0.34s] wall=  +3.27mm v=  +5.39mm/s  본체면 잔여 +20.77mm  bag_com=[ 0.21291244 -0.00692198  0.09536587]
    [clamp t= 0.51s] wall=  +1.92mm v=  +8.04mm/s  본체면 잔여 +19.42mm  bag_com=[ 0.21291852 -0.00692065  0.09535541]
    [clamp t= 0.68s] wall=  +0.57mm v= +10.69mm/s  본체면 잔여 +18.07mm  bag_com=[ 0.212942   -0.00643097  0.09531184]
    [clamp t= 0.85s] wall=  -0.77mm v= +13.34mm/s  본체면 잔여 +16.73mm  bag_com=[ 0.21296504 -0.00591004  0.09527679]
    [clamp t= 1.02s] wall=  -2.12mm v= +16.00mm/s  본체면 잔여 +15.38mm  bag_com=[ 0.21299508 -0.00538752  0.09524703]
    [clamp t= 1.19s] wall=  -3.47mm v= +18.65mm/s  본체면 잔여 +14.03mm  bag_com=[ 0.21303327 -0.00486626  0.09522173]
    [clamp t= 1.36s] wall=  -4.81mm v= +21.30mm/s  본체면 잔여 +12.69mm  bag_com=[ 0.21308021 -0.00434645  0.09520116]
    [clamp t= 1.53s] wall=  -6.16mm v= +23.95mm/s  본체면 잔여 +11.34mm  bag_com=[ 0.21312802 -0.00392785  0.09519845]
    [clamp t= 1.70s] wall=  -7.51mm v= +26.61mm/s  본체면 잔여  +9.99mm  bag_com=[ 0.21315944 -0.00348665  0.09520936]
    [clamp t= 1.87s] wall=  -8.85mm v= +29.32mm/s  본체면 잔여  +8.65mm  bag_com=[ 0.21317798 -0.0030811   0.09522615]
    [clamp t= 2.04s] wall= -10.20mm v= +31.95mm/s  본체면 잔여  +7.30mm  bag_com=[ 0.21319906 -0.00260585  0.09526906]
    [clamp t= 2.21s] wall= -11.55mm v= +34.84mm/s  본체면 잔여  +5.95mm  bag_com=[ 0.21320534 -0.00231342  0.09532388]
    [clamp t= 2.38s] wall= -12.85mm v= +46.57mm/s  본체면 잔여  +4.65mm  bag_com=[ 0.21321791 -0.00200442  0.09539465]
    [clamp t= 2.55s] wall= -13.88mm v=+112.54mm/s  본체면 잔여  +3.62mm  bag_com=[ 0.2132312  -0.00183141  0.09546213]
    [clamp t= 2.72s] wall= -14.48mm v=+204.39mm/s  본체면 잔여  +3.02mm  bag_com=[ 0.21322373 -0.0019576   0.09548788]
    [clamp t= 2.89s] wall= -14.51mm v=+197.61mm/s  본체면 잔여  +2.99mm  bag_com=[ 0.21321543 -0.00200152  0.09549554]
    [clamp t= 3.06s] wall= -14.51mm v=+197.01mm/s  본체면 잔여  +2.99mm  bag_com=[ 0.21320644 -0.00203648  0.09549934]
    [clamp t= 3.23s] wall= -14.52mm v=+196.47mm/s  본체면 잔여  +2.98mm  bag_com=[ 0.21319737 -0.00206401  0.09550612]
    [clamp t= 3.40s] wall= -14.52mm v=+195.91mm/s  본체면 잔여  +2.98mm  bag_com=[ 0.2131895 -0.0020947  0.0955152]
    [clamp t= 3.57s] wall= -14.52mm v=+195.38mm/s  본체면 잔여  +2.98mm  bag_com=[ 0.21318193 -0.00212223  0.09552507]
    [clamp t= 3.74s] wall= -14.53mm v=+194.86mm/s  본체면 잔여  +2.97mm  bag_com=[ 0.21317543 -0.00214528  0.09553581]
    [clamp t= 3.91s] wall= -14.53mm v=+194.35mm/s  본체면 잔여  +2.97mm  bag_com=[ 0.21316971 -0.00216583  0.09554718]
    [clamp t= 4.08s] wall= -14.53mm v=+193.84mm/s  본체면 잔여  +2.97mm  bag_com=[ 0.21316464 -0.00218447  0.09555934]
    [clamp t= 4.25s] wall= -14.53mm v=+193.33mm/s  본체면 잔여  +2.97mm  bag_com=[ 0.21315998 -0.00220162  0.09557207]
[phase] clamp    @done  wall=-14.53mm  (잔여: 플랜지면(비접촉) -2.03mm / 본체면 2.97mm)  bag_com=[ 0.2131585  -0.00220691  0.09557628]
[clamp] 봉투 반력에 막혀 정지  (가드 -17.00mm, 최종 v=+193.17mm/s)
    [hold2 k=   0] tablet_z=+53.87mm bag_com=[ 0.21315843 -0.00220739  0.09557665]
    [hold2 k=  40] tablet_z=+53.89mm bag_com=[ 0.21315327 -0.00222555  0.09559243]
    [hold2 k=  80] tablet_z=+53.91mm bag_com=[ 0.21314903 -0.00224191  0.09560855]
[phase] hold2    @done  bag_com=[ 0.21314679 -0.002249    0.09561638]  finger_z=0.1328  tablet_z=+53.92mm  tilt=0.6deg  bag_bottom=0.0504

[phase] 11 crush (15s, 3000 step) — 크랭크 8.0 RPM (0.8378 rad/s) 연속 회전 ≈ 2.0 바퀴
[ctrl] crank torque clip: ±12.5 N·m (docs/Crusher.md §2-2), kv=5000 — velocity 제어
[crush] 시작 정제 크기 5.19 x 3.36 x 4.01 mm
    [crush t=  0.0s] crank=    +0.0deg ( 0.02 RPM)  wall=-13.59mm  정제  5.19x 3.36x 4.01mm
    [crush t=  0.5s] crank=    +3.7deg ( 2.39 RPM)  wall=-12.93mm  정제  5.10x 3.62x 4.00mm
    [crush t=  1.0s] crank=   +14.4deg ( 4.74 RPM)  wall=-12.90mm  정제  5.09x 3.64x 3.99mm
    [crush t=  1.5s] crank=   +32.2deg ( 7.08 RPM)  wall=-12.81mm  정제  5.07x 3.68x 3.98mm
    [crush t=  2.0s] crank=   +55.6deg ( 8.00 RPM)  wall=-12.79mm  정제  5.07x 3.71x 3.97mm
    [crush t=  2.5s] crank=   +79.6deg ( 8.00 RPM)  wall=-12.79mm  정제  5.06x 3.71x 3.97mm
    [crush t=  3.0s] crank=  +103.6deg ( 8.00 RPM)  wall=-12.78mm  정제  5.06x 3.71x 3.96mm
    [crush t=  3.5s] crank=  +127.6deg ( 8.00 RPM)  wall=-12.78mm  정제  5.06x 3.71x 3.96mm
    [crush t=  4.0s] crank=  +151.5deg ( 7.66 RPM)  wall=-12.87mm  정제  7.16x 0.05x 4.78mm
    [crush t=  4.5s] crank=  +169.8deg ( 4.84 RPM)  wall=-13.05mm  정제  6.96x 0.09x 4.63mm
    [crush t=  5.0s] crank=  +185.0deg ( 6.08 RPM)  wall=-13.12mm  정제  6.93x 0.08x 4.49mm
    [crush t=  5.5s] crank=  +207.7deg ( 8.00 RPM)  wall=-13.17mm  정제  6.87x 0.31x 4.42mm
    [crush t=  6.0s] crank=  +231.7deg ( 8.00 RPM)  wall=-12.87mm  정제  5.09x 3.55x 4.14mm
    [crush t=  6.5s] crank=  +255.7deg ( 8.00 RPM)  wall=-12.81mm  정제  5.07x 3.66x 4.02mm
    [crush t=  7.0s] crank=  +279.7deg ( 8.00 RPM)  wall=-12.81mm  정제  5.07x 3.69x 3.99mm
    [crush t=  7.5s] crank=  +303.7deg ( 8.00 RPM)  wall=-12.80mm  정제  5.06x 3.70x 3.98mm
    [crush t=  8.0s] crank=  +327.7deg ( 8.00 RPM)  wall=-12.81mm  정제  5.06x 3.70x 3.98mm
    [crush t=  8.5s] crank=  +351.7deg ( 8.00 RPM)  wall=-12.81mm  정제  5.06x 3.70x 3.98mm
    [crush t=  9.0s] crank=  +375.7deg ( 8.00 RPM)  wall=-12.81mm  정제  5.06x 3.71x 3.98mm
    [crush t=  9.5s] crank=  +399.7deg ( 8.00 RPM)  wall=-12.81mm  정제  5.06x 3.71x 3.98mm
    [crush t= 10.0s] crank=  +423.7deg ( 8.00 RPM)  wall=-12.82mm  정제  5.06x 3.71x 3.98mm
    [crush t= 10.5s] crank=  +447.7deg ( 8.00 RPM)  wall=-12.82mm  정제  5.06x 3.71x 3.97mm
    [crush t= 11.0s] crank=  +471.7deg ( 8.00 RPM)  wall=-12.82mm  정제  5.06x 3.71x 3.97mm
    [crush t= 11.5s] crank=  +495.7deg ( 8.00 RPM)  wall=-12.82mm  정제  5.07x 3.64x 3.98mm
    [crush t= 12.0s] crank=  +519.7deg ( 7.97 RPM)  wall=-12.91mm  정제  7.18x 0.05x 4.45mm
    [crush t= 12.5s] crank=  +543.4deg ( 8.01 RPM)  wall=-13.05mm  정제  7.15x 0.07x 4.31mm
    [crush t= 13.0s] crank=  +567.5deg ( 8.00 RPM)  wall=-13.19mm  정제  7.41x 0.78x 4.92mm
    [crush t= 13.5s] crank=  +591.4deg ( 8.00 RPM)  wall=-12.86mm  정제  5.09x 3.61x 4.09mm
    [crush t= 14.0s] crank=  +615.4deg ( 8.00 RPM)  wall=-12.84mm  정제  5.07x 3.67x 4.03mm
    [crush t= 14.5s] crank=  +639.4deg ( 8.00 RPM)  wall=-12.84mm  정제  5.07x 3.68x 4.00mm
[phase] crush    @done  크랭크 +663.2deg (1.84 바퀴)  wall=-12.84mm
[crush] 정제 5.19x3.36x4.01 -> 5.06x3.71x3.99 mm  (변화 -0.13/+0.34/-0.01)
[crush] bag_com=[ 0.21361467 -0.00288248  0.09483553]  tilt=0.3deg  bag_bottom=0.0494

[recover] 물림 중심 world=(-0.0565, -0.2750)  봉투하단 z=0.2005 (F_Top 상면 -10mm)  finger z=0.2825  손목 +90deg
[recover] IK yaw 스윕 최적 135deg — 진입 0.0mm / 물림 0.0mm
[recover] IK 도달오차  진입 0.0mm / 물림 0.0mm  (허용 15mm)

[phase] 12a unclamp (1.0s) — Left_Wall -15.50 -> +6.0mm
[phase] unclamp  @done  wall=+5.58mm bag_com=[ 0.21326233 -0.00622648  0.09467887]
    [extract k=   0] tablet_z=+52.72mm bag_com=[ 0.21319409 -0.00629097  0.09450277]
    [extract k=  40] tablet_z=+56.08mm bag_com=[ 0.21328752 -0.00727665  0.09781671]
    [extract k=  80] tablet_z=+72.20mm bag_com=[ 0.21333155 -0.00680861  0.11398992]
    [extract k= 120] tablet_z=+102.88mm bag_com=[ 0.21345069 -0.00880738  0.14447924]
    [extract k= 160] tablet_z=+140.46mm bag_com=[ 0.21343279 -0.00798276  0.18216681]
    [extract k= 200] tablet_z=+175.35mm bag_com=[ 0.21342066 -0.00791374  0.21704334]
    [extract k= 240] tablet_z=+198.29mm bag_com=[ 0.2135113  -0.00822283  0.24002837]
    [extract k= 280] tablet_z=+206.39mm bag_com=[ 0.2134073  -0.00662224  0.24817002]
[phase] extract  @done  bag_com=[ 0.21341366 -0.00670482  0.24852073]  finger_z=0.2868  tablet_z=+206.75mm  tilt=5.9deg  bag_bottom=0.2032
[recover] 경유점 z=0.4825 도달오차 44.7mm
[recover] 경유점 z=0.4225 도달오차 5.9mm
    [toRC k=   0] tablet_z=+206.75mm bag_com=[ 0.2134142  -0.00672142  0.24852099]
    [toRC k=  40] tablet_z=+213.38mm bag_com=[0.221246   0.0046146  0.25423676]
    [toRC k=  80] tablet_z=+259.27mm bag_com=[0.25477928 0.10661764 0.2963796 ]
    [toRC k= 120] tablet_z=+372.12mm bag_com=[0.21746506 0.35766673 0.41117507]
    [toRC k= 160] tablet_z=+573.48mm bag_com=[-0.09133268  0.52806455  0.6025357 ]
    [toRC k= 200] tablet_z=+605.29mm bag_com=[-0.3556072   0.26222798  0.63604677]
    [toRC k= 240] tablet_z=+508.52mm bag_com=[-0.25790387  0.16776747  0.54812753]
    [toRC k= 280] tablet_z=+448.07mm bag_com=[-0.22374724 -0.13529857  0.48492286]
    [toRC k= 320] tablet_z=+478.49mm bag_com=[-0.25341076 -0.0998983   0.49922603]
    [toRC k= 360] tablet_z=+562.06mm bag_com=[-0.284086    0.25427514  0.57799685]
    [toRC k= 400] tablet_z=+577.81mm bag_com=[-0.26885507  0.3027573   0.5988332 ]
    [toRC k= 440] tablet_z=+591.91mm bag_com=[0.02522302 0.3601049  0.5920369 ]
    [toRC k= 480] tablet_z=+410.79mm bag_com=[0.17988229 0.02137558 0.4469333 ]
    [toRC k= 520] tablet_z=+323.57mm bag_com=[ 0.06900933 -0.21121772  0.36102185]
    [toRC k= 560] tablet_z=+291.14mm bag_com=[-0.02603298 -0.2865551   0.32931098]
[phase] toRC     @done  bag_com=[-0.02704804 -0.27845237  0.32972503]  finger_z=0.3623  tablet_z=+301.12mm  tilt=27.6deg  bag_bottom=0.2852
[phase] rcset    @done  bag_com=[-0.02709728 -0.28153738  0.32868192]  finger_z=0.3623  tablet_z=+297.68mm  tilt=26.7deg  bag_bottom=0.2848
    [rcdown k=   0] tablet_z=+297.67mm bag_com=[-0.02710117 -0.28154597  0.32867768]
    [rcdown k=  40] tablet_z=+297.28mm bag_com=[-0.026726  -0.2816819  0.3277525]
    [rcdown k=  80] tablet_z=+297.92mm bag_com=[-0.02464269 -0.28010538  0.3236901 ]
    [rcdown k= 120] tablet_z=+290.71mm bag_com=[-0.02236875 -0.28143686  0.31332657]
    [rcdown k= 160] tablet_z=+288.12mm bag_com=[-0.02255816 -0.27994904  0.30266714]
    [rcdown k= 200] tablet_z=+301.86mm bag_com=[-0.02732471 -0.27542502  0.296123  ]
    [rcdown k= 240] tablet_z=+246.56mm bag_com=[-0.02468156 -0.27631283  0.26543543]
    [rcdown k= 280] tablet_z=+238.52mm bag_com=[-0.02434981 -0.27658665  0.25942358]
[phase] rcdown   @done  bag_com=[-0.02434262 -0.27821368  0.2582085 ]  finger_z=0.2823  tablet_z=+235.78mm  tilt=30.3deg  bag_bottom=0.2116
[recover] 투입 완료  bag_com=(-0.0243, -0.2782, 0.2582)  수평오차=32.3mm  bag_bottom=0.2116 (목표 0.2005)  tilt=30.3deg

[phase] 12d rclock (2.0s) — 샤프트 180 -> 360deg (잠금)
[phase] rclock   @done  샤프트=360.0deg  bag_com=[-0.03147648 -0.2819126   0.2475864 ]  tilt=26.6deg
    [rcrel k=   0] tablet_z=+217.35mm bag_com=[-0.0314757  -0.28191286  0.24758576]
    [rcrel k=  40] tablet_z=+217.33mm bag_com=[-0.03145183 -0.28194493  0.2476331 ]
    [rcrel k=  80] tablet_z=+217.30mm bag_com=[-0.03036496 -0.2821981   0.24932784]
    [rcrel k= 120] tablet_z=+217.34mm bag_com=[-0.02902811 -0.27959904  0.25156993]
[phase] rcrel    @done  bag_com=[-0.02916776 -0.28010488  0.25126895]  finger_z=0.2840  tablet_z=+217.32mm  tilt=28.1deg  bag_bottom=0.2116
[recover] **해제 후 낙하 +0.0mm** — 회수장치가 봉투를 잡고 있다

[RESULT] GRIP_OFFSET_MM=-28mm  Y_OFFSET_MM=+0.0mm  verdict=FAIL  (미도달(bag_bottom_z=0.2116 vs wall_center_z=0.0510, diff=160.6mm>15mm))
[RESULT] final_bottom_z=0.2116  wall_center_z=0.0510  오차=+160.6mm(+면 얕음/-면 깊음)
[RESULT] width_y=65.8mm(baseline 14.1mm)  height_z=84.3mm(baseline 90.7mm)
[SUMMARY] flange=OFF mode=velocity v=8.0mm/s F=100N kp=5000 hold=1 wall=-14.53mm body_gap=+2.97mm stalled=Y drop=+161.2mm tilt=28.1deg width=65.8mm reach_err=+160.6mm verdict=FAIL

[saved] overview -> C:\Crusher_isaacsim\Crusher_Genesis\Crusher_M0609_RG2_Tablet_Samplebag\RESULT_ac_recover\grip-28mm\full_workflow_grip-28mm_yoff+0.0mm_20260831_203103_overview.mp4
[saved] bagcam   -> C:\Crusher_isaacsim\Crusher_Genesis\Crusher_M0609_RG2_Tablet_Samplebag\RESULT_ac_recover\grip-28mm\full_workflow_grip-28mm_yoff+0.0mm_20260831_203103_bagcam.mp4
[saved] sideview -> C:\Crusher_isaacsim\Crusher_Genesis\Crusher_M0609_RG2_Tablet_Samplebag\RESULT_ac_recover\grip-28mm\full_workflow_grip-28mm_yoff+0.0mm_20260831_203103_sideview.mp4

[timing] build=10.5s  steps=736.0s (7992 steps, 92.1ms/step)  합계=746.5s
완료.
