============================================================
 Full workflow: tablet drop -> bag catch -> grasp -> lift -> Crusher slot insert (viewer=False)
============================================================
[mjcf] Left_Wall 반사 관성 armature=10.0kg (링크 질량 0.312kg + 랙/피니언/감속기/로터). 100N -> 9.7 m/s^2, kv 안정 한계 4125
[mjcf] Left_Wall 형상 교체: 옛 geom 12개(시각 1 + hull 11) -> 본체 hull 5개 + 플랜지 1개 + 시각 1개. 플랜지 = **시각 전용(접촉 제외)**. 중립 간격 플랜지 12.50mm / 본체 17.50mm
[fem_ipc_workarounds] FEMEntity.set_vertex_constraints 패치 완료 (IPC 커플러 버그 우회)
[mjcf] 회수장치 턱 충돌메시 6개를 볼록껍질로 교체 (non-watertight -> IPC 투입 가능)
[38;5;226m[Genesis] [21:27:06] [WARNING] At least one of the meshes contain many faces (15432). Consider setting 'morph.decimate=True' to speed up collision detection and improve numerical stability.[0m
[38;5;226m[Genesis] [21:27:06] [WARNING] At least one of the meshes contain many faces (15762). Consider setting 'morph.decimate=True' to speed up collision detection and improve numerical stability.[0m
[38;5;226m[Genesis] [21:27:06] [WARNING] Mesh is not watertight. Falling back to convex hull for estimating inertial properties.[0m
[38;5;226m[Genesis] [21:27:07] [WARNING] Mesh is not watertight. Falling back to convex hull for estimating inertial properties.[0m
[38;5;226m[Genesis] [21:27:07] [WARNING] At least one of the meshes contain many faces (12522). Consider setting 'morph.decimate=True' to speed up collision detection and improve numerical stability.[0m
[38;5;226m[Genesis] [21:27:07] [WARNING] Mesh is not watertight. Falling back to convex hull for estimating inertial properties.[0m
[38;5;226m[Genesis] [21:27:07] [WARNING] Mesh is not watertight. Falling back to convex hull for estimating inertial properties.[0m
[38;5;226m[Genesis] [21:27:07] [WARNING] Mesh is not watertight. Falling back to convex hull for estimating inertial properties.[0m
[38;5;226m[Genesis] [21:27:07] [WARNING] Mesh is not watertight. Falling back to convex hull for estimating inertial properties.[0m
[38;5;226m[Genesis] [21:27:07] [WARNING] Mesh is not watertight. Falling back to convex hull for estimating inertial properties.[0m
[38;5;226m[Genesis] [21:27:07] [WARNING] Mesh is not watertight. Falling back to convex hull for estimating inertial properties.[0m
[38;5;226m[Genesis] [21:27:07] [WARNING] Mesh is not watertight. Falling back to convex hull for estimating inertial properties.[0m
[38;5;226m[Genesis] [21:27:07] [WARNING] Mesh is not watertight. Falling back to convex hull for estimating inertial properties.[0m
[38;5;226m[Genesis] [21:27:07] [WARNING] Mesh is not watertight. Falling back to convex hull for estimating inertial properties.[0m
[38;5;226m[Genesis] [21:27:07] [WARNING] Mesh is not watertight. Falling back to convex hull for estimating inertial properties.[0m
[38;5;226m[Genesis] [21:27:07] [WARNING] Mesh is not watertight. Falling back to convex hull for estimating inertial properties.[0m
[38;5;226m[Genesis] [21:27:07] [WARNING] Mesh is not watertight. Falling back to convex hull for estimating inertial properties.[0m
[38;5;226m[Genesis] [21:27:07] [WARNING] Mesh is not watertight. Falling back to convex hull for estimating inertial properties.[0m
[38;5;226m[Genesis] [21:27:07] [WARNING] Mesh is not watertight. Falling back to convex hull for estimating inertial properties.[0m
[38;5;226m[Genesis] [21:27:07] [WARNING] Mesh is not watertight. Falling back to convex hull for estimating inertial properties.[0m
[38;5;226m[Genesis] [21:27:07] [WARNING] At least one of the meshes contain many faces (27466). Consider setting 'morph.decimate=True' to speed up collision detection and improve numerical stability.[0m
[38;5;226m[Genesis] [21:27:07] [WARNING] Mesh is not watertight. Falling back to convex hull for estimating inertial properties.[0m
[38;5;226m[Genesis] [21:27:07] [WARNING] Mesh is not watertight. Falling back to convex hull for estimating inertial properties.[0m
[38;5;226m[Genesis] [21:27:07] [WARNING] Mesh is not watertight. Falling back to convex hull for estimating inertial properties.[0m
[38;5;226m[Genesis] [21:27:07] [WARNING] Mesh is not watertight. Falling back to convex hull for estimating inertial properties.[0m
[38;5;226m[Genesis] [21:27:07] [WARNING] Mesh is not watertight. Falling back to convex hull for estimating inertial properties.[0m

[build] scene.build() 시작...
[38;5;226m[Genesis] [21:27:08] [WARNING] Link 'L4_Motor2_Shaft_1' has dubious center of mass [x=0.000, y=-0.037, z=0.015] compared to the bounding box from geometry [x=(-0.018, 0.018), y=(-0.018, 0.018), z=(-0.000, 0.077)].[0m
[38;5;226m[Genesis] [21:27:08] [WARNING] Link 'M_Bottom_1' has dubious center of mass [x=0.166, y=0.030, z=-0.073] compared to the bounding box from geometry [x=(0.106, 0.155), y=(-0.011, 0.071), z=(-0.078, -0.068)].[0m
[38;5;226m[Genesis] [21:27:08] [WARNING] Link 'M_Back_1' has dubious center of mass [x=0.003, y=0.021, z=0.011] compared to the bounding box from geometry [x=(-0.035, -0.030), y=(-0.033, 0.076), z=(-0.005, 0.028)].[0m
[38;5;226m[Genesis] [21:27:08] [WARNING] Link 'M_Left1_1' has dubious center of mass [x=-0.025, y=-0.002, z=-0.014] compared to the bounding box from geometry [x=(-0.088, -0.032), y=(-0.005, -0.000), z=(-0.038, 0.010)].[0m
[38;5;226m[Genesis] [21:27:08] [WARNING] Link 'M_Right1_1' has dubious center of mass [x=-0.025, y=0.003, z=-0.014] compared to the bounding box from geometry [x=(-0.087, -0.033), y=(0.000, 0.005), z=(-0.038, 0.010)].[0m
[38;5;226m[Genesis] [21:27:08] [WARNING] Link 'M_Top_1' has dubious center of mass [x=-0.024, y=0.028, z=0.005] compared to the bounding box from geometry [x=(-0.088, -0.032), y=(-0.031, 0.088), z=(-0.000, 0.010)].[0m
[38;5;226m[Genesis] [21:27:08] [WARNING] Link 'M_LeftLink_1' has dubious center of mass [x=-0.002, y=0.005, z=0.046] compared to the bounding box from geometry [x=(-0.040, -0.035), y=(-0.005, 0.015), z=(-0.005, 0.095)].[0m
[38;5;226m[Genesis] [21:27:08] [WARNING] Link 'M_RightLink_1' has dubious center of mass [x=-0.002, y=-0.005, z=0.046] compared to the bounding box from geometry [x=(-0.040, -0.035), y=(-0.015, 0.005), z=(-0.005, 0.095)].[0m
[38;5;226m[Genesis] [21:27:08] [WARNING] Link 'M_LeftLink2_copy_1' has dubious center of mass [x=-0.005, y=-0.005, z=0.021] compared to the bounding box from geometry [x=(-0.044, -0.032), y=(-0.015, 0.005), z=(-0.000, 0.045)].[0m
[38;5;226m[Genesis] [21:27:08] [WARNING] Link 'link_2' has dubious center of mass [x=0.000, y=0.000, z=0.000] compared to the bounding box from geometry [x=(-0.068, 0.479), y=(-0.069, 0.069), z=(0.082, 0.274)].[0m
[38;5;226m[Genesis] [21:27:08] [WARNING] Constraint solver time constant should be greater than 2*substep_dt. timeconst is changed from `0.0002` to `0.01`). Decrease simulation timestep or increase timeconst to avoid altering the original value.[0m
[38;5;226m[Genesis] [21:27:09] [WARNING] Filtered out geometry pairs causing self-collision for the neutral configuration (qpos0): (90, 113), (103, 105). Consider tuning Morph option 'decompose_robot_error_threshold' or specify dedicated collision meshes. This behavior can be disabled by setting Morph option 'enable_neutral_collision=True'.[0m
C:\Users\simuser\miniconda3\envs\crusher_genesis\Lib\site-packages\quadrants\_test_tools\warnings_helper.py:11: UserWarning: cannot create weak reference to 'tuple' object. Template mapper caching disabled.
  warnings.warn(message)
[verify] L2_Left_Wall1_1 충돌 geom 5개 / 시각 geom 3개  (플랜지 접촉=OFF, 기대 충돌 5개)
[build] 성공 (10.3s)
[bag] shape 고정: 714/714 정점(바닥+양측면), 입구는 자유
[slot] 간격축 = world Y (겹침 -12.5mm), 슬롯 길이축 = world X (겹침 +65.0mm)
[slot] gap_cx=0.2125 gap_cy=-0.0053 gap_width=12.5mm wall_top_z=0.0870
[slot] pocket(L1_Wall1_1) center=(0.1745,0.0330)
[suction] LSM 후방 +100mm  (LSM-NK174218-1204_100MM__1_Dummy_1)
[suction] 그리퍼 개방 -50mm  (L_E-SMLG9H-100-ES10_1_1_L_E-SMLG9H-100-ES10_2_1)
[recover] 샤프트 '회전_31' dof=1 (q=0 닫힘 / q=pi 열림, 라쳇 때문에 닫을 땐 pi->2pi)
[ctrl] Left_Wall armature=10.0kg (런타임 API) — 유효 질량 10.31kg, 100N -> 9.7 m/s^2, kv 안정 한계 4125 (현재 500)
[ctrl] Left_Wall force clip: ±100 N (Motor2 ctrlrange, docs/Crusher.md §5) — 벽은 이 힘에서 균형지는 위치에 멈춘다
[bag] grip_strip verts near FINGER_MID: 76
[38;5;226m[Genesis] [21:27:19] [WARNING] fps=30 is not reachable with dt=0.005. Recording at fps=28.57142857142857 instead.[0m
[38;5;226m[Genesis] [21:27:19] [WARNING] fps=30 is not reachable with dt=0.005. Recording at fps=28.57142857142857 instead.[0m
[38;5;226m[Genesis] [21:27:19] [WARNING] fps=30 is not reachable with dt=0.005. Recording at fps=28.57142857142857 instead.[0m

[phase] 0 prep (1.0s) — 크랭크 0->-3.142rad(-180deg), Left_Wall 0->+6mm(개방)
[phase] prep     @done  crank=-3.000rad  wall=+5.43mm
    [drop k=   0] tablet_z=+437.78mm bag_com=[0.00646321 0.2561791  0.39925352]
    [drop k=  40] tablet_z=+437.78mm bag_com=[0.00646321 0.2561791  0.39925352]
    [drop k=  80] tablet_z=+437.78mm bag_com=[0.00646321 0.2561791  0.39925352]
    [drop k= 120] tablet_z=+437.77mm bag_com=[0.00646321 0.2561791  0.39925352]
[phase] drop     @done  bag_com=[0.00646321 0.2561791  0.39925352]  finger_z=0.4378  tablet_z=+437.77mm  tilt=0.8deg  bag_bottom=0.3543
[phase] settle   @done  bag_com=[0.00646321 0.2561791  0.39925352]  finger_z=0.4378  tablet_z=+437.77mm  tilt=0.8deg  bag_bottom=0.3543
[bag] shape 고정 해제 — 이제부터 순수 마찰 파지
[phase] close    @done  bag_com=[0.00641985 0.2558298  0.3987977 ]  finger_z=0.4360  tablet_z=+437.64mm  tilt=0.6deg  bag_bottom=0.3538
[phase] grasp    @done  bag_com=[0.00639727 0.25577372 0.3987977 ]  finger_z=0.4361  tablet_z=+437.45mm  tilt=0.7deg  bag_bottom=0.3538
[phase] lift     @done  bag_com=[0.00565079 0.25789672 0.5243022 ]  finger_z=0.5620  tablet_z=+561.47mm  tilt=1.3deg  bag_bottom=0.4789
[phase] hold     @done  bag_com=[0.00563758 0.25778466 0.5242934 ]  finger_z=0.5620  tablet_z=+560.67mm  tilt=1.1deg  bag_bottom=0.4789
[slot] wall_center_z=0.0510  insert_z(finger)=0.1330  hang=82mm
[slot] 봉투중심 보정 dy=+0.0mm -> finger_y=-0.0053 (봉투중심 y=-0.0053 = gap_cy -0.0053)
[slot] 봉투중심 보정 dx=-28.0mm -> finger_x=0.2405 (봉투중심 x=0.2125 = gap_cx 0.2125) — 실링이 측벽에 물린다
[sweep] Y_OFFSET_MM=+0.0mm -> target_xy=[ 0.24049766 -0.00527226]  (gap_cy=-0.0053)
[cam] side view 고정: pos=(np.float64(0.21249766187667846), np.float64(-0.5552722595214844), np.float64(0.169001227684021)) look=(np.float64(0.21249766187667846), np.float64(-0.005272259521484357), np.float64(0.169001227684021)) (gap_width=12.5mm, z범위 above=0.2870~insert=0.1330)

[ik] above-slot target=[ 0.24049766 -0.00527226  0.28700123]  arm_q=[-5.1309055e-01  4.4076738e-01  8.6770266e-01 -9.3597919e-08
  1.8327491e+00  4.1990747e+00]
    [above k=   0] tablet_z=+560.66mm bag_com=[0.0056379  0.25778717 0.52429354]
    [above k=  40] tablet_z=+558.89mm bag_com=[0.00954436 0.25685644 0.5229268 ]
    [above k=  80] tablet_z=+550.49mm bag_com=[0.03067819 0.24586737 0.5147366 ]
    [above k= 120] tablet_z=+530.78mm bag_com=[0.06993962 0.21887562 0.4951652 ]
    [above k= 160] tablet_z=+497.38mm bag_com=[0.11531914 0.17676008 0.46111265]
    [above k= 200] tablet_z=+449.39mm bag_com=[0.15819195 0.1268714  0.41313565]
    [above k= 240] tablet_z=+394.38mm bag_com=[0.18642579 0.07670207 0.3581163 ]
    [above k= 280] tablet_z=+343.41mm bag_com=[0.2031416  0.03416965 0.3069966 ]
    [above k= 320] tablet_z=+307.40mm bag_com=[0.20971951 0.00815861 0.27019998]
    [above k= 360] tablet_z=+289.61mm bag_com=[ 0.2122698  -0.00649717  0.25279978]
[phase] above    @done  bag_com=[ 0.2125673  -0.00714852  0.24970506]  finger_z=0.2868  tablet_z=+285.63mm  tilt=6.1deg  bag_bottom=0.2043
[phase] aboveset @done  bag_com=[ 0.21270923 -0.00705075  0.24952294]  finger_z=0.2868  tablet_z=+237.46mm  tilt=5.8deg  bag_bottom=0.2043
[ik] insert target=[ 0.24049766 -0.00527226  0.13300123]  웨이포인트 41개(카테시안 직선)  arm_q=[-5.1308995e-01  4.2123786e-01  1.3184934e+00  1.1378170e-04
  1.4014941e+00  4.1990762e+00]
    [insert k=   0] tablet_z=+236.83mm bag_com=[ 0.2126611  -0.00704235  0.24936625]
    [insert k=  40] tablet_z=+218.13mm bag_com=[ 0.21272087 -0.00751225  0.24801803]
    [insert k=  80] tablet_z=+205.63mm bag_com=[ 0.21275906 -0.00670992  0.24029467]
    [insert k= 120] tablet_z=+186.17mm bag_com=[ 0.21278456 -0.00695275  0.22387728]
    [insert k= 160] tablet_z=+163.58mm bag_com=[ 0.21278843 -0.00606819  0.19990663]
    [insert k= 200] tablet_z=+134.94mm bag_com=[ 0.21278134 -0.00759847  0.171813  ]
    [insert k= 240] tablet_z=+104.87mm bag_com=[ 0.21276589 -0.00614422  0.1436925 ]
    [insert k= 280] tablet_z=+80.66mm bag_com=[ 0.2128188  -0.00725671  0.12007803]
    [insert k= 320] tablet_z=+63.93mm bag_com=[ 0.21283093 -0.00716182  0.10407031]
    [insert k= 360] tablet_z=+55.34mm bag_com=[ 0.21285136 -0.006882    0.09663063]
[phase] insert   @done  bag_com=[ 0.21286257 -0.00685931  0.09538572]  finger_z=0.1328  tablet_z=+53.72mm  tilt=5.7deg  bag_bottom=0.0502
[phase] settle2  @done  bag_com=[ 0.21289033 -0.00692321  0.09534717]  finger_z=0.1328  tablet_z=+53.69mm  tilt=5.8deg  bag_bottom=0.0502
[trim] TRIM_ROUNDS=0 — 생략(기본값). settle2 시점 bag_bottom 오차 +0.8mm 를 그대로 결과로 쓴다.
[trim] 최종 finger_z=0.1330  (초기 0.1330, 하한 0.1030)

[phase] 9 clamp (4.3s) — Left_Wall +6.0mm 에서 **속도지령** 8.0mm/s 로 계속 닫음 (docs §11-5), lead 20.0mm = 정지 시 100N, 가드 -17.0mm
    [clamp t= 0.00s] wall=  +5.96mm v=  +0.08mm/s  본체면 잔여 +23.46mm  bag_com=[ 0.21289033 -0.00692321  0.09534717]
    [clamp t= 0.17s] wall=  +4.61mm v=  +2.73mm/s  본체면 잔여 +22.11mm  bag_com=[ 0.21288982 -0.00691957  0.09534168]
    [clamp t= 0.34s] wall=  +3.27mm v=  +5.39mm/s  본체면 잔여 +20.77mm  bag_com=[ 0.21289712 -0.00691809  0.09532845]
    [clamp t= 0.51s] wall=  +1.92mm v=  +8.04mm/s  본체면 잔여 +19.42mm  bag_com=[ 0.21290317 -0.00691664  0.0953163 ]
    [clamp t= 0.68s] wall=  +0.57mm v= +10.69mm/s  본체면 잔여 +18.07mm  bag_com=[ 0.21292482 -0.00643649  0.09527336]
    [clamp t= 0.85s] wall=  -0.77mm v= +13.34mm/s  본체면 잔여 +16.73mm  bag_com=[ 0.21294732 -0.00591317  0.09523699]
    [clamp t= 1.02s] wall=  -2.12mm v= +16.00mm/s  본체면 잔여 +15.38mm  bag_com=[ 0.2129774  -0.00538793  0.09520607]
    [clamp t= 1.19s] wall=  -3.47mm v= +18.65mm/s  본체면 잔여 +14.03mm  bag_com=[ 0.21301599 -0.00486522  0.09517987]
    [clamp t= 1.36s] wall=  -4.81mm v= +21.30mm/s  본체면 잔여 +12.69mm  bag_com=[ 0.21306314 -0.00434426  0.09515829]
    [clamp t= 1.53s] wall=  -6.16mm v= +23.95mm/s  본체면 잔여 +11.34mm  bag_com=[ 0.213111   -0.00393222  0.09515487]
    [clamp t= 1.70s] wall=  -7.51mm v= +26.61mm/s  본체면 잔여  +9.99mm  bag_com=[ 0.21314502 -0.00348305  0.09516414]
    [clamp t= 1.87s] wall=  -8.85mm v= +29.27mm/s  본체면 잔여  +8.65mm  bag_com=[ 0.21316436 -0.0030637   0.09518113]
    [clamp t= 2.04s] wall= -10.20mm v= +31.95mm/s  본체면 잔여  +7.30mm  bag_com=[ 0.21318766 -0.00259899  0.0952215 ]
    [clamp t= 2.21s] wall= -11.55mm v= +34.84mm/s  본체면 잔여  +5.95mm  bag_com=[ 0.21319684 -0.00229475  0.09527627]
    [clamp t= 2.38s] wall= -12.85mm v= +46.57mm/s  본체면 잔여  +4.65mm  bag_com=[ 0.21320903 -0.00197825  0.09534615]
    [clamp t= 2.55s] wall= -13.88mm v=+112.63mm/s  본체면 잔여  +3.62mm  bag_com=[ 0.2132242  -0.00181627  0.09541249]
    [clamp t= 2.72s] wall= -14.48mm v=+204.67mm/s  본체면 잔여  +3.02mm  bag_com=[ 0.21321757 -0.00194402  0.09543765]
    [clamp t= 2.89s] wall= -14.51mm v=+197.81mm/s  본체면 잔여  +2.99mm  bag_com=[ 0.21320988 -0.00198944  0.09544534]
    [clamp t= 3.06s] wall= -14.51mm v=+197.20mm/s  본체면 잔여  +2.99mm  bag_com=[ 0.2132018  -0.00202672  0.09544958]
    [clamp t= 3.23s] wall= -14.52mm v=+196.65mm/s  본체면 잔여  +2.98mm  bag_com=[ 0.21319325 -0.00206099  0.09545638]
    [clamp t= 3.40s] wall= -14.52mm v=+196.11mm/s  본체면 잔여  +2.98mm  bag_com=[ 0.21318558 -0.00208801  0.09546531]
    [clamp t= 3.57s] wall= -14.52mm v=+195.56mm/s  본체면 잔여  +2.98mm  bag_com=[ 0.21317853 -0.00210933  0.09547563]
    [clamp t= 3.74s] wall= -14.52mm v=+195.03mm/s  본체면 잔여  +2.98mm  bag_com=[ 0.21317194 -0.00213262  0.09548651]
    [clamp t= 3.91s] wall= -14.53mm v=+194.51mm/s  본체면 잔여  +2.97mm  bag_com=[ 0.21316607 -0.00215318  0.09549834]
    [clamp t= 4.08s] wall= -14.53mm v=+194.00mm/s  본체면 잔여  +2.97mm  bag_com=[ 0.21316065 -0.00217184  0.09551084]
    [clamp t= 4.25s] wall= -14.53mm v=+193.48mm/s  본체면 잔여  +2.97mm  bag_com=[ 0.21315569 -0.00218893  0.09552384]
[phase] clamp    @done  wall=-14.53mm  (잔여: 플랜지면(비접촉) -2.03mm / 본체면 2.97mm)  bag_com=[ 0.21315436 -0.00219418  0.09552819]
[clamp] 봉투 반력에 막혀 정지  (가드 -17.00mm, 최종 v=+193.32mm/s)
    [hold2 k=   0] tablet_z=+53.94mm bag_com=[ 0.2131542  -0.00219465  0.09552853]
    [hold2 k=  40] tablet_z=+53.96mm bag_com=[ 0.21314915 -0.00221254  0.09554461]
    [hold2 k=  80] tablet_z=+53.98mm bag_com=[ 0.21314451 -0.00222841  0.09556117]
[phase] hold2    @done  bag_com=[ 0.21314226 -0.00223529  0.09556914]  finger_z=0.1328  tablet_z=+53.99mm  tilt=0.5deg  bag_bottom=0.0504

[phase] 11 crush (15s, 3000 step) — 크랭크 8.0 RPM (0.8378 rad/s) 연속 회전 ≈ 2.0 바퀴
[ctrl] crank torque clip: ±12.5 N·m (docs/Crusher.md §2-2), kv=5000 — velocity 제어
[crush] 시작 정제 크기 5.19 x 3.38 x 4.01 mm
    [crush t=  0.0s] crank=    +0.0deg ( 0.02 RPM)  wall=-13.59mm  정제  5.19x 3.38x 4.01mm
    [crush t=  0.5s] crank=    +3.7deg ( 2.39 RPM)  wall=-12.95mm  정제  5.09x 3.64x 4.01mm
    [crush t=  1.0s] crank=   +14.4deg ( 4.74 RPM)  wall=-12.93mm  정제  5.09x 3.64x 4.00mm
    [crush t=  1.5s] crank=   +32.2deg ( 7.08 RPM)  wall=-12.82mm  정제  5.07x 3.70x 3.98mm
    [crush t=  2.0s] crank=   +55.6deg ( 8.00 RPM)  wall=-12.79mm  정제  5.06x 3.72x 3.97mm
    [crush t=  2.5s] crank=   +79.6deg ( 8.00 RPM)  wall=-12.79mm  정제  5.06x 3.72x 3.97mm
    [crush t=  3.0s] crank=  +103.6deg ( 8.00 RPM)  wall=-12.79mm  정제  5.06x 3.72x 3.97mm
    [crush t=  3.5s] crank=  +127.6deg ( 8.00 RPM)  wall=-12.79mm  정제  5.06x 3.72x 3.98mm
    [crush t=  4.0s] crank=  +151.5deg ( 7.66 RPM)  wall=-12.87mm  정제  7.25x 0.07x 4.84mm
    [crush t=  4.5s] crank=  +169.8deg ( 4.84 RPM)  wall=-13.07mm  정제  7.22x 0.10x 4.76mm
    [crush t=  5.0s] crank=  +185.0deg ( 6.07 RPM)  wall=-13.15mm  정제  7.23x 0.09x 4.66mm
    [crush t=  5.5s] crank=  +207.7deg ( 8.00 RPM)  wall=-13.23mm  정제  7.00x 0.32x 4.57mm
    [crush t=  6.0s] crank=  +231.7deg ( 8.00 RPM)  wall=-12.90mm  정제  5.11x 3.53x 4.11mm
    [crush t=  6.5s] crank=  +255.7deg ( 8.00 RPM)  wall=-12.81mm  정제  5.06x 3.71x 4.01mm
    [crush t=  7.0s] crank=  +279.7deg ( 8.00 RPM)  wall=-12.80mm  정제  5.06x 3.72x 3.98mm
    [crush t=  7.5s] crank=  +303.7deg ( 8.00 RPM)  wall=-12.79mm  정제  5.06x 3.73x 3.97mm
    [crush t=  8.0s] crank=  +327.7deg ( 8.00 RPM)  wall=-12.79mm  정제  5.06x 3.73x 3.97mm
    [crush t=  8.5s] crank=  +351.7deg ( 8.00 RPM)  wall=-12.79mm  정제  5.06x 3.73x 3.98mm
    [crush t=  9.0s] crank=  +375.7deg ( 8.00 RPM)  wall=-12.79mm  정제  5.05x 3.73x 3.98mm
    [crush t=  9.5s] crank=  +399.7deg ( 8.00 RPM)  wall=-12.80mm  정제  5.06x 3.73x 3.98mm
    [crush t= 10.0s] crank=  +423.7deg ( 8.00 RPM)  wall=-12.80mm  정제  5.06x 3.73x 3.98mm
    [crush t= 10.5s] crank=  +447.7deg ( 8.00 RPM)  wall=-12.81mm  정제  5.06x 3.73x 3.98mm
    [crush t= 11.0s] crank=  +471.7deg ( 8.00 RPM)  wall=-12.81mm  정제  5.06x 3.73x 3.98mm
    [crush t= 11.5s] crank=  +495.7deg ( 8.00 RPM)  wall=-12.82mm  정제  5.06x 3.64x 3.98mm
    [crush t= 12.0s] crank=  +519.7deg ( 7.96 RPM)  wall=-12.86mm  정제  7.22x 0.06x 4.76mm
    [crush t= 12.5s] crank=  +543.4deg ( 8.01 RPM)  wall=-12.90mm  정제  7.17x 0.08x 4.61mm
    [crush t= 13.0s] crank=  +567.4deg ( 8.00 RPM)  wall=-13.08mm  정제  7.41x 0.81x 5.18mm
    [crush t= 13.5s] crank=  +591.4deg ( 8.00 RPM)  wall=-12.88mm  정제  5.10x 3.55x 4.10mm
    [crush t= 14.0s] crank=  +615.4deg ( 8.00 RPM)  wall=-12.85mm  정제  5.07x 3.70x 3.98mm
    [crush t= 14.5s] crank=  +639.4deg ( 8.00 RPM)  wall=-12.83mm  정제  5.06x 3.73x 3.98mm
[phase] crush    @done  크랭크 +663.2deg (1.84 바퀴)  wall=-12.83mm
[crush] 정제 5.19x3.38x4.01 -> 5.05x3.74x3.98 mm  (변화 -0.14/+0.36/-0.03)
[crush] bag_com=[ 0.2136895 -0.0016938  0.0951071]  tilt=0.5deg  bag_bottom=0.0498

[recover] 물림 중심 world=(-0.0565, -0.2750)  봉투하단 z=0.2005 (F_Top 상면 -10mm)  finger z=0.2825  손목 +90deg
[recover] IK yaw 스윕 최적 135deg — 진입 0.0mm / 물림 0.0mm
[recover] IK 도달오차  진입 0.0mm / 물림 0.0mm  (허용 15mm)

[phase] 12a unclamp (1.0s) — Left_Wall -15.50 -> +6.0mm
[phase] unclamp  @done  wall=+5.58mm bag_com=[ 0.21337813 -0.0071098   0.09466801]
    [extract k=   0] tablet_z=+52.88mm bag_com=[ 0.21331206 -0.00711561  0.09449092]
    [extract k=  40] tablet_z=+56.11mm bag_com=[ 0.21339218 -0.00676414  0.09774098]
    [extract k=  80] tablet_z=+72.36mm bag_com=[ 0.21343517 -0.0071621   0.11396024]
    [extract k= 120] tablet_z=+102.87mm bag_com=[ 0.21350141 -0.00795591  0.14437395]
    [extract k= 160] tablet_z=+140.72mm bag_com=[ 0.21358319 -0.00886695  0.18217868]
    [extract k= 200] tablet_z=+175.36mm bag_com=[ 0.21350762 -0.0073476   0.21696009]
    [extract k= 240] tablet_z=+198.48mm bag_com=[ 0.21348631 -0.00764127  0.24002326]
    [extract k= 280] tablet_z=+206.51mm bag_com=[ 0.2134914  -0.00681221  0.24813724]
[phase] extract  @done  bag_com=[ 0.213494   -0.00680232  0.24848513]  finger_z=0.2868  tablet_z=+206.87mm  tilt=6.1deg  bag_bottom=0.2031
[recover] plan_path(RRTConnect) 성공 — 웨이포인트 600개, 충돌검사 포함
    [toRC k=   0] tablet_z=+206.87mm bag_com=[ 0.21349448 -0.00680844  0.24848494]
    [toRC k=  40] tablet_z=+206.96mm bag_com=[ 0.21351205 -0.00691485  0.24857497]
    [toRC k=  80] tablet_z=+207.49mm bag_com=[ 0.21359417 -0.00669662  0.24913104]
    [toRC k= 120] tablet_z=+208.85mm bag_com=[ 0.21402065 -0.00640729  0.25049624]
    [toRC k= 160] tablet_z=+211.02mm bag_com=[ 0.21586376 -0.00646522  0.2527155 ]
    [toRC k= 200] tablet_z=+214.12mm bag_com=[ 0.22006945 -0.00520058  0.2557596 ]
    [toRC k= 240] tablet_z=+223.20mm bag_com=[ 0.21802177 -0.02771682  0.2646369 ]
    [toRC k= 280] tablet_z=+238.51mm bag_com=[ 0.2169719  -0.08568706  0.2793821 ]
    [toRC k= 320] tablet_z=+253.00mm bag_com=[ 0.20198527 -0.13770029  0.29371163]
    [toRC k= 360] tablet_z=+266.25mm bag_com=[ 0.18260837 -0.18259901  0.30722022]
    [toRC k= 400] tablet_z=+275.23mm bag_com=[ 0.15019828 -0.2222383   0.31690603]
    [toRC k= 440] tablet_z=+283.33mm bag_com=[ 0.12841478 -0.24592142  0.32509348]
    [toRC k= 480] tablet_z=+284.36mm bag_com=[ 0.10236575 -0.26664317  0.32505706]
    [toRC k= 520] tablet_z=+272.00mm bag_com=[ 0.0323185  -0.30019706  0.31246492]
    [toRC k= 560] tablet_z=+281.66mm bag_com=[-0.02431671 -0.290272    0.322385  ]
[phase] toRC     @done  bag_com=[-0.03640892 -0.2922489   0.32345533]  finger_z=0.3623  tablet_z=+281.85mm  tilt=4.9deg  bag_bottom=0.2773
[phase] rcset    @done  bag_com=[-0.03651085 -0.29234487  0.323403  ]  finger_z=0.3623  tablet_z=+281.81mm  tilt=5.3deg  bag_bottom=0.2773
    [rcdown k=   0] tablet_z=+281.81mm bag_com=[-0.03651294 -0.29234704  0.32340243]
    [rcdown k=  40] tablet_z=+280.54mm bag_com=[-0.036351   -0.29283136  0.322119  ]
    [rcdown k=  80] tablet_z=+273.90mm bag_com=[-0.03491062 -0.29425567  0.31538606]
    [rcdown k= 120] tablet_z=+260.35mm bag_com=[-0.03244702 -0.29506895  0.30165708]
    [rcdown k= 160] tablet_z=+241.30mm bag_com=[-0.03081792 -0.29340544  0.2825654 ]
    [rcdown k= 200] tablet_z=+221.58mm bag_com=[-0.03180827 -0.29204705  0.2627551 ]
    [rcdown k= 240] tablet_z=+215.92mm bag_com=[-0.03370533 -0.2919147   0.25326   ]
    [rcdown k= 280] tablet_z=+215.70mm bag_com=[-0.03402408 -0.29043916  0.250804  ]
[phase] rcdown   @done  bag_com=[-0.03399106 -0.2903502   0.25046262]  finger_z=0.2823  tablet_z=+215.49mm  tilt=2.0deg  bag_bottom=0.2100
[recover] 투입 완료  bag_com=(-0.0340, -0.2904, 0.2505)  수평오차=27.2mm  bag_bottom=0.2100 (목표 0.2005)  tilt=2.0deg

[phase] 12d rclock (2.0s) — 샤프트 180 -> 360deg (잠금)
[phase] rclock   @done  샤프트=360.0deg  bag_com=[-0.04209517 -0.2962658   0.25033414]  tilt=9.0deg
    [rcrel k=   0] tablet_z=+215.66mm bag_com=[-0.04209977 -0.29626915  0.25033304]
    [rcrel k=  40] tablet_z=+215.67mm bag_com=[-0.04235822 -0.29662192  0.25050053]
    [rcrel k=  80] tablet_z=+215.42mm bag_com=[-0.04254132 -0.29386035  0.25586683]
    [rcrel k= 120] tablet_z=+215.18mm bag_com=[-0.04273412 -0.28998983  0.2562759 ]
[phase] rcrel    @done  bag_com=[-0.04041588 -0.28556424  0.2566369 ]  finger_z=0.2840  tablet_z=+214.85mm  tilt=4.9deg  bag_bottom=0.2116
[recover] **해제 후 낙하 +0.0mm** — 회수장치가 봉투를 잡고 있다

[RESULT] GRIP_OFFSET_MM=-28mm  Y_OFFSET_MM=+0.0mm  verdict=FAIL  (미도달(bag_bottom_z=0.2116 vs wall_center_z=0.0510, diff=160.6mm>15mm))
[RESULT] final_bottom_z=0.2116  wall_center_z=0.0510  오차=+160.6mm(+면 얕음/-면 깊음)
[RESULT] width_y=44.5mm(baseline 14.1mm)  height_z=90.1mm(baseline 90.8mm)
[SUMMARY] flange=OFF mode=velocity v=8.0mm/s F=100N kp=5000 hold=1 wall=-14.53mm body_gap=+2.97mm stalled=Y drop=+161.3mm tilt=4.9deg width=44.5mm reach_err=+160.6mm verdict=FAIL

[saved] overview -> C:\Crusher_isaacsim\Crusher_Genesis\Crusher_M0609_RG2_Tablet_Samplebag\RESULT_ad_plan\grip-28mm\full_workflow_grip-28mm_yoff+0.0mm_20260831_212658_overview.mp4
[saved] bagcam   -> C:\Crusher_isaacsim\Crusher_Genesis\Crusher_M0609_RG2_Tablet_Samplebag\RESULT_ad_plan\grip-28mm\full_workflow_grip-28mm_yoff+0.0mm_20260831_212658_bagcam.mp4
[saved] sideview -> C:\Crusher_isaacsim\Crusher_Genesis\Crusher_M0609_RG2_Tablet_Samplebag\RESULT_ad_plan\grip-28mm\full_workflow_grip-28mm_yoff+0.0mm_20260831_212658_sideview.mp4

[timing] build=10.3s  steps=580.1s (7992 steps, 72.6ms/step)  합계=590.4s
완료.
