============================================================
 Full workflow: tablet drop -> bag catch -> grasp -> lift -> Crusher slot insert (viewer=False)
============================================================
[mjcf] Left_Wall 반사 관성 armature=10.0kg (링크 질량 0.312kg + 랙/피니언/감속기/로터). 100N -> 9.7 m/s^2, kv 안정 한계 4125
[mjcf] Left_Wall 형상 교체: 옛 geom 12개(시각 1 + hull 11) -> 본체 hull 5개 + 플랜지 1개 + 시각 1개. 플랜지 = 충돌+시각. 중립 간격 플랜지 12.50mm / 본체 17.50mm
[fem_ipc_workarounds] FEMEntity.set_vertex_constraints 패치 완료 (IPC 커플러 버그 우회)
[mjcf] 회수장치 턱 충돌메시 6개를 볼록껍질로 교체 (non-watertight -> IPC 투입 가능)
[38;5;226m[Genesis] [22:50:42] [WARNING] At least one of the meshes contain many faces (15432). Consider setting 'morph.decimate=True' to speed up collision detection and improve numerical stability.[0m
[38;5;226m[Genesis] [22:50:42] [WARNING] At least one of the meshes contain many faces (15762). Consider setting 'morph.decimate=True' to speed up collision detection and improve numerical stability.[0m
[38;5;226m[Genesis] [22:50:42] [WARNING] Mesh is not watertight. Falling back to convex hull for estimating inertial properties.[0m
[38;5;226m[Genesis] [22:50:43] [WARNING] Mesh is not watertight. Falling back to convex hull for estimating inertial properties.[0m
[38;5;226m[Genesis] [22:50:43] [WARNING] At least one of the meshes contain many faces (12522). Consider setting 'morph.decimate=True' to speed up collision detection and improve numerical stability.[0m
[38;5;226m[Genesis] [22:50:43] [WARNING] Mesh is not watertight. Falling back to convex hull for estimating inertial properties.[0m
[38;5;226m[Genesis] [22:50:43] [WARNING] Mesh is not watertight. Falling back to convex hull for estimating inertial properties.[0m
[38;5;226m[Genesis] [22:50:43] [WARNING] Mesh is not watertight. Falling back to convex hull for estimating inertial properties.[0m
[38;5;226m[Genesis] [22:50:43] [WARNING] Mesh is not watertight. Falling back to convex hull for estimating inertial properties.[0m
[38;5;226m[Genesis] [22:50:43] [WARNING] Mesh is not watertight. Falling back to convex hull for estimating inertial properties.[0m
[38;5;226m[Genesis] [22:50:43] [WARNING] Mesh is not watertight. Falling back to convex hull for estimating inertial properties.[0m
[38;5;226m[Genesis] [22:50:43] [WARNING] Mesh is not watertight. Falling back to convex hull for estimating inertial properties.[0m
[38;5;226m[Genesis] [22:50:43] [WARNING] Mesh is not watertight. Falling back to convex hull for estimating inertial properties.[0m
[38;5;226m[Genesis] [22:50:43] [WARNING] Mesh is not watertight. Falling back to convex hull for estimating inertial properties.[0m
[38;5;226m[Genesis] [22:50:43] [WARNING] Mesh is not watertight. Falling back to convex hull for estimating inertial properties.[0m
[38;5;226m[Genesis] [22:50:43] [WARNING] Mesh is not watertight. Falling back to convex hull for estimating inertial properties.[0m
[38;5;226m[Genesis] [22:50:43] [WARNING] Mesh is not watertight. Falling back to convex hull for estimating inertial properties.[0m
[38;5;226m[Genesis] [22:50:43] [WARNING] Mesh is not watertight. Falling back to convex hull for estimating inertial properties.[0m
[38;5;226m[Genesis] [22:50:43] [WARNING] Mesh is not watertight. Falling back to convex hull for estimating inertial properties.[0m
[38;5;226m[Genesis] [22:50:43] [WARNING] Mesh is not watertight. Falling back to convex hull for estimating inertial properties.[0m
[38;5;226m[Genesis] [22:50:43] [WARNING] At least one of the meshes contain many faces (27466). Consider setting 'morph.decimate=True' to speed up collision detection and improve numerical stability.[0m
[38;5;226m[Genesis] [22:50:43] [WARNING] Mesh is not watertight. Falling back to convex hull for estimating inertial properties.[0m
[38;5;226m[Genesis] [22:50:43] [WARNING] Mesh is not watertight. Falling back to convex hull for estimating inertial properties.[0m
[38;5;226m[Genesis] [22:50:43] [WARNING] Mesh is not watertight. Falling back to convex hull for estimating inertial properties.[0m
[38;5;226m[Genesis] [22:50:43] [WARNING] Mesh is not watertight. Falling back to convex hull for estimating inertial properties.[0m
[38;5;226m[Genesis] [22:50:43] [WARNING] Mesh is not watertight. Falling back to convex hull for estimating inertial properties.[0m

[build] scene.build() 시작...
[38;5;226m[Genesis] [22:50:44] [WARNING] Link 'L4_Motor2_Shaft_1' has dubious center of mass [x=0.000, y=-0.037, z=0.015] compared to the bounding box from geometry [x=(-0.018, 0.018), y=(-0.018, 0.018), z=(-0.000, 0.077)].[0m
[38;5;226m[Genesis] [22:50:44] [WARNING] Link 'M_Bottom_1' has dubious center of mass [x=0.166, y=0.030, z=-0.073] compared to the bounding box from geometry [x=(0.106, 0.155), y=(-0.011, 0.071), z=(-0.078, -0.068)].[0m
[38;5;226m[Genesis] [22:50:44] [WARNING] Link 'M_Back_1' has dubious center of mass [x=0.003, y=0.021, z=0.011] compared to the bounding box from geometry [x=(-0.035, -0.030), y=(-0.033, 0.076), z=(-0.005, 0.028)].[0m
[38;5;226m[Genesis] [22:50:44] [WARNING] Link 'M_Left1_1' has dubious center of mass [x=-0.025, y=-0.002, z=-0.014] compared to the bounding box from geometry [x=(-0.088, -0.032), y=(-0.005, -0.000), z=(-0.038, 0.010)].[0m
[38;5;226m[Genesis] [22:50:44] [WARNING] Link 'M_Right1_1' has dubious center of mass [x=-0.025, y=0.003, z=-0.014] compared to the bounding box from geometry [x=(-0.087, -0.033), y=(0.000, 0.005), z=(-0.038, 0.010)].[0m
[38;5;226m[Genesis] [22:50:44] [WARNING] Link 'M_Top_1' has dubious center of mass [x=-0.024, y=0.028, z=0.005] compared to the bounding box from geometry [x=(-0.088, -0.032), y=(-0.031, 0.088), z=(-0.000, 0.010)].[0m
[38;5;226m[Genesis] [22:50:44] [WARNING] Link 'M_LeftLink_1' has dubious center of mass [x=-0.002, y=0.005, z=0.046] compared to the bounding box from geometry [x=(-0.040, -0.035), y=(-0.005, 0.015), z=(-0.005, 0.095)].[0m
[38;5;226m[Genesis] [22:50:44] [WARNING] Link 'M_RightLink_1' has dubious center of mass [x=-0.002, y=-0.005, z=0.046] compared to the bounding box from geometry [x=(-0.040, -0.035), y=(-0.015, 0.005), z=(-0.005, 0.095)].[0m
[38;5;226m[Genesis] [22:50:44] [WARNING] Link 'M_LeftLink2_copy_1' has dubious center of mass [x=-0.005, y=-0.005, z=0.021] compared to the bounding box from geometry [x=(-0.044, -0.032), y=(-0.015, 0.005), z=(-0.000, 0.045)].[0m
[38;5;226m[Genesis] [22:50:44] [WARNING] Link 'link_2' has dubious center of mass [x=0.000, y=0.000, z=0.000] compared to the bounding box from geometry [x=(-0.068, 0.479), y=(-0.069, 0.069), z=(0.082, 0.274)].[0m
[38;5;226m[Genesis] [22:50:44] [WARNING] Constraint solver time constant should be greater than 2*substep_dt. timeconst is changed from `0.0002` to `0.01`). Decrease simulation timestep or increase timeconst to avoid altering the original value.[0m
[38;5;226m[Genesis] [22:50:45] [WARNING] Filtered out geometry pairs causing self-collision for the neutral configuration (qpos0): (91, 114), (104, 106). Consider tuning Morph option 'decompose_robot_error_threshold' or specify dedicated collision meshes. This behavior can be disabled by setting Morph option 'enable_neutral_collision=True'.[0m
C:\Users\simuser\miniconda3\envs\crusher_genesis\Lib\site-packages\quadrants\_test_tools\warnings_helper.py:11: UserWarning: cannot create weak reference to 'tuple' object. Template mapper caching disabled.
  warnings.warn(message)
[verify] L2_Left_Wall1_1 충돌 geom 6개 / 시각 geom 3개  (플랜지 접촉=ON, 기대 충돌 6개)
[build] 성공 (9.7s)
[bag] shape 고정: 714/714 정점(바닥+양측면), 입구는 자유
[slot] 간격축 = world Y (겹침 -12.5mm), 슬롯 길이축 = world X (겹침 +65.0mm)
[slot] gap_cx=0.2125 gap_cy=-0.0053 gap_width=12.5mm wall_top_z=0.0870
[slot] pocket(L1_Wall1_1) center=(0.1745,0.0330)
[suction] LSM 후방 +100mm  (LSM-NK174218-1204_100MM__1_Dummy_1)
[suction] 그리퍼 개방 -50mm  (L_E-SMLG9H-100-ES10_1_1_L_E-SMLG9H-100-ES10_2_1)
[recover] 샤프트 '회전_31' dof=1 (q=0 닫힘 / q=pi 열림, 라쳇 때문에 닫을 땐 pi->2pi)
[ctrl] Left_Wall armature=10.0kg (런타임 API) — 유효 질량 10.31kg, 100N -> 9.7 m/s^2, kv 안정 한계 4125 (현재 500)
[ctrl] Left_Wall force clip: ±100 N (Motor2 ctrlrange, docs/Crusher.md §5) — 벽은 이 힘에서 균형지는 위치에 멈춘다
[bag] grip_strip verts near FINGER_MID: 76
[38;5;226m[Genesis] [22:50:54] [WARNING] fps=30 is not reachable with dt=0.005. Recording at fps=28.57142857142857 instead.[0m
[38;5;226m[Genesis] [22:50:54] [WARNING] fps=30 is not reachable with dt=0.005. Recording at fps=28.57142857142857 instead.[0m
[38;5;226m[Genesis] [22:50:54] [WARNING] fps=30 is not reachable with dt=0.005. Recording at fps=28.57142857142857 instead.[0m

[phase] 0 prep (1.0s) — 크랭크 0->-3.142rad(-180deg), Left_Wall 0->+6mm(개방)
[phase] prep     @done  crank=-3.000rad  wall=+5.43mm
    [drop k=   0] tablet_z=+413.19mm bag_com=[0.00646321 0.2561791  0.39925352]
    [drop k=  40] tablet_z=+413.19mm bag_com=[0.00646321 0.2561791  0.39925352]
    [drop k=  80] tablet_z=+413.19mm bag_com=[0.00646321 0.2561791  0.39925352]
    [drop k= 120] tablet_z=+413.19mm bag_com=[0.00646321 0.2561791  0.39925352]
[phase] drop     @done  bag_com=[0.00646321 0.2561791  0.39925352]  finger_z=0.4378  tablet_z=+413.19mm  tilt=0.8deg  bag_bottom=0.3543
[phase] settle   @done  bag_com=[0.00646321 0.2561791  0.39925352]  finger_z=0.4378  tablet_z=+413.19mm  tilt=0.8deg  bag_bottom=0.3543
[bag] shape 고정 해제 — 이제부터 순수 마찰 파지
[phase] close    @done  bag_com=[0.00642959 0.2558197  0.39880055]  finger_z=0.4360  tablet_z=+413.01mm  tilt=0.4deg  bag_bottom=0.3538
[phase] grasp    @done  bag_com=[0.00640631 0.25581637 0.39880314]  finger_z=0.4361  tablet_z=+412.62mm  tilt=0.4deg  bag_bottom=0.3538
[phase] lift     @done  bag_com=[0.00561239 0.25891775 0.5243348 ]  finger_z=0.5620  tablet_z=+524.02mm  tilt=1.1deg  bag_bottom=0.4790
[phase] hold     @done  bag_com=[0.00560135 0.25865456 0.5243193 ]  finger_z=0.5620  tablet_z=+486.35mm  tilt=1.2deg  bag_bottom=0.4790
[slot] wall_center_z=0.0510  insert_z(finger)=0.1330  hang=82mm
[slot] 봉투중심 보정 dy=+0.0mm -> finger_y=-0.0053 (봉투중심 y=-0.0053 = gap_cy -0.0053)
[slot] 봉투중심 보정 dx=-28.0mm -> finger_x=0.2405 (봉투중심 x=0.2125 = gap_cx 0.2125) — 실링이 측벽에 물린다
[sweep] Y_OFFSET_MM=+0.0mm -> target_xy=[ 0.24049766 -0.00527226]  (gap_cy=-0.0053)
[cam] side view 고정: pos=(np.float64(0.21249766187667846), np.float64(-0.5552722595214844), np.float64(0.169001227684021)) look=(np.float64(0.21249766187667846), np.float64(-0.005272259521484357), np.float64(0.169001227684021)) (gap_width=12.5mm, z범위 above=0.2870~insert=0.1330)

[ik] above-slot target=[ 0.24049766 -0.00527226  0.28700123]  arm_q=[-5.1308709e-01  4.4076443e-01  8.6770678e-01 -7.4789859e-06
  1.8327442e+00  4.1990762e+00]
    [above k=   0] tablet_z=+486.35mm bag_com=[0.00560164 0.25865334 0.5243188 ]
    [above k=  40] tablet_z=+483.16mm bag_com=[0.00947417 0.25739315 0.52290785]
    [above k=  80] tablet_z=+473.54mm bag_com=[0.03084033 0.247387   0.51478815]
    [above k= 120] tablet_z=+456.42mm bag_com=[0.07157109 0.2222109  0.49515846]
    [above k= 160] tablet_z=+422.49mm bag_com=[0.11832424 0.1782653  0.46117562]
    [above k= 200] tablet_z=+378.80mm bag_com=[0.15538481 0.12735109 0.41311377]
    [above k= 240] tablet_z=+334.83mm bag_com=[0.19046566 0.07395647 0.35838935]
    [above k= 280] tablet_z=+291.68mm bag_com=[0.20140338 0.03828639 0.30684477]
    [above k= 320] tablet_z=+259.25mm bag_com=[0.21051641 0.00446734 0.27048838]
    [above k= 360] tablet_z=+241.34mm bag_com=[ 0.21225636 -0.00421011  0.25260624]
[phase] above    @done  bag_com=[ 0.21268786 -0.0081823   0.24971317]  finger_z=0.2868  tablet_z=+237.80mm  tilt=6.8deg  bag_bottom=0.2044
[phase] aboveset @done  bag_com=[ 0.21280238 -0.00705586  0.2494715 ]  finger_z=0.2868  tablet_z=+213.74mm  tilt=5.8deg  bag_bottom=0.2043
[ik] insert target=[ 0.24049766 -0.00527226  0.13300123]  웨이포인트 41개(카테시안 직선)  arm_q=[-5.1308286e-01  4.2123285e-01  1.3185004e+00  9.9781668e-05
  1.4014844e+00  4.1990857e+00]
    [insert k=   0] tablet_z=+213.43mm bag_com=[ 0.21275206 -0.00704982  0.24931575]
    [insert k=  40] tablet_z=+209.92mm bag_com=[ 0.2127995  -0.00696626  0.24794155]
    [insert k=  80] tablet_z=+199.62mm bag_com=[ 0.21284698 -0.00712936  0.2402744 ]
    [insert k= 120] tablet_z=+182.54mm bag_com=[ 0.21284907 -0.0070972   0.22386168]
    [insert k= 160] tablet_z=+158.46mm bag_com=[ 0.21284698 -0.00724044  0.19994043]
    [insert k= 200] tablet_z=+130.91mm bag_com=[ 0.21287256 -0.00693523  0.17172724]
    [insert k= 240] tablet_z=+104.58mm bag_com=[ 0.2128195  -0.00639104  0.14372995]
    [insert k= 280] tablet_z=+79.48mm bag_com=[ 0.21289559 -0.00645279  0.12000469]
    [insert k= 320] tablet_z=+63.08mm bag_com=[ 0.21291967 -0.00704441  0.10403328]
    [insert k= 360] tablet_z=+55.11mm bag_com=[ 0.21293503 -0.00683691  0.09660292]
[phase] insert   @done  bag_com=[ 0.21294373 -0.00696437  0.09536938]  finger_z=0.1328  tablet_z=+53.74mm  tilt=5.9deg  bag_bottom=0.0502
[phase] settle2  @done  bag_com=[ 0.21296613 -0.00695759  0.09533764]  finger_z=0.1328  tablet_z=+53.63mm  tilt=5.9deg  bag_bottom=0.0502
[trim] TRIM_ROUNDS=0 — 생략(기본값). settle2 시점 bag_bottom 오차 +0.8mm 를 그대로 결과로 쓴다.
[trim] 최종 finger_z=0.1330  (초기 0.1330, 하한 0.1030)

[phase] 9 clamp (4.3s) — Left_Wall +6.0mm 에서 **속도지령** 8.0mm/s 로 계속 닫음 (docs §11-5), lead 20.0mm = 정지 시 100N, 가드 -17.0mm
    [clamp t= 0.00s] wall=  +5.96mm v=  +0.08mm/s  본체면 잔여 +23.46mm  bag_com=[ 0.21296613 -0.00695759  0.09533764]
    [clamp t= 0.17s] wall=  +4.61mm v=  +2.73mm/s  본체면 잔여 +22.11mm  bag_com=[ 0.21296562 -0.00695466  0.09533423]
    [clamp t= 0.34s] wall=  +3.27mm v=  +5.39mm/s  본체면 잔여 +20.77mm  bag_com=[ 0.21296807 -0.00695268  0.09532658]
    [clamp t= 0.51s] wall=  +1.92mm v=  +8.04mm/s  본체면 잔여 +19.42mm  bag_com=[ 0.21297598 -0.00679467  0.09530679]
    [clamp t= 0.68s] wall=  +0.57mm v= +10.69mm/s  본체면 잔여 +18.07mm  bag_com=[ 0.21298468 -0.00617825  0.09527311]
    [clamp t= 0.85s] wall=  -0.77mm v= +13.36mm/s  본체면 잔여 +16.73mm  bag_com=[ 0.21301487 -0.00541262  0.09523886]
    [clamp t= 1.02s] wall=  -2.12mm v= +16.00mm/s  본체면 잔여 +15.38mm  bag_com=[ 0.21306363 -0.00470943  0.09521279]
    [clamp t= 1.19s] wall=  -3.47mm v= +18.66mm/s  본체면 잔여 +14.03mm  bag_com=[ 0.21312527 -0.00399024  0.09520832]
    [clamp t= 1.36s] wall=  -4.81mm v= +21.35mm/s  본체면 잔여 +12.69mm  bag_com=[ 0.21317123 -0.00325359  0.0952426 ]
    [clamp t= 1.53s] wall=  -6.16mm v= +24.04mm/s  본체면 잔여 +11.34mm  bag_com=[ 0.21322805 -0.00239014  0.09531908]
    [clamp t= 1.70s] wall=  -7.51mm v= +26.02mm/s  본체면 잔여  +9.99mm  bag_com=[ 0.21331678 -0.0019281   0.09541173]
    [clamp t= 1.87s] wall=  -8.82mm v= +35.90mm/s  본체면 잔여  +8.68mm  bag_com=[ 0.21335089 -0.00158542  0.09549524]
    [clamp t= 2.04s] wall= -10.30mm v= +12.75mm/s  본체면 잔여  +7.20mm  bag_com=[ 0.21336189 -0.00135218  0.09560876]
    [clamp t= 2.21s] wall= -11.78mm v= -12.72mm/s  본체면 잔여  +5.72mm  bag_com=[ 0.21339077 -0.0011916   0.09574728]
    [clamp t= 2.38s] wall= -12.19mm v= -38.37mm/s  본체면 잔여  +5.31mm  bag_com=[ 0.21340534 -0.00108601  0.09582203]
    [clamp t= 2.55s] wall= -12.20mm v= -40.78mm/s  본체면 잔여  +5.30mm  bag_com=[ 0.21340455 -0.00107535  0.09582448]
    [clamp t= 2.72s] wall= -12.21mm v= -41.29mm/s  본체면 잔여  +5.29mm  bag_com=[ 0.21340072 -0.00107005  0.09582261]
    [clamp t= 2.89s] wall= -12.21mm v= -41.60mm/s  본체면 잔여  +5.29mm  bag_com=[ 0.21339673 -0.00106423  0.09582002]
    [clamp t= 3.06s] wall= -12.21mm v= -41.83mm/s  본체면 잔여  +5.29mm  bag_com=[ 0.21339309 -0.00105869  0.09581724]
    [clamp t= 3.23s] wall= -12.21mm v= -42.00mm/s  본체면 잔여  +5.29mm  bag_com=[ 0.21338974 -0.00105407  0.09581447]
    [clamp t= 3.40s] wall= -12.21mm v= -42.13mm/s  본체면 잔여  +5.29mm  bag_com=[ 0.2133869  -0.00104946  0.09581163]
    [clamp t= 3.57s] wall= -12.21mm v= -42.24mm/s  본체면 잔여  +5.29mm  bag_com=[ 0.21338403 -0.0010453   0.09580868]
    [clamp t= 3.74s] wall= -12.21mm v= -42.34mm/s  본체면 잔여  +5.29mm  bag_com=[ 0.21338166 -0.00104124  0.09580598]
    [clamp t= 3.91s] wall= -12.21mm v= -42.42mm/s  본체면 잔여  +5.29mm  bag_com=[ 0.21337935 -0.00103703  0.09580325]
    [clamp t= 4.08s] wall= -12.21mm v= -42.50mm/s  본체면 잔여  +5.29mm  bag_com=[ 0.21337754 -0.00103303  0.09580068]
    [clamp t= 4.25s] wall= -12.21mm v= -42.57mm/s  본체면 잔여  +5.29mm  bag_com=[ 0.21337567 -0.00102941  0.09579828]
[phase] clamp    @done  wall=-12.21mm  (잔여: 플랜지면 0.29mm / 본체면 5.29mm)  bag_com=[ 0.2133753  -0.00102832  0.0957975 ]
[clamp] 봉투 반력에 막혀 정지  (가드 -17.00mm, 최종 v=-42.59mm/s)
    [hold2 k=   0] tablet_z=+55.42mm bag_com=[ 0.21337523 -0.00102822  0.09579746]
    [hold2 k=  40] tablet_z=+55.43mm bag_com=[ 0.2133736  -0.00102503  0.09579535]
    [hold2 k=  80] tablet_z=+55.43mm bag_com=[ 0.21337211 -0.0010231   0.09579375]
[phase] hold2    @done  bag_com=[ 0.2133716  -0.001022    0.09579308]  finger_z=0.1328  tablet_z=+55.44mm  tilt=1.7deg  bag_bottom=0.0518

[phase] 11 crush (15s, 3000 step) — 크랭크 8.0 RPM (0.8378 rad/s) 연속 회전 ≈ 2.0 바퀴
[ctrl] crank torque clip: ±12.5 N·m (docs/Crusher.md §2-2), kv=5000 — velocity 제어
[crush] 시작 정제 크기 5.03 x 3.78 x 3.92 mm
    [crush t=  0.0s] crank=    +0.0deg ( 0.02 RPM)  wall=-12.75mm  정제  5.03x 3.78x 3.92mm
    [crush t=  0.5s] crank=    +3.7deg ( 2.39 RPM)  wall=-16.67mm  정제  5.24x 3.29x 4.06mm
    [crush t=  1.0s] crank=   +14.4deg ( 4.74 RPM)  wall=-16.64mm  정제  5.24x 3.29x 4.06mm
    [crush t=  1.5s] crank=   +32.2deg ( 7.08 RPM)  wall=-16.64mm  정제  5.24x 3.30x 4.05mm
    [crush t=  2.0s] crank=   +55.6deg ( 8.00 RPM)  wall=-16.65mm  정제  5.24x 3.31x 4.05mm
    [crush t=  2.5s] crank=   +79.6deg ( 8.00 RPM)  wall=-16.66mm  정제  5.24x 3.31x 4.05mm
    [crush t=  3.0s] crank=  +103.6deg ( 8.00 RPM)  wall=-16.67mm  정제  5.23x 3.31x 4.05mm
    [crush t=  3.5s] crank=  +127.6deg ( 8.00 RPM)  wall=-16.68mm  정제  5.23x 3.32x 4.05mm
    [crush t=  4.0s] crank=  +151.6deg ( 7.82 RPM)  wall=-16.69mm  정제  6.97x 0.17x 4.38mm
    [crush t=  4.5s] crank=  +172.2deg ( 6.27 RPM)  wall=-16.70mm  정제  6.54x 0.32x 3.87mm
    [crush t=  5.0s] crank=  +193.5deg ( 8.03 RPM)  wall=-16.71mm  정제  6.39x 0.19x 3.39mm
    [crush t=  5.5s] crank=  +217.6deg ( 8.00 RPM)  wall=-16.73mm  정제  6.30x 1.75x 4.66mm
    [crush t=  6.0s] crank=  +241.6deg ( 8.00 RPM)  wall=-16.75mm  정제  5.25x 3.27x 4.07mm
    [crush t=  6.5s] crank=  +265.6deg ( 8.00 RPM)  wall=-16.76mm  정제  5.25x 3.31x 4.03mm
    [crush t=  7.0s] crank=  +289.6deg ( 8.00 RPM)  wall=-16.78mm  정제  5.23x 3.33x 4.03mm
    [crush t=  7.5s] crank=  +313.6deg ( 8.00 RPM)  wall=-16.79mm  정제  5.22x 3.35x 4.05mm
    [crush t=  8.0s] crank=  +337.6deg ( 8.00 RPM)  wall=-16.80mm  정제  5.22x 3.35x 4.07mm
    [crush t=  8.5s] crank=  +361.6deg ( 8.00 RPM)  wall=-16.82mm  정제  5.22x 3.34x 4.09mm
    [crush t=  9.0s] crank=  +385.6deg ( 8.00 RPM)  wall=-16.83mm  정제  5.22x 3.34x 4.10mm
    [crush t=  9.5s] crank=  +409.6deg ( 8.00 RPM)  wall=-16.84mm  정제  5.21x 3.34x 4.11mm
    [crush t= 10.0s] crank=  +433.6deg ( 8.00 RPM)  wall=-16.85mm  정제  5.21x 3.34x 4.11mm
    [crush t= 10.5s] crank=  +457.6deg ( 8.00 RPM)  wall=-16.86mm  정제  5.21x 3.33x 4.12mm
    [crush t= 11.0s] crank=  +481.6deg ( 8.00 RPM)  wall=-16.88mm  정제  5.21x 3.33x 4.12mm
    [crush t= 11.5s] crank=  +505.6deg ( 8.00 RPM)  wall=-16.88mm  정제  7.44x 0.94x 5.32mm
    [crush t= 12.0s] crank=  +529.4deg ( 7.79 RPM)  wall=-16.89mm  정제  6.01x 0.30x 4.13mm
    [crush t= 12.5s] crank=  +553.3deg ( 8.02 RPM)  wall=-16.90mm  정제  5.46x 0.16x 3.63mm
    [crush t= 13.0s] crank=  +577.3deg ( 8.00 RPM)  wall=-16.91mm  정제  5.82x 2.28x 4.50mm
    [crush t= 13.5s] crank=  +601.3deg ( 8.00 RPM)  wall=-16.93mm  정제  5.24x 3.24x 4.10mm
    [crush t= 14.0s] crank=  +625.3deg ( 8.00 RPM)  wall=-16.94mm  정제  5.23x 3.27x 4.10mm
    [crush t= 14.5s] crank=  +649.3deg ( 8.00 RPM)  wall=-16.95mm  정제  5.24x 3.28x 4.11mm
[phase] crush    @done  크랭크 +673.1deg (1.87 바퀴)  wall=-16.97mm
[crush] 정제 5.03x3.78x3.92 -> 5.24x3.29x4.15 mm  (변화 +0.20/-0.49/+0.23)
[crush] bag_com=[0.21368408 0.00157242 0.09641387]  tilt=4.1deg  bag_bottom=0.0551

[recover] 물림 중심 world=(-0.0565, -0.2750)  봉투하단 z=0.2005 (F_Top 상면 -10mm)  finger z=0.2825  손목 +90deg
[recover] 봉투중심 보정 -28.0mm @ 90deg -> TCP 목표 (-0.0565, -0.2470)
[recover] 실링 정렬 자세 90deg 로 도달 — 스윕 생략
[recover] IK yaw 채택 90deg — 진입 0.1mm / 물림 0.1mm
[recover] IK 도달오차  진입 0.1mm / 물림 0.1mm  (허용 15mm)

[phase] 12a unclamp (1.0s) — Left_Wall -12.00 -> +6.0mm
[phase] unclamp  @done  wall=-16.82mm bag_com=[0.21366982 0.00164541 0.09644926]
    [extract k=   0] tablet_z=+60.06mm bag_com=[0.21365166 0.0017084  0.09636813]
    [extract k=  40] tablet_z=+60.08mm bag_com=[0.21360497 0.00106185 0.09743278]
    [extract k=  80] tablet_z=+60.07mm bag_com=[0.2137091  0.00064923 0.09856476]
    [extract k= 120] tablet_z=+60.14mm bag_com=[0.21314019 0.01637418 0.08968432]
    [extract k= 160] tablet_z=+60.20mm bag_com=[0.21311179 0.01528619 0.09105033]
    [extract k= 200] tablet_z=+60.23mm bag_com=[0.21311413 0.0152888  0.09105847]
    [extract k= 240] tablet_z=+60.25mm bag_com=[0.21311483 0.01529324 0.09106088]
    [extract k= 280] tablet_z=+60.27mm bag_com=[0.21310814 0.01546516 0.09084676]
[phase] extract  @done  bag_com=[0.21310332 0.01553472 0.09075917]  finger_z=0.2868  tablet_z=+60.29mm  tilt=35.1deg  bag_bottom=0.0555
[recover] plan_path(RRTConnect) 성공 — 웨이포인트 600개, 충돌검사 포함
    [toRC k=   0] tablet_z=+60.29mm bag_com=[0.21310332 0.01553583 0.09075774]
    [toRC k=  40] tablet_z=+60.31mm bag_com=[0.21310066 0.01554384 0.09075172]
    [toRC k=  80] tablet_z=+60.34mm bag_com=[0.21309833 0.01554282 0.09075709]
    [toRC k= 120] tablet_z=+60.40mm bag_com=[0.2130923  0.01553734 0.09076209]
    [toRC k= 160] tablet_z=+60.43mm bag_com=[0.21309042 0.01553976 0.09076452]
    [toRC k= 200] tablet_z=+60.45mm bag_com=[0.21308811 0.01554347 0.09076634]
    [toRC k= 240] tablet_z=+60.48mm bag_com=[0.21308559 0.01554805 0.09076713]
    [toRC k= 280] tablet_z=+60.50mm bag_com=[0.21308243 0.01555302 0.09076748]
    [toRC k= 320] tablet_z=+60.52mm bag_com=[0.21307914 0.01555869 0.09076698]
    [toRC k= 360] tablet_z=+60.54mm bag_com=[0.2130761  0.01556518 0.09076519]
    [toRC k= 400] tablet_z=+60.57mm bag_com=[0.21307191 0.01557287 0.09076195]
    [toRC k= 440] tablet_z=+60.59mm bag_com=[0.21306768 0.01558208 0.09075633]
    [toRC k= 480] tablet_z=+60.62mm bag_com=[0.2130624  0.01559369 0.09074742]
    [toRC k= 520] tablet_z=+60.64mm bag_com=[0.21304114 0.01571039 0.09059104]
    [toRC k= 560] tablet_z=+60.66mm bag_com=[0.21304037 0.01582484 0.09044512]
[phase] toRC     @done  bag_com=[0.21303186 0.01596653 0.09025256]  finger_z=0.3623  tablet_z=+60.69mm  tilt=36.8deg  bag_bottom=0.0559
[phase] rcset    @done  bag_com=[0.21300094 0.01605954 0.09013305]  finger_z=0.3623  tablet_z=+60.78mm  tilt=37.2deg  bag_bottom=0.0559
    [rcdown k=   0] tablet_z=+60.78mm bag_com=[0.21300082 0.01606031 0.090132  ]
    [rcdown k=  40] tablet_z=+60.80mm bag_com=[0.2129941  0.01607289 0.09012025]
    [rcdown k=  80] tablet_z=+60.82mm bag_com=[0.21298788 0.01607783 0.09011978]
    [rcdown k= 120] tablet_z=+60.84mm bag_com=[0.21298306 0.01608255 0.09011984]
    [rcdown k= 160] tablet_z=+60.86mm bag_com=[0.21297914 0.01608694 0.09012176]
    [rcdown k= 200] tablet_z=+60.89mm bag_com=[0.2129742  0.01609153 0.09012248]
    [rcdown k= 240] tablet_z=+60.91mm bag_com=[0.21295394 0.01613874 0.09004522]
    [rcdown k= 280] tablet_z=+60.94mm bag_com=[0.21294709 0.01619647 0.08996439]
[phase] rcdown   @done  bag_com=[0.21294473 0.01621326 0.08994098]  finger_z=0.2823  tablet_z=+60.95mm  tilt=37.5deg  bag_bottom=0.0561
[recover] 투입 완료  bag_com=(0.2129, 0.0162, 0.0899)  수평오차=396.7mm  bag_bottom=0.0561 (목표 0.2005)  tilt=37.5deg

[phase] 12d rclock (2.0s) — 샤프트 180 -> 360deg (잠금)
[phase] rclock   @done  샤프트=360.0deg  bag_com=[0.21290533 0.01629935 0.08987424]  tilt=37.9deg
    [rcrel k=   0] tablet_z=+61.17mm bag_com=[0.21290526 0.01629943 0.08987442]
    [rcrel k=  40] tablet_z=+61.20mm bag_com=[0.21290326 0.01630216 0.08987868]
    [rcrel k=  80] tablet_z=+61.22mm bag_com=[0.2129013  0.01630473 0.08988231]
    [rcrel k= 120] tablet_z=+61.25mm bag_com=[0.21289949 0.01630721 0.08988574]
[phase] rcrel    @done  bag_com=[0.2128976  0.0163289  0.08985371]  finger_z=0.2840  tablet_z=+61.27mm  tilt=38.1deg  bag_bottom=0.0563
[recover] **해제 후 낙하 +0.1mm** — 회수장치가 봉투를 잡고 있다

[RESULT] GRIP_OFFSET_MM=-28mm  Y_OFFSET_MM=+0.0mm  verdict=PASS  (삽입 성공, 걸림/붕괴 없음)
[RESULT] final_bottom_z=0.0563  wall_center_z=0.0510  오차=+5.3mm(+면 얕음/-면 깊음)
[RESULT] width_y=65.6mm(baseline 15.0mm)  height_z=70.2mm(baseline 90.7mm)
[SUMMARY] flange=ON mode=velocity v=8.0mm/s F=100N kp=5000 hold=1 wall=-12.21mm body_gap=+5.29mm stalled=Y drop=+4.6mm tilt=38.1deg width=65.6mm reach_err=+5.3mm verdict=PASS

[saved] overview -> C:\Crusher_isaacsim\Crusher_Genesis\Crusher_M0609_RG2_Tablet_Samplebag\RESULT_af_default\grip-28mm\full_workflow_grip-28mm_yoff+0.0mm_20260831_225036_overview.mp4
[saved] bagcam   -> C:\Crusher_isaacsim\Crusher_Genesis\Crusher_M0609_RG2_Tablet_Samplebag\RESULT_af_default\grip-28mm\full_workflow_grip-28mm_yoff+0.0mm_20260831_225036_bagcam.mp4
[saved] sideview -> C:\Crusher_isaacsim\Crusher_Genesis\Crusher_M0609_RG2_Tablet_Samplebag\RESULT_af_default\grip-28mm\full_workflow_grip-28mm_yoff+0.0mm_20260831_225036_sideview.mp4

[timing] build=9.7s  steps=560.4s (7992 steps, 70.1ms/step)  합계=570.1s
완료.
