[cfg] LEFTWALL_FLANGE_CONTACT=1 WALL_CLOSE_MMPS=8 WALL_FORCE_LIM_N=100 HOLD_THROUGH_CLAMP=0
============================================================
 Full workflow: tablet drop -> bag catch -> grasp -> lift -> Crusher slot insert (viewer=False)
============================================================
[mjcf] Left_Wall 형상 교체: 옛 geom 12개(시각 1 + hull 11) -> 본체 hull 5개 + 플랜지 1개 + 시각 1개. 플랜지 = 충돌+시각. 중립 간격 플랜지 12.50mm / 본체 17.50mm
[fem_ipc_workarounds] FEMEntity.set_vertex_constraints 패치 완료 (IPC 커플러 버그 우회)
[38;5;226m[Genesis] [05:13:24] [WARNING] At least one of the meshes contain many faces (15432). Consider setting 'morph.decimate=True' to speed up collision detection and improve numerical stability.[0m
[38;5;226m[Genesis] [05:13:24] [WARNING] At least one of the meshes contain many faces (15762). Consider setting 'morph.decimate=True' to speed up collision detection and improve numerical stability.[0m
[38;5;226m[Genesis] [05:13:24] [WARNING] Mesh is not watertight. Falling back to convex hull for estimating inertial properties.[0m
[38;5;226m[Genesis] [05:13:24] [WARNING] Mesh is not watertight. Falling back to convex hull for estimating inertial properties.[0m
[38;5;226m[Genesis] [05:13:24] [WARNING] At least one of the meshes contain many faces (12522). Consider setting 'morph.decimate=True' to speed up collision detection and improve numerical stability.[0m
[38;5;226m[Genesis] [05:13:24] [WARNING] Mesh is not watertight. Falling back to convex hull for estimating inertial properties.[0m
[38;5;226m[Genesis] [05:13:24] [WARNING] Mesh is not watertight. Falling back to convex hull for estimating inertial properties.[0m
[38;5;226m[Genesis] [05:13:24] [WARNING] Mesh is not watertight. Falling back to convex hull for estimating inertial properties.[0m
[38;5;226m[Genesis] [05:13:24] [WARNING] Mesh is not watertight. Falling back to convex hull for estimating inertial properties.[0m
[38;5;226m[Genesis] [05:13:24] [WARNING] Mesh is not watertight. Falling back to convex hull for estimating inertial properties.[0m
[38;5;226m[Genesis] [05:13:24] [WARNING] Mesh is not watertight. Falling back to convex hull for estimating inertial properties.[0m
[38;5;226m[Genesis] [05:13:24] [WARNING] Mesh is not watertight. Falling back to convex hull for estimating inertial properties.[0m
[38;5;226m[Genesis] [05:13:24] [WARNING] Mesh is not watertight. Falling back to convex hull for estimating inertial properties.[0m
[38;5;226m[Genesis] [05:13:24] [WARNING] Mesh is not watertight. Falling back to convex hull for estimating inertial properties.[0m
[38;5;226m[Genesis] [05:13:24] [WARNING] Mesh is not watertight. Falling back to convex hull for estimating inertial properties.[0m
[38;5;226m[Genesis] [05:13:24] [WARNING] Mesh is not watertight. Falling back to convex hull for estimating inertial properties.[0m
[38;5;226m[Genesis] [05:13:24] [WARNING] Mesh is not watertight. Falling back to convex hull for estimating inertial properties.[0m
[38;5;226m[Genesis] [05:13:24] [WARNING] Mesh is not watertight. Falling back to convex hull for estimating inertial properties.[0m
[38;5;226m[Genesis] [05:13:25] [WARNING] Mesh is not watertight. Falling back to convex hull for estimating inertial properties.[0m
[38;5;226m[Genesis] [05:13:25] [WARNING] Mesh is not watertight. Falling back to convex hull for estimating inertial properties.[0m
[38;5;226m[Genesis] [05:13:25] [WARNING] At least one of the meshes contain many faces (27466). Consider setting 'morph.decimate=True' to speed up collision detection and improve numerical stability.[0m
[38;5;226m[Genesis] [05:13:25] [WARNING] Mesh is not watertight. Falling back to convex hull for estimating inertial properties.[0m
[38;5;226m[Genesis] [05:13:25] [WARNING] Mesh is not watertight. Falling back to convex hull for estimating inertial properties.[0m
[38;5;226m[Genesis] [05:13:25] [WARNING] Mesh is not watertight. Falling back to convex hull for estimating inertial properties.[0m
[38;5;226m[Genesis] [05:13:25] [WARNING] Mesh is not watertight. Falling back to convex hull for estimating inertial properties.[0m
[38;5;226m[Genesis] [05:13:25] [WARNING] Mesh is not watertight. Falling back to convex hull for estimating inertial properties.[0m

[build] scene.build() 시작...
[38;5;226m[Genesis] [05:13:25] [WARNING] Link 'L4_Motor2_Shaft_1' has dubious center of mass [x=0.000, y=-0.037, z=0.015] compared to the bounding box from geometry [x=(-0.018, 0.018), y=(-0.018, 0.018), z=(-0.000, 0.077)].[0m
[38;5;226m[Genesis] [05:13:25] [WARNING] Link 'M_Bottom_1' has dubious center of mass [x=0.166, y=0.030, z=-0.073] compared to the bounding box from geometry [x=(0.106, 0.155), y=(-0.011, 0.071), z=(-0.078, -0.068)].[0m
[38;5;226m[Genesis] [05:13:25] [WARNING] Link 'M_Back_1' has dubious center of mass [x=0.003, y=0.021, z=0.011] compared to the bounding box from geometry [x=(-0.035, -0.030), y=(-0.033, 0.076), z=(-0.005, 0.028)].[0m
[38;5;226m[Genesis] [05:13:25] [WARNING] Link 'M_Left1_1' has dubious center of mass [x=-0.025, y=-0.002, z=-0.014] compared to the bounding box from geometry [x=(-0.088, -0.032), y=(-0.005, -0.000), z=(-0.038, 0.010)].[0m
[38;5;226m[Genesis] [05:13:25] [WARNING] Link 'M_Right1_1' has dubious center of mass [x=-0.025, y=0.003, z=-0.014] compared to the bounding box from geometry [x=(-0.087, -0.033), y=(0.000, 0.005), z=(-0.038, 0.010)].[0m
[38;5;226m[Genesis] [05:13:25] [WARNING] Link 'M_Top_1' has dubious center of mass [x=-0.024, y=0.028, z=0.005] compared to the bounding box from geometry [x=(-0.088, -0.032), y=(-0.031, 0.088), z=(-0.000, 0.010)].[0m
[38;5;226m[Genesis] [05:13:25] [WARNING] Link 'M_LeftLink_1' has dubious center of mass [x=-0.002, y=0.005, z=0.046] compared to the bounding box from geometry [x=(-0.040, -0.035), y=(-0.005, 0.015), z=(-0.005, 0.095)].[0m
[38;5;226m[Genesis] [05:13:25] [WARNING] Link 'M_RightLink_1' has dubious center of mass [x=-0.002, y=-0.005, z=0.046] compared to the bounding box from geometry [x=(-0.040, -0.035), y=(-0.015, 0.005), z=(-0.005, 0.095)].[0m
[38;5;226m[Genesis] [05:13:25] [WARNING] Link 'M_LeftLink2_copy_1' has dubious center of mass [x=-0.005, y=-0.005, z=0.021] compared to the bounding box from geometry [x=(-0.044, -0.032), y=(-0.015, 0.005), z=(-0.000, 0.045)].[0m
[38;5;226m[Genesis] [05:13:25] [WARNING] Link 'link_2' has dubious center of mass [x=0.000, y=0.000, z=0.000] compared to the bounding box from geometry [x=(-0.068, 0.479), y=(-0.069, 0.069), z=(0.082, 0.274)].[0m
[38;5;226m[Genesis] [05:13:26] [WARNING] Constraint solver time constant should be greater than 2*substep_dt. timeconst is changed from `0.0002` to `0.01`). Decrease simulation timestep or increase timeconst to avoid altering the original value.[0m
[38;5;226m[Genesis] [05:13:27] [WARNING] Filtered out geometry pairs causing self-collision for the neutral configuration (qpos0): (91, 114), (104, 106). Consider tuning Morph option 'decompose_robot_error_threshold' or specify dedicated collision meshes. This behavior can be disabled by setting Morph option 'enable_neutral_collision=True'.[0m
C:\Users\user\AppData\Local\Programs\Python\Python311\Lib\site-packages\quadrants\_test_tools\warnings_helper.py:11: UserWarning: cannot create weak reference to 'tuple' object. Template mapper caching disabled.
  warnings.warn(message)
[verify] L2_Left_Wall1_1 충돌 geom 6개 / 시각 geom 3개  (플랜지 접촉=ON, 기대 충돌 6개)
[build] 성공 (10.8s)
[bag] shape 고정: 714/714 정점(바닥+양측면), 입구는 자유
[slot] 간격축 = world Y (겹침 -12.5mm), 슬롯 길이축 = world X (겹침 +65.0mm)
[slot] gap_cx=0.2125 gap_cy=-0.0053 gap_width=12.5mm wall_top_z=0.0870
[slot] pocket(L1_Wall1_1) center=(0.1745,0.0330)
[ctrl] Left_Wall force clip: ±100 N (Motor2 ctrlrange, docs/Crusher.md §5) — 벽은 이 힘에서 균형지는 위치에 멈춘다
[bag] grip_strip verts near FINGER_MID: 76

[phase] 0 prep (1.0s) — 크랭크 0->-3.142rad(-180deg), Left_Wall 0->+6mm(개방)
[phase] prep     @done  crank=-3.000rad  wall=+5.43mm
    [drop k=   0] tablet_z=+434.79mm bag_com=[0.00646321 0.2561791  0.39925352]
    [drop k=  40] tablet_z=+428.16mm bag_com=[0.00646321 0.2561791  0.39925352]
    [drop k=  80] tablet_z=+419.39mm bag_com=[0.00646321 0.2561791  0.39925352]
    [drop k= 120] tablet_z=+397.04mm bag_com=[0.00646321 0.2561791  0.39925352]
[phase] drop     @done  bag_com=[0.00646321 0.2561791  0.39925352]  finger_z=0.4378  tablet_z=+389.17mm  tilt=0.8deg  bag_bottom=0.3543
[phase] settle   @done  bag_com=[0.00646321 0.2561791  0.39925352]  finger_z=0.4378  tablet_z=+369.57mm  tilt=0.8deg  bag_bottom=0.3543
[bag] shape 고정 해제 — 이제부터 순수 마찰 파지
[phase] close    @done  bag_com=[0.00646659 0.25565523 0.39879948]  finger_z=0.4360  tablet_z=+361.72mm  tilt=0.8deg  bag_bottom=0.3538
[phase] grasp    @done  bag_com=[0.00642885 0.2557501  0.39880222]  finger_z=0.4361  tablet_z=+359.05mm  tilt=0.8deg  bag_bottom=0.3538
[phase] lift     @done  bag_com=[0.00565057 0.258827   0.5243499 ]  finger_z=0.5620  tablet_z=+482.93mm  tilt=1.1deg  bag_bottom=0.4791
[phase] hold     @done  bag_com=[0.00564882 0.25866553 0.5243465 ]  finger_z=0.5620  tablet_z=+482.92mm  tilt=1.3deg  bag_bottom=0.4791
[slot] wall_center_z=0.0510  insert_z(finger)=0.1330  hang=82mm
[slot] 봉투중심 보정 dy=+0.0mm -> finger_y=-0.0053 (봉투중심 y=-0.0053 = gap_cy -0.0053)
[sweep] Y_OFFSET_MM=+0.0mm -> target_xy=[ 0.21249766 -0.00527226]  (gap_cy=-0.0053)
[cam] side view 고정: pos=(np.float64(0.21249766187667846), np.float64(-0.5552722595214844), np.float64(0.169001227684021)) look=(np.float64(0.21249766187667846), np.float64(-0.005272259521484357), np.float64(0.169001227684021)) (gap_width=12.5mm, z범위 above=0.2870~insert=0.1330)

[ik] above-slot target=[ 0.21249766 -0.00527226  0.28700123]  arm_q=[-5.4024434e-01  3.6852565e-01  9.7265387e-01  9.1157854e-06
  1.8000382e+00  4.1719236e+00]
    [above k=   0] tablet_z=+482.92mm bag_com=[0.00564929 0.25866455 0.52434653]
    [above k=  40] tablet_z=+481.55mm bag_com=[0.00939478 0.25773212 0.5229727 ]
    [above k=  80] tablet_z=+473.40mm bag_com=[0.02975978 0.24692023 0.51471686]
    [above k= 120] tablet_z=+454.44mm bag_com=[0.06825461 0.22090696 0.49497136]
    [above k= 160] tablet_z=+419.50mm bag_com=[0.11102098 0.17623243 0.46058065]
    [above k= 200] tablet_z=+371.97mm bag_com=[0.14058065 0.12581043 0.41254988]
    [above k= 240] tablet_z=+317.12mm bag_com=[0.16995959 0.07379969 0.3573469 ]
    [above k= 280] tablet_z=+265.77mm bag_com=[0.17933095 0.03594388 0.30638874]
    [above k= 320] tablet_z=+229.74mm bag_com=[0.18374081 0.00778669 0.26992095]
    [above k= 360] tablet_z=+212.79mm bag_com=[ 0.18464677 -0.00705277  0.25278357]
[phase] above    @done  bag_com=[ 0.18462066 -0.00651293  0.24965689]  finger_z=0.2868  tablet_z=+209.53mm  tilt=5.7deg  bag_bottom=0.2043
[phase] aboveset @done  bag_com=[ 0.18476787 -0.00695561  0.24950492]  finger_z=0.2868  tablet_z=+209.22mm  tilt=5.7deg  bag_bottom=0.2043
[ik] insert target=[ 0.21249766 -0.00527226  0.13300123]  웨이포인트 41개(카테시안 직선)  arm_q=[-5.40233552e-01  3.61594141e-01  1.40397334e+00  1.10695124e-04
  1.37564516e+00  4.17193031e+00]
    [insert k=   0] tablet_z=+209.07mm bag_com=[ 0.18471442 -0.00695002  0.24934727]
    [insert k=  40] tablet_z=+207.31mm bag_com=[ 0.18476366 -0.00697033  0.2479715 ]
    [insert k=  80] tablet_z=+199.11mm bag_com=[ 0.18481398 -0.00693362  0.24028349]
    [insert k= 120] tablet_z=+182.74mm bag_com=[ 0.18480635 -0.00721389  0.22389108]
    [insert k= 160] tablet_z=+158.74mm bag_com=[ 0.18481387 -0.00706739  0.19994526]
    [insert k= 200] tablet_z=+130.51mm bag_com=[ 0.1848057  -0.00636094  0.17174064]
    [insert k= 240] tablet_z=+103.69mm bag_com=[ 0.18485136 -0.00606615  0.14363544]
    [insert k= 280] tablet_z=+79.21mm bag_com=[ 0.18486078 -0.00703059  0.12005286]
    [insert k= 320] tablet_z=+62.71mm bag_com=[ 0.1848805  -0.00718055  0.10405666]
    [insert k= 360] tablet_z=+55.03mm bag_com=[ 0.18489887 -0.00687101  0.09661711]
[phase] insert   @done  bag_com=[ 0.18490896 -0.00690124  0.09537742]  finger_z=0.1328  tablet_z=+53.70mm  tilt=5.8deg  bag_bottom=0.0502
[phase] settle2  @done  bag_com=[ 0.18493302 -0.00691091  0.09534172]  finger_z=0.1328  tablet_z=+53.66mm  tilt=5.8deg  bag_bottom=0.0502
[trim] TRIM_ROUNDS=0 — 생략(기본값). settle2 시점 bag_bottom 오차 +0.8mm 를 그대로 결과로 쓴다.
[trim] 최종 finger_z=0.1330  (초기 0.1330, 하한 0.1030)

[phase] 9 clamp (4.3s) — Left_Wall +6.0mm 에서 **속도지령** 8.0mm/s 로 계속 닫음 (docs §11-5), lead 20.0mm = 정지 시 100N, 가드 -17.0mm
    [clamp t= 0.00s] wall=  +6.00mm v=  -0.34mm/s  본체면 잔여 +23.50mm  bag_com=[ 0.18493322 -0.00691148  0.09534144]
    [clamp t= 0.17s] wall=  +5.24mm v=  -6.68mm/s  본체면 잔여 +22.74mm  bag_com=[ 0.18493363 -0.00690933  0.09533651]
    [clamp t= 0.34s] wall=  +3.98mm v=  -7.77mm/s  본체면 잔여 +21.48mm  bag_com=[ 0.18493909 -0.00690861  0.09532496]
    [clamp t= 0.51s] wall=  +2.64mm v=  -7.97mm/s  본체면 잔여 +20.14mm  bag_com=[ 0.1849421  -0.00690697  0.09531625]
    [clamp t= 0.68s] wall=  +1.28mm v=  -8.02mm/s  본체면 잔여 +18.78mm  bag_com=[ 0.184947   -0.00687836  0.09530372]
    [clamp t= 0.85s] wall=  -0.08mm v=  -8.03mm/s  본체면 잔여 +17.42mm  bag_com=[ 0.1849692  -0.00612423  0.09525269]
    [clamp t= 1.02s] wall=  -1.44mm v=  -8.03mm/s  본체면 잔여 +16.06mm  bag_com=[ 0.18502273 -0.00502907  0.09520495]
    [clamp t= 1.19s] wall=  -2.81mm v=  -8.00mm/s  본체면 잔여 +14.69mm  bag_com=[ 0.18509099 -0.00415808  0.09518467]
    [clamp t= 1.36s] wall=  -4.17mm v=  -8.03mm/s  본체면 잔여 +13.33mm  bag_com=[ 0.18512066 -0.00377088  0.09520171]
    [clamp t= 1.53s] wall=  -5.53mm v=  -7.96mm/s  본체면 잔여 +11.97mm  bag_com=[ 0.18513982 -0.00332681  0.09524374]
    [clamp t= 1.70s] wall=  -6.90mm v=  -8.05mm/s  본체면 잔여 +10.60mm  bag_com=[ 0.18518928 -0.00277866  0.09529682]
    [clamp t= 1.87s] wall=  -8.09mm v=  -4.25mm/s  본체면 잔여  +9.41mm  bag_com=[ 0.18519549 -0.00244813  0.09537672]
    [clamp t= 2.04s] wall=  -9.05mm v= -25.95mm/s  본체면 잔여  +8.45mm  bag_com=[ 0.1852365  -0.00222804  0.09541604]
