[cfg] LEFTWALL_FLANGE_CONTACT=0 WALL_CLOSE_MMPS=2 WALL_FORCE_LIM_N=100 HOLD_THROUGH_CLAMP=0
============================================================
 Full workflow: tablet drop -> bag catch -> grasp -> lift -> Crusher slot insert (viewer=False)
============================================================
[mjcf] Left_Wall 형상 교체: 옛 geom 12개(시각 1 + hull 11) -> 본체 hull 5개 + 플랜지 1개 + 시각 1개. 플랜지 = **시각 전용(접촉 제외)**. 중립 간격 플랜지 12.50mm / 본체 17.50mm
[fem_ipc_workarounds] FEMEntity.set_vertex_constraints 패치 완료 (IPC 커플러 버그 우회)
[38;5;226m[Genesis] [05:38:26] [WARNING] At least one of the meshes contain many faces (15432). Consider setting 'morph.decimate=True' to speed up collision detection and improve numerical stability.[0m
[38;5;226m[Genesis] [05:38:26] [WARNING] At least one of the meshes contain many faces (15762). Consider setting 'morph.decimate=True' to speed up collision detection and improve numerical stability.[0m
[38;5;226m[Genesis] [05:38:26] [WARNING] Mesh is not watertight. Falling back to convex hull for estimating inertial properties.[0m
[38;5;226m[Genesis] [05:38:26] [WARNING] Mesh is not watertight. Falling back to convex hull for estimating inertial properties.[0m
[38;5;226m[Genesis] [05:38:26] [WARNING] At least one of the meshes contain many faces (12522). Consider setting 'morph.decimate=True' to speed up collision detection and improve numerical stability.[0m
[38;5;226m[Genesis] [05:38:26] [WARNING] Mesh is not watertight. Falling back to convex hull for estimating inertial properties.[0m
[38;5;226m[Genesis] [05:38:26] [WARNING] Mesh is not watertight. Falling back to convex hull for estimating inertial properties.[0m
[38;5;226m[Genesis] [05:38:26] [WARNING] Mesh is not watertight. Falling back to convex hull for estimating inertial properties.[0m
[38;5;226m[Genesis] [05:38:26] [WARNING] Mesh is not watertight. Falling back to convex hull for estimating inertial properties.[0m
[38;5;226m[Genesis] [05:38:26] [WARNING] Mesh is not watertight. Falling back to convex hull for estimating inertial properties.[0m
[38;5;226m[Genesis] [05:38:26] [WARNING] Mesh is not watertight. Falling back to convex hull for estimating inertial properties.[0m
[38;5;226m[Genesis] [05:38:26] [WARNING] Mesh is not watertight. Falling back to convex hull for estimating inertial properties.[0m
[38;5;226m[Genesis] [05:38:26] [WARNING] Mesh is not watertight. Falling back to convex hull for estimating inertial properties.[0m
[38;5;226m[Genesis] [05:38:26] [WARNING] Mesh is not watertight. Falling back to convex hull for estimating inertial properties.[0m
[38;5;226m[Genesis] [05:38:26] [WARNING] Mesh is not watertight. Falling back to convex hull for estimating inertial properties.[0m
[38;5;226m[Genesis] [05:38:26] [WARNING] Mesh is not watertight. Falling back to convex hull for estimating inertial properties.[0m
[38;5;226m[Genesis] [05:38:26] [WARNING] Mesh is not watertight. Falling back to convex hull for estimating inertial properties.[0m
[38;5;226m[Genesis] [05:38:26] [WARNING] Mesh is not watertight. Falling back to convex hull for estimating inertial properties.[0m
[38;5;226m[Genesis] [05:38:27] [WARNING] Mesh is not watertight. Falling back to convex hull for estimating inertial properties.[0m
[38;5;226m[Genesis] [05:38:27] [WARNING] Mesh is not watertight. Falling back to convex hull for estimating inertial properties.[0m
[38;5;226m[Genesis] [05:38:27] [WARNING] At least one of the meshes contain many faces (27466). Consider setting 'morph.decimate=True' to speed up collision detection and improve numerical stability.[0m
[38;5;226m[Genesis] [05:38:27] [WARNING] Mesh is not watertight. Falling back to convex hull for estimating inertial properties.[0m
[38;5;226m[Genesis] [05:38:27] [WARNING] Mesh is not watertight. Falling back to convex hull for estimating inertial properties.[0m
[38;5;226m[Genesis] [05:38:27] [WARNING] Mesh is not watertight. Falling back to convex hull for estimating inertial properties.[0m
[38;5;226m[Genesis] [05:38:27] [WARNING] Mesh is not watertight. Falling back to convex hull for estimating inertial properties.[0m
[38;5;226m[Genesis] [05:38:27] [WARNING] Mesh is not watertight. Falling back to convex hull for estimating inertial properties.[0m

[build] scene.build() 시작...
[38;5;226m[Genesis] [05:38:27] [WARNING] Link 'L4_Motor2_Shaft_1' has dubious center of mass [x=0.000, y=-0.037, z=0.015] compared to the bounding box from geometry [x=(-0.018, 0.018), y=(-0.018, 0.018), z=(-0.000, 0.077)].[0m
[38;5;226m[Genesis] [05:38:27] [WARNING] Link 'M_Bottom_1' has dubious center of mass [x=0.166, y=0.030, z=-0.073] compared to the bounding box from geometry [x=(0.106, 0.155), y=(-0.011, 0.071), z=(-0.078, -0.068)].[0m
[38;5;226m[Genesis] [05:38:27] [WARNING] Link 'M_Back_1' has dubious center of mass [x=0.003, y=0.021, z=0.011] compared to the bounding box from geometry [x=(-0.035, -0.030), y=(-0.033, 0.076), z=(-0.005, 0.028)].[0m
[38;5;226m[Genesis] [05:38:27] [WARNING] Link 'M_Left1_1' has dubious center of mass [x=-0.025, y=-0.002, z=-0.014] compared to the bounding box from geometry [x=(-0.088, -0.032), y=(-0.005, -0.000), z=(-0.038, 0.010)].[0m
[38;5;226m[Genesis] [05:38:27] [WARNING] Link 'M_Right1_1' has dubious center of mass [x=-0.025, y=0.003, z=-0.014] compared to the bounding box from geometry [x=(-0.087, -0.033), y=(0.000, 0.005), z=(-0.038, 0.010)].[0m
[38;5;226m[Genesis] [05:38:27] [WARNING] Link 'M_Top_1' has dubious center of mass [x=-0.024, y=0.028, z=0.005] compared to the bounding box from geometry [x=(-0.088, -0.032), y=(-0.031, 0.088), z=(-0.000, 0.010)].[0m
[38;5;226m[Genesis] [05:38:27] [WARNING] Link 'M_LeftLink_1' has dubious center of mass [x=-0.002, y=0.005, z=0.046] compared to the bounding box from geometry [x=(-0.040, -0.035), y=(-0.005, 0.015), z=(-0.005, 0.095)].[0m
[38;5;226m[Genesis] [05:38:27] [WARNING] Link 'M_RightLink_1' has dubious center of mass [x=-0.002, y=-0.005, z=0.046] compared to the bounding box from geometry [x=(-0.040, -0.035), y=(-0.015, 0.005), z=(-0.005, 0.095)].[0m
[38;5;226m[Genesis] [05:38:27] [WARNING] Link 'M_LeftLink2_copy_1' has dubious center of mass [x=-0.005, y=-0.005, z=0.021] compared to the bounding box from geometry [x=(-0.044, -0.032), y=(-0.015, 0.005), z=(-0.000, 0.045)].[0m
[38;5;226m[Genesis] [05:38:27] [WARNING] Link 'link_2' has dubious center of mass [x=0.000, y=0.000, z=0.000] compared to the bounding box from geometry [x=(-0.068, 0.479), y=(-0.069, 0.069), z=(0.082, 0.274)].[0m
[38;5;226m[Genesis] [05:38:28] [WARNING] Constraint solver time constant should be greater than 2*substep_dt. timeconst is changed from `0.0002` to `0.01`). Decrease simulation timestep or increase timeconst to avoid altering the original value.[0m
[38;5;226m[Genesis] [05:38:29] [WARNING] Filtered out geometry pairs causing self-collision for the neutral configuration (qpos0): (90, 113), (103, 105). Consider tuning Morph option 'decompose_robot_error_threshold' or specify dedicated collision meshes. This behavior can be disabled by setting Morph option 'enable_neutral_collision=True'.[0m
C:\Users\user\AppData\Local\Programs\Python\Python311\Lib\site-packages\quadrants\_test_tools\warnings_helper.py:11: UserWarning: cannot create weak reference to 'tuple' object. Template mapper caching disabled.
  warnings.warn(message)
[verify] L2_Left_Wall1_1 충돌 geom 5개 / 시각 geom 3개  (플랜지 접촉=OFF, 기대 충돌 5개)
[build] 성공 (11.4s)
[bag] shape 고정: 714/714 정점(바닥+양측면), 입구는 자유
[slot] 간격축 = world Y (겹침 -12.5mm), 슬롯 길이축 = world X (겹침 +65.0mm)
[slot] gap_cx=0.2125 gap_cy=-0.0053 gap_width=12.5mm wall_top_z=0.0870
[slot] pocket(L1_Wall1_1) center=(0.1745,0.0330)
[ctrl] Left_Wall force clip: ±100 N (Motor2 ctrlrange, docs/Crusher.md §5) — 벽은 이 힘에서 균형지는 위치에 멈춘다
[bag] grip_strip verts near FINGER_MID: 76

[phase] 0 prep (1.0s) — 크랭크 0->-3.142rad(-180deg), Left_Wall 0->+6mm(개방)
[phase] prep     @done  crank=-3.000rad  wall=+5.43mm
    [drop k=   0] tablet_z=+437.88mm bag_com=[0.00646321 0.2561791  0.39925352]
    [drop k=  40] tablet_z=+425.95mm bag_com=[0.00646321 0.2561791  0.39925352]
    [drop k=  80] tablet_z=+407.95mm bag_com=[0.00646321 0.2561791  0.39925352]
    [drop k= 120] tablet_z=+401.36mm bag_com=[0.00646321 0.2561791  0.39925352]
[phase] drop     @done  bag_com=[0.00646321 0.2561791  0.39925352]  finger_z=0.4378  tablet_z=+393.80mm  tilt=0.8deg  bag_bottom=0.3543
[phase] settle   @done  bag_com=[0.00646321 0.2561791  0.39925352]  finger_z=0.4378  tablet_z=+378.78mm  tilt=0.8deg  bag_bottom=0.3543
[bag] shape 고정 해제 — 이제부터 순수 마찰 파지
[phase] close    @done  bag_com=[0.00645123 0.25573218 0.39880264]  finger_z=0.4360  tablet_z=+375.76mm  tilt=0.7deg  bag_bottom=0.3538
[phase] grasp    @done  bag_com=[0.00641461 0.25577226 0.3988063 ]  finger_z=0.4361  tablet_z=+361.44mm  tilt=0.4deg  bag_bottom=0.3538
[phase] lift     @done  bag_com=[0.0056334  0.2588732  0.52437115]  finger_z=0.5620  tablet_z=+482.79mm  tilt=1.2deg  bag_bottom=0.4791
[phase] hold     @done  bag_com=[0.0056095  0.25863892 0.5243504 ]  finger_z=0.5620  tablet_z=+482.47mm  tilt=1.2deg  bag_bottom=0.4791
[slot] wall_center_z=0.0510  insert_z(finger)=0.1330  hang=82mm
[slot] 봉투중심 보정 dy=+0.0mm -> finger_y=-0.0053 (봉투중심 y=-0.0053 = gap_cy -0.0053)
[sweep] Y_OFFSET_MM=+0.0mm -> target_xy=[ 0.21249766 -0.00527226]  (gap_cy=-0.0053)
[cam] side view 고정: pos=(np.float64(0.21249766187667846), np.float64(-0.5552722595214844), np.float64(0.169001227684021)) look=(np.float64(0.21249766187667846), np.float64(-0.005272259521484357), np.float64(0.169001227684021)) (gap_width=12.5mm, z범위 above=0.2870~insert=0.1330)

[ik] above-slot target=[ 0.21249766 -0.00527226  0.28700123]  arm_q=[-5.4023987e-01  3.6852202e-01  9.7265875e-01  7.6973811e-07
  1.8000324e+00  4.1719265e+00]
    [above k=   0] tablet_z=+482.47mm bag_com=[0.00560963 0.25863856 0.5243501 ]
    [above k=  40] tablet_z=+481.05mm bag_com=[0.00935466 0.25761953 0.52297306]
    [above k=  80] tablet_z=+472.93mm bag_com=[0.02979715 0.24706545 0.5147874 ]
    [above k= 120] tablet_z=+454.21mm bag_com=[0.06805997 0.22056918 0.49495655]
    [above k= 160] tablet_z=+425.36mm bag_com=[0.11174881 0.17672807 0.46059775]
    [above k= 200] tablet_z=+378.85mm bag_com=[0.14178239 0.12555522 0.4124113 ]
    [above k= 240] tablet_z=+324.20mm bag_com=[0.17293224 0.07171168 0.35768962]
    [above k= 280] tablet_z=+276.46mm bag_com=[0.17830041 0.03965817 0.3065701 ]
    [above k= 320] tablet_z=+240.70mm bag_com=[0.18396671 0.00688588 0.26996458]
    [above k= 360] tablet_z=+223.48mm bag_com=[ 0.18461664 -0.00579759  0.25269547]
[phase] above    @done  bag_com=[ 0.18468174 -0.00700188  0.24968556]  finger_z=0.2868  tablet_z=+220.43mm  tilt=6.0deg  bag_bottom=0.2044
[phase] aboveset @done  bag_com=[ 0.18481785 -0.00688382  0.24951127]  finger_z=0.2868  tablet_z=+219.74mm  tilt=5.7deg  bag_bottom=0.2043
[ik] insert target=[ 0.21249766 -0.00527226  0.13300123]  웨이포인트 41개(카테시안 직선)  arm_q=[-5.4022610e-01  3.6158842e-01  1.4039806e+00  9.6082207e-05
  1.3756343e+00  4.1719408e+00]
    [insert k=   0] tablet_z=+219.57mm bag_com=[ 0.18476366 -0.00687737  0.24935333]
    [insert k=  40] tablet_z=+217.40mm bag_com=[ 0.18480861 -0.00690473  0.24798061]
    [insert k=  80] tablet_z=+208.81mm bag_com=[ 0.18480854 -0.00688026  0.24034846]
    [insert k= 120] tablet_z=+191.64mm bag_com=[ 0.18486162 -0.00721911  0.22390088]
    [insert k= 160] tablet_z=+167.90mm bag_com=[ 0.18483736 -0.00607548  0.19993296]
    [insert k= 200] tablet_z=+140.44mm bag_com=[ 0.18486558 -0.00649845  0.17176281]
    [insert k= 240] tablet_z=+111.72mm bag_com=[ 0.18486701 -0.00724904  0.14373596]
    [insert k= 280] tablet_z=+86.37mm bag_com=[ 0.18489547 -0.00648493  0.12005416]
    [insert k= 320] tablet_z=+69.12mm bag_com=[ 0.18491018 -0.00708997  0.1040943 ]
    [insert k= 360] tablet_z=+60.03mm bag_com=[ 0.1849288  -0.00667738  0.09665494]
[phase] insert   @done  bag_com=[ 0.1849406  -0.00705663  0.09543261]  finger_z=0.1328  tablet_z=+54.60mm  tilt=6.0deg  bag_bottom=0.0503
[phase] settle2  @done  bag_com=[ 0.1849611  -0.00698804  0.09540421]  finger_z=0.1328  tablet_z=+54.15mm  tilt=6.0deg  bag_bottom=0.0503
[trim] TRIM_ROUNDS=0 — 생략(기본값). settle2 시점 bag_bottom 오차 +0.7mm 를 그대로 결과로 쓴다.
[trim] 최종 finger_z=0.1330  (초기 0.1330, 하한 0.1030)

[phase] 9 clamp (17.2s) — Left_Wall +6.0mm 에서 **속도지령** 2.0mm/s 로 계속 닫음 (docs §11-5), lead 20.0mm = 정지 시 100N, 가드 -17.0mm
    [clamp t= 0.00s] wall=  +6.00mm v=  -0.09mm/s  본체면 잔여 +23.50mm  bag_com=[ 0.18496136 -0.0069886   0.09540404]
    [clamp t= 0.69s] wall=  +4.80mm v=  -2.00mm/s  본체면 잔여 +22.30mm  bag_com=[ 0.18498443 -0.00695748  0.09537346]
    [clamp t= 1.38s] wall=  +3.42mm v=  -2.00mm/s  본체면 잔여 +20.92mm  bag_com=[ 0.18500227 -0.00697394  0.09535031]
    [clamp t= 2.07s] wall=  +2.04mm v=  -2.00mm/s  본체면 잔여 +19.54mm  bag_com=[ 0.18501613 -0.00696372  0.09532738]
    [clamp t= 2.76s] wall=  +0.66mm v=  -2.00mm/s  본체면 잔여 +18.16mm  bag_com=[ 0.18502872 -0.00695797  0.0953059 ]
    [clamp t= 3.45s] wall=  -0.72mm v=  -2.00mm/s  본체면 잔여 +16.78mm  bag_com=[ 0.18506092 -0.00628454  0.09524009]
    [clamp t= 4.14s] wall=  -2.10mm v=  -2.00mm/s  본체면 잔여 +15.40mm  bag_com=[ 0.18510048 -0.00554734  0.09518592]
    [clamp t= 4.83s] wall=  -3.48mm v=  -2.00mm/s  본체면 잔여 +14.02mm  bag_com=[ 0.18515384 -0.00481576  0.09514137]
    [clamp t= 5.52s] wall=  -4.87mm v=  -2.01mm/s  본체면 잔여 +12.63mm  bag_com=[ 0.18521188 -0.00414328  0.09511006]
    [clamp t= 6.21s] wall=  -6.25mm v=  -2.01mm/s  본체면 잔여 +11.25mm  bag_com=[ 0.18524864 -0.00367833  0.09509732]
    [clamp t= 6.90s] wall=  -7.64mm v=  -2.01mm/s  본체면 잔여  +9.86mm  bag_com=[ 0.18527228 -0.00325263  0.0950952 ]
    [clamp t= 7.59s] wall=  -9.02mm v=  -2.00mm/s  본체면 잔여  +8.48mm  bag_com=[ 0.18530525 -0.00275213  0.09510585]
    [clamp t= 8.28s] wall=-323.58mm v=+3368.83mm/s  본체면 잔여 -306.08mm  bag_com=[ 0.18522894 -0.0039884   0.09499088]
    [clamp t= 8.97s] wall= -11.97mm v=  +0.44mm/s  본체면 잔여  +5.53mm  bag_com=[ 0.18657798 -0.01602617  0.09618484]
    [clamp t= 9.66s] wall= -13.12mm v=  -2.00mm/s  본체면 잔여  +4.38mm  bag_com=[ 0.18653288 -0.01536273  0.09590054]
    [clamp t=10.35s] wall= -14.50mm v=  -2.00mm/s  본체면 잔여  +3.00mm  bag_com=[ 0.18631203 -0.01459197  0.09571311]
    [clamp t=11.04s] wall= -15.88mm v=  -2.00mm/s  본체면 잔여  +1.62mm  bag_com=[ 0.18611453 -0.01381747  0.09553882]
    [clamp t=11.73s] wall= -16.97mm v=  -0.18mm/s  본체면 잔여  +0.53mm  bag_com=[ 0.1859794  -0.01318203  0.09539486]
    [clamp t=12.42s] wall= -16.99mm v=  -0.00mm/s  본체면 잔여  +0.51mm  bag_com=[ 0.18601811 -0.01316906  0.09533564]
    [clamp t=13.11s] wall= -16.99mm v=  -0.00mm/s  본체면 잔여  +0.51mm  bag_com=[ 0.18606454 -0.0131671   0.0952777 ]
    [clamp t=13.80s] wall= -16.99mm v=  -0.00mm/s  본체면 잔여  +0.51mm  bag_com=[ 0.1861104  -0.01316459  0.09522321]
    [clamp t=14.49s] wall= -16.99mm v=  -0.00mm/s  본체면 잔여  +0.51mm  bag_com=[ 0.18615498 -0.01316302  0.09517288]
    [clamp t=15.18s] wall= -16.99mm v=  -0.00mm/s  본체면 잔여  +0.51mm  bag_com=[ 0.18619764 -0.01316229  0.09512661]
    [clamp t=15.87s] wall= -16.99mm v=  -0.00mm/s  본체면 잔여  +0.51mm  bag_com=[ 0.18623878 -0.0131626   0.09508434]
    [clamp t=16.56s] wall= -16.99mm v=  -0.00mm/s  본체면 잔여  +0.51mm  bag_com=[ 0.1862786  -0.01316376  0.09504481]
[phase] clamp    @done  wall=-16.99mm  (잔여: 플랜지면(비접촉) -4.49mm / 본체면 0.51mm)  bag_com=[ 0.18631814 -0.01316573  0.0950073 ]
[clamp] **하드스톱까지 내려감 — 봉투를 못 물었다**  (가드 -17.00mm, 최종 v=-0.00mm/s)
    [release k=   0] tablet_z=+54.03mm bag_com=[ 0.18631852 -0.01316574  0.09500698]
    [release k=  40] tablet_z=+50.04mm bag_com=[ 0.1888514  -0.01339301  0.09021924]
    [release k=  80] tablet_z=+32.38mm bag_com=[ 0.19356497 -0.0147113   0.07204663]
[phase] release  @done  bag_com=[ 0.19693327 -0.01246188  0.07046726]  finger_z=0.1345  tablet_z=+29.42mm  tilt=3.3deg  bag_bottom=0.0233

[RESULT] GRIP_OFFSET_MM=-28mm  Y_OFFSET_MM=+0.0mm  verdict=FAIL  (미도달(bag_bottom_z=0.0233 vs wall_center_z=0.0510, diff=27.7mm>15mm))
[RESULT] final_bottom_z=0.0233  wall_center_z=0.0510  오차=-27.7mm(+면 얕음/-면 깊음)
[RESULT] width_y=25.8mm(baseline 15.0mm)  height_z=94.3mm(baseline 90.7mm)
[SUMMARY] flange=OFF mode=velocity v=2.0mm/s F=100N kp=5000 hold=0 wall=-16.99mm body_gap=+0.51mm stalled=N drop=-27.1mm tilt=3.3deg width=25.8mm reach_err=-27.7mm verdict=FAIL

[saved] overview -> C:\Users\user\Desktop\Crusher_IsaacSim\Crusher_Genesis\Crusher_M0609_RG2_Tablet_Samplebag\RESULT\grip-28mm\full_workflow_grip-28mm_yoff+0.0mm_20260831_053818_overview.mp4
[saved] bagcam   -> C:\Users\user\Desktop\Crusher_IsaacSim\Crusher_Genesis\Crusher_M0609_RG2_Tablet_Samplebag\RESULT\grip-28mm\full_workflow_grip-28mm_yoff+0.0mm_20260831_053818_bagcam.mp4
[saved] sideview -> C:\Users\user\Desktop\Crusher_IsaacSim\Crusher_Genesis\Crusher_M0609_RG2_Tablet_Samplebag\RESULT\grip-28mm\full_workflow_grip-28mm_yoff+0.0mm_20260831_053818_sideview.mp4

[timing] build=11.4s  steps=661.9s (5480 steps, 120.8ms/step)  합계=673.4s
완료.
