[cfg] LEFTWALL_FLANGE_CONTACT=0 WALL_CLOSE_MMPS=2 WALL_FORCE_LIM_N=100 HOLD_THROUGH_CLAMP=0
============================================================
 Full workflow: tablet drop -> bag catch -> grasp -> lift -> Crusher slot insert (viewer=False)
============================================================
[mjcf] Left_Wall 형상 교체: 옛 geom 12개(시각 1 + hull 11) -> 본체 hull 5개 + 플랜지 1개 + 시각 1개. 플랜지 = **시각 전용(접촉 제외)**. 중립 간격 플랜지 12.50mm / 본체 17.50mm
[fem_ipc_workarounds] FEMEntity.set_vertex_constraints 패치 완료 (IPC 커플러 버그 우회)
[38;5;226m[Genesis] [06:23:39] [WARNING] At least one of the meshes contain many faces (15432). Consider setting 'morph.decimate=True' to speed up collision detection and improve numerical stability.[0m
[38;5;226m[Genesis] [06:23:39] [WARNING] At least one of the meshes contain many faces (15762). Consider setting 'morph.decimate=True' to speed up collision detection and improve numerical stability.[0m
[38;5;226m[Genesis] [06:23:39] [WARNING] Mesh is not watertight. Falling back to convex hull for estimating inertial properties.[0m
[38;5;226m[Genesis] [06:23:39] [WARNING] Mesh is not watertight. Falling back to convex hull for estimating inertial properties.[0m
[38;5;226m[Genesis] [06:23:39] [WARNING] At least one of the meshes contain many faces (12522). Consider setting 'morph.decimate=True' to speed up collision detection and improve numerical stability.[0m
[38;5;226m[Genesis] [06:23:40] [WARNING] Mesh is not watertight. Falling back to convex hull for estimating inertial properties.[0m
[38;5;226m[Genesis] [06:23:40] [WARNING] Mesh is not watertight. Falling back to convex hull for estimating inertial properties.[0m
[38;5;226m[Genesis] [06:23:40] [WARNING] Mesh is not watertight. Falling back to convex hull for estimating inertial properties.[0m
[38;5;226m[Genesis] [06:23:40] [WARNING] Mesh is not watertight. Falling back to convex hull for estimating inertial properties.[0m
[38;5;226m[Genesis] [06:23:40] [WARNING] Mesh is not watertight. Falling back to convex hull for estimating inertial properties.[0m
[38;5;226m[Genesis] [06:23:40] [WARNING] Mesh is not watertight. Falling back to convex hull for estimating inertial properties.[0m
[38;5;226m[Genesis] [06:23:40] [WARNING] Mesh is not watertight. Falling back to convex hull for estimating inertial properties.[0m
[38;5;226m[Genesis] [06:23:40] [WARNING] Mesh is not watertight. Falling back to convex hull for estimating inertial properties.[0m
[38;5;226m[Genesis] [06:23:40] [WARNING] Mesh is not watertight. Falling back to convex hull for estimating inertial properties.[0m
[38;5;226m[Genesis] [06:23:40] [WARNING] Mesh is not watertight. Falling back to convex hull for estimating inertial properties.[0m
[38;5;226m[Genesis] [06:23:40] [WARNING] Mesh is not watertight. Falling back to convex hull for estimating inertial properties.[0m
[38;5;226m[Genesis] [06:23:40] [WARNING] Mesh is not watertight. Falling back to convex hull for estimating inertial properties.[0m
[38;5;226m[Genesis] [06:23:40] [WARNING] Mesh is not watertight. Falling back to convex hull for estimating inertial properties.[0m
[38;5;226m[Genesis] [06:23:40] [WARNING] Mesh is not watertight. Falling back to convex hull for estimating inertial properties.[0m
[38;5;226m[Genesis] [06:23:40] [WARNING] Mesh is not watertight. Falling back to convex hull for estimating inertial properties.[0m
[38;5;226m[Genesis] [06:23:40] [WARNING] At least one of the meshes contain many faces (27466). Consider setting 'morph.decimate=True' to speed up collision detection and improve numerical stability.[0m
[38;5;226m[Genesis] [06:23:40] [WARNING] Mesh is not watertight. Falling back to convex hull for estimating inertial properties.[0m
[38;5;226m[Genesis] [06:23:40] [WARNING] Mesh is not watertight. Falling back to convex hull for estimating inertial properties.[0m
[38;5;226m[Genesis] [06:23:40] [WARNING] Mesh is not watertight. Falling back to convex hull for estimating inertial properties.[0m
[38;5;226m[Genesis] [06:23:40] [WARNING] Mesh is not watertight. Falling back to convex hull for estimating inertial properties.[0m
[38;5;226m[Genesis] [06:23:40] [WARNING] Mesh is not watertight. Falling back to convex hull for estimating inertial properties.[0m

[build] scene.build() 시작...
[38;5;226m[Genesis] [06:23:40] [WARNING] Link 'L4_Motor2_Shaft_1' has dubious center of mass [x=0.000, y=-0.037, z=0.015] compared to the bounding box from geometry [x=(-0.018, 0.018), y=(-0.018, 0.018), z=(-0.000, 0.077)].[0m
[38;5;226m[Genesis] [06:23:40] [WARNING] Link 'M_Bottom_1' has dubious center of mass [x=0.166, y=0.030, z=-0.073] compared to the bounding box from geometry [x=(0.106, 0.155), y=(-0.011, 0.071), z=(-0.078, -0.068)].[0m
[38;5;226m[Genesis] [06:23:40] [WARNING] Link 'M_Back_1' has dubious center of mass [x=0.003, y=0.021, z=0.011] compared to the bounding box from geometry [x=(-0.035, -0.030), y=(-0.033, 0.076), z=(-0.005, 0.028)].[0m
[38;5;226m[Genesis] [06:23:40] [WARNING] Link 'M_Left1_1' has dubious center of mass [x=-0.025, y=-0.002, z=-0.014] compared to the bounding box from geometry [x=(-0.088, -0.032), y=(-0.005, -0.000), z=(-0.038, 0.010)].[0m
[38;5;226m[Genesis] [06:23:40] [WARNING] Link 'M_Right1_1' has dubious center of mass [x=-0.025, y=0.003, z=-0.014] compared to the bounding box from geometry [x=(-0.087, -0.033), y=(0.000, 0.005), z=(-0.038, 0.010)].[0m
[38;5;226m[Genesis] [06:23:40] [WARNING] Link 'M_Top_1' has dubious center of mass [x=-0.024, y=0.028, z=0.005] compared to the bounding box from geometry [x=(-0.088, -0.032), y=(-0.031, 0.088), z=(-0.000, 0.010)].[0m
[38;5;226m[Genesis] [06:23:40] [WARNING] Link 'M_LeftLink_1' has dubious center of mass [x=-0.002, y=0.005, z=0.046] compared to the bounding box from geometry [x=(-0.040, -0.035), y=(-0.005, 0.015), z=(-0.005, 0.095)].[0m
[38;5;226m[Genesis] [06:23:40] [WARNING] Link 'M_RightLink_1' has dubious center of mass [x=-0.002, y=-0.005, z=0.046] compared to the bounding box from geometry [x=(-0.040, -0.035), y=(-0.015, 0.005), z=(-0.005, 0.095)].[0m
[38;5;226m[Genesis] [06:23:40] [WARNING] Link 'M_LeftLink2_copy_1' has dubious center of mass [x=-0.005, y=-0.005, z=0.021] compared to the bounding box from geometry [x=(-0.044, -0.032), y=(-0.015, 0.005), z=(-0.000, 0.045)].[0m
[38;5;226m[Genesis] [06:23:40] [WARNING] Link 'link_2' has dubious center of mass [x=0.000, y=0.000, z=0.000] compared to the bounding box from geometry [x=(-0.068, 0.479), y=(-0.069, 0.069), z=(0.082, 0.274)].[0m
[38;5;226m[Genesis] [06:23:41] [WARNING] Constraint solver time constant should be greater than 2*substep_dt. timeconst is changed from `0.0002` to `0.01`). Decrease simulation timestep or increase timeconst to avoid altering the original value.[0m
[38;5;226m[Genesis] [06:23:42] [WARNING] Filtered out geometry pairs causing self-collision for the neutral configuration (qpos0): (90, 113), (103, 105). Consider tuning Morph option 'decompose_robot_error_threshold' or specify dedicated collision meshes. This behavior can be disabled by setting Morph option 'enable_neutral_collision=True'.[0m
C:\Users\user\AppData\Local\Programs\Python\Python311\Lib\site-packages\quadrants\_test_tools\warnings_helper.py:11: UserWarning: cannot create weak reference to 'tuple' object. Template mapper caching disabled.
  warnings.warn(message)
[verify] L2_Left_Wall1_1 충돌 geom 5개 / 시각 geom 3개  (플랜지 접촉=OFF, 기대 충돌 5개)
[build] 성공 (11.0s)
[bag] shape 고정: 714/714 정점(바닥+양측면), 입구는 자유
[slot] 간격축 = world Y (겹침 -12.5mm), 슬롯 길이축 = world X (겹침 +65.0mm)
[slot] gap_cx=0.2125 gap_cy=-0.0053 gap_width=12.5mm wall_top_z=0.0870
[slot] pocket(L1_Wall1_1) center=(0.1745,0.0330)
[ctrl] Left_Wall force clip: ±100 N (Motor2 ctrlrange, docs/Crusher.md §5) — 벽은 이 힘에서 균형지는 위치에 멈춘다
[bag] grip_strip verts near FINGER_MID: 76

[phase] 0 prep (1.0s) — 크랭크 0->-3.142rad(-180deg), Left_Wall 0->+6mm(개방)
[phase] prep     @done  crank=-3.000rad  wall=+5.43mm
    [drop k=   0] tablet_z=+423.46mm bag_com=[0.00646321 0.2561791  0.39925352]
    [drop k=  40] tablet_z=+422.34mm bag_com=[0.00646321 0.2561791  0.39925352]
    [drop k=  80] tablet_z=+417.63mm bag_com=[0.00646321 0.2561791  0.39925352]
    [drop k= 120] tablet_z=+377.80mm bag_com=[0.00646321 0.2561791  0.39925352]
[phase] drop     @done  bag_com=[0.00646321 0.2561791  0.39925352]  finger_z=0.4378  tablet_z=+363.78mm  tilt=0.8deg  bag_bottom=0.3543
[phase] settle   @done  bag_com=[0.00646321 0.2561791  0.39925352]  finger_z=0.4378  tablet_z=+358.70mm  tilt=0.8deg  bag_bottom=0.3543
[bag] shape 고정 해제 — 이제부터 순수 마찰 파지
[phase] close    @done  bag_com=[0.00645772 0.25572732 0.39879823]  finger_z=0.4360  tablet_z=+357.25mm  tilt=0.9deg  bag_bottom=0.3538
[phase] grasp    @done  bag_com=[0.00641452 0.25570524 0.3988034 ]  finger_z=0.4361  tablet_z=+357.23mm  tilt=0.8deg  bag_bottom=0.3538
[phase] lift     @done  bag_com=[0.00563993 0.2586516  0.5243397 ]  finger_z=0.5620  tablet_z=+482.85mm  tilt=1.1deg  bag_bottom=0.4790
[phase] hold     @done  bag_com=[0.00560946 0.25862113 0.5243319 ]  finger_z=0.5620  tablet_z=+482.85mm  tilt=1.2deg  bag_bottom=0.4790
[slot] wall_center_z=0.0510  insert_z(finger)=0.1330  hang=82mm
[slot] 봉투중심 보정 dy=+0.0mm -> finger_y=-0.0053 (봉투중심 y=-0.0053 = gap_cy -0.0053)
[sweep] Y_OFFSET_MM=+0.0mm -> target_xy=[ 0.21249766 -0.00527226]  (gap_cy=-0.0053)
[cam] side view 고정: pos=(np.float64(0.21249766187667846), np.float64(-0.5552722595214844), np.float64(0.169001227684021)) look=(np.float64(0.21249766187667846), np.float64(-0.005272259521484357), np.float64(0.169001227684021)) (gap_width=12.5mm, z범위 above=0.2870~insert=0.1330)

[ik] above-slot target=[ 0.21249766 -0.00527226  0.28700123]  arm_q=[-5.4024059e-01  3.6852229e-01  9.7265810e-01  2.2614840e-06
  1.8000332e+00  4.1719255e+00]
    [above k=   0] tablet_z=+482.85mm bag_com=[0.00560961 0.25862208 0.524332  ]
    [above k=  40] tablet_z=+481.07mm bag_com=[0.00935004 0.25771403 0.52296007]
    [above k=  80] tablet_z=+473.16mm bag_com=[0.02974364 0.2471118  0.51474285]
    [above k= 120] tablet_z=+454.54mm bag_com=[0.06767121 0.2197206  0.4949722 ]
    [above k= 160] tablet_z=+424.76mm bag_com=[0.11257254 0.17722242 0.4606452 ]
    [above k= 200] tablet_z=+377.24mm bag_com=[0.14902502 0.12427747 0.41243827]
    [above k= 240] tablet_z=+326.36mm bag_com=[0.16652128 0.07701654 0.3572587 ]
    [above k= 280] tablet_z=+282.26mm bag_com=[0.17950907 0.035541   0.30633444]
    [above k= 320] tablet_z=+253.31mm bag_com=[0.18345527 0.01288484 0.26997754]
    [above k= 360] tablet_z=+236.21mm bag_com=[ 0.18473023 -0.00761222  0.25285342]
[phase] above    @done  bag_com=[ 0.18464935 -0.00621161  0.2496585 ]  finger_z=0.2868  tablet_z=+232.87mm  tilt=5.5deg  bag_bottom=0.2043
[phase] aboveset @done  bag_com=[ 0.18478885 -0.00705598  0.24952497]  finger_z=0.2868  tablet_z=+215.50mm  tilt=5.8deg  bag_bottom=0.2043
[ik] insert target=[ 0.21249766 -0.00527226  0.13300123]  웨이포인트 41개(카테시안 직선)  arm_q=[-5.4022896e-01  3.6159059e-01  1.4039775e+00  1.0178015e-04
  1.3756385e+00  4.1719365e+00]
    [insert k=   0] tablet_z=+215.25mm bag_com=[ 0.18473554 -0.0070556   0.2493667 ]
    [insert k=  40] tablet_z=+211.80mm bag_com=[ 0.18478295 -0.00696519  0.24798691]
    [insert k=  80] tablet_z=+202.12mm bag_com=[ 0.18482898 -0.00706558  0.24030854]
    [insert k= 120] tablet_z=+183.78mm bag_com=[ 0.1848433  -0.00732072  0.22390358]
    [insert k= 160] tablet_z=+158.65mm bag_com=[ 0.1848397  -0.00696255  0.19995286]
    [insert k= 200] tablet_z=+130.50mm bag_com=[ 0.18484014 -0.00704587  0.17178763]
    [insert k= 240] tablet_z=+102.43mm bag_com=[ 0.18486886 -0.00716522  0.14371341]
    [insert k= 280] tablet_z=+78.80mm bag_com=[ 0.18487951 -0.00722278  0.12008639]
    [insert k= 320] tablet_z=+62.81mm bag_com=[ 0.18490924 -0.00718078  0.10407577]
    [insert k= 360] tablet_z=+55.39mm bag_com=[ 0.18492566 -0.00698416  0.09664635]
[phase] insert   @done  bag_com=[ 0.18493481 -0.00693425  0.09540435]  finger_z=0.1328  tablet_z=+54.14mm  tilt=5.9deg  bag_bottom=0.0503
[phase] settle2  @done  bag_com=[ 0.18495883 -0.0069476   0.09537555]  finger_z=0.1328  tablet_z=+54.04mm  tilt=5.9deg  bag_bottom=0.0503
[trim] TRIM_ROUNDS=0 — 생략(기본값). settle2 시점 bag_bottom 오차 +0.7mm 를 그대로 결과로 쓴다.
[trim] 최종 finger_z=0.1330  (초기 0.1330, 하한 0.1030)

[phase] 9 clamp (17.2s) — Left_Wall +6.0mm 에서 **속도지령** 2.0mm/s 로 계속 닫음 (docs §11-5), lead 20.0mm = 정지 시 100N, 가드 -17.0mm
    [clamp t= 0.00s] wall=  +6.00mm v=  -0.09mm/s  본체면 잔여 +23.50mm  bag_com=[ 0.18495902 -0.00694838  0.09537526]
    [clamp t= 0.69s] wall=  +4.80mm v=  -2.00mm/s  본체면 잔여 +22.30mm  bag_com=[ 0.18498588 -0.00693619  0.09533843]
    [clamp t= 1.38s] wall=  +3.42mm v=  -2.00mm/s  본체면 잔여 +20.92mm  bag_com=[ 0.18500933 -0.00697231  0.09530613]
    [clamp t= 2.07s] wall=  +2.04mm v=  -2.00mm/s  본체면 잔여 +19.54mm  bag_com=[ 0.18502966 -0.00693198  0.09527068]
    [clamp t= 2.76s] wall=  +0.66mm v=  -2.00mm/s  본체면 잔여 +18.16mm  bag_com=[ 0.18504721 -0.00695136  0.09523872]
    [clamp t= 3.45s] wall=  -0.72mm v=  -2.00mm/s  본체면 잔여 +16.78mm  bag_com=[ 0.18507384 -0.00630583  0.09516874]
    [clamp t= 4.14s] wall=  -2.10mm v=  -2.00mm/s  본체면 잔여 +15.40mm  bag_com=[ 0.18511046 -0.00557743  0.09510446]
    [clamp t= 4.83s] wall=  -3.48mm v=  -2.00mm/s  본체면 잔여 +14.02mm  bag_com=[ 0.185162   -0.00484502  0.09504761]
    [clamp t= 5.52s] wall=  -4.86mm v=  -2.01mm/s  본체면 잔여 +12.64mm  bag_com=[ 0.18522407 -0.00415867  0.09500151]
    [clamp t= 6.21s] wall=  -6.25mm v=  -2.01mm/s  본체면 잔여 +11.25mm  bag_com=[ 0.18527092 -0.00368427  0.0949729 ]
    [clamp t= 6.90s] wall=  -7.64mm v=  -2.00mm/s  본체면 잔여  +9.86mm  bag_com=[ 0.18530923 -0.00325365  0.09495534]
    [clamp t= 7.59s] wall=  -9.02mm v=  -2.00mm/s  본체면 잔여  +8.48mm  bag_com=[ 0.18536574 -0.0027447   0.09494723]
