[cfg] LEFTWALL_FLANGE_CONTACT=0 WALL_CLOSE_MMPS=2 WALL_FORCE_LIM_N=400 HOLD_THROUGH_CLAMP=0
============================================================
 Full workflow: tablet drop -> bag catch -> grasp -> lift -> Crusher slot insert (viewer=False)
============================================================
[mjcf] Left_Wall 반사 관성 armature=10.0kg (링크 질량 0.312kg + 랙/피니언/감속기/로터). 100N -> 9.7 m/s^2, kv 안정 한계 4125
[mjcf] Left_Wall 형상 교체: 옛 geom 12개(시각 1 + hull 11) -> 본체 hull 5개 + 플랜지 1개 + 시각 1개. 플랜지 = **시각 전용(접촉 제외)**. 중립 간격 플랜지 12.50mm / 본체 17.50mm
[fem_ipc_workarounds] FEMEntity.set_vertex_constraints 패치 완료 (IPC 커플러 버그 우회)
[38;5;226m[Genesis] [06:28:35] [WARNING] At least one of the meshes contain many faces (15432). Consider setting 'morph.decimate=True' to speed up collision detection and improve numerical stability.[0m
[38;5;226m[Genesis] [06:28:35] [WARNING] At least one of the meshes contain many faces (15762). Consider setting 'morph.decimate=True' to speed up collision detection and improve numerical stability.[0m
[38;5;226m[Genesis] [06:28:35] [WARNING] Mesh is not watertight. Falling back to convex hull for estimating inertial properties.[0m
[38;5;226m[Genesis] [06:28:35] [WARNING] Mesh is not watertight. Falling back to convex hull for estimating inertial properties.[0m
[38;5;226m[Genesis] [06:28:35] [WARNING] At least one of the meshes contain many faces (12522). Consider setting 'morph.decimate=True' to speed up collision detection and improve numerical stability.[0m
[38;5;226m[Genesis] [06:28:36] [WARNING] Mesh is not watertight. Falling back to convex hull for estimating inertial properties.[0m
[38;5;226m[Genesis] [06:28:36] [WARNING] Mesh is not watertight. Falling back to convex hull for estimating inertial properties.[0m
[38;5;226m[Genesis] [06:28:36] [WARNING] Mesh is not watertight. Falling back to convex hull for estimating inertial properties.[0m
[38;5;226m[Genesis] [06:28:36] [WARNING] Mesh is not watertight. Falling back to convex hull for estimating inertial properties.[0m
[38;5;226m[Genesis] [06:28:36] [WARNING] Mesh is not watertight. Falling back to convex hull for estimating inertial properties.[0m
[38;5;226m[Genesis] [06:28:36] [WARNING] Mesh is not watertight. Falling back to convex hull for estimating inertial properties.[0m
[38;5;226m[Genesis] [06:28:36] [WARNING] Mesh is not watertight. Falling back to convex hull for estimating inertial properties.[0m
[38;5;226m[Genesis] [06:28:36] [WARNING] Mesh is not watertight. Falling back to convex hull for estimating inertial properties.[0m
[38;5;226m[Genesis] [06:28:36] [WARNING] Mesh is not watertight. Falling back to convex hull for estimating inertial properties.[0m
[38;5;226m[Genesis] [06:28:36] [WARNING] Mesh is not watertight. Falling back to convex hull for estimating inertial properties.[0m
[38;5;226m[Genesis] [06:28:36] [WARNING] Mesh is not watertight. Falling back to convex hull for estimating inertial properties.[0m
[38;5;226m[Genesis] [06:28:36] [WARNING] Mesh is not watertight. Falling back to convex hull for estimating inertial properties.[0m
[38;5;226m[Genesis] [06:28:36] [WARNING] Mesh is not watertight. Falling back to convex hull for estimating inertial properties.[0m
[38;5;226m[Genesis] [06:28:36] [WARNING] Mesh is not watertight. Falling back to convex hull for estimating inertial properties.[0m
[38;5;226m[Genesis] [06:28:36] [WARNING] Mesh is not watertight. Falling back to convex hull for estimating inertial properties.[0m
[38;5;226m[Genesis] [06:28:36] [WARNING] At least one of the meshes contain many faces (27466). Consider setting 'morph.decimate=True' to speed up collision detection and improve numerical stability.[0m
[38;5;226m[Genesis] [06:28:36] [WARNING] Mesh is not watertight. Falling back to convex hull for estimating inertial properties.[0m
[38;5;226m[Genesis] [06:28:36] [WARNING] Mesh is not watertight. Falling back to convex hull for estimating inertial properties.[0m
[38;5;226m[Genesis] [06:28:36] [WARNING] Mesh is not watertight. Falling back to convex hull for estimating inertial properties.[0m
[38;5;226m[Genesis] [06:28:36] [WARNING] Mesh is not watertight. Falling back to convex hull for estimating inertial properties.[0m
[38;5;226m[Genesis] [06:28:36] [WARNING] Mesh is not watertight. Falling back to convex hull for estimating inertial properties.[0m

[build] scene.build() 시작...
[38;5;226m[Genesis] [06:28:36] [WARNING] Link 'L4_Motor2_Shaft_1' has dubious center of mass [x=0.000, y=-0.037, z=0.015] compared to the bounding box from geometry [x=(-0.018, 0.018), y=(-0.018, 0.018), z=(-0.000, 0.077)].[0m
[38;5;226m[Genesis] [06:28:36] [WARNING] Link 'M_Bottom_1' has dubious center of mass [x=0.166, y=0.030, z=-0.073] compared to the bounding box from geometry [x=(0.106, 0.155), y=(-0.011, 0.071), z=(-0.078, -0.068)].[0m
[38;5;226m[Genesis] [06:28:36] [WARNING] Link 'M_Back_1' has dubious center of mass [x=0.003, y=0.021, z=0.011] compared to the bounding box from geometry [x=(-0.035, -0.030), y=(-0.033, 0.076), z=(-0.005, 0.028)].[0m
[38;5;226m[Genesis] [06:28:36] [WARNING] Link 'M_Left1_1' has dubious center of mass [x=-0.025, y=-0.002, z=-0.014] compared to the bounding box from geometry [x=(-0.088, -0.032), y=(-0.005, -0.000), z=(-0.038, 0.010)].[0m
[38;5;226m[Genesis] [06:28:36] [WARNING] Link 'M_Right1_1' has dubious center of mass [x=-0.025, y=0.003, z=-0.014] compared to the bounding box from geometry [x=(-0.087, -0.033), y=(0.000, 0.005), z=(-0.038, 0.010)].[0m
[38;5;226m[Genesis] [06:28:36] [WARNING] Link 'M_Top_1' has dubious center of mass [x=-0.024, y=0.028, z=0.005] compared to the bounding box from geometry [x=(-0.088, -0.032), y=(-0.031, 0.088), z=(-0.000, 0.010)].[0m
[38;5;226m[Genesis] [06:28:36] [WARNING] Link 'M_LeftLink_1' has dubious center of mass [x=-0.002, y=0.005, z=0.046] compared to the bounding box from geometry [x=(-0.040, -0.035), y=(-0.005, 0.015), z=(-0.005, 0.095)].[0m
[38;5;226m[Genesis] [06:28:36] [WARNING] Link 'M_RightLink_1' has dubious center of mass [x=-0.002, y=-0.005, z=0.046] compared to the bounding box from geometry [x=(-0.040, -0.035), y=(-0.015, 0.005), z=(-0.005, 0.095)].[0m
[38;5;226m[Genesis] [06:28:36] [WARNING] Link 'M_LeftLink2_copy_1' has dubious center of mass [x=-0.005, y=-0.005, z=0.021] compared to the bounding box from geometry [x=(-0.044, -0.032), y=(-0.015, 0.005), z=(-0.000, 0.045)].[0m
[38;5;226m[Genesis] [06:28:36] [WARNING] Link 'link_2' has dubious center of mass [x=0.000, y=0.000, z=0.000] compared to the bounding box from geometry [x=(-0.068, 0.479), y=(-0.069, 0.069), z=(0.082, 0.274)].[0m
[38;5;226m[Genesis] [06:28:37] [WARNING] Constraint solver time constant should be greater than 2*substep_dt. timeconst is changed from `0.0002` to `0.01`). Decrease simulation timestep or increase timeconst to avoid altering the original value.[0m
[38;5;226m[Genesis] [06:28:38] [WARNING] Filtered out geometry pairs causing self-collision for the neutral configuration (qpos0): (90, 113), (103, 105). Consider tuning Morph option 'decompose_robot_error_threshold' or specify dedicated collision meshes. This behavior can be disabled by setting Morph option 'enable_neutral_collision=True'.[0m
C:\Users\user\AppData\Local\Programs\Python\Python311\Lib\site-packages\quadrants\_test_tools\warnings_helper.py:11: UserWarning: cannot create weak reference to 'tuple' object. Template mapper caching disabled.
  warnings.warn(message)
[verify] L2_Left_Wall1_1 충돌 geom 5개 / 시각 geom 3개  (플랜지 접촉=OFF, 기대 충돌 5개)
[build] 성공 (10.2s)
[bag] shape 고정: 714/714 정점(바닥+양측면), 입구는 자유
[slot] 간격축 = world Y (겹침 -12.5mm), 슬롯 길이축 = world X (겹침 +65.0mm)
[slot] gap_cx=0.2125 gap_cy=-0.0053 gap_width=12.5mm wall_top_z=0.0870
[slot] pocket(L1_Wall1_1) center=(0.1745,0.0330)
[ctrl] Left_Wall force clip: ±400 N (Motor2 ctrlrange, docs/Crusher.md §5) — 벽은 이 힘에서 균형지는 위치에 멈춘다
[bag] grip_strip verts near FINGER_MID: 76

[phase] 0 prep (1.0s) — 크랭크 0->-3.142rad(-180deg), Left_Wall 0->+6mm(개방)
[phase] prep     @done  crank=-3.000rad  wall=+5.43mm
    [drop k=   0] tablet_z=+441.60mm bag_com=[0.00646321 0.2561791  0.39925352]
    [drop k=  40] tablet_z=+440.67mm bag_com=[0.00646321 0.2561791  0.39925352]
    [drop k=  80] tablet_z=+433.87mm bag_com=[0.00646321 0.2561791  0.39925352]
    [drop k= 120] tablet_z=+418.74mm bag_com=[0.00646321 0.2561791  0.39925352]
[phase] drop     @done  bag_com=[0.00646321 0.2561791  0.39925352]  finger_z=0.4378  tablet_z=+407.75mm  tilt=0.8deg  bag_bottom=0.3543
[phase] settle   @done  bag_com=[0.00646321 0.2561791  0.39925352]  finger_z=0.4378  tablet_z=+390.54mm  tilt=0.8deg  bag_bottom=0.3543
[bag] shape 고정 해제 — 이제부터 순수 마찰 파지
[phase] close    @done  bag_com=[0.00644182 0.25579172 0.3987994 ]  finger_z=0.4360  tablet_z=+384.19mm  tilt=1.0deg  bag_bottom=0.3538
[phase] grasp    @done  bag_com=[0.00640558 0.25575963 0.3988055 ]  finger_z=0.4361  tablet_z=+371.59mm  tilt=0.8deg  bag_bottom=0.3538
[phase] lift     @done  bag_com=[0.00564582 0.258488   0.5243522 ]  finger_z=0.5620  tablet_z=+482.89mm  tilt=1.1deg  bag_bottom=0.4791
[phase] hold     @done  bag_com=[0.00559643 0.25858784 0.52434564]  finger_z=0.5620  tablet_z=+482.88mm  tilt=1.1deg  bag_bottom=0.4791
[slot] wall_center_z=0.0510  insert_z(finger)=0.1330  hang=82mm
[slot] 봉투중심 보정 dy=+0.0mm -> finger_y=-0.0053 (봉투중심 y=-0.0053 = gap_cy -0.0053)
[sweep] Y_OFFSET_MM=+0.0mm -> target_xy=[ 0.21249766 -0.00527226]  (gap_cy=-0.0053)
[cam] side view 고정: pos=(np.float64(0.21249766187667846), np.float64(-0.5552722595214844), np.float64(0.169001227684021)) look=(np.float64(0.21249766187667846), np.float64(-0.005272259521484357), np.float64(0.169001227684021)) (gap_width=12.5mm, z범위 above=0.2870~insert=0.1330)

[ik] above-slot target=[ 0.21249766 -0.00527226  0.28700123]  arm_q=[-5.4023910e-01  3.6852130e-01  9.7265977e-01 -7.6857395e-07
  1.8000312e+00  4.1719265e+00]
    [above k=   0] tablet_z=+482.88mm bag_com=[0.00559646 0.25858718 0.5243454 ]
    [above k=  40] tablet_z=+481.51mm bag_com=[0.00930645 0.2575197  0.52293265]
    [above k=  80] tablet_z=+473.25mm bag_com=[0.02970127 0.24706638 0.5147319 ]
    [above k= 120] tablet_z=+454.74mm bag_com=[0.06804197 0.22108257 0.49483788]
    [above k= 160] tablet_z=+422.36mm bag_com=[0.11185519 0.17682888 0.4606006 ]
    [above k= 200] tablet_z=+380.05mm bag_com=[0.14669971 0.12453292 0.41228363]
    [above k= 240] tablet_z=+329.55mm bag_com=[0.16747908 0.07613771 0.35718262]
    [above k= 280] tablet_z=+280.85mm bag_com=[0.18028866 0.03405147 0.30624586]
    [above k= 320] tablet_z=+250.20mm bag_com=[0.18379296 0.00845394 0.2698461 ]
    [above k= 360] tablet_z=+232.56mm bag_com=[ 0.1846294 -0.0053289  0.2526351]
[phase] above    @done  bag_com=[ 0.18471514 -0.0077332   0.24970596]  finger_z=0.2868  tablet_z=+229.25mm  tilt=6.5deg  bag_bottom=0.2044
[phase] aboveset @done  bag_com=[ 0.18484502 -0.00695459  0.24949458]  finger_z=0.2868  tablet_z=+213.87mm  tilt=5.8deg  bag_bottom=0.2043
[ik] insert target=[ 0.21249766 -0.00527226  0.13300123]  웨이포인트 41개(카테시안 직선)  arm_q=[-5.4022431e-01  3.6158711e-01  1.4039822e+00  9.2827722e-05
  1.3756320e+00  4.1719427e+00]
    [insert k=   0] tablet_z=+213.65mm bag_com=[ 0.18478872 -0.00695013  0.24933623]
    [insert k=  40] tablet_z=+210.74mm bag_com=[ 0.18483867 -0.00700846  0.247966  ]
    [insert k=  80] tablet_z=+202.04mm bag_com=[ 0.18488489 -0.00716258  0.24029478]
    [insert k= 120] tablet_z=+185.34mm bag_com=[ 0.18489288 -0.00718162  0.2238777 ]
    [insert k= 160] tablet_z=+160.49mm bag_com=[ 0.18486807 -0.0067548   0.1999527 ]
    [insert k= 200] tablet_z=+134.98mm bag_com=[ 0.18488699 -0.00678494  0.17176248]
    [insert k= 240] tablet_z=+114.77mm bag_com=[ 0.18494435 -0.00529221  0.14362873]
    [insert k= 280] tablet_z=+88.73mm bag_com=[ 0.18495795 -0.00587199  0.12000129]
    [insert k= 320] tablet_z=+68.39mm bag_com=[ 0.18494213 -0.00692491  0.10406418]
    [insert k= 360] tablet_z=+55.24mm bag_com=[ 0.1849701  -0.0070012   0.09664408]
[phase] insert   @done  bag_com=[ 0.18497738 -0.00687408  0.09540042]  finger_z=0.1328  tablet_z=+53.92mm  tilt=5.9deg  bag_bottom=0.0503
[phase] settle2  @done  bag_com=[ 0.18500297 -0.00696889  0.09537821]  finger_z=0.1328  tablet_z=+53.74mm  tilt=6.0deg  bag_bottom=0.0503
[trim] TRIM_ROUNDS=0 — 생략(기본값). settle2 시점 bag_bottom 오차 +0.7mm 를 그대로 결과로 쓴다.
[trim] 최종 finger_z=0.1330  (초기 0.1330, 하한 0.1030)

[phase] 9 clamp (17.2s) — Left_Wall +6.0mm 에서 **속도지령** 2.0mm/s 로 계속 닫음 (docs §11-5), lead 80.0mm = 정지 시 400N, 가드 -17.0mm
    [clamp t= 0.00s] wall=  +6.00mm v=  -0.02mm/s  본체면 잔여 +23.50mm  bag_com=[ 0.18500327 -0.00697071  0.09537807]
    [clamp t= 0.69s] wall=  +4.80mm v=  -2.00mm/s  본체면 잔여 +22.30mm  bag_com=[ 0.18503274 -0.0069589   0.09534445]
    [clamp t= 1.38s] wall=  +3.42mm v=  -2.00mm/s  본체면 잔여 +20.92mm  bag_com=[ 0.18505381 -0.00695872  0.09531851]
    [clamp t= 2.07s] wall=  +2.04mm v=  -2.00mm/s  본체면 잔여 +19.54mm  bag_com=[ 0.18507655 -0.00695706  0.09529057]
    [clamp t= 2.76s] wall=  +0.66mm v=  -2.00mm/s  본체면 잔여 +18.16mm  bag_com=[ 0.18509576 -0.0069538   0.09526499]
    [clamp t= 3.45s] wall=  -0.72mm v=  -2.00mm/s  본체면 잔여 +16.78mm  bag_com=[ 0.18513593 -0.00626147  0.09519355]
    [clamp t= 4.14s] wall=  -2.10mm v=  -2.00mm/s  본체면 잔여 +15.40mm  bag_com=[ 0.18518431 -0.00552885  0.09513496]
    [clamp t= 4.83s] wall=  -3.48mm v=  -2.00mm/s  본체면 잔여 +14.02mm  bag_com=[ 0.1852469  -0.00479535  0.09508625]
    [clamp t= 5.52s] wall=  -4.87mm v=  -2.01mm/s  본체면 잔여 +12.63mm  bag_com=[ 0.18531296 -0.00413378  0.09505243]
