============================================================
 Full workflow: tablet drop -> bag catch -> grasp -> lift -> Crusher slot insert (viewer=False)
============================================================
[mjcf] Left_Wall 반사 관성 armature=10.0kg (링크 질량 0.312kg + 랙/피니언/감속기/로터). 100N -> 9.7 m/s^2, kv 안정 한계 4125
[mjcf] Left_Wall 형상 교체: 옛 geom 12개(시각 1 + hull 11) -> 본체 hull 5개 + 플랜지 1개 + 시각 1개. 플랜지 = 충돌+시각. 중립 간격 플랜지 12.50mm / 본체 17.50mm
[fem_ipc_workarounds] FEMEntity.set_vertex_constraints 패치 완료 (IPC 커플러 버그 우회)
[mjcf] 회수장치 턱 충돌메시 6개를 볼록껍질로 교체 (non-watertight -> IPC 투입 가능)
[38;5;226m[Genesis] [01:53:45] [WARNING] At least one of the meshes contain many faces (15432). Consider setting 'morph.decimate=True' to speed up collision detection and improve numerical stability.[0m
[38;5;226m[Genesis] [01:53:45] [WARNING] At least one of the meshes contain many faces (15762). Consider setting 'morph.decimate=True' to speed up collision detection and improve numerical stability.[0m
[38;5;226m[Genesis] [01:53:45] [WARNING] Mesh is not watertight. Falling back to convex hull for estimating inertial properties.[0m
[38;5;226m[Genesis] [01:53:45] [WARNING] Mesh is not watertight. Falling back to convex hull for estimating inertial properties.[0m
[38;5;226m[Genesis] [01:53:45] [WARNING] At least one of the meshes contain many faces (12522). Consider setting 'morph.decimate=True' to speed up collision detection and improve numerical stability.[0m
[38;5;226m[Genesis] [01:53:45] [WARNING] Mesh is not watertight. Falling back to convex hull for estimating inertial properties.[0m
[38;5;226m[Genesis] [01:53:45] [WARNING] Mesh is not watertight. Falling back to convex hull for estimating inertial properties.[0m
[38;5;226m[Genesis] [01:53:45] [WARNING] Mesh is not watertight. Falling back to convex hull for estimating inertial properties.[0m
[38;5;226m[Genesis] [01:53:45] [WARNING] Mesh is not watertight. Falling back to convex hull for estimating inertial properties.[0m
[38;5;226m[Genesis] [01:53:45] [WARNING] Mesh is not watertight. Falling back to convex hull for estimating inertial properties.[0m
[38;5;226m[Genesis] [01:53:45] [WARNING] Mesh is not watertight. Falling back to convex hull for estimating inertial properties.[0m
[38;5;226m[Genesis] [01:53:45] [WARNING] Mesh is not watertight. Falling back to convex hull for estimating inertial properties.[0m
[38;5;226m[Genesis] [01:53:45] [WARNING] Mesh is not watertight. Falling back to convex hull for estimating inertial properties.[0m
[38;5;226m[Genesis] [01:53:45] [WARNING] Mesh is not watertight. Falling back to convex hull for estimating inertial properties.[0m
[38;5;226m[Genesis] [01:53:45] [WARNING] Mesh is not watertight. Falling back to convex hull for estimating inertial properties.[0m
[38;5;226m[Genesis] [01:53:45] [WARNING] Mesh is not watertight. Falling back to convex hull for estimating inertial properties.[0m
[38;5;226m[Genesis] [01:53:45] [WARNING] Mesh is not watertight. Falling back to convex hull for estimating inertial properties.[0m
[38;5;226m[Genesis] [01:53:45] [WARNING] Mesh is not watertight. Falling back to convex hull for estimating inertial properties.[0m
[38;5;226m[Genesis] [01:53:46] [WARNING] Mesh is not watertight. Falling back to convex hull for estimating inertial properties.[0m
[38;5;226m[Genesis] [01:53:46] [WARNING] Mesh is not watertight. Falling back to convex hull for estimating inertial properties.[0m
[38;5;226m[Genesis] [01:53:46] [WARNING] At least one of the meshes contain many faces (27466). Consider setting 'morph.decimate=True' to speed up collision detection and improve numerical stability.[0m
[38;5;226m[Genesis] [01:53:46] [WARNING] Mesh is not watertight. Falling back to convex hull for estimating inertial properties.[0m
[38;5;226m[Genesis] [01:53:46] [WARNING] Mesh is not watertight. Falling back to convex hull for estimating inertial properties.[0m
[38;5;226m[Genesis] [01:53:46] [WARNING] Mesh is not watertight. Falling back to convex hull for estimating inertial properties.[0m
[38;5;226m[Genesis] [01:53:46] [WARNING] Mesh is not watertight. Falling back to convex hull for estimating inertial properties.[0m
[38;5;226m[Genesis] [01:53:46] [WARNING] Mesh is not watertight. Falling back to convex hull for estimating inertial properties.[0m

[build] scene.build() 시작...
[38;5;226m[Genesis] [01:53:46] [WARNING] Link 'L4_Motor2_Shaft_1' has dubious center of mass [x=0.000, y=-0.037, z=0.015] compared to the bounding box from geometry [x=(-0.018, 0.018), y=(-0.018, 0.018), z=(-0.000, 0.077)].[0m
[38;5;226m[Genesis] [01:53:46] [WARNING] Link 'M_Bottom_1' has dubious center of mass [x=0.166, y=0.030, z=-0.073] compared to the bounding box from geometry [x=(0.106, 0.155), y=(-0.011, 0.071), z=(-0.078, -0.068)].[0m
[38;5;226m[Genesis] [01:53:46] [WARNING] Link 'M_Back_1' has dubious center of mass [x=0.003, y=0.021, z=0.011] compared to the bounding box from geometry [x=(-0.035, -0.030), y=(-0.033, 0.076), z=(-0.005, 0.028)].[0m
[38;5;226m[Genesis] [01:53:46] [WARNING] Link 'M_Left1_1' has dubious center of mass [x=-0.025, y=-0.002, z=-0.014] compared to the bounding box from geometry [x=(-0.088, -0.032), y=(-0.005, -0.000), z=(-0.038, 0.010)].[0m
[38;5;226m[Genesis] [01:53:46] [WARNING] Link 'M_Right1_1' has dubious center of mass [x=-0.025, y=0.003, z=-0.014] compared to the bounding box from geometry [x=(-0.087, -0.033), y=(0.000, 0.005), z=(-0.038, 0.010)].[0m
[38;5;226m[Genesis] [01:53:46] [WARNING] Link 'M_Top_1' has dubious center of mass [x=-0.024, y=0.028, z=0.005] compared to the bounding box from geometry [x=(-0.088, -0.032), y=(-0.031, 0.088), z=(-0.000, 0.010)].[0m
[38;5;226m[Genesis] [01:53:46] [WARNING] Link 'M_LeftLink_1' has dubious center of mass [x=-0.002, y=0.005, z=0.046] compared to the bounding box from geometry [x=(-0.040, -0.035), y=(-0.005, 0.015), z=(-0.005, 0.095)].[0m
[38;5;226m[Genesis] [01:53:46] [WARNING] Link 'M_RightLink_1' has dubious center of mass [x=-0.002, y=-0.005, z=0.046] compared to the bounding box from geometry [x=(-0.040, -0.035), y=(-0.015, 0.005), z=(-0.005, 0.095)].[0m
[38;5;226m[Genesis] [01:53:46] [WARNING] Link 'M_LeftLink2_copy_1' has dubious center of mass [x=-0.005, y=-0.005, z=0.021] compared to the bounding box from geometry [x=(-0.044, -0.032), y=(-0.015, 0.005), z=(-0.000, 0.045)].[0m
[38;5;226m[Genesis] [01:53:46] [WARNING] Link 'link_2' has dubious center of mass [x=0.000, y=0.000, z=0.000] compared to the bounding box from geometry [x=(-0.068, 0.479), y=(-0.069, 0.069), z=(0.082, 0.274)].[0m
[38;5;226m[Genesis] [01:53:47] [WARNING] Constraint solver time constant should be greater than 2*substep_dt. timeconst is changed from `0.0002` to `0.01`). Decrease simulation timestep or increase timeconst to avoid altering the original value.[0m
[38;5;226m[Genesis] [01:53:48] [WARNING] Filtered out geometry pairs causing self-collision for the neutral configuration (qpos0): (91, 114), (104, 106). Consider tuning Morph option 'decompose_robot_error_threshold' or specify dedicated collision meshes. This behavior can be disabled by setting Morph option 'enable_neutral_collision=True'.[0m
C:\Users\simuser\miniconda3\envs\crusher_genesis\Lib\site-packages\quadrants\_test_tools\warnings_helper.py:11: UserWarning: cannot create weak reference to 'tuple' object. Template mapper caching disabled.
  warnings.warn(message)
[verify] L2_Left_Wall1_1 충돌 geom 6개 / 시각 geom 3개  (플랜지 접촉=ON, 기대 충돌 6개)
[build] 성공 (12.7s)
[bag] shape 고정: 714/714 정점(바닥+양측면), 입구는 자유
[slot] 간격축 = world Y (겹침 -12.5mm), 슬롯 길이축 = world X (겹침 +65.0mm)
[slot] gap_cx=0.2125 gap_cy=-0.0053 gap_width=12.5mm wall_top_z=0.0870
[slot] pocket(L1_Wall1_1) center=(0.1745,0.0330)
[suction] LSM 후방 +100mm  (LSM-NK174218-1204_100MM__1_Dummy_1)
[suction] 그리퍼 개방 -50mm  (L_E-SMLG9H-100-ES10_1_1_L_E-SMLG9H-100-ES10_2_1)
[recover] 샤프트 '회전_31' dof=1 (q=0 닫힘 / q=pi 열림, 라쳇 때문에 닫을 땐 pi->2pi)  mode=set
[ctrl] Left_Wall armature=10.0kg (런타임 API) — 유효 질량 10.31kg, 100N -> 9.7 m/s^2, kv 안정 한계 4125 (현재 500)
[ctrl] Left_Wall force clip: ±100 N (Motor2 ctrlrange, docs/Crusher.md §5) — 벽은 이 힘에서 균형지는 위치에 멈춘다
[bag] grip_strip verts near FINGER_MID: 76

[phase] 0 prep (1.0s) — 크랭크 0->-3.142rad(-180deg), Left_Wall 0->+6mm(개방)
[phase] prep     @done  crank=-3.000rad  wall=+5.43mm
    [drop k=   0] tablet_z=+424.96mm bag_com=[0.00646321 0.2561791  0.39925352]
    [drop k=  40] tablet_z=+424.96mm bag_com=[0.00646321 0.2561791  0.39925352]
    [drop k=  80] tablet_z=+424.96mm bag_com=[0.00646321 0.2561791  0.39925352]
    [drop k= 120] tablet_z=+424.96mm bag_com=[0.00646321 0.2561791  0.39925352]
[phase] drop     @done  bag_com=[0.00646321 0.2561791  0.39925352]  finger_z=0.4378  tablet_z=+424.96mm  tilt=0.8deg  bag_bottom=0.3543
[phase] settle   @done  bag_com=[0.00646321 0.2561791  0.39925352]  finger_z=0.4378  tablet_z=+421.25mm  tilt=0.8deg  bag_bottom=0.3543
[bag] shape 고정 해제 — 이제부터 순수 마찰 파지
[phase] close    @done  bag_com=[0.00640323 0.25585017 0.39880174]  finger_z=0.4360  tablet_z=+420.89mm  tilt=0.3deg  bag_bottom=0.3538
[phase] grasp    @done  bag_com=[0.00637703 0.25589278 0.3988041 ]  finger_z=0.4361  tablet_z=+420.55mm  tilt=0.4deg  bag_bottom=0.3538
[phase] lift     @done  bag_com=[0.0056701  0.25851455 0.5243655 ]  finger_z=0.5620  tablet_z=+545.05mm  tilt=1.1deg  bag_bottom=0.4791
[phase] hold     @done  bag_com=[0.00565362 0.25841752 0.52435654]  finger_z=0.5620  tablet_z=+543.82mm  tilt=1.2deg  bag_bottom=0.4791
[slot] wall_center_z=0.0510  insert_z(finger)=0.1330  hang=82mm
[slot] 봉투중심 보정 dy=+0.0mm -> finger_y=-0.0053 (봉투중심 y=-0.0053 = gap_cy -0.0053)
[slot] 봉투중심 보정 dx=-28.0mm -> finger_x=0.2405 (봉투중심 x=0.2125 = gap_cx 0.2125) — 실링이 측벽에 물린다
[sweep] Y_OFFSET_MM=+0.0mm -> target_xy=[ 0.24049766 -0.00527226]  (gap_cy=-0.0053)
[cam] side view 고정: pos=(np.float64(0.21249766187667846), np.float64(-0.5552722595214844), np.float64(0.169001227684021)) look=(np.float64(0.21249766187667846), np.float64(-0.005272259521484357), np.float64(0.169001227684021)) (gap_width=12.5mm, z범위 above=0.2870~insert=0.1330)

[ik] above-slot target=[ 0.24049766 -0.00527226  0.28700123]  arm_q=[-5.1308829e-01  4.4076547e-01  8.6770487e-01 -4.9043447e-06
  1.8327464e+00  4.1990757e+00]
    [above k=   0] tablet_z=+543.80mm bag_com=[0.00565378 0.25841737 0.5243564 ]
    [above k=  40] tablet_z=+541.82mm bag_com=[0.00955348 0.25769576 0.52300787]
    [above k=  80] tablet_z=+533.43mm bag_com=[0.03057891 0.24654134 0.5147942 ]
    [above k= 120] tablet_z=+513.68mm bag_com=[0.07077836 0.22034965 0.49523365]
    [above k= 160] tablet_z=+479.21mm bag_com=[0.11989022 0.1792182  0.46130902]
    [above k= 200] tablet_z=+430.60mm bag_com=[0.16059297 0.12657629 0.41331688]
    [above k= 240] tablet_z=+376.80mm bag_com=[0.18643779 0.07676989 0.35807082]
    [above k= 280] tablet_z=+326.72mm bag_com=[0.20327228 0.0339996  0.30701497]
    [above k= 320] tablet_z=+291.11mm bag_com=[0.21005666 0.00636543 0.27031732]
    [above k= 360] tablet_z=+274.58mm bag_com=[ 0.21218814 -0.00456595  0.2526985 ]
[phase] above    @done  bag_com=[ 0.21261214 -0.00791441  0.24976133]  finger_z=0.2868  tablet_z=+256.67mm  tilt=6.6deg  bag_bottom=0.2043
[phase] aboveset @done  bag_com=[ 0.21274607 -0.00701479  0.24953116]  finger_z=0.2868  tablet_z=+209.09mm  tilt=5.8deg  bag_bottom=0.2043
[ik] insert target=[ 0.24049766 -0.00527226  0.13300123]  웨이포인트 41개(카테시안 직선)  arm_q=[-5.1308227e-01  4.2123258e-01  1.3185010e+00  9.8326658e-05
  1.4014834e+00  4.1990867e+00]
    [insert k=   0] tablet_z=+208.99mm bag_com=[ 0.21269596 -0.00700832  0.2493742 ]
    [insert k=  40] tablet_z=+206.52mm bag_com=[ 0.2127509  -0.00698937  0.24800076]
    [insert k=  80] tablet_z=+198.83mm bag_com=[ 0.21280573 -0.00703036  0.24032392]
    [insert k= 120] tablet_z=+182.41mm bag_com=[ 0.21281223 -0.00701581  0.22390711]
    [insert k= 160] tablet_z=+158.50mm bag_com=[ 0.21281305 -0.00697288  0.19997439]
    [insert k= 200] tablet_z=+130.35mm bag_com=[ 0.2128361  -0.00652261  0.17176022]
    [insert k= 240] tablet_z=+102.42mm bag_com=[ 0.2128422  -0.00670742  0.1437038 ]
    [insert k= 280] tablet_z=+79.05mm bag_com=[ 0.21291055 -0.00549068  0.12000935]
    [insert k= 320] tablet_z=+62.72mm bag_com=[ 0.21287556 -0.00699948  0.10408871]
    [insert k= 360] tablet_z=+55.21mm bag_com=[ 0.21290131 -0.00701551  0.09666453]
[phase] insert   @done  bag_com=[ 0.2129093  -0.00677259  0.09541263]  finger_z=0.1328  tablet_z=+53.79mm  tilt=5.8deg  bag_bottom=0.0503
[phase] settle2  @done  bag_com=[ 0.21293518 -0.00692409  0.09538879]  finger_z=0.1328  tablet_z=+53.77mm  tilt=5.9deg  bag_bottom=0.0503
[trim] TRIM_ROUNDS=0 — 생략(기본값). settle2 시점 bag_bottom 오차 +0.7mm 를 그대로 결과로 쓴다.
[trim] 최종 finger_z=0.1330  (초기 0.1330, 하한 0.1030)

[phase] 9 clamp (4.3s) — Left_Wall +6.0mm 에서 **속도지령** 8.0mm/s 로 계속 닫음 (docs §11-5), lead 20.0mm = 정지 시 100N, 가드 -17.0mm
    [clamp t= 0.00s] wall=  +5.96mm v=  +0.08mm/s  본체면 잔여 +23.46mm  bag_com=[ 0.21293518 -0.00692409  0.09538879]
    [clamp t= 0.17s] wall=  +4.61mm v=  +2.73mm/s  본체면 잔여 +22.11mm  bag_com=[ 0.21293518 -0.00692159  0.09538589]
    [clamp t= 0.34s] wall=  +3.27mm v=  +5.39mm/s  본체면 잔여 +20.77mm  bag_com=[ 0.21294262 -0.00692096  0.09537612]
    [clamp t= 0.51s] wall=  +1.92mm v=  +8.04mm/s  본체면 잔여 +19.42mm  bag_com=[ 0.21294963 -0.00679208  0.09535993]
    [clamp t= 0.68s] wall=  +0.57mm v= +10.69mm/s  본체면 잔여 +18.07mm  bag_com=[ 0.21295805 -0.0061827   0.09532733]
    [clamp t= 0.85s] wall=  -0.77mm v= +13.36mm/s  본체면 잔여 +16.73mm  bag_com=[ 0.21299104 -0.00539413  0.09529252]
    [clamp t= 1.02s] wall=  -2.12mm v= +16.01mm/s  본체면 잔여 +15.38mm  bag_com=[ 0.21303952 -0.00466597  0.09527162]
    [clamp t= 1.19s] wall=  -3.47mm v= +18.67mm/s  본체면 잔여 +14.03mm  bag_com=[ 0.21309829 -0.00400711  0.0952672 ]
    [clamp t= 1.36s] wall=  -4.81mm v= +21.35mm/s  본체면 잔여 +12.69mm  bag_com=[ 0.21314949 -0.00323997  0.09529992]
    [clamp t= 1.53s] wall=  -6.16mm v= +24.04mm/s  본체면 잔여 +11.34mm  bag_com=[ 0.21320762 -0.00238459  0.09537336]
    [clamp t= 1.70s] wall=  -7.51mm v= +26.05mm/s  본체면 잔여  +9.99mm  bag_com=[ 0.2133002  -0.0019133   0.09546921]
    [clamp t= 1.87s] wall=  -8.82mm v= +36.56mm/s  본체면 잔여  +8.68mm  bag_com=[ 0.2133319  -0.00161847  0.09556188]
    [clamp t= 2.04s] wall= -10.29mm v= +14.46mm/s  본체면 잔여  +7.21mm  bag_com=[ 0.21334498 -0.00142407  0.09570362]
    [clamp t= 2.21s] wall= -11.78mm v= -12.15mm/s  본체면 잔여  +5.72mm  bag_com=[ 0.2133799  -0.00121688  0.09584508]
    [clamp t= 2.38s] wall= -12.19mm v= -38.08mm/s  본체면 잔여  +5.31mm  bag_com=[ 0.21339786 -0.00107413  0.09591325]
    [clamp t= 2.55s] wall= -12.20mm v= -40.67mm/s  본체면 잔여  +5.30mm  bag_com=[ 0.2133986  -0.00105848  0.0959211 ]
    [clamp t= 2.72s] wall= -12.21mm v= -41.37mm/s  본체면 잔여  +5.29mm  bag_com=[ 0.21339774 -0.00104937  0.09592738]
    [clamp t= 2.89s] wall= -12.21mm v= -41.81mm/s  본체면 잔여  +5.29mm  bag_com=[ 0.2133984  -0.00103873  0.09593547]
    [clamp t= 3.06s] wall= -12.21mm v= -42.10mm/s  본체면 잔여  +5.29mm  bag_com=[ 0.21340154 -0.00102577  0.09594686]
    [clamp t= 3.23s] wall= -12.21mm v= -42.22mm/s  본체면 잔여  +5.29mm  bag_com=[ 0.2134077  -0.00101245  0.09596334]
    [clamp t= 3.40s] wall= -12.21mm v= -42.10mm/s  본체면 잔여  +5.29mm  bag_com=[ 0.21341582 -0.00099136  0.0959769 ]
    [clamp t= 3.57s] wall= -12.21mm v= -42.01mm/s  본체면 잔여  +5.29mm  bag_com=[ 0.21342134 -0.00097358  0.09598452]
    [clamp t= 3.74s] wall= -12.21mm v= -41.98mm/s  본체면 잔여  +5.29mm  bag_com=[ 0.21342538 -0.00096145  0.09599028]
    [clamp t= 3.91s] wall= -12.21mm v= -41.97mm/s  본체면 잔여  +5.29mm  bag_com=[ 0.21342833 -0.00095427  0.09599619]
    [clamp t= 4.08s] wall= -12.21mm v= -41.99mm/s  본체면 잔여  +5.29mm  bag_com=[ 0.21343039 -0.00095048  0.09600166]
    [clamp t= 4.25s] wall= -12.21mm v= -42.01mm/s  본체면 잔여  +5.29mm  bag_com=[ 0.21343201 -0.00094794  0.09600667]
[phase] clamp    @done  wall=-12.21mm  (잔여: 플랜지면 0.29mm / 본체면 5.29mm)  bag_com=[ 0.21343265 -0.00094722  0.09600812]
[clamp] 봉투 반력에 막혀 정지  (가드 -17.00mm, 최종 v=-42.03mm/s)
    [hold2 k=   0] tablet_z=+55.29mm bag_com=[ 0.21343271 -0.00094717  0.09600828]
    [hold2 k=  40] tablet_z=+55.30mm bag_com=[ 0.21343438 -0.00094573  0.09601346]
    [hold2 k=  80] tablet_z=+55.30mm bag_com=[ 0.21343541 -0.00094634  0.09601829]
[phase] hold2    @done  bag_com=[ 0.21343604 -0.00094709  0.09602045]  finger_z=0.1328  tablet_z=+55.31mm  tilt=2.2deg  bag_bottom=0.0520

[phase] 11 crush (15s, 3000 step) — 크랭크 8.0 RPM (0.8378 rad/s) 연속 회전 ≈ 2.0 바퀴
[ctrl] crank torque clip: ±12.5 N·m (docs/Crusher.md §2-2), kv=5000 — velocity 제어
[crush] 시작 정제 크기 5.01 x 3.86 x 3.91 mm
    [crush t=  0.0s] crank=    +0.0deg ( 0.02 RPM)  wall=-12.74mm  정제  5.01x 3.86x 3.91mm
    [crush t=  0.5s] crank=    +3.7deg ( 2.39 RPM)  wall=-16.59mm  정제  5.17x 3.39x 4.04mm
    [crush t=  1.0s] crank=   +14.4deg ( 4.74 RPM)  wall=-16.57mm  정제  5.17x 3.38x 4.04mm
    [crush t=  1.5s] crank=   +32.2deg ( 7.08 RPM)  wall=-16.57mm  정제  5.18x 3.37x 4.05mm
    [crush t=  2.0s] crank=   +55.6deg ( 8.00 RPM)  wall=-16.59mm  정제  5.18x 3.37x 4.06mm
    [crush t=  2.5s] crank=   +79.6deg ( 8.00 RPM)  wall=-16.60mm  정제  5.18x 3.37x 4.06mm
    [crush t=  3.0s] crank=  +103.6deg ( 8.00 RPM)  wall=-16.61mm  정제  5.20x 3.34x 4.06mm
    [crush t=  3.5s] crank=  +127.6deg ( 8.00 RPM)  wall=-16.62mm  정제  5.20x 3.33x 4.06mm
    [crush t=  4.0s] crank=  +151.6deg ( 7.82 RPM)  wall=-16.63mm  정제  7.17x 0.17x 4.38mm
    [crush t=  4.5s] crank=  +172.2deg ( 6.29 RPM)  wall=-16.64mm  정제  6.69x 0.31x 3.79mm
    [crush t=  5.0s] crank=  +193.6deg ( 8.03 RPM)  wall=-16.65mm  정제  6.50x 0.19x 3.31mm
    [crush t=  5.5s] crank=  +217.7deg ( 8.00 RPM)  wall=-16.67mm  정제  6.33x 1.75x 4.62mm
    [crush t=  6.0s] crank=  +241.7deg ( 8.00 RPM)  wall=-16.69mm  정제  5.25x 3.33x 4.04mm
    [crush t=  6.5s] crank=  +265.7deg ( 8.00 RPM)  wall=-16.71mm  정제  5.26x 3.36x 4.01mm
    [crush t=  7.0s] crank=  +289.7deg ( 8.00 RPM)  wall=-16.73mm  정제  5.26x 3.37x 4.01mm
    [crush t=  7.5s] crank=  +313.7deg ( 8.00 RPM)  wall=-16.74mm  정제  5.26x 3.37x 4.05mm
    [crush t=  8.0s] crank=  +337.7deg ( 8.00 RPM)  wall=-16.75mm  정제  5.24x 3.38x 4.07mm
    [crush t=  8.5s] crank=  +361.7deg ( 8.00 RPM)  wall=-16.77mm  정제  5.24x 3.38x 4.08mm
    [crush t=  9.0s] crank=  +385.7deg ( 8.00 RPM)  wall=-16.78mm  정제  5.23x 3.38x 4.08mm
    [crush t=  9.5s] crank=  +409.7deg ( 8.00 RPM)  wall=-16.79mm  정제  5.23x 3.38x 4.09mm
    [crush t= 10.0s] crank=  +433.7deg ( 8.00 RPM)  wall=-16.81mm  정제  5.22x 3.39x 4.09mm
    [crush t= 10.5s] crank=  +457.7deg ( 8.00 RPM)  wall=-16.82mm  정제  5.22x 3.39x 4.10mm
    [crush t= 11.0s] crank=  +481.7deg ( 8.00 RPM)  wall=-16.83mm  정제  5.21x 3.39x 4.10mm
    [crush t= 11.5s] crank=  +505.7deg ( 8.00 RPM)  wall=-16.84mm  정제  7.51x 0.89x 5.39mm
    [crush t= 12.0s] crank=  +529.5deg ( 7.79 RPM)  wall=-16.85mm  정제  6.17x 0.26x 3.98mm
    [crush t= 12.5s] crank=  +553.4deg ( 8.02 RPM)  wall=-16.85mm  정제  5.81x 0.15x 3.43mm
    [crush t= 13.0s] crank=  +577.4deg ( 8.00 RPM)  wall=-16.87mm  정제  5.86x 2.29x 4.45mm
    [crush t= 13.5s] crank=  +601.4deg ( 8.00 RPM)  wall=-16.89mm  정제  5.18x 3.36x 4.12mm
    [crush t= 14.0s] crank=  +625.4deg ( 8.00 RPM)  wall=-16.90mm  정제  5.22x 3.30x 4.14mm
    [crush t= 14.5s] crank=  +649.4deg ( 8.00 RPM)  wall=-16.91mm  정제  5.22x 3.31x 4.14mm
[phase] crush    @done  크랭크 +673.1deg (1.87 바퀴)  wall=-16.92mm
[crush] 정제 5.01x3.86x3.91 -> 5.22x3.32x4.13 mm  (변화 +0.21/-0.54/+0.23)
[crush] bag_com=[0.21379541 0.00138025 0.09639471]  tilt=3.7deg  bag_bottom=0.0551
[recover] 턱 상단 z=0.3005 -> 진입 finger z=0.4225 (봉투 하단 0.3405, 여유 +40mm)

[recover] 물림 중심 world=(-0.0565, -0.2750)  봉투하단 z=0.2005 (F_Top 상면 -10mm)  finger z=0.2825  손목 +90deg
[recover] 봉투중심 보정 -28.0mm @ 90deg -> TCP 목표 (-0.0565, -0.2470)
[recover] IK yaw 채택 45deg — 진입 17.2mm / 물림 0.1mm
[recover] IK 도달오차  진입 17.2mm / 물림 0.1mm  (허용 15mm)
[recover] **도달 불가 — 이송 생략**

[RESULT] GRIP_OFFSET_MM=-28mm  Y_OFFSET_MM=+0.0mm  verdict=PASS  (삽입 성공, 걸림/붕괴 없음)
[RESULT] final_bottom_z=0.0551  wall_center_z=0.0510  오차=+4.1mm(+면 얕음/-면 깊음)
[RESULT] width_y=23.8mm(baseline 14.6mm)  height_z=84.8mm(baseline 90.6mm)
[SUMMARY] flange=ON mode=velocity v=8.0mm/s F=100N kp=5000 hold=1 wall=-12.21mm body_gap=+5.29mm stalled=Y drop=+3.1mm tilt=3.7deg width=23.8mm reach_err=+4.1mm verdict=PASS

[saved] overview -> C:\Crusher_isaacsim\Crusher_Genesis\Crusher_M0609_RG2_Tablet_Samplebag\RESULT_ba_flange\grip-28mm\full_workflow_grip-28mm_yoff+0.0mm_20260901_015338_overview.mp4
[saved] bagcam   -> C:\Crusher_isaacsim\Crusher_Genesis\Crusher_M0609_RG2_Tablet_Samplebag\RESULT_ba_flange\grip-28mm\full_workflow_grip-28mm_yoff+0.0mm_20260901_015338_bagcam.mp4
[saved] sideview -> C:\Crusher_isaacsim\Crusher_Genesis\Crusher_M0609_RG2_Tablet_Samplebag\RESULT_ba_flange\grip-28mm\full_workflow_grip-28mm_yoff+0.0mm_20260901_015338_sideview.mp4

[timing] build=12.7s  steps=560.5s (5892 steps, 95.1ms/step)  합계=573.2s
완료.
