============================================================
 Full workflow: tablet drop -> bag catch -> grasp -> lift -> Crusher slot insert (viewer=False)
============================================================
[mjcf] Left_Wall 반사 관성 armature=10.0kg (링크 질량 0.312kg + 랙/피니언/감속기/로터). 100N -> 9.7 m/s^2, kv 안정 한계 4125
[mjcf] Left_Wall 형상 교체: 옛 geom 12개(시각 1 + hull 11) -> 본체 hull 5개 + 플랜지 1개 + 시각 1개. 플랜지 = **시각 전용(접촉 제외)**. 중립 간격 플랜지 12.50mm / 본체 17.50mm
[fem_ipc_workarounds] FEMEntity.set_vertex_constraints 패치 완료 (IPC 커플러 버그 우회)
[mjcf] 회수장치 턱 충돌메시 6개를 볼록껍질로 교체 (non-watertight -> IPC 투입 가능)
[38;5;226m[Genesis] [01:53:47] [WARNING] At least one of the meshes contain many faces (15432). Consider setting 'morph.decimate=True' to speed up collision detection and improve numerical stability.[0m
[38;5;226m[Genesis] [01:53:47] [WARNING] At least one of the meshes contain many faces (15762). Consider setting 'morph.decimate=True' to speed up collision detection and improve numerical stability.[0m
[38;5;226m[Genesis] [01:53:47] [WARNING] Mesh is not watertight. Falling back to convex hull for estimating inertial properties.[0m
[38;5;226m[Genesis] [01:53:48] [WARNING] Mesh is not watertight. Falling back to convex hull for estimating inertial properties.[0m
[38;5;226m[Genesis] [01:53:48] [WARNING] At least one of the meshes contain many faces (12522). Consider setting 'morph.decimate=True' to speed up collision detection and improve numerical stability.[0m
[38;5;226m[Genesis] [01:53:48] [WARNING] Mesh is not watertight. Falling back to convex hull for estimating inertial properties.[0m
[38;5;226m[Genesis] [01:53:48] [WARNING] Mesh is not watertight. Falling back to convex hull for estimating inertial properties.[0m
[38;5;226m[Genesis] [01:53:48] [WARNING] Mesh is not watertight. Falling back to convex hull for estimating inertial properties.[0m
[38;5;226m[Genesis] [01:53:48] [WARNING] Mesh is not watertight. Falling back to convex hull for estimating inertial properties.[0m
[38;5;226m[Genesis] [01:53:48] [WARNING] Mesh is not watertight. Falling back to convex hull for estimating inertial properties.[0m
[38;5;226m[Genesis] [01:53:48] [WARNING] Mesh is not watertight. Falling back to convex hull for estimating inertial properties.[0m
[38;5;226m[Genesis] [01:53:48] [WARNING] Mesh is not watertight. Falling back to convex hull for estimating inertial properties.[0m
[38;5;226m[Genesis] [01:53:48] [WARNING] Mesh is not watertight. Falling back to convex hull for estimating inertial properties.[0m
[38;5;226m[Genesis] [01:53:48] [WARNING] Mesh is not watertight. Falling back to convex hull for estimating inertial properties.[0m
[38;5;226m[Genesis] [01:53:48] [WARNING] Mesh is not watertight. Falling back to convex hull for estimating inertial properties.[0m
[38;5;226m[Genesis] [01:53:48] [WARNING] Mesh is not watertight. Falling back to convex hull for estimating inertial properties.[0m
[38;5;226m[Genesis] [01:53:48] [WARNING] Mesh is not watertight. Falling back to convex hull for estimating inertial properties.[0m
[38;5;226m[Genesis] [01:53:48] [WARNING] Mesh is not watertight. Falling back to convex hull for estimating inertial properties.[0m
[38;5;226m[Genesis] [01:53:49] [WARNING] Mesh is not watertight. Falling back to convex hull for estimating inertial properties.[0m
[38;5;226m[Genesis] [01:53:49] [WARNING] Mesh is not watertight. Falling back to convex hull for estimating inertial properties.[0m
[38;5;226m[Genesis] [01:53:49] [WARNING] At least one of the meshes contain many faces (27466). Consider setting 'morph.decimate=True' to speed up collision detection and improve numerical stability.[0m
[38;5;226m[Genesis] [01:53:49] [WARNING] Mesh is not watertight. Falling back to convex hull for estimating inertial properties.[0m
[38;5;226m[Genesis] [01:53:49] [WARNING] Mesh is not watertight. Falling back to convex hull for estimating inertial properties.[0m
[38;5;226m[Genesis] [01:53:49] [WARNING] Mesh is not watertight. Falling back to convex hull for estimating inertial properties.[0m
[38;5;226m[Genesis] [01:53:49] [WARNING] Mesh is not watertight. Falling back to convex hull for estimating inertial properties.[0m
[38;5;226m[Genesis] [01:53:49] [WARNING] Mesh is not watertight. Falling back to convex hull for estimating inertial properties.[0m

[build] scene.build() 시작...
[38;5;226m[Genesis] [01:53:49] [WARNING] Link 'L4_Motor2_Shaft_1' has dubious center of mass [x=0.000, y=-0.037, z=0.015] compared to the bounding box from geometry [x=(-0.018, 0.018), y=(-0.018, 0.018), z=(-0.000, 0.077)].[0m
[38;5;226m[Genesis] [01:53:49] [WARNING] Link 'M_Bottom_1' has dubious center of mass [x=0.166, y=0.030, z=-0.073] compared to the bounding box from geometry [x=(0.106, 0.155), y=(-0.011, 0.071), z=(-0.078, -0.068)].[0m
[38;5;226m[Genesis] [01:53:49] [WARNING] Link 'M_Back_1' has dubious center of mass [x=0.003, y=0.021, z=0.011] compared to the bounding box from geometry [x=(-0.035, -0.030), y=(-0.033, 0.076), z=(-0.005, 0.028)].[0m
[38;5;226m[Genesis] [01:53:49] [WARNING] Link 'M_Left1_1' has dubious center of mass [x=-0.025, y=-0.002, z=-0.014] compared to the bounding box from geometry [x=(-0.088, -0.032), y=(-0.005, -0.000), z=(-0.038, 0.010)].[0m
[38;5;226m[Genesis] [01:53:49] [WARNING] Link 'M_Right1_1' has dubious center of mass [x=-0.025, y=0.003, z=-0.014] compared to the bounding box from geometry [x=(-0.087, -0.033), y=(0.000, 0.005), z=(-0.038, 0.010)].[0m
[38;5;226m[Genesis] [01:53:49] [WARNING] Link 'M_Top_1' has dubious center of mass [x=-0.024, y=0.028, z=0.005] compared to the bounding box from geometry [x=(-0.088, -0.032), y=(-0.031, 0.088), z=(-0.000, 0.010)].[0m
[38;5;226m[Genesis] [01:53:49] [WARNING] Link 'M_LeftLink_1' has dubious center of mass [x=-0.002, y=0.005, z=0.046] compared to the bounding box from geometry [x=(-0.040, -0.035), y=(-0.005, 0.015), z=(-0.005, 0.095)].[0m
[38;5;226m[Genesis] [01:53:49] [WARNING] Link 'M_RightLink_1' has dubious center of mass [x=-0.002, y=-0.005, z=0.046] compared to the bounding box from geometry [x=(-0.040, -0.035), y=(-0.015, 0.005), z=(-0.005, 0.095)].[0m
[38;5;226m[Genesis] [01:53:49] [WARNING] Link 'M_LeftLink2_copy_1' has dubious center of mass [x=-0.005, y=-0.005, z=0.021] compared to the bounding box from geometry [x=(-0.044, -0.032), y=(-0.015, 0.005), z=(-0.000, 0.045)].[0m
[38;5;226m[Genesis] [01:53:49] [WARNING] Link 'link_2' has dubious center of mass [x=0.000, y=0.000, z=0.000] compared to the bounding box from geometry [x=(-0.068, 0.479), y=(-0.069, 0.069), z=(0.082, 0.274)].[0m
[38;5;226m[Genesis] [01:53:50] [WARNING] Constraint solver time constant should be greater than 2*substep_dt. timeconst is changed from `0.0002` to `0.01`). Decrease simulation timestep or increase timeconst to avoid altering the original value.[0m
[38;5;226m[Genesis] [01:53:51] [WARNING] Filtered out geometry pairs causing self-collision for the neutral configuration (qpos0): (90, 113), (103, 105). Consider tuning Morph option 'decompose_robot_error_threshold' or specify dedicated collision meshes. This behavior can be disabled by setting Morph option 'enable_neutral_collision=True'.[0m
C:\Users\simuser\miniconda3\envs\crusher_genesis\Lib\site-packages\quadrants\_test_tools\warnings_helper.py:11: UserWarning: cannot create weak reference to 'tuple' object. Template mapper caching disabled.
  warnings.warn(message)
[verify] L2_Left_Wall1_1 충돌 geom 5개 / 시각 geom 3개  (플랜지 접촉=OFF, 기대 충돌 5개)
[build] 성공 (12.6s)
[bag] shape 고정: 714/714 정점(바닥+양측면), 입구는 자유
[slot] 간격축 = world Y (겹침 -12.5mm), 슬롯 길이축 = world X (겹침 +65.0mm)
[slot] gap_cx=0.2125 gap_cy=-0.0053 gap_width=12.5mm wall_top_z=0.0870
[slot] pocket(L1_Wall1_1) center=(0.1745,0.0330)
[suction] LSM 후방 +100mm  (LSM-NK174218-1204_100MM__1_Dummy_1)
[suction] 그리퍼 개방 -50mm  (L_E-SMLG9H-100-ES10_1_1_L_E-SMLG9H-100-ES10_2_1)
[recover] 샤프트 '회전_31' dof=1 (q=0 닫힘 / q=pi 열림, 라쳇 때문에 닫을 땐 pi->2pi)  mode=set
[ctrl] Left_Wall armature=10.0kg (런타임 API) — 유효 질량 10.31kg, 100N -> 9.7 m/s^2, kv 안정 한계 4125 (현재 500)
[ctrl] Left_Wall force clip: ±100 N (Motor2 ctrlrange, docs/Crusher.md §5) — 벽은 이 힘에서 균형지는 위치에 멈춘다
[bag] grip_strip verts near FINGER_MID: 76
[38;5;226m[Genesis] [01:54:02] [WARNING] fps=30 is not reachable with dt=0.005. Recording at fps=28.57142857142857 instead.[0m
[38;5;226m[Genesis] [01:54:02] [WARNING] fps=30 is not reachable with dt=0.005. Recording at fps=28.57142857142857 instead.[0m
[38;5;226m[Genesis] [01:54:02] [WARNING] fps=30 is not reachable with dt=0.005. Recording at fps=28.57142857142857 instead.[0m

[phase] 0 prep (1.0s) — 크랭크 0->-3.142rad(-180deg), Left_Wall 0->+6mm(개방)
[phase] prep     @done  crank=-3.000rad  wall=+5.43mm
    [drop k=   0] tablet_z=+440.32mm bag_com=[0.00646321 0.2561791  0.39925352]
    [drop k=  40] tablet_z=+440.32mm bag_com=[0.00646321 0.2561791  0.39925352]
    [drop k=  80] tablet_z=+440.32mm bag_com=[0.00646321 0.2561791  0.39925352]
    [drop k= 120] tablet_z=+440.32mm bag_com=[0.00646321 0.2561791  0.39925352]
[phase] drop     @done  bag_com=[0.00646321 0.2561791  0.39925352]  finger_z=0.4378  tablet_z=+440.32mm  tilt=0.8deg  bag_bottom=0.3543
[phase] settle   @done  bag_com=[0.00646321 0.2561791  0.39925352]  finger_z=0.4378  tablet_z=+436.70mm  tilt=0.8deg  bag_bottom=0.3543
[bag] shape 고정 해제 — 이제부터 순수 마찰 파지
[phase] close    @done  bag_com=[0.00637708 0.25587747 0.39879948]  finger_z=0.4360  tablet_z=+435.21mm  tilt=0.6deg  bag_bottom=0.3538
[phase] grasp    @done  bag_com=[0.00635963 0.25584924 0.39880013]  finger_z=0.4361  tablet_z=+435.00mm  tilt=0.6deg  bag_bottom=0.3538
[phase] lift     @done  bag_com=[0.00563861 0.2575734  0.5243085 ]  finger_z=0.5620  tablet_z=+558.75mm  tilt=1.5deg  bag_bottom=0.4789
[phase] hold     @done  bag_com=[0.00560187 0.25752473 0.52429485]  finger_z=0.5620  tablet_z=+558.03mm  tilt=1.3deg  bag_bottom=0.4789
[slot] wall_center_z=0.0510  insert_z(finger)=0.1330  hang=82mm
[slot] 봉투중심 보정 dy=+0.0mm -> finger_y=-0.0053 (봉투중심 y=-0.0053 = gap_cy -0.0053)
[slot] 봉투중심 보정 dx=-28.0mm -> finger_x=0.2405 (봉투중심 x=0.2125 = gap_cx 0.2125) — 실링이 측벽에 물린다
[sweep] Y_OFFSET_MM=+0.0mm -> target_xy=[ 0.24049766 -0.00527226]  (gap_cy=-0.0053)
[cam] side view 고정: pos=(np.float64(0.21249766187667846), np.float64(-0.5552722595214844), np.float64(0.169001227684021)) look=(np.float64(0.21249766187667846), np.float64(-0.005272259521484357), np.float64(0.169001227684021)) (gap_width=12.5mm, z범위 above=0.2870~insert=0.1330)

[ik] above-slot target=[ 0.24049766 -0.00527226  0.28700123]  arm_q=[-5.1308578e-01  4.4076309e-01  8.6770833e-01 -9.8217279e-06
  1.8327425e+00  4.1990767e+00]
    [above k=   0] tablet_z=+558.02mm bag_com=[0.00560177 0.2575248  0.5242946 ]
    [above k=  40] tablet_z=+556.32mm bag_com=[0.00948676 0.25689515 0.5229269 ]
    [above k=  80] tablet_z=+547.93mm bag_com=[0.03051006 0.24546504 0.5147084 ]
    [above k= 120] tablet_z=+527.85mm bag_com=[0.06973992 0.21871184 0.49517864]
    [above k= 160] tablet_z=+493.33mm bag_com=[0.11845654 0.17838296 0.46121433]
    [above k= 200] tablet_z=+444.75mm bag_com=[0.15969856 0.12667157 0.41325834]
    [above k= 240] tablet_z=+389.52mm bag_com=[0.18865967 0.07509782 0.3582537 ]
    [above k= 280] tablet_z=+338.46mm bag_com=[0.20354363 0.03361038 0.30702323]
    [above k= 320] tablet_z=+301.47mm bag_com=[0.20997395 0.00691154 0.27027225]
    [above k= 360] tablet_z=+258.06mm bag_com=[ 0.21226451 -0.0057234   0.25274563]
[phase] above    @done  bag_com=[ 0.21261962 -0.00727794  0.24971142]  finger_z=0.2868  tablet_z=+242.02mm  tilt=6.2deg  bag_bottom=0.2043
[phase] aboveset @done  bag_com=[ 0.21277176 -0.00702516  0.2495224 ]  finger_z=0.2868  tablet_z=+216.43mm  tilt=5.8deg  bag_bottom=0.2043
[ik] insert target=[ 0.24049766 -0.00527226  0.13300123]  웨이포인트 41개(카테시안 직선)  arm_q=[-5.1307958e-01  4.2123023e-01  1.3185045e+00  9.2793314e-05
  1.4014791e+00  4.1990905e+00]
    [insert k=   0] tablet_z=+216.21mm bag_com=[ 0.21272066 -0.00701889  0.2493667 ]
    [insert k=  40] tablet_z=+210.50mm bag_com=[ 0.21277548 -0.00692512  0.24798945]
    [insert k=  80] tablet_z=+200.98mm bag_com=[ 0.21282746 -0.00696673  0.24031451]
    [insert k= 120] tablet_z=+184.31mm bag_com=[ 0.21283633 -0.00718521  0.22391105]
    [insert k= 160] tablet_z=+160.13mm bag_com=[ 0.2128477  -0.00638873  0.19993204]
    [insert k= 200] tablet_z=+132.25mm bag_com=[ 0.21285278 -0.00665675  0.17176618]
    [insert k= 240] tablet_z=+103.75mm bag_com=[ 0.21288577 -0.0056276   0.14366141]
    [insert k= 280] tablet_z=+80.49mm bag_com=[ 0.21288466 -0.00732317  0.12010196]
    [insert k= 320] tablet_z=+63.92mm bag_com=[ 0.21290727 -0.0068628   0.10407051]
    [insert k= 360] tablet_z=+55.60mm bag_com=[ 0.212928   -0.00685409  0.09665237]
[phase] insert   @done  bag_com=[ 0.21293604 -0.00693971  0.0954189 ]  finger_z=0.1328  tablet_z=+54.03mm  tilt=5.9deg  bag_bottom=0.0503
[phase] settle2  @done  bag_com=[ 0.2129621  -0.00694546  0.09539046]  finger_z=0.1328  tablet_z=+53.84mm  tilt=5.9deg  bag_bottom=0.0503
[trim] TRIM_ROUNDS=0 — 생략(기본값). settle2 시점 bag_bottom 오차 +0.7mm 를 그대로 결과로 쓴다.
[trim] 최종 finger_z=0.1330  (초기 0.1330, 하한 0.1030)

[phase] 9 clamp (4.3s) — Left_Wall +6.0mm 에서 **속도지령** 8.0mm/s 로 계속 닫음 (docs §11-5), lead 20.0mm = 정지 시 100N, 가드 -17.0mm
    [clamp t= 0.00s] wall=  +5.96mm v=  +0.08mm/s  본체면 잔여 +23.46mm  bag_com=[ 0.2129621  -0.00694546  0.09539046]
    [clamp t= 0.17s] wall=  +4.61mm v=  +2.73mm/s  본체면 잔여 +22.11mm  bag_com=[ 0.2129625  -0.00694371  0.09538795]
    [clamp t= 0.34s] wall=  +3.27mm v=  +5.39mm/s  본체면 잔여 +20.77mm  bag_com=[ 0.21296938 -0.00694276  0.09537922]
    [clamp t= 0.51s] wall=  +1.92mm v=  +8.03mm/s  본체면 잔여 +19.42mm  bag_com=[ 0.21297577 -0.00694153  0.09537146]
    [clamp t= 0.68s] wall=  +0.57mm v= +10.69mm/s  본체면 잔여 +18.07mm  bag_com=[ 0.2130002  -0.00642626  0.09533039]
    [clamp t= 0.85s] wall=  -0.77mm v= +13.34mm/s  본체면 잔여 +16.73mm  bag_com=[ 0.21302396 -0.00590589  0.09529764]
    [clamp t= 1.02s] wall=  -2.12mm v= +16.00mm/s  본체면 잔여 +15.38mm  bag_com=[ 0.21305463 -0.00539273  0.09527126]
    [clamp t= 1.19s] wall=  -3.47mm v= +18.65mm/s  본체면 잔여 +14.03mm  bag_com=[ 0.21309382 -0.00487287  0.09524901]
    [clamp t= 1.36s] wall=  -4.81mm v= +21.30mm/s  본체면 잔여 +12.69mm  bag_com=[ 0.21314105 -0.00435531  0.09523166]
    [clamp t= 1.53s] wall=  -6.16mm v= +23.95mm/s  본체면 잔여 +11.34mm  bag_com=[ 0.21318963 -0.00392719  0.09523213]
    [clamp t= 1.70s] wall=  -7.51mm v= +26.61mm/s  본체면 잔여  +9.99mm  bag_com=[ 0.21321848 -0.00349229  0.09524646]
    [clamp t= 1.87s] wall=  -8.85mm v= +29.28mm/s  본체면 잔여  +8.65mm  bag_com=[ 0.21323626 -0.00307765  0.0952685 ]
    [clamp t= 2.04s] wall= -10.20mm v= +31.95mm/s  본체면 잔여  +7.30mm  bag_com=[ 0.2132566  -0.00261641  0.09531508]
    [clamp t= 2.21s] wall= -11.55mm v= +34.83mm/s  본체면 잔여  +5.95mm  bag_com=[ 0.2132623  -0.00232418  0.09537596]
    [clamp t= 2.38s] wall= -12.85mm v= +46.27mm/s  본체면 잔여  +4.65mm  bag_com=[ 0.21327402 -0.00204513  0.09544382]
    [clamp t= 2.55s] wall= -13.88mm v=+112.03mm/s  본체면 잔여  +3.62mm  bag_com=[ 0.21328928 -0.00184584  0.09551382]
    [clamp t= 2.72s] wall= -14.48mm v=+203.74mm/s  본체면 잔여  +3.02mm  bag_com=[ 0.21328247 -0.00196759  0.09554076]
    [clamp t= 2.89s] wall= -14.52mm v=+196.95mm/s  본체면 잔여  +2.98mm  bag_com=[ 0.21327442 -0.00201089  0.09554967]
    [clamp t= 3.06s] wall= -14.52mm v=+196.38mm/s  본체면 잔여  +2.98mm  bag_com=[ 0.21326555 -0.00204289  0.09555461]
    [clamp t= 3.23s] wall= -14.52mm v=+195.85mm/s  본체면 잔여  +2.98mm  bag_com=[ 0.21325572 -0.00207676  0.09556203]
    [clamp t= 3.40s] wall= -14.52mm v=+195.30mm/s  본체면 잔여  +2.98mm  bag_com=[ 0.21324773 -0.0021038   0.09557141]
    [clamp t= 3.57s] wall= -14.53mm v=+194.77mm/s  본체면 잔여  +2.97mm  bag_com=[ 0.21323971 -0.00213592  0.09558214]
    [clamp t= 3.74s] wall= -14.53mm v=+194.25mm/s  본체면 잔여  +2.97mm  bag_com=[ 0.21323267 -0.00216122  0.09559359]
    [clamp t= 3.91s] wall= -14.53mm v=+193.74mm/s  본체면 잔여  +2.97mm  bag_com=[ 0.21322598 -0.00218319  0.09560571]
    [clamp t= 4.08s] wall= -14.53mm v=+193.23mm/s  본체면 잔여  +2.97mm  bag_com=[ 0.21322042 -0.00220321  0.09561849]
    [clamp t= 4.25s] wall= -14.54mm v=+192.73mm/s  본체면 잔여  +2.96mm  bag_com=[ 0.21321514 -0.00222206  0.09563165]
[phase] clamp    @done  wall=-14.54mm  (잔여: 플랜지면(비접촉) -2.04mm / 본체면 2.96mm)  bag_com=[ 0.21321331 -0.0022279   0.09563597]
[clamp] 봉투 반력에 막혀 정지  (가드 -17.00mm, 최종 v=+192.57mm/s)
    [hold2 k=   0] tablet_z=+53.88mm bag_com=[ 0.21321318 -0.00222843  0.09563643]
    [hold2 k=  40] tablet_z=+53.90mm bag_com=[ 0.21320775 -0.00224855  0.09565233]
    [hold2 k=  80] tablet_z=+53.92mm bag_com=[ 0.21320254 -0.00226724  0.09566872]
[phase] hold2    @done  bag_com=[ 0.21320044 -0.00227546  0.09567657]  finger_z=0.1328  tablet_z=+53.93mm  tilt=0.6deg  bag_bottom=0.0505

[phase] 11 crush (15s, 3000 step) — 크랭크 8.0 RPM (0.8378 rad/s) 연속 회전 ≈ 2.0 바퀴
[ctrl] crank torque clip: ±12.5 N·m (docs/Crusher.md §2-2), kv=5000 — velocity 제어
[crush] 시작 정제 크기 5.22 x 3.29 x 4.00 mm
    [crush t=  0.0s] crank=    +0.0deg ( 0.02 RPM)  wall=-13.60mm  정제  5.22x 3.29x 4.00mm
    [crush t=  0.5s] crank=    +3.7deg ( 2.39 RPM)  wall=-12.96mm  정제  5.13x 3.53x 4.02mm
    [crush t=  1.0s] crank=   +14.4deg ( 4.74 RPM)  wall=-12.92mm  정제  5.12x 3.55x 4.01mm
    [crush t=  1.5s] crank=   +32.2deg ( 7.08 RPM)  wall=-12.82mm  정제  5.09x 3.61x 3.99mm
    [crush t=  2.0s] crank=   +55.6deg ( 8.00 RPM)  wall=-12.79mm  정제  5.08x 3.63x 3.98mm
    [crush t=  2.5s] crank=   +79.6deg ( 8.00 RPM)  wall=-12.79mm  정제  5.08x 3.64x 3.98mm
    [crush t=  3.0s] crank=  +103.6deg ( 8.00 RPM)  wall=-12.78mm  정제  5.08x 3.64x 3.98mm
    [crush t=  3.5s] crank=  +127.6deg ( 8.00 RPM)  wall=-12.78mm  정제  5.08x 3.65x 3.98mm
    [crush t=  4.0s] crank=  +151.5deg ( 7.66 RPM)  wall=-12.87mm  정제  7.12x 0.06x 4.84mm
    [crush t=  4.5s] crank=  +169.9deg ( 4.84 RPM)  wall=-13.05mm  정제  7.05x 0.09x 4.53mm
    [crush t=  5.0s] crank=  +185.0deg ( 6.09 RPM)  wall=-13.11mm  정제  6.99x 0.08x 4.32mm
    [crush t=  5.5s] crank=  +207.8deg ( 8.00 RPM)  wall=-13.16mm  정제  6.92x 0.34x 4.39mm
    [crush t=  6.0s] crank=  +231.8deg ( 8.00 RPM)  wall=-12.87mm  정제  5.12x 3.47x 4.12mm
    [crush t=  6.5s] crank=  +255.8deg ( 8.00 RPM)  wall=-12.82mm  정제  5.09x 3.61x 4.01mm
    [crush t=  7.0s] crank=  +279.8deg ( 8.00 RPM)  wall=-12.81mm  정제  5.08x 3.63x 4.00mm
    [crush t=  7.5s] crank=  +303.8deg ( 8.00 RPM)  wall=-12.81mm  정제  5.08x 3.64x 3.99mm
    [crush t=  8.0s] crank=  +327.8deg ( 8.00 RPM)  wall=-12.81mm  정제  5.08x 3.65x 3.99mm
    [crush t=  8.5s] crank=  +351.8deg ( 8.00 RPM)  wall=-12.81mm  정제  5.08x 3.64x 3.99mm
    [crush t=  9.0s] crank=  +375.8deg ( 8.00 RPM)  wall=-12.81mm  정제  5.08x 3.64x 3.99mm
    [crush t=  9.5s] crank=  +399.8deg ( 8.00 RPM)  wall=-12.81mm  정제  5.08x 3.64x 3.99mm
    [crush t= 10.0s] crank=  +423.8deg ( 8.00 RPM)  wall=-12.81mm  정제  5.08x 3.64x 3.99mm
    [crush t= 10.5s] crank=  +447.8deg ( 8.00 RPM)  wall=-12.82mm  정제  5.08x 3.64x 3.99mm
    [crush t= 11.0s] crank=  +471.8deg ( 8.00 RPM)  wall=-12.82mm  정제  5.08x 3.64x 3.99mm
    [crush t= 11.5s] crank=  +495.8deg ( 8.00 RPM)  wall=-12.82mm  정제  5.08x 3.60x 3.99mm
    [crush t= 12.0s] crank=  +519.8deg ( 7.97 RPM)  wall=-12.91mm  정제  7.16x 0.05x 4.51mm
    [crush t= 12.5s] crank=  +543.5deg ( 8.01 RPM)  wall=-13.07mm  정제  7.10x 0.06x 4.33mm
    [crush t= 13.0s] crank=  +567.5deg ( 8.00 RPM)  wall=-13.20mm  정제  7.34x 0.80x 5.04mm
    [crush t= 13.5s] crank=  +591.5deg ( 8.00 RPM)  wall=-12.86mm  정제  5.11x 3.53x 4.08mm
    [crush t= 14.0s] crank=  +615.5deg ( 8.00 RPM)  wall=-12.84mm  정제  5.10x 3.61x 4.01mm
    [crush t= 14.5s] crank=  +639.5deg ( 8.00 RPM)  wall=-12.84mm  정제  5.09x 3.62x 4.00mm
[phase] crush    @done  크랭크 +663.3deg (1.84 바퀴)  wall=-12.83mm
[crush] 정제 5.22x3.29x4.00 -> 5.08x3.62x4.00 mm  (변화 -0.13/+0.33/+0.00)
[crush] bag_com=[ 0.21355915 -0.00291089  0.09486432]  tilt=0.3deg  bag_bottom=0.0495
[recover] 턱 상단 z=0.3005 -> 진입 finger z=0.4225 (봉투 하단 0.3405, 여유 +40mm)

[recover] 물림 중심 world=(-0.0565, -0.2750)  봉투하단 z=0.2005 (F_Top 상면 -10mm)  finger z=0.2825  손목 +90deg
[recover] 봉투중심 보정 -28.0mm @ 90deg -> TCP 목표 (-0.0565, -0.2470)
[recover] IK yaw 채택 45deg — 진입 17.2mm / 물림 0.1mm
[recover] IK 도달오차  진입 17.2mm / 물림 0.1mm  (허용 15mm)
[recover] **도달 불가 — 이송 생략**

[RESULT] GRIP_OFFSET_MM=-28mm  Y_OFFSET_MM=+0.0mm  verdict=PASS  (삽입 성공, 걸림/붕괴 없음)
[RESULT] final_bottom_z=0.0495  wall_center_z=0.0510  오차=-1.5mm(+면 얕음/-면 깊음)
[RESULT] width_y=15.2mm(baseline 14.3mm)  height_z=91.2mm(baseline 90.8mm)
[SUMMARY] flange=OFF mode=velocity v=8.0mm/s F=100N kp=5000 hold=1 wall=-14.54mm body_gap=+2.96mm stalled=Y drop=-1.0mm tilt=0.3deg width=15.2mm reach_err=-1.5mm verdict=PASS

[saved] overview -> C:\Crusher_isaacsim\Crusher_Genesis\Crusher_M0609_RG2_Tablet_Samplebag\RESULT_bb_best\grip-28mm\full_workflow_grip-28mm_yoff+0.0mm_20260901_015340_overview.mp4
[saved] bagcam   -> C:\Crusher_isaacsim\Crusher_Genesis\Crusher_M0609_RG2_Tablet_Samplebag\RESULT_bb_best\grip-28mm\full_workflow_grip-28mm_yoff+0.0mm_20260901_015340_bagcam.mp4
[saved] sideview -> C:\Crusher_isaacsim\Crusher_Genesis\Crusher_M0609_RG2_Tablet_Samplebag\RESULT_bb_best\grip-28mm\full_workflow_grip-28mm_yoff+0.0mm_20260901_015340_sideview.mp4

[timing] build=12.6s  steps=698.9s (5892 steps, 118.6ms/step)  합계=711.5s
완료.
