============================================================
 Full workflow: tablet drop -> bag catch -> grasp -> lift -> Crusher slot insert (viewer=False)
============================================================
[mjcf] Left_Wall 반사 관성 armature=10.0kg (링크 질량 0.312kg + 랙/피니언/감속기/로터). 100N -> 9.7 m/s^2, kv 안정 한계 4125
[mjcf] Left_Wall 형상 교체: 옛 geom 12개(시각 1 + hull 11) -> 본체 hull 5개 + 플랜지 1개 + 시각 1개. 플랜지 = 충돌+시각. 중립 간격 플랜지 12.50mm / 본체 17.50mm
[fem_ipc_workarounds] FEMEntity.set_vertex_constraints 패치 완료 (IPC 커플러 버그 우회)
[mjcf] 회수장치 턱 충돌메시 6개를 볼록껍질로 교체 (non-watertight -> IPC 투입 가능)
[38;5;226m[Genesis] [02:14:15] [WARNING] At least one of the meshes contain many faces (15432). Consider setting 'morph.decimate=True' to speed up collision detection and improve numerical stability.[0m
[38;5;226m[Genesis] [02:14:15] [WARNING] At least one of the meshes contain many faces (15762). Consider setting 'morph.decimate=True' to speed up collision detection and improve numerical stability.[0m
[38;5;226m[Genesis] [02:14:15] [WARNING] Mesh is not watertight. Falling back to convex hull for estimating inertial properties.[0m
[38;5;226m[Genesis] [02:14:15] [WARNING] Mesh is not watertight. Falling back to convex hull for estimating inertial properties.[0m
[38;5;226m[Genesis] [02:14:15] [WARNING] At least one of the meshes contain many faces (12522). Consider setting 'morph.decimate=True' to speed up collision detection and improve numerical stability.[0m
[38;5;226m[Genesis] [02:14:15] [WARNING] Mesh is not watertight. Falling back to convex hull for estimating inertial properties.[0m
[38;5;226m[Genesis] [02:14:15] [WARNING] Mesh is not watertight. Falling back to convex hull for estimating inertial properties.[0m
[38;5;226m[Genesis] [02:14:15] [WARNING] Mesh is not watertight. Falling back to convex hull for estimating inertial properties.[0m
[38;5;226m[Genesis] [02:14:15] [WARNING] Mesh is not watertight. Falling back to convex hull for estimating inertial properties.[0m
[38;5;226m[Genesis] [02:14:15] [WARNING] Mesh is not watertight. Falling back to convex hull for estimating inertial properties.[0m
[38;5;226m[Genesis] [02:14:15] [WARNING] Mesh is not watertight. Falling back to convex hull for estimating inertial properties.[0m
[38;5;226m[Genesis] [02:14:15] [WARNING] Mesh is not watertight. Falling back to convex hull for estimating inertial properties.[0m
[38;5;226m[Genesis] [02:14:15] [WARNING] Mesh is not watertight. Falling back to convex hull for estimating inertial properties.[0m
[38;5;226m[Genesis] [02:14:15] [WARNING] Mesh is not watertight. Falling back to convex hull for estimating inertial properties.[0m
[38;5;226m[Genesis] [02:14:15] [WARNING] Mesh is not watertight. Falling back to convex hull for estimating inertial properties.[0m
[38;5;226m[Genesis] [02:14:15] [WARNING] Mesh is not watertight. Falling back to convex hull for estimating inertial properties.[0m
[38;5;226m[Genesis] [02:14:15] [WARNING] Mesh is not watertight. Falling back to convex hull for estimating inertial properties.[0m
[38;5;226m[Genesis] [02:14:15] [WARNING] Mesh is not watertight. Falling back to convex hull for estimating inertial properties.[0m
[38;5;226m[Genesis] [02:14:16] [WARNING] Mesh is not watertight. Falling back to convex hull for estimating inertial properties.[0m
[38;5;226m[Genesis] [02:14:16] [WARNING] Mesh is not watertight. Falling back to convex hull for estimating inertial properties.[0m
[38;5;226m[Genesis] [02:14:16] [WARNING] At least one of the meshes contain many faces (27466). Consider setting 'morph.decimate=True' to speed up collision detection and improve numerical stability.[0m
[38;5;226m[Genesis] [02:14:16] [WARNING] Mesh is not watertight. Falling back to convex hull for estimating inertial properties.[0m
[38;5;226m[Genesis] [02:14:16] [WARNING] Mesh is not watertight. Falling back to convex hull for estimating inertial properties.[0m
[38;5;226m[Genesis] [02:14:16] [WARNING] Mesh is not watertight. Falling back to convex hull for estimating inertial properties.[0m
[38;5;226m[Genesis] [02:14:16] [WARNING] Mesh is not watertight. Falling back to convex hull for estimating inertial properties.[0m
[38;5;226m[Genesis] [02:14:16] [WARNING] Mesh is not watertight. Falling back to convex hull for estimating inertial properties.[0m

[build] scene.build() 시작...
[38;5;226m[Genesis] [02:14:16] [WARNING] Link 'L4_Motor2_Shaft_1' has dubious center of mass [x=0.000, y=-0.037, z=0.015] compared to the bounding box from geometry [x=(-0.018, 0.018), y=(-0.018, 0.018), z=(-0.000, 0.077)].[0m
[38;5;226m[Genesis] [02:14:16] [WARNING] Link 'M_Bottom_1' has dubious center of mass [x=0.166, y=0.030, z=-0.073] compared to the bounding box from geometry [x=(0.106, 0.155), y=(-0.011, 0.071), z=(-0.078, -0.068)].[0m
[38;5;226m[Genesis] [02:14:16] [WARNING] Link 'M_Back_1' has dubious center of mass [x=0.003, y=0.021, z=0.011] compared to the bounding box from geometry [x=(-0.035, -0.030), y=(-0.033, 0.076), z=(-0.005, 0.028)].[0m
[38;5;226m[Genesis] [02:14:16] [WARNING] Link 'M_Left1_1' has dubious center of mass [x=-0.025, y=-0.002, z=-0.014] compared to the bounding box from geometry [x=(-0.088, -0.032), y=(-0.005, -0.000), z=(-0.038, 0.010)].[0m
[38;5;226m[Genesis] [02:14:16] [WARNING] Link 'M_Right1_1' has dubious center of mass [x=-0.025, y=0.003, z=-0.014] compared to the bounding box from geometry [x=(-0.087, -0.033), y=(0.000, 0.005), z=(-0.038, 0.010)].[0m
[38;5;226m[Genesis] [02:14:16] [WARNING] Link 'M_Top_1' has dubious center of mass [x=-0.024, y=0.028, z=0.005] compared to the bounding box from geometry [x=(-0.088, -0.032), y=(-0.031, 0.088), z=(-0.000, 0.010)].[0m
[38;5;226m[Genesis] [02:14:16] [WARNING] Link 'M_LeftLink_1' has dubious center of mass [x=-0.002, y=0.005, z=0.046] compared to the bounding box from geometry [x=(-0.040, -0.035), y=(-0.005, 0.015), z=(-0.005, 0.095)].[0m
[38;5;226m[Genesis] [02:14:16] [WARNING] Link 'M_RightLink_1' has dubious center of mass [x=-0.002, y=-0.005, z=0.046] compared to the bounding box from geometry [x=(-0.040, -0.035), y=(-0.015, 0.005), z=(-0.005, 0.095)].[0m
[38;5;226m[Genesis] [02:14:16] [WARNING] Link 'M_LeftLink2_copy_1' has dubious center of mass [x=-0.005, y=-0.005, z=0.021] compared to the bounding box from geometry [x=(-0.044, -0.032), y=(-0.015, 0.005), z=(-0.000, 0.045)].[0m
[38;5;226m[Genesis] [02:14:17] [WARNING] Link 'link_2' has dubious center of mass [x=0.000, y=0.000, z=0.000] compared to the bounding box from geometry [x=(-0.068, 0.479), y=(-0.069, 0.069), z=(0.082, 0.274)].[0m
[38;5;226m[Genesis] [02:14:17] [WARNING] Constraint solver time constant should be greater than 2*substep_dt. timeconst is changed from `0.0002` to `0.01`). Decrease simulation timestep or increase timeconst to avoid altering the original value.[0m
[38;5;226m[Genesis] [02:14:18] [WARNING] Filtered out geometry pairs causing self-collision for the neutral configuration (qpos0): (91, 114), (104, 106). Consider tuning Morph option 'decompose_robot_error_threshold' or specify dedicated collision meshes. This behavior can be disabled by setting Morph option 'enable_neutral_collision=True'.[0m
C:\Users\simuser\miniconda3\envs\crusher_genesis\Lib\site-packages\quadrants\_test_tools\warnings_helper.py:11: UserWarning: cannot create weak reference to 'tuple' object. Template mapper caching disabled.
  warnings.warn(message)
[verify] L2_Left_Wall1_1 충돌 geom 6개 / 시각 geom 3개  (플랜지 접촉=ON, 기대 충돌 6개)
[build] 성공 (13.9s)
[bag] shape 고정: 714/714 정점(바닥+양측면), 입구는 자유
[slot] 간격축 = world Y (겹침 -12.5mm), 슬롯 길이축 = world X (겹침 +65.0mm)
[slot] gap_cx=0.2125 gap_cy=-0.0053 gap_width=12.5mm wall_top_z=0.0870
[slot] pocket(L1_Wall1_1) center=(0.1745,0.0330)
[suction] LSM 후방 +100mm  (LSM-NK174218-1204_100MM__1_Dummy_1)
[suction] 그리퍼 개방 -50mm  (L_E-SMLG9H-100-ES10_1_1_L_E-SMLG9H-100-ES10_2_1)
[recover] 샤프트 '회전_31' dof=1 (q=0 닫힘 / q=pi 열림, 라쳇 때문에 닫을 땐 pi->2pi)  mode=set
[ctrl] Left_Wall armature=10.0kg (런타임 API) — 유효 질량 10.31kg, 100N -> 9.7 m/s^2, kv 안정 한계 4125 (현재 500)
[ctrl] Left_Wall force clip: ±100 N (Motor2 ctrlrange, docs/Crusher.md §5) — 벽은 이 힘에서 균형지는 위치에 멈춘다
[bag] grip_strip verts near FINGER_MID: 76

[phase] 0 prep (1.0s) — 크랭크 0->-3.142rad(-180deg), Left_Wall 0->+6mm(개방)
[phase] prep     @done  crank=-3.000rad  wall=+5.43mm
    [drop k=   0] tablet_z=+416.15mm bag_com=[0.00646321 0.2561791  0.39925352]
    [drop k=  40] tablet_z=+416.15mm bag_com=[0.00646321 0.2561791  0.39925352]
    [drop k=  80] tablet_z=+416.15mm bag_com=[0.00646321 0.2561791  0.39925352]
    [drop k= 120] tablet_z=+416.15mm bag_com=[0.00646321 0.2561791  0.39925352]
[phase] drop     @done  bag_com=[0.00646321 0.2561791  0.39925352]  finger_z=0.4378  tablet_z=+416.15mm  tilt=0.8deg  bag_bottom=0.3543
[phase] settle   @done  bag_com=[0.00646321 0.2561791  0.39925352]  finger_z=0.4378  tablet_z=+411.72mm  tilt=0.8deg  bag_bottom=0.3543
[bag] shape 고정 해제 — 이제부터 순수 마찰 파지
[phase] close    @done  bag_com=[0.00643947 0.2557119  0.39880085]  finger_z=0.4360  tablet_z=+410.10mm  tilt=0.7deg  bag_bottom=0.3538
[phase] grasp    @done  bag_com=[0.00641111 0.2557399  0.3988034 ]  finger_z=0.4361  tablet_z=+409.58mm  tilt=0.4deg  bag_bottom=0.3538
[phase] lift     @done  bag_com=[0.00564485 0.25899142 0.5243739 ]  finger_z=0.5620  tablet_z=+516.60mm  tilt=1.2deg  bag_bottom=0.4791
[phase] hold     @done  bag_com=[0.00564291 0.25872657 0.5243596 ]  finger_z=0.5620  tablet_z=+482.73mm  tilt=1.3deg  bag_bottom=0.4791
[slot] wall_center_z=0.0510  insert_z(finger)=0.1330  hang=82mm
[slot] 봉투중심 보정 dy=+0.0mm -> finger_y=-0.0053 (봉투중심 y=-0.0053 = gap_cy -0.0053)
[slot] 봉투중심 보정 dx=-28.0mm -> finger_x=0.2405 (봉투중심 x=0.2125 = gap_cx 0.2125) — 실링이 측벽에 물린다
[sweep] Y_OFFSET_MM=+0.0mm -> target_xy=[ 0.24049766 -0.00527226]  (gap_cy=-0.0053)
[cam] side view 고정: pos=(np.float64(0.21249766187667846), np.float64(-0.5552722595214844), np.float64(0.169001227684021)) look=(np.float64(0.21249766187667846), np.float64(-0.005272259521484357), np.float64(0.169001227684021)) (gap_width=12.5mm, z범위 above=0.2870~insert=0.1330)

[ik] above-slot target=[ 0.24049766 -0.00527226  0.28700123]  arm_q=[-5.1308882e-01  4.4076610e-01  8.6770439e-01 -3.9343722e-06
  1.8327469e+00  4.1990752e+00]
    [above k=   0] tablet_z=+482.73mm bag_com=[0.00564307 0.25872573 0.5243595 ]
    [above k=  40] tablet_z=+481.35mm bag_com=[0.00957056 0.25753927 0.52298665]
    [above k=  80] tablet_z=+473.31mm bag_com=[0.03086595 0.24752744 0.51480126]
    [above k= 120] tablet_z=+453.70mm bag_com=[0.07117902 0.22154443 0.4951678 ]
    [above k= 160] tablet_z=+419.54mm bag_com=[0.1164015  0.17739546 0.46103483]
    [above k= 200] tablet_z=+372.07mm bag_com=[0.1583246  0.12692375 0.41309056]
    [above k= 240] tablet_z=+331.78mm bag_com=[0.18593007 0.07719778 0.35803437]
    [above k= 280] tablet_z=+294.83mm bag_com=[0.2021179  0.03629062 0.30696118]
    [above k= 320] tablet_z=+270.63mm bag_com=[0.20961313 0.00902592 0.27020258]
    [above k= 360] tablet_z=+256.45mm bag_com=[ 0.21222416 -0.00483444  0.25268814]
[phase] above    @done  bag_com=[ 0.21263595 -0.00810641  0.24975449]  finger_z=0.2868  tablet_z=+220.62mm  tilt=6.8deg  bag_bottom=0.2043
[phase] aboveset @done  bag_com=[ 0.21276234 -0.00704823  0.24951336]  finger_z=0.2868  tablet_z=+208.17mm  tilt=5.8deg  bag_bottom=0.2043
[ik] insert target=[ 0.24049766 -0.00527226  0.13300123]  웨이포인트 41개(카테시안 직선)  arm_q=[-5.1308334e-01  4.2123288e-01  1.3185003e+00  1.0031453e-04
  1.4014846e+00  4.1990852e+00]
    [insert k=   0] tablet_z=+208.01mm bag_com=[ 0.2127118  -0.00703818  0.24935764]
    [insert k=  40] tablet_z=+206.61mm bag_com=[ 0.21276556 -0.00697054  0.24798112]
    [insert k=  80] tablet_z=+198.90mm bag_com=[ 0.212819   -0.00710258  0.24031031]
    [insert k= 120] tablet_z=+182.83mm bag_com=[ 0.2127143  -0.00732299  0.22404444]
    [insert k= 160] tablet_z=+158.53mm bag_com=[ 0.21283437 -0.00631915  0.19992499]
    [insert k= 200] tablet_z=+135.22mm bag_com=[ 0.21275693 -0.00665531  0.17183761]
    [insert k= 240] tablet_z=+109.21mm bag_com=[ 0.21286844 -0.00592274  0.14365788]
    [insert k= 280] tablet_z=+88.65mm bag_com=[ 0.21352607 -0.00186762  0.11988014]
    [insert k= 320] tablet_z=+74.39mm bag_com=[ 0.21297647 -0.00391135  0.10403927]
    [insert k= 360] tablet_z=+60.70mm bag_com=[ 0.21289368 -0.00796083  0.09674087]
[phase] insert   @done  bag_com=[ 0.21289033 -0.00641024  0.09540812]  finger_z=0.1328  tablet_z=+54.62mm  tilt=5.5deg  bag_bottom=0.0503
[phase] settle2  @done  bag_com=[ 0.21291547 -0.00688085  0.09539532]  finger_z=0.1328  tablet_z=+53.66mm  tilt=5.8deg  bag_bottom=0.0503
[trim] TRIM_ROUNDS=0 — 생략(기본값). settle2 시점 bag_bottom 오차 +0.7mm 를 그대로 결과로 쓴다.
[trim] 최종 finger_z=0.1330  (초기 0.1330, 하한 0.1030)

[phase] 9 clamp (4.3s) — Left_Wall +6.0mm 에서 **속도지령** 8.0mm/s 로 계속 닫음 (docs §11-5), lead 20.0mm = 정지 시 100N, 가드 -17.0mm
    [clamp t= 0.00s] wall=  +5.96mm v=  +0.08mm/s  본체면 잔여 +23.46mm  bag_com=[ 0.21291544 -0.00688085  0.09539532]
    [clamp t= 0.17s] wall=  +4.61mm v=  +2.73mm/s  본체면 잔여 +22.11mm  bag_com=[ 0.21291591 -0.00687919  0.09539113]
    [clamp t= 0.34s] wall=  +3.27mm v=  +5.39mm/s  본체면 잔여 +20.77mm  bag_com=[ 0.21292174 -0.00687957  0.09538188]
    [clamp t= 0.51s] wall=  +1.92mm v=  +8.04mm/s  본체면 잔여 +19.42mm  bag_com=[ 0.2129301  -0.00679766  0.0953667 ]
    [clamp t= 0.68s] wall=  +0.57mm v= +10.69mm/s  본체면 잔여 +18.07mm  bag_com=[ 0.21293786 -0.00617837  0.09533384]
    [clamp t= 0.85s] wall=  -0.77mm v= +13.36mm/s  본체면 잔여 +16.73mm  bag_com=[ 0.21297173 -0.00539276  0.09529795]
    [clamp t= 1.02s] wall=  -2.12mm v= +16.01mm/s  본체면 잔여 +15.38mm  bag_com=[ 0.21301939 -0.00466052  0.09527767]
    [clamp t= 1.19s] wall=  -3.47mm v= +18.67mm/s  본체면 잔여 +14.03mm  bag_com=[ 0.2130799  -0.00396325  0.09527446]
    [clamp t= 1.36s] wall=  -4.81mm v= +21.35mm/s  본체면 잔여 +12.69mm  bag_com=[ 0.21313055 -0.00319983  0.09530503]
    [clamp t= 1.53s] wall=  -6.16mm v= +24.04mm/s  본체면 잔여 +11.34mm  bag_com=[ 0.21318872 -0.00238844  0.09537772]
    [clamp t= 1.70s] wall=  -7.51mm v= +26.08mm/s  본체면 잔여  +9.99mm  bag_com=[ 0.21327917 -0.00192498  0.09547359]
    [clamp t= 1.87s] wall=  -8.82mm v= +36.31mm/s  본체면 잔여  +8.68mm  bag_com=[ 0.21330932 -0.0016172   0.09556622]
    [clamp t= 2.04s] wall= -10.29mm v= +14.42mm/s  본체면 잔여  +7.21mm  bag_com=[ 0.21332239 -0.00142374  0.0957092 ]
    [clamp t= 2.21s] wall= -11.78mm v= -12.31mm/s  본체면 잔여  +5.72mm  bag_com=[ 0.21335793 -0.00120366  0.09584963]
    [clamp t= 2.38s] wall= -12.19mm v= -38.29mm/s  본체면 잔여  +5.31mm  bag_com=[ 0.2133759  -0.00106724  0.09591919]
    [clamp t= 2.55s] wall= -12.20mm v= -40.88mm/s  본체면 잔여  +5.30mm  bag_com=[ 0.21337718 -0.00105035  0.09592736]
    [clamp t= 2.72s] wall= -12.21mm v= -41.56mm/s  본체면 잔여  +5.29mm  bag_com=[ 0.21337703 -0.00104001  0.09593457]
    [clamp t= 2.89s] wall= -12.21mm v= -41.96mm/s  본체면 잔여  +5.29mm  bag_com=[ 0.2133789  -0.001028    0.09594408]
    [clamp t= 3.06s] wall= -12.21mm v= -42.19mm/s  본체면 잔여  +5.29mm  bag_com=[ 0.21338348 -0.00101498  0.09595849]
    [clamp t= 3.23s] wall= -12.21mm v= -42.15mm/s  본체면 잔여  +5.29mm  bag_com=[ 0.21339083 -0.0009992   0.09597534]
    [clamp t= 3.40s] wall= -12.21mm v= -42.03mm/s  본체면 잔여  +5.29mm  bag_com=[ 0.21339767 -0.00097865  0.09598482]
    [clamp t= 3.57s] wall= -12.21mm v= -41.97mm/s  본체면 잔여  +5.29mm  bag_com=[ 0.21340208 -0.00096531  0.09599118]
    [clamp t= 3.74s] wall= -12.21mm v= -41.96mm/s  본체면 잔여  +5.29mm  bag_com=[ 0.21340548 -0.00095656  0.09599669]
    [clamp t= 3.91s] wall= -12.21mm v= -41.96mm/s  본체면 잔여  +5.29mm  bag_com=[ 0.21340789 -0.00095197  0.09600238]
    [clamp t= 4.08s] wall= -12.21mm v= -41.98mm/s  본체면 잔여  +5.29mm  bag_com=[ 0.21340987 -0.00094959  0.09600754]
    [clamp t= 4.25s] wall= -12.21mm v= -42.00mm/s  본체면 잔여  +5.29mm  bag_com=[ 0.2134116  -0.00094761  0.09601215]
[phase] clamp    @done  wall=-12.21mm  (잔여: 플랜지면 0.29mm / 본체면 5.29mm)  bag_com=[ 0.21341209 -0.00094724  0.09601347]
[clamp] 봉투 반력에 막혀 정지  (가드 -17.00mm, 최종 v=-42.01mm/s)
    [hold2 k=   0] tablet_z=+55.44mm bag_com=[ 0.21341214 -0.00094721  0.09601364]
    [hold2 k=  40] tablet_z=+55.44mm bag_com=[ 0.2134137  -0.00094744  0.0960186 ]
    [hold2 k=  80] tablet_z=+55.45mm bag_com=[ 0.21341495 -0.00094995  0.09602329]
[phase] hold2    @done  bag_com=[ 0.21341524 -0.0009525   0.09602545]  finger_z=0.1328  tablet_z=+55.45mm  tilt=2.1deg  bag_bottom=0.0520

[phase] 11 crush (15s, 3000 step) — 크랭크 8.0 RPM (0.8378 rad/s) 연속 회전 ≈ 2.0 바퀴
[ctrl] crank torque clip: ±12.5 N·m (docs/Crusher.md §2-2), kv=5000 — velocity 제어
[crush] 시작 정제 크기 5.03 x 3.77 x 3.91 mm
    [crush t=  0.0s] crank=    +0.0deg ( 0.02 RPM)  wall=-12.39mm  정제  5.03x 3.77x 3.91mm
    [crush t=  0.5s] crank=    +1.8deg ( 0.02 RPM)  wall=-13.88mm  정제  5.09x 3.70x 4.05mm
    [crush t=  1.0s] crank=    +3.6deg ( 0.02 RPM)  wall=-14.00mm  정제  4.93x 4.10x 4.07mm
    [crush t=  1.5s] crank=    +5.4deg ( 0.02 RPM)  wall= -7.71mm  정제  4.95x 4.18x 4.18mm
    [crush t=  2.0s] crank=    +7.3deg ( 0.02 RPM)  wall=-13.06mm  정제  5.08x 3.92x 4.16mm
    [crush t=  2.5s] crank=    +9.1deg ( 0.02 RPM)  wall=-12.40mm  정제  5.08x 4.07x 4.19mm
    [crush t=  3.0s] crank=   +10.9deg ( 0.02 RPM)  wall=-12.32mm  정제  5.08x 3.85x 4.37mm
    [crush t=  3.5s] crank=   +12.7deg ( 0.02 RPM)  wall=-12.39mm  정제  4.98x 3.88x 4.26mm
    [crush t=  4.0s] crank=   +14.5deg ( 0.02 RPM)  wall=-13.23mm  정제  4.98x 4.02x 4.10mm
    [crush t=  4.5s] crank=   +16.3deg ( 0.02 RPM)  wall=-13.19mm  정제  5.04x 3.90x 4.05mm
    [crush t=  5.0s] crank=   +18.2deg ( 0.02 RPM)  wall=-13.30mm  정제  5.06x 4.13x 4.10mm
    [crush t=  5.5s] crank=   +20.0deg ( 0.02 RPM)  wall=-12.97mm  정제  5.09x 4.01x 4.06mm
    [crush t=  6.0s] crank=   +21.8deg ( 0.02 RPM)  wall=-13.29mm  정제  5.03x 4.12x 4.00mm
    [crush t=  6.5s] crank=   +23.6deg ( 0.02 RPM)  wall=-13.32mm  정제  5.05x 4.08x 3.98mm
    [crush t=  7.0s] crank=   +25.4deg ( 0.02 RPM)  wall=-13.33mm  정제  5.04x 4.06x 3.95mm
    [crush t=  7.5s] crank=   +27.2deg ( 0.02 RPM)  wall=-13.34mm  정제  5.05x 4.08x 3.98mm
    [crush t=  8.0s] crank=   +29.1deg ( 0.02 RPM)  wall=-13.34mm  정제  5.02x 3.98x 3.96mm
    [crush t=  8.5s] crank=   +30.9deg ( 0.02 RPM)  wall=-13.33mm  정제  5.04x 4.01x 3.93mm
    [crush t=  9.0s] crank=   +32.7deg ( 0.02 RPM)  wall=-13.34mm  정제  5.04x 4.02x 3.94mm
    [crush t=  9.5s] crank=   +34.5deg ( 0.02 RPM)  wall=-13.33mm  정제  5.04x 3.98x 3.96mm
    [crush t= 10.0s] crank=   +36.3deg ( 0.02 RPM)  wall=-13.33mm  정제  5.04x 4.01x 3.95mm
    [crush t= 10.5s] crank=   +38.1deg ( 0.02 RPM)  wall=-13.34mm  정제  5.02x 3.99x 3.99mm
    [crush t= 11.0s] crank=   +39.9deg ( 0.02 RPM)  wall=-13.33mm  정제  5.02x 4.03x 4.01mm
    [crush t= 11.5s] crank=   +41.8deg ( 0.02 RPM)  wall=-13.33mm  정제  5.03x 4.03x 4.01mm
    [crush t= 12.0s] crank=   +43.6deg ( 0.02 RPM)  wall=-13.34mm  정제  5.03x 4.01x 4.00mm
    [crush t= 12.5s] crank=   +45.4deg ( 0.02 RPM)  wall=-13.34mm  정제  5.03x 4.03x 4.02mm
    [crush t= 13.0s] crank=   +47.2deg ( 0.02 RPM)  wall=-13.34mm  정제  5.02x 4.03x 4.00mm
    [crush t= 13.5s] crank=   +49.0deg ( 0.02 RPM)  wall=-13.34mm  정제  5.02x 4.03x 3.98mm
    [crush t= 14.0s] crank=   +50.8deg ( 0.02 RPM)  wall=-13.34mm  정제  5.03x 4.03x 3.99mm
    [crush t= 14.5s] crank=   +52.6deg ( 0.02 RPM)  wall=-13.34mm  정제  5.00x 4.12x 3.99mm
[phase] crush    @done  크랭크 +54.4deg (0.15 바퀴)  wall=-15.74mm
[crush] 정제 5.03x3.77x3.91 -> 5.02x4.05x4.03 mm  (변화 -0.01/+0.28/+0.12)
[crush] bag_com=[0.21679541 0.00156181 0.09404616]  tilt=10.6deg  bag_bottom=0.0547
[recover] 턱 상단 z=0.3005 -> 진입 finger z=0.3825 (봉투 하단 0.3005, 여유 +0mm)

[recover] 물림 중심 world=(-0.0565, -0.2750)  봉투하단 z=0.2005 (F_Top 상면 -10mm)  finger z=0.2825  손목 +90deg
[recover] 봉투중심 보정 -28.0mm @ 90deg -> TCP 목표 (-0.0565, -0.2470)
[recover] 실링 정렬 자세 90deg 로 도달 — 스윕 생략
[recover] IK yaw 채택 90deg — 진입 0.2mm / 물림 0.1mm
[recover] IK 도달오차  진입 0.2mm / 물림 0.1mm  (허용 15mm)

[phase] 12a unclamp (1.0s) — Left_Wall -15.74 -> +6.0mm (지령이던 곳 -12.00)
[phase] unclamp  @done  wall=-15.55mm (열린 양 +0.18mm)  bag_com=[0.21677941 0.00159929 0.094024  ]
Traceback (most recent call last):
  File "C:\Crusher_isaacsim\Crusher_Genesis\Crusher_M0609_RG2_Tablet_Samplebag\full_workflow.py", line 2708, in <module>
    main(use_viewer=os.environ.get("VIEWER") == "1")
    ~~~~^^^^^^^^^^^^^^^^^^^^^^^^^^^^^^^^^^^^^^^^^^^^
  File "C:\Crusher_isaacsim\Crusher_Genesis\Crusher_M0609_RG2_Tablet_Samplebag\full_workflow.py", line 2502, in main
    raise RuntimeError(
    ...<3 lines>...
        f"힘제어로 못 빼내는 상태다. §21-9 참고.")
RuntimeError: [recover] Left_Wall 이 안 열렸다 — -15.74 -> -15.55mm (열린 양 +0.18mm, 목표 +6.0mm). 분쇄 중 벽이 더 파고들어 힘제어로 못 빼내는 상태다. §21-9 참고.

[38;5;9m[Genesis] [02:33:02] [ERROR] RuntimeError: [recover] Left_Wall 이 안 열렸다 — -15.74 -> -15.55mm (열린 양 +0.18mm, 목표 +6.0mm). 분쇄 중 벽이 더 파고들어 힘제어로 못 빼내는 상태다. §21-9 참고.[0m
