[cfg] WALL_ARMATURE=2 LEFTWALL_FLANGE_CONTACT=0 WALL_CLOSE_MMPS=8 WALL_FORCE_LIM_N=100 HOLD_THROUGH_CLAMP=0
============================================================
 Full workflow: tablet drop -> bag catch -> grasp -> lift -> Crusher slot insert (viewer=False)
============================================================
[mjcf] Left_Wall 반사 관성 armature=2.0kg (링크 질량 0.312kg + 랙/피니언/감속기/로터). 100N -> 43.3 m/s^2, kv 안정 한계 925
[mjcf] Left_Wall 형상 교체: 옛 geom 12개(시각 1 + hull 11) -> 본체 hull 5개 + 플랜지 1개 + 시각 1개. 플랜지 = **시각 전용(접촉 제외)**. 중립 간격 플랜지 12.50mm / 본체 17.50mm
[fem_ipc_workarounds] FEMEntity.set_vertex_constraints 패치 완료 (IPC 커플러 버그 우회)
[38;5;226m[Genesis] [06:28:55] [WARNING] At least one of the meshes contain many faces (15432). Consider setting 'morph.decimate=True' to speed up collision detection and improve numerical stability.[0m
[38;5;226m[Genesis] [06:28:55] [WARNING] At least one of the meshes contain many faces (15762). Consider setting 'morph.decimate=True' to speed up collision detection and improve numerical stability.[0m
[38;5;226m[Genesis] [06:28:55] [WARNING] Mesh is not watertight. Falling back to convex hull for estimating inertial properties.[0m
[38;5;226m[Genesis] [06:28:55] [WARNING] Mesh is not watertight. Falling back to convex hull for estimating inertial properties.[0m
[38;5;226m[Genesis] [06:28:55] [WARNING] At least one of the meshes contain many faces (12522). Consider setting 'morph.decimate=True' to speed up collision detection and improve numerical stability.[0m
[38;5;226m[Genesis] [06:28:55] [WARNING] Mesh is not watertight. Falling back to convex hull for estimating inertial properties.[0m
[38;5;226m[Genesis] [06:28:55] [WARNING] Mesh is not watertight. Falling back to convex hull for estimating inertial properties.[0m
[38;5;226m[Genesis] [06:28:55] [WARNING] Mesh is not watertight. Falling back to convex hull for estimating inertial properties.[0m
[38;5;226m[Genesis] [06:28:55] [WARNING] Mesh is not watertight. Falling back to convex hull for estimating inertial properties.[0m
[38;5;226m[Genesis] [06:28:55] [WARNING] Mesh is not watertight. Falling back to convex hull for estimating inertial properties.[0m
[38;5;226m[Genesis] [06:28:55] [WARNING] Mesh is not watertight. Falling back to convex hull for estimating inertial properties.[0m
[38;5;226m[Genesis] [06:28:55] [WARNING] Mesh is not watertight. Falling back to convex hull for estimating inertial properties.[0m
[38;5;226m[Genesis] [06:28:55] [WARNING] Mesh is not watertight. Falling back to convex hull for estimating inertial properties.[0m
[38;5;226m[Genesis] [06:28:55] [WARNING] Mesh is not watertight. Falling back to convex hull for estimating inertial properties.[0m
[38;5;226m[Genesis] [06:28:55] [WARNING] Mesh is not watertight. Falling back to convex hull for estimating inertial properties.[0m
[38;5;226m[Genesis] [06:28:55] [WARNING] Mesh is not watertight. Falling back to convex hull for estimating inertial properties.[0m
[38;5;226m[Genesis] [06:28:55] [WARNING] Mesh is not watertight. Falling back to convex hull for estimating inertial properties.[0m
[38;5;226m[Genesis] [06:28:55] [WARNING] Mesh is not watertight. Falling back to convex hull for estimating inertial properties.[0m
[38;5;226m[Genesis] [06:28:56] [WARNING] Mesh is not watertight. Falling back to convex hull for estimating inertial properties.[0m
[38;5;226m[Genesis] [06:28:56] [WARNING] Mesh is not watertight. Falling back to convex hull for estimating inertial properties.[0m
[38;5;226m[Genesis] [06:28:56] [WARNING] At least one of the meshes contain many faces (27466). Consider setting 'morph.decimate=True' to speed up collision detection and improve numerical stability.[0m
[38;5;226m[Genesis] [06:28:56] [WARNING] Mesh is not watertight. Falling back to convex hull for estimating inertial properties.[0m
[38;5;226m[Genesis] [06:28:56] [WARNING] Mesh is not watertight. Falling back to convex hull for estimating inertial properties.[0m
[38;5;226m[Genesis] [06:28:56] [WARNING] Mesh is not watertight. Falling back to convex hull for estimating inertial properties.[0m
[38;5;226m[Genesis] [06:28:56] [WARNING] Mesh is not watertight. Falling back to convex hull for estimating inertial properties.[0m
[38;5;226m[Genesis] [06:28:56] [WARNING] Mesh is not watertight. Falling back to convex hull for estimating inertial properties.[0m

[build] scene.build() 시작...
[38;5;226m[Genesis] [06:28:56] [WARNING] Link 'L4_Motor2_Shaft_1' has dubious center of mass [x=0.000, y=-0.037, z=0.015] compared to the bounding box from geometry [x=(-0.018, 0.018), y=(-0.018, 0.018), z=(-0.000, 0.077)].[0m
[38;5;226m[Genesis] [06:28:56] [WARNING] Link 'M_Bottom_1' has dubious center of mass [x=0.166, y=0.030, z=-0.073] compared to the bounding box from geometry [x=(0.106, 0.155), y=(-0.011, 0.071), z=(-0.078, -0.068)].[0m
[38;5;226m[Genesis] [06:28:56] [WARNING] Link 'M_Back_1' has dubious center of mass [x=0.003, y=0.021, z=0.011] compared to the bounding box from geometry [x=(-0.035, -0.030), y=(-0.033, 0.076), z=(-0.005, 0.028)].[0m
[38;5;226m[Genesis] [06:28:56] [WARNING] Link 'M_Left1_1' has dubious center of mass [x=-0.025, y=-0.002, z=-0.014] compared to the bounding box from geometry [x=(-0.088, -0.032), y=(-0.005, -0.000), z=(-0.038, 0.010)].[0m
[38;5;226m[Genesis] [06:28:56] [WARNING] Link 'M_Right1_1' has dubious center of mass [x=-0.025, y=0.003, z=-0.014] compared to the bounding box from geometry [x=(-0.087, -0.033), y=(0.000, 0.005), z=(-0.038, 0.010)].[0m
[38;5;226m[Genesis] [06:28:56] [WARNING] Link 'M_Top_1' has dubious center of mass [x=-0.024, y=0.028, z=0.005] compared to the bounding box from geometry [x=(-0.088, -0.032), y=(-0.031, 0.088), z=(-0.000, 0.010)].[0m
[38;5;226m[Genesis] [06:28:56] [WARNING] Link 'M_LeftLink_1' has dubious center of mass [x=-0.002, y=0.005, z=0.046] compared to the bounding box from geometry [x=(-0.040, -0.035), y=(-0.005, 0.015), z=(-0.005, 0.095)].[0m
[38;5;226m[Genesis] [06:28:56] [WARNING] Link 'M_RightLink_1' has dubious center of mass [x=-0.002, y=-0.005, z=0.046] compared to the bounding box from geometry [x=(-0.040, -0.035), y=(-0.015, 0.005), z=(-0.005, 0.095)].[0m
[38;5;226m[Genesis] [06:28:56] [WARNING] Link 'M_LeftLink2_copy_1' has dubious center of mass [x=-0.005, y=-0.005, z=0.021] compared to the bounding box from geometry [x=(-0.044, -0.032), y=(-0.015, 0.005), z=(-0.000, 0.045)].[0m
[38;5;226m[Genesis] [06:28:56] [WARNING] Link 'link_2' has dubious center of mass [x=0.000, y=0.000, z=0.000] compared to the bounding box from geometry [x=(-0.068, 0.479), y=(-0.069, 0.069), z=(0.082, 0.274)].[0m
[38;5;226m[Genesis] [06:28:57] [WARNING] Constraint solver time constant should be greater than 2*substep_dt. timeconst is changed from `0.0002` to `0.01`). Decrease simulation timestep or increase timeconst to avoid altering the original value.[0m
[38;5;226m[Genesis] [06:28:58] [WARNING] Filtered out geometry pairs causing self-collision for the neutral configuration (qpos0): (90, 113), (103, 105). Consider tuning Morph option 'decompose_robot_error_threshold' or specify dedicated collision meshes. This behavior can be disabled by setting Morph option 'enable_neutral_collision=True'.[0m
C:\Users\user\AppData\Local\Programs\Python\Python311\Lib\site-packages\quadrants\_test_tools\warnings_helper.py:11: UserWarning: cannot create weak reference to 'tuple' object. Template mapper caching disabled.
  warnings.warn(message)
[verify] L2_Left_Wall1_1 충돌 geom 5개 / 시각 geom 3개  (플랜지 접촉=OFF, 기대 충돌 5개)
[build] 성공 (14.4s)
[bag] shape 고정: 714/714 정점(바닥+양측면), 입구는 자유
[slot] 간격축 = world Y (겹침 -12.5mm), 슬롯 길이축 = world X (겹침 +65.0mm)
[slot] gap_cx=0.2125 gap_cy=-0.0053 gap_width=12.5mm wall_top_z=0.0870
[slot] pocket(L1_Wall1_1) center=(0.1745,0.0330)
[ctrl] Left_Wall force clip: ±100 N (Motor2 ctrlrange, docs/Crusher.md §5) — 벽은 이 힘에서 균형지는 위치에 멈춘다
[bag] grip_strip verts near FINGER_MID: 76

[phase] 0 prep (1.0s) — 크랭크 0->-3.142rad(-180deg), Left_Wall 0->+6mm(개방)
[phase] prep     @done  crank=-3.000rad  wall=+5.43mm
    [drop k=   0] tablet_z=+415.04mm bag_com=[0.00646321 0.2561791  0.39925352]
    [drop k=  40] tablet_z=+387.64mm bag_com=[0.00646321 0.2561791  0.39925352]
    [drop k=  80] tablet_z=+383.36mm bag_com=[0.00646321 0.2561791  0.39925352]
    [drop k= 120] tablet_z=+362.32mm bag_com=[0.00646321 0.2561791  0.39925352]
[phase] drop     @done  bag_com=[0.00646321 0.2561791  0.39925352]  finger_z=0.4378  tablet_z=+359.46mm  tilt=0.8deg  bag_bottom=0.3543
[phase] settle   @done  bag_com=[0.00646321 0.2561791  0.39925352]  finger_z=0.4378  tablet_z=+357.35mm  tilt=0.8deg  bag_bottom=0.3543
[bag] shape 고정 해제 — 이제부터 순수 마찰 파지
[phase] close    @done  bag_com=[0.00645157 0.25567368 0.39880118]  finger_z=0.4360  tablet_z=+357.35mm  tilt=0.7deg  bag_bottom=0.3538
[phase] grasp    @done  bag_com=[0.0064143  0.25569832 0.3988057 ]  finger_z=0.4361  tablet_z=+357.35mm  tilt=0.5deg  bag_bottom=0.3538
[phase] lift     @done  bag_com=[0.00564357 0.25859615 0.52434677]  finger_z=0.5620  tablet_z=+482.86mm  tilt=1.1deg  bag_bottom=0.4791
[phase] hold     @done  bag_com=[0.005602   0.25861645 0.52433616]  finger_z=0.5620  tablet_z=+482.85mm  tilt=1.2deg  bag_bottom=0.4790
[slot] wall_center_z=0.0510  insert_z(finger)=0.1330  hang=82mm
[slot] 봉투중심 보정 dy=+0.0mm -> finger_y=-0.0053 (봉투중심 y=-0.0053 = gap_cy -0.0053)
[sweep] Y_OFFSET_MM=+0.0mm -> target_xy=[ 0.21249766 -0.00527226]  (gap_cy=-0.0053)
[cam] side view 고정: pos=(np.float64(0.21249766187667846), np.float64(-0.5552722595214844), np.float64(0.169001227684021)) look=(np.float64(0.21249766187667846), np.float64(-0.005272259521484357), np.float64(0.169001227684021)) (gap_width=12.5mm, z범위 above=0.2870~insert=0.1330)

[ik] above-slot target=[ 0.21249766 -0.00527226  0.28700123]  arm_q=[-5.4023993e-01  3.6852163e-01  9.7265828e-01  5.5436976e-07
  1.8000326e+00  4.1719260e+00]
    [above k=   0] tablet_z=+482.85mm bag_com=[0.00560207 0.25861672 0.524336  ]
    [above k=  40] tablet_z=+481.23mm bag_com=[0.00933664 0.2576929  0.5229597 ]
    [above k=  80] tablet_z=+472.88mm bag_com=[0.02974393 0.24707702 0.51475275]
    [above k= 120] tablet_z=+453.38mm bag_com=[0.06774568 0.22012581 0.49490467]
    [above k= 160] tablet_z=+419.97mm bag_com=[0.11154787 0.17656729 0.46062776]
    [above k= 200] tablet_z=+377.07mm bag_com=[0.14724012 0.12439612 0.41235352]
    [above k= 240] tablet_z=+326.20mm bag_com=[0.16946459 0.0742615  0.3572991 ]
    [above k= 280] tablet_z=+284.87mm bag_com=[0.17864977 0.03805738 0.30633911]
    [above k= 320] tablet_z=+258.26mm bag_com=[0.18349886 0.01051576 0.26992378]
    [above k= 360] tablet_z=+241.77mm bag_com=[ 0.18454678 -0.00414492  0.25261834]
[phase] above    @done  bag_com=[ 0.18469946 -0.00837727  0.24977647]  finger_z=0.2868  tablet_z=+238.46mm  tilt=7.0deg  bag_bottom=0.2044
[phase] aboveset @done  bag_com=[ 0.1848084  -0.00702727  0.24951936]  finger_z=0.2868  tablet_z=+213.22mm  tilt=5.8deg  bag_bottom=0.2043
[ik] insert target=[ 0.21249766 -0.00527226  0.13300123]  웨이포인트 41개(카테시안 직선)  arm_q=[-5.4022676e-01  3.6158893e-01  1.4039797e+00  9.7409444e-05
  1.3756355e+00  4.1719398e+00]
    [insert k=   0] tablet_z=+213.05mm bag_com=[ 0.18475425 -0.00701845  0.24936184]
    [insert k=  40] tablet_z=+210.17mm bag_com=[ 0.18480147 -0.0069213   0.2479816 ]
    [insert k=  80] tablet_z=+199.98mm bag_com=[ 0.18484206 -0.00697338  0.2403059 ]
    [insert k= 120] tablet_z=+183.28mm bag_com=[ 0.18485703 -0.00754225  0.22392479]
    [insert k= 160] tablet_z=+159.43mm bag_com=[ 0.18486568 -0.00627882  0.19992362]
    [insert k= 200] tablet_z=+132.32mm bag_com=[ 0.1848474  -0.00744937  0.1718239 ]
    [insert k= 240] tablet_z=+103.41mm bag_com=[ 0.18487918 -0.00575441  0.14366667]
    [insert k= 280] tablet_z=+79.64mm bag_com=[ 0.1848993  -0.00745526  0.12010545]
    [insert k= 320] tablet_z=+62.59mm bag_com=[ 0.18491541 -0.00706311  0.1040798 ]
    [insert k= 360] tablet_z=+55.00mm bag_com=[ 0.1849353  -0.0069057   0.09665292]
[phase] insert   @done  bag_com=[ 0.18494268 -0.00691196  0.09541582]  finger_z=0.1328  tablet_z=+53.69mm  tilt=5.9deg  bag_bottom=0.0503
[phase] settle2  @done  bag_com=[ 0.18496512 -0.00695673  0.09539219]  finger_z=0.1328  tablet_z=+53.68mm  tilt=6.0deg  bag_bottom=0.0503
[trim] TRIM_ROUNDS=0 — 생략(기본값). settle2 시점 bag_bottom 오차 +0.7mm 를 그대로 결과로 쓴다.
[trim] 최종 finger_z=0.1330  (초기 0.1330, 하한 0.1030)

[phase] 9 clamp (4.3s) — Left_Wall +6.0mm 에서 **속도지령** 8.0mm/s 로 계속 닫음 (docs §11-5), lead 20.0mm = 정지 시 100N, 가드 -17.0mm
    [clamp t= 0.00s] wall=  +6.00mm v=  -0.21mm/s  본체면 잔여 +23.50mm  bag_com=[ 0.1849654  -0.00695732  0.09539197]
    [clamp t= 0.17s] wall=  +5.25mm v=  -6.73mm/s  본체면 잔여 +22.75mm  bag_com=[ 0.18496636 -0.00695582  0.09538948]
    [clamp t= 0.34s] wall=  +3.98mm v=  -7.80mm/s  본체면 잔여 +21.48mm  bag_com=[ 0.18496974 -0.00695473  0.09538393]
    [clamp t= 0.51s] wall=  +2.64mm v=  -7.97mm/s  본체면 잔여 +20.14mm  bag_com=[ 0.18497555 -0.00695433  0.09537558]
    [clamp t= 0.68s] wall=  +1.28mm v=  -7.99mm/s  본체면 잔여 +18.78mm  bag_com=[ 0.18498117 -0.00695375  0.09536893]
    [clamp t= 0.85s] wall=  -0.08mm v=  -8.00mm/s  본체면 잔여 +17.42mm  bag_com=[ 0.18499589 -0.00669127  0.09534147]
    [clamp t= 1.02s] wall=  -1.44mm v=  -8.01mm/s  본체면 잔여 +16.06mm  bag_com=[ 0.18502568 -0.00599359  0.09529406]
    [clamp t= 1.19s] wall=  -2.80mm v=  -8.00mm/s  본체면 잔여 +14.70mm  bag_com=[ 0.18506292 -0.00527249  0.09526038]
    [clamp t= 1.36s] wall=  -4.16mm v=  -8.00mm/s  본체면 잔여 +13.34mm  bag_com=[ 0.1851147  -0.00454481  0.09523702]
    [clamp t= 1.53s] wall=  -5.53mm v=  -8.03mm/s  본체면 잔여 +11.97mm  bag_com=[ 0.18516158 -0.00395372  0.09523302]
    [clamp t= 1.70s] wall=  -6.89mm v=  -8.04mm/s  본체면 잔여 +10.61mm  bag_com=[ 0.1851952  -0.00349336  0.09524526]
    [clamp t= 1.87s] wall=  -8.26mm v=  -8.03mm/s  본체면 잔여  +9.24mm  bag_com=[ 0.18522315 -0.00305477  0.09527   ]
    [clamp t= 2.04s] wall=  -9.73mm v= -14.73mm/s  본체면 잔여  +7.77mm  bag_com=[ 0.18526208 -0.00255476  0.09530542]
