[cfg] WALL_ARMATURE=50 LEFTWALL_FLANGE_CONTACT=0 WALL_CLOSE_MMPS=8 WALL_FORCE_LIM_N=100 HOLD_THROUGH_CLAMP=0
============================================================
 Full workflow: tablet drop -> bag catch -> grasp -> lift -> Crusher slot insert (viewer=False)
============================================================
[mjcf] Left_Wall 반사 관성 armature=50.0kg (링크 질량 0.312kg + 랙/피니언/감속기/로터). 100N -> 2.0 m/s^2, kv 안정 한계 20125
[mjcf] Left_Wall 형상 교체: 옛 geom 12개(시각 1 + hull 11) -> 본체 hull 5개 + 플랜지 1개 + 시각 1개. 플랜지 = **시각 전용(접촉 제외)**. 중립 간격 플랜지 12.50mm / 본체 17.50mm
[fem_ipc_workarounds] FEMEntity.set_vertex_constraints 패치 완료 (IPC 커플러 버그 우회)
[38;5;226m[Genesis] [06:54:42] [WARNING] At least one of the meshes contain many faces (15432). Consider setting 'morph.decimate=True' to speed up collision detection and improve numerical stability.[0m
[38;5;226m[Genesis] [06:54:42] [WARNING] At least one of the meshes contain many faces (15762). Consider setting 'morph.decimate=True' to speed up collision detection and improve numerical stability.[0m
[38;5;226m[Genesis] [06:54:42] [WARNING] Mesh is not watertight. Falling back to convex hull for estimating inertial properties.[0m
[38;5;226m[Genesis] [06:54:42] [WARNING] Mesh is not watertight. Falling back to convex hull for estimating inertial properties.[0m
[38;5;226m[Genesis] [06:54:42] [WARNING] At least one of the meshes contain many faces (12522). Consider setting 'morph.decimate=True' to speed up collision detection and improve numerical stability.[0m
[38;5;226m[Genesis] [06:54:42] [WARNING] Mesh is not watertight. Falling back to convex hull for estimating inertial properties.[0m
[38;5;226m[Genesis] [06:54:42] [WARNING] Mesh is not watertight. Falling back to convex hull for estimating inertial properties.[0m
[38;5;226m[Genesis] [06:54:42] [WARNING] Mesh is not watertight. Falling back to convex hull for estimating inertial properties.[0m
[38;5;226m[Genesis] [06:54:42] [WARNING] Mesh is not watertight. Falling back to convex hull for estimating inertial properties.[0m
[38;5;226m[Genesis] [06:54:42] [WARNING] Mesh is not watertight. Falling back to convex hull for estimating inertial properties.[0m
[38;5;226m[Genesis] [06:54:42] [WARNING] Mesh is not watertight. Falling back to convex hull for estimating inertial properties.[0m
[38;5;226m[Genesis] [06:54:42] [WARNING] Mesh is not watertight. Falling back to convex hull for estimating inertial properties.[0m
[38;5;226m[Genesis] [06:54:42] [WARNING] Mesh is not watertight. Falling back to convex hull for estimating inertial properties.[0m
[38;5;226m[Genesis] [06:54:42] [WARNING] Mesh is not watertight. Falling back to convex hull for estimating inertial properties.[0m
[38;5;226m[Genesis] [06:54:42] [WARNING] Mesh is not watertight. Falling back to convex hull for estimating inertial properties.[0m
[38;5;226m[Genesis] [06:54:42] [WARNING] Mesh is not watertight. Falling back to convex hull for estimating inertial properties.[0m
[38;5;226m[Genesis] [06:54:42] [WARNING] Mesh is not watertight. Falling back to convex hull for estimating inertial properties.[0m
[38;5;226m[Genesis] [06:54:42] [WARNING] Mesh is not watertight. Falling back to convex hull for estimating inertial properties.[0m
[38;5;226m[Genesis] [06:54:43] [WARNING] Mesh is not watertight. Falling back to convex hull for estimating inertial properties.[0m
[38;5;226m[Genesis] [06:54:43] [WARNING] Mesh is not watertight. Falling back to convex hull for estimating inertial properties.[0m
[38;5;226m[Genesis] [06:54:43] [WARNING] At least one of the meshes contain many faces (27466). Consider setting 'morph.decimate=True' to speed up collision detection and improve numerical stability.[0m
[38;5;226m[Genesis] [06:54:43] [WARNING] Mesh is not watertight. Falling back to convex hull for estimating inertial properties.[0m
[38;5;226m[Genesis] [06:54:43] [WARNING] Mesh is not watertight. Falling back to convex hull for estimating inertial properties.[0m
[38;5;226m[Genesis] [06:54:43] [WARNING] Mesh is not watertight. Falling back to convex hull for estimating inertial properties.[0m
[38;5;226m[Genesis] [06:54:43] [WARNING] Mesh is not watertight. Falling back to convex hull for estimating inertial properties.[0m
[38;5;226m[Genesis] [06:54:43] [WARNING] Mesh is not watertight. Falling back to convex hull for estimating inertial properties.[0m

[build] scene.build() 시작...
[38;5;226m[Genesis] [06:54:43] [WARNING] Link 'L4_Motor2_Shaft_1' has dubious center of mass [x=0.000, y=-0.037, z=0.015] compared to the bounding box from geometry [x=(-0.018, 0.018), y=(-0.018, 0.018), z=(-0.000, 0.077)].[0m
[38;5;226m[Genesis] [06:54:43] [WARNING] Link 'M_Bottom_1' has dubious center of mass [x=0.166, y=0.030, z=-0.073] compared to the bounding box from geometry [x=(0.106, 0.155), y=(-0.011, 0.071), z=(-0.078, -0.068)].[0m
[38;5;226m[Genesis] [06:54:43] [WARNING] Link 'M_Back_1' has dubious center of mass [x=0.003, y=0.021, z=0.011] compared to the bounding box from geometry [x=(-0.035, -0.030), y=(-0.033, 0.076), z=(-0.005, 0.028)].[0m
[38;5;226m[Genesis] [06:54:43] [WARNING] Link 'M_Left1_1' has dubious center of mass [x=-0.025, y=-0.002, z=-0.014] compared to the bounding box from geometry [x=(-0.088, -0.032), y=(-0.005, -0.000), z=(-0.038, 0.010)].[0m
[38;5;226m[Genesis] [06:54:43] [WARNING] Link 'M_Right1_1' has dubious center of mass [x=-0.025, y=0.003, z=-0.014] compared to the bounding box from geometry [x=(-0.087, -0.033), y=(0.000, 0.005), z=(-0.038, 0.010)].[0m
[38;5;226m[Genesis] [06:54:43] [WARNING] Link 'M_Top_1' has dubious center of mass [x=-0.024, y=0.028, z=0.005] compared to the bounding box from geometry [x=(-0.088, -0.032), y=(-0.031, 0.088), z=(-0.000, 0.010)].[0m
[38;5;226m[Genesis] [06:54:43] [WARNING] Link 'M_LeftLink_1' has dubious center of mass [x=-0.002, y=0.005, z=0.046] compared to the bounding box from geometry [x=(-0.040, -0.035), y=(-0.005, 0.015), z=(-0.005, 0.095)].[0m
[38;5;226m[Genesis] [06:54:43] [WARNING] Link 'M_RightLink_1' has dubious center of mass [x=-0.002, y=-0.005, z=0.046] compared to the bounding box from geometry [x=(-0.040, -0.035), y=(-0.015, 0.005), z=(-0.005, 0.095)].[0m
[38;5;226m[Genesis] [06:54:43] [WARNING] Link 'M_LeftLink2_copy_1' has dubious center of mass [x=-0.005, y=-0.005, z=0.021] compared to the bounding box from geometry [x=(-0.044, -0.032), y=(-0.015, 0.005), z=(-0.000, 0.045)].[0m
[38;5;226m[Genesis] [06:54:43] [WARNING] Link 'link_2' has dubious center of mass [x=0.000, y=0.000, z=0.000] compared to the bounding box from geometry [x=(-0.068, 0.479), y=(-0.069, 0.069), z=(0.082, 0.274)].[0m
[38;5;226m[Genesis] [06:54:44] [WARNING] Constraint solver time constant should be greater than 2*substep_dt. timeconst is changed from `0.0002` to `0.01`). Decrease simulation timestep or increase timeconst to avoid altering the original value.[0m
[38;5;226m[Genesis] [06:54:46] [WARNING] Filtered out geometry pairs causing self-collision for the neutral configuration (qpos0): (90, 113), (103, 105). Consider tuning Morph option 'decompose_robot_error_threshold' or specify dedicated collision meshes. This behavior can be disabled by setting Morph option 'enable_neutral_collision=True'.[0m
C:\Users\user\AppData\Local\Programs\Python\Python311\Lib\site-packages\quadrants\_test_tools\warnings_helper.py:11: UserWarning: cannot create weak reference to 'tuple' object. Template mapper caching disabled.
  warnings.warn(message)
[verify] L2_Left_Wall1_1 충돌 geom 5개 / 시각 geom 3개  (플랜지 접촉=OFF, 기대 충돌 5개)
[build] 성공 (18.4s)
[bag] shape 고정: 714/714 정점(바닥+양측면), 입구는 자유
[slot] 간격축 = world Y (겹침 -12.5mm), 슬롯 길이축 = world X (겹침 +65.0mm)
[slot] gap_cx=0.2125 gap_cy=-0.0053 gap_width=12.5mm wall_top_z=0.0870
[slot] pocket(L1_Wall1_1) center=(0.1745,0.0330)
[ctrl] Left_Wall force clip: ±100 N (Motor2 ctrlrange, docs/Crusher.md §5) — 벽은 이 힘에서 균형지는 위치에 멈춘다
[bag] grip_strip verts near FINGER_MID: 76

[phase] 0 prep (1.0s) — 크랭크 0->-3.142rad(-180deg), Left_Wall 0->+6mm(개방)
CUDA error at D:\a\libuipc\libuipc\external\muda\src\muda\launch\details/memory.inl:13 code=2(cudaErrorMemoryAllocation) "cudaMallocAsync(ptr, byte_size, stream())" 
Unhandled exception caught in c10/util/AbortHandler.h
00007FF9FA829CB600007FF9FA81FE90 torch_python.dll!?THPCppFunction_requires_grad@autograd@torch@@YAPEAU_object@@PEAU3@PEAX@Z [<unknown file> @ <unknown line number>]
00007FFA8B65218700007FFA8B652170 ucrtbase.dll!terminate [<unknown file> @ <unknown line number>]
00007FFA85901AB100007FFA85901150 VCRUNTIME140_1.dll!__NLG_Return2 [<unknown file> @ <unknown line number>]
00007FFA8590232F00007FFA85901150 VCRUNTIME140_1.dll!__NLG_Return2 [<unknown file> @ <unknown line number>]
00007FFA8590238900007FFA85901150 VCRUNTIME140_1.dll!__NLG_Return2 [<unknown file> @ <unknown line number>]
00007FFA8590418900007FFA859040E0 VCRUNTIME140_1.dll!__CxxFrameHandler4 [<unknown file> @ <unknown line number>]
00007FF8B305FB3400007FF8B3041C10 uipc_backend_cuda.dll!uipc_destroy_engine [<unknown file> @ <unknown line number>]
00007FFA8DB24ABF00007FFA8DB24A20 ntdll.dll!__chkstk [<unknown file> @ <unknown line number>]
00007FFA8DA05E9700007FFA8DA05900 ntdll.dll!RtlLocateExtendedFeature [<unknown file> @ <unknown line number>]
00007FFA8DA4D01100007FFA8DA4CDF0 ntdll.dll!RtlRaiseException [<unknown file> @ <unknown line number>]
00007FFA8ADE187A00007FFA8ADE17F0 KERNELBASE.dll!RaiseException [<unknown file> @ <unknown line number>]
00007FFA74B76BA700007FFA74B76B10 VCRUNTIME140.dll!_CxxThrowException [<unknown file> @ <unknown line number>]
00007FF8B2D47718 <unknown symbol address> uipc_backend_cuda.dll!<unknown symbol> [<unknown file> @ <unknown line number>]
00007FF8B2D5DD98 <unknown symbol address> uipc_backend_cuda.dll!<unknown symbol> [<unknown file> @ <unknown line number>]
00007FF8B2D5E624 <unknown symbol address> uipc_backend_cuda.dll!<unknown symbol> [<unknown file> @ <unknown line number>]
00007FF8B2D66135 <unknown symbol address> uipc_backend_cuda.dll!<unknown symbol> [<unknown file> @ <unknown line number>]
00007FF8B2E35D73 <unknown symbol address> uipc_backend_cuda.dll!<unknown symbol> [<unknown file> @ <unknown line number>]
00007FF8B2E4F8E5 <unknown symbol address> uipc_backend_cuda.dll!<unknown symbol> [<unknown file> @ <unknown line number>]
00007FF8B2E9B9A5 <unknown symbol address> uipc_backend_cuda.dll!<unknown symbol> [<unknown file> @ <unknown line number>]
00007FF8B2E96CE3 <unknown symbol address> uipc_backend_cuda.dll!<unknown symbol> [<unknown file> @ <unknown line number>]
00007FF8B2F1FF28 <unknown symbol address> uipc_backend_cuda.dll!<unknown symbol> [<unknown file> @ <unknown line number>]
00007FF8B2F21342 <unknown symbol address> uipc_backend_cuda.dll!<unknown symbol> [<unknown file> @ <unknown line number>]
00007FF8B2F285C9 <unknown symbol address> uipc_backend_cuda.dll!<unknown symbol> [<unknown file> @ <unknown line number>]
00007FF9C0AB14A200007FF9C0AB1460 uipc_core.dll!?advance@Engine@internal@core@uipc@@AEAAXXZ [<unknown file> @ <unknown line number>]
00007FF9C0AB872600007FF9C0AB86D0 uipc_core.dll!?advance@World@internal@core@uipc@@QEAAXXZ [<unknown file> @ <unknown line number>]
00007FF9F4CE2234 <unknown symbol address> pyuipc.cp311-win_amd64.pyd!<unknown symbol> [<unknown file> @ <unknown line number>]
00007FF9F4C4C0CC <unknown symbol address> pyuipc.cp311-win_amd64.pyd!<unknown symbol> [<unknown file> @ <unknown line number>]
00007FFA3338D2EC00007FFA3338D208 python311.dll!PyArg_UnpackTuple [<unknown file> @ <unknown line number>]
00007FFA3334C13B00007FFA3334BB50 python311.dll!PyObject_Vectorcall [<unknown file> @ <unknown line number>]
00007FFA3334D42300007FFA3334CC20 python311.dll!_PyEval_EvalFrameDefault [<unknown file> @ <unknown line number>]
00007FFA3334AE6400007FFA3334ACC0 python311.dll!_PyFunction_Vectorcall [<unknown file> @ <unknown line number>]
00007FFA333F4CF300007FFA333F48EC python311.dll!PyObject_CallObject [<unknown file> @ <unknown line number>]
00007FFA33351F7F00007FFA3334CC20 python311.dll!_PyEval_EvalFrameDefault [<unknown file> @ <unknown line number>]
00007FFA33327FEB00007FFA33327EF0 python311.dll!_PyType_CalculateMetaclass [<unknown file> @ <unknown line number>]
00007FFA333F253300007FFA333F249C python311.dll!PyEval_EvalCode [<unknown file> @ <unknown line number>]
00007FFA333F27CA00007FFA333F249C python311.dll!PyEval_EvalCode [<unknown file> @ <unknown line number>]
00007FFA333F274600007FFA333F249C python311.dll!PyEval_EvalCode [<unknown file> @ <unknown line number>]
00007FFA334EED2600007FFA33499C78 python311.dll!PyThread_tss_is_created [<unknown file> @ <unknown line number>]
00007FFA3345F0C900007FFA3345EFAC python311.dll!_PyRun_SimpleFileObject [<unknown file> @ <unknown line number>]
00007FFA3345EE3800007FFA3345EDE4 python311.dll!_PyRun_AnyFileObject [<unknown file> @ <unknown line number>]
00007FFA3345EA8700007FFA3345DDB0 python311.dll!PyDict_Values [<unknown file> @ <unknown line number>]
00007FFA3345E94300007FFA3345DDB0 python311.dll!PyDict_Values [<unknown file> @ <unknown line number>]
00007FFA3331A4EC00007FFA3331A368 python311.dll!Py_RunMain [<unknown file> @ <unknown line number>]
00007FFA3331A37D00007FFA3331A368 python311.dll!Py_RunMain [<unknown file> @ <unknown line number>]
00007FFA3331880D00007FFA333187E8 python311.dll!Py_Main [<unknown file> @ <unknown line number>]
00007FF7DC431230 <unknown symbol address> python.exe!<unknown symbol> [<unknown file> @ <unknown line number>]
00007FFA8CBDCCB700007FFA8CBDCCA0 KERNEL32.DLL!BaseThreadInitThunk [<unknown file> @ <unknown line number>]
00007FFA8DA6AD6C00007FFA8DA6AD40 ntdll.dll!RtlUserThreadStart [<unknown file> @ <unknown line number>]

