[cfg] IPC_CONSTRAINT_STRENGTH=1000 WALL_ARMATURE=10 LEFTWALL_FLANGE_CONTACT=0 WALL_CLOSE_MMPS=2 WALL_FORCE_LIM_N=100 HOLD_THROUGH_CLAMP=0
============================================================
 Full workflow: tablet drop -> bag catch -> grasp -> lift -> Crusher slot insert (viewer=False)
============================================================
[mjcf] Left_Wall 반사 관성 armature=10.0kg (링크 질량 0.312kg + 랙/피니언/감속기/로터). 100N -> 9.7 m/s^2, kv 안정 한계 4125
[mjcf] Left_Wall 형상 교체: 옛 geom 12개(시각 1 + hull 11) -> 본체 hull 5개 + 플랜지 1개 + 시각 1개. 플랜지 = **시각 전용(접촉 제외)**. 중립 간격 플랜지 12.50mm / 본체 17.50mm
[fem_ipc_workarounds] FEMEntity.set_vertex_constraints 패치 완료 (IPC 커플러 버그 우회)
[38;5;226m[Genesis] [08:36:30] [WARNING] At least one of the meshes contain many faces (15432). Consider setting 'morph.decimate=True' to speed up collision detection and improve numerical stability.[0m
[38;5;226m[Genesis] [08:36:30] [WARNING] At least one of the meshes contain many faces (15762). Consider setting 'morph.decimate=True' to speed up collision detection and improve numerical stability.[0m
[38;5;226m[Genesis] [08:36:30] [WARNING] Mesh is not watertight. Falling back to convex hull for estimating inertial properties.[0m
[38;5;226m[Genesis] [08:36:31] [WARNING] Mesh is not watertight. Falling back to convex hull for estimating inertial properties.[0m
[38;5;226m[Genesis] [08:36:31] [WARNING] At least one of the meshes contain many faces (12522). Consider setting 'morph.decimate=True' to speed up collision detection and improve numerical stability.[0m
[38;5;226m[Genesis] [08:36:31] [WARNING] Mesh is not watertight. Falling back to convex hull for estimating inertial properties.[0m
[38;5;226m[Genesis] [08:36:31] [WARNING] Mesh is not watertight. Falling back to convex hull for estimating inertial properties.[0m
[38;5;226m[Genesis] [08:36:31] [WARNING] Mesh is not watertight. Falling back to convex hull for estimating inertial properties.[0m
[38;5;226m[Genesis] [08:36:31] [WARNING] Mesh is not watertight. Falling back to convex hull for estimating inertial properties.[0m
[38;5;226m[Genesis] [08:36:31] [WARNING] Mesh is not watertight. Falling back to convex hull for estimating inertial properties.[0m
[38;5;226m[Genesis] [08:36:31] [WARNING] Mesh is not watertight. Falling back to convex hull for estimating inertial properties.[0m
[38;5;226m[Genesis] [08:36:31] [WARNING] Mesh is not watertight. Falling back to convex hull for estimating inertial properties.[0m
[38;5;226m[Genesis] [08:36:31] [WARNING] Mesh is not watertight. Falling back to convex hull for estimating inertial properties.[0m
[38;5;226m[Genesis] [08:36:31] [WARNING] Mesh is not watertight. Falling back to convex hull for estimating inertial properties.[0m
[38;5;226m[Genesis] [08:36:31] [WARNING] Mesh is not watertight. Falling back to convex hull for estimating inertial properties.[0m
[38;5;226m[Genesis] [08:36:31] [WARNING] Mesh is not watertight. Falling back to convex hull for estimating inertial properties.[0m
[38;5;226m[Genesis] [08:36:31] [WARNING] Mesh is not watertight. Falling back to convex hull for estimating inertial properties.[0m
[38;5;226m[Genesis] [08:36:31] [WARNING] Mesh is not watertight. Falling back to convex hull for estimating inertial properties.[0m
[38;5;226m[Genesis] [08:36:32] [WARNING] Mesh is not watertight. Falling back to convex hull for estimating inertial properties.[0m
[38;5;226m[Genesis] [08:36:32] [WARNING] Mesh is not watertight. Falling back to convex hull for estimating inertial properties.[0m
[38;5;226m[Genesis] [08:36:32] [WARNING] At least one of the meshes contain many faces (27466). Consider setting 'morph.decimate=True' to speed up collision detection and improve numerical stability.[0m
[38;5;226m[Genesis] [08:36:32] [WARNING] Mesh is not watertight. Falling back to convex hull for estimating inertial properties.[0m
[38;5;226m[Genesis] [08:36:32] [WARNING] Mesh is not watertight. Falling back to convex hull for estimating inertial properties.[0m
[38;5;226m[Genesis] [08:36:32] [WARNING] Mesh is not watertight. Falling back to convex hull for estimating inertial properties.[0m
[38;5;226m[Genesis] [08:36:32] [WARNING] Mesh is not watertight. Falling back to convex hull for estimating inertial properties.[0m
[38;5;226m[Genesis] [08:36:32] [WARNING] Mesh is not watertight. Falling back to convex hull for estimating inertial properties.[0m

[build] scene.build() 시작...
[38;5;226m[Genesis] [08:36:32] [WARNING] Link 'L4_Motor2_Shaft_1' has dubious center of mass [x=0.000, y=-0.037, z=0.015] compared to the bounding box from geometry [x=(-0.018, 0.018), y=(-0.018, 0.018), z=(-0.000, 0.077)].[0m
[38;5;226m[Genesis] [08:36:32] [WARNING] Link 'M_Bottom_1' has dubious center of mass [x=0.166, y=0.030, z=-0.073] compared to the bounding box from geometry [x=(0.106, 0.155), y=(-0.011, 0.071), z=(-0.078, -0.068)].[0m
[38;5;226m[Genesis] [08:36:32] [WARNING] Link 'M_Back_1' has dubious center of mass [x=0.003, y=0.021, z=0.011] compared to the bounding box from geometry [x=(-0.035, -0.030), y=(-0.033, 0.076), z=(-0.005, 0.028)].[0m
[38;5;226m[Genesis] [08:36:32] [WARNING] Link 'M_Left1_1' has dubious center of mass [x=-0.025, y=-0.002, z=-0.014] compared to the bounding box from geometry [x=(-0.088, -0.032), y=(-0.005, -0.000), z=(-0.038, 0.010)].[0m
[38;5;226m[Genesis] [08:36:32] [WARNING] Link 'M_Right1_1' has dubious center of mass [x=-0.025, y=0.003, z=-0.014] compared to the bounding box from geometry [x=(-0.087, -0.033), y=(0.000, 0.005), z=(-0.038, 0.010)].[0m
[38;5;226m[Genesis] [08:36:32] [WARNING] Link 'M_Top_1' has dubious center of mass [x=-0.024, y=0.028, z=0.005] compared to the bounding box from geometry [x=(-0.088, -0.032), y=(-0.031, 0.088), z=(-0.000, 0.010)].[0m
[38;5;226m[Genesis] [08:36:32] [WARNING] Link 'M_LeftLink_1' has dubious center of mass [x=-0.002, y=0.005, z=0.046] compared to the bounding box from geometry [x=(-0.040, -0.035), y=(-0.005, 0.015), z=(-0.005, 0.095)].[0m
[38;5;226m[Genesis] [08:36:32] [WARNING] Link 'M_RightLink_1' has dubious center of mass [x=-0.002, y=-0.005, z=0.046] compared to the bounding box from geometry [x=(-0.040, -0.035), y=(-0.015, 0.005), z=(-0.005, 0.095)].[0m
[38;5;226m[Genesis] [08:36:32] [WARNING] Link 'M_LeftLink2_copy_1' has dubious center of mass [x=-0.005, y=-0.005, z=0.021] compared to the bounding box from geometry [x=(-0.044, -0.032), y=(-0.015, 0.005), z=(-0.000, 0.045)].[0m
[38;5;226m[Genesis] [08:36:32] [WARNING] Link 'link_2' has dubious center of mass [x=0.000, y=0.000, z=0.000] compared to the bounding box from geometry [x=(-0.068, 0.479), y=(-0.069, 0.069), z=(0.082, 0.274)].[0m
[38;5;226m[Genesis] [08:36:33] [WARNING] Constraint solver time constant should be greater than 2*substep_dt. timeconst is changed from `0.0002` to `0.01`). Decrease simulation timestep or increase timeconst to avoid altering the original value.[0m
[38;5;226m[Genesis] [08:36:34] [WARNING] Filtered out geometry pairs causing self-collision for the neutral configuration (qpos0): (90, 113), (103, 105). Consider tuning Morph option 'decompose_robot_error_threshold' or specify dedicated collision meshes. This behavior can be disabled by setting Morph option 'enable_neutral_collision=True'.[0m
C:\Users\user\AppData\Local\Programs\Python\Python311\Lib\site-packages\quadrants\_test_tools\warnings_helper.py:11: UserWarning: cannot create weak reference to 'tuple' object. Template mapper caching disabled.
  warnings.warn(message)
[verify] L2_Left_Wall1_1 충돌 geom 5개 / 시각 geom 3개  (플랜지 접촉=OFF, 기대 충돌 5개)
[build] 성공 (16.0s)
[bag] shape 고정: 714/714 정점(바닥+양측면), 입구는 자유
[slot] 간격축 = world Y (겹침 -12.5mm), 슬롯 길이축 = world X (겹침 +65.0mm)
[slot] gap_cx=0.2125 gap_cy=-0.0053 gap_width=12.5mm wall_top_z=0.0870
[slot] pocket(L1_Wall1_1) center=(0.1745,0.0330)
[ctrl] Left_Wall force clip: ±100 N (Motor2 ctrlrange, docs/Crusher.md §5) — 벽은 이 힘에서 균형지는 위치에 멈춘다
[bag] grip_strip verts near FINGER_MID: 76

[phase] 0 prep (1.0s) — 크랭크 0->-3.142rad(-180deg), Left_Wall 0->+6mm(개방)
[phase] prep     @done  crank=-3.000rad  wall=+5.43mm
    [drop k=   0] tablet_z=+427.92mm bag_com=[0.00646321 0.2561791  0.39925352]
    [drop k=  40] tablet_z=+427.04mm bag_com=[0.00646321 0.2561791  0.39925352]
    [drop k=  80] tablet_z=+424.31mm bag_com=[0.00646321 0.2561791  0.39925352]
    [drop k= 120] tablet_z=+409.13mm bag_com=[0.00646321 0.2561791  0.39925352]
[phase] drop     @done  bag_com=[0.00646321 0.2561791  0.39925352]  finger_z=0.4378  tablet_z=+400.52mm  tilt=0.8deg  bag_bottom=0.3543
[phase] settle   @done  bag_com=[0.00646321 0.2561791  0.39925352]  finger_z=0.4378  tablet_z=+384.95mm  tilt=0.8deg  bag_bottom=0.3543
[bag] shape 고정 해제 — 이제부터 순수 마찰 파지
[phase] close    @done  bag_com=[0.00639668 0.25590947 0.3987795 ]  finger_z=0.4357  tablet_z=+380.24mm  tilt=0.4deg  bag_bottom=0.3538
[phase] grasp    @done  bag_com=[0.00639876 0.25635594 0.3987813 ]  finger_z=0.4359  tablet_z=+378.42mm  tilt=0.7deg  bag_bottom=0.3538
[phase] lift     @done  bag_com=[0.00608887 0.25948834 0.52450675]  finger_z=0.5619  tablet_z=+488.32mm  tilt=3.8deg  bag_bottom=0.4794
[phase] hold     @done  bag_com=[0.00607026 0.2594971  0.52449936]  finger_z=0.5619  tablet_z=+485.14mm  tilt=4.2deg  bag_bottom=0.4794
[slot] wall_center_z=0.0510  insert_z(finger)=0.1330  hang=82mm
[slot] 봉투중심 보정 dy=+0.0mm -> finger_y=-0.0053 (봉투중심 y=-0.0053 = gap_cy -0.0053)
[sweep] Y_OFFSET_MM=+0.0mm -> target_xy=[ 0.21249766 -0.00527226]  (gap_cy=-0.0053)
[cam] side view 고정: pos=(np.float64(0.21249766187667846), np.float64(-0.5552722595214844), np.float64(0.169001227684021)) look=(np.float64(0.21249766187667846), np.float64(-0.005272259521484357), np.float64(0.169001227684021)) (gap_width=12.5mm, z범위 above=0.2870~insert=0.1330)

[ik] above-slot target=[ 0.21249766 -0.00527226  0.28700123]  arm_q=[-5.3844398e-01  3.6701319e-01  9.7469985e-01 -3.4988369e-03
  1.7974576e+00  4.1729321e+00]
    [above k=   0] tablet_z=+485.12mm bag_com=[0.00606985 0.25950062 0.5244994 ]
    [above k=  40] tablet_z=+483.05mm bag_com=[0.00984388 0.25841066 0.52313703]
    [above k=  80] tablet_z=+474.68mm bag_com=[0.03011367 0.2506251  0.51504296]
    [above k= 120] tablet_z=+457.53mm bag_com=[0.06817112 0.24015482 0.49813113]
    [above k= 160] tablet_z=+427.72mm bag_com=[0.11885846 0.20501718 0.46570954]
    [above k= 200] tablet_z=+378.77mm bag_com=[0.16726728 0.13613403 0.415943  ]
    [above k= 240] tablet_z=+324.95mm bag_com=[0.18784735 0.07094148 0.35984793]
    [above k= 280] tablet_z=+272.26mm bag_com=[0.18433945 0.02929052 0.30685255]
    [above k= 320] tablet_z=+239.07mm bag_com=[0.18382405 0.00627233 0.2703308 ]
    [above k= 360] tablet_z=+221.72mm bag_com=[ 0.18459134 -0.00704945  0.2528923 ]
