[cfg] WALL_KINEMATIC=1 CLAMP_TARGET_MM=-11.5 LEFTWALL_FLANGE_CONTACT=0 WALL_CLOSE_MMPS=8 HOLD_THROUGH_CLAMP=0
============================================================
 Full workflow: tablet drop -> bag catch -> grasp -> lift -> Crusher slot insert (viewer=False)
============================================================
[mjcf] Left_Wall 반사 관성 armature=10.0kg (링크 질량 0.312kg + 랙/피니언/감속기/로터). 100N -> 9.7 m/s^2, kv 안정 한계 4125
[mjcf] Left_Wall 형상 교체: 옛 geom 12개(시각 1 + hull 11) -> 본체 hull 5개 + 플랜지 1개 + 시각 1개. 플랜지 = **시각 전용(접촉 제외)**. 중립 간격 플랜지 12.50mm / 본체 17.50mm
[fem_ipc_workarounds] FEMEntity.set_vertex_constraints 패치 완료 (IPC 커플러 버그 우회)
[38;5;226m[Genesis] [07:46:31] [WARNING] At least one of the meshes contain many faces (15432). Consider setting 'morph.decimate=True' to speed up collision detection and improve numerical stability.[0m
[38;5;226m[Genesis] [07:46:31] [WARNING] At least one of the meshes contain many faces (15762). Consider setting 'morph.decimate=True' to speed up collision detection and improve numerical stability.[0m
[38;5;226m[Genesis] [07:46:31] [WARNING] Mesh is not watertight. Falling back to convex hull for estimating inertial properties.[0m
[38;5;226m[Genesis] [07:46:32] [WARNING] Mesh is not watertight. Falling back to convex hull for estimating inertial properties.[0m
[38;5;226m[Genesis] [07:46:32] [WARNING] At least one of the meshes contain many faces (12522). Consider setting 'morph.decimate=True' to speed up collision detection and improve numerical stability.[0m
[38;5;226m[Genesis] [07:46:32] [WARNING] Mesh is not watertight. Falling back to convex hull for estimating inertial properties.[0m
[38;5;226m[Genesis] [07:46:32] [WARNING] Mesh is not watertight. Falling back to convex hull for estimating inertial properties.[0m
[38;5;226m[Genesis] [07:46:32] [WARNING] Mesh is not watertight. Falling back to convex hull for estimating inertial properties.[0m
[38;5;226m[Genesis] [07:46:32] [WARNING] Mesh is not watertight. Falling back to convex hull for estimating inertial properties.[0m
[38;5;226m[Genesis] [07:46:32] [WARNING] Mesh is not watertight. Falling back to convex hull for estimating inertial properties.[0m
[38;5;226m[Genesis] [07:46:32] [WARNING] Mesh is not watertight. Falling back to convex hull for estimating inertial properties.[0m
[38;5;226m[Genesis] [07:46:32] [WARNING] Mesh is not watertight. Falling back to convex hull for estimating inertial properties.[0m
[38;5;226m[Genesis] [07:46:32] [WARNING] Mesh is not watertight. Falling back to convex hull for estimating inertial properties.[0m
[38;5;226m[Genesis] [07:46:32] [WARNING] Mesh is not watertight. Falling back to convex hull for estimating inertial properties.[0m
[38;5;226m[Genesis] [07:46:32] [WARNING] Mesh is not watertight. Falling back to convex hull for estimating inertial properties.[0m
[38;5;226m[Genesis] [07:46:32] [WARNING] Mesh is not watertight. Falling back to convex hull for estimating inertial properties.[0m
[38;5;226m[Genesis] [07:46:32] [WARNING] Mesh is not watertight. Falling back to convex hull for estimating inertial properties.[0m
[38;5;226m[Genesis] [07:46:32] [WARNING] Mesh is not watertight. Falling back to convex hull for estimating inertial properties.[0m
[38;5;226m[Genesis] [07:46:33] [WARNING] Mesh is not watertight. Falling back to convex hull for estimating inertial properties.[0m
[38;5;226m[Genesis] [07:46:33] [WARNING] Mesh is not watertight. Falling back to convex hull for estimating inertial properties.[0m
[38;5;226m[Genesis] [07:46:33] [WARNING] At least one of the meshes contain many faces (27466). Consider setting 'morph.decimate=True' to speed up collision detection and improve numerical stability.[0m
[38;5;226m[Genesis] [07:46:33] [WARNING] Mesh is not watertight. Falling back to convex hull for estimating inertial properties.[0m
[38;5;226m[Genesis] [07:46:33] [WARNING] Mesh is not watertight. Falling back to convex hull for estimating inertial properties.[0m
[38;5;226m[Genesis] [07:46:33] [WARNING] Mesh is not watertight. Falling back to convex hull for estimating inertial properties.[0m
[38;5;226m[Genesis] [07:46:33] [WARNING] Mesh is not watertight. Falling back to convex hull for estimating inertial properties.[0m
[38;5;226m[Genesis] [07:46:33] [WARNING] Mesh is not watertight. Falling back to convex hull for estimating inertial properties.[0m

[build] scene.build() 시작...
[38;5;226m[Genesis] [07:46:33] [WARNING] Link 'L4_Motor2_Shaft_1' has dubious center of mass [x=0.000, y=-0.037, z=0.015] compared to the bounding box from geometry [x=(-0.018, 0.018), y=(-0.018, 0.018), z=(-0.000, 0.077)].[0m
[38;5;226m[Genesis] [07:46:33] [WARNING] Link 'M_Bottom_1' has dubious center of mass [x=0.166, y=0.030, z=-0.073] compared to the bounding box from geometry [x=(0.106, 0.155), y=(-0.011, 0.071), z=(-0.078, -0.068)].[0m
[38;5;226m[Genesis] [07:46:33] [WARNING] Link 'M_Back_1' has dubious center of mass [x=0.003, y=0.021, z=0.011] compared to the bounding box from geometry [x=(-0.035, -0.030), y=(-0.033, 0.076), z=(-0.005, 0.028)].[0m
[38;5;226m[Genesis] [07:46:33] [WARNING] Link 'M_Left1_1' has dubious center of mass [x=-0.025, y=-0.002, z=-0.014] compared to the bounding box from geometry [x=(-0.088, -0.032), y=(-0.005, -0.000), z=(-0.038, 0.010)].[0m
[38;5;226m[Genesis] [07:46:33] [WARNING] Link 'M_Right1_1' has dubious center of mass [x=-0.025, y=0.003, z=-0.014] compared to the bounding box from geometry [x=(-0.087, -0.033), y=(0.000, 0.005), z=(-0.038, 0.010)].[0m
[38;5;226m[Genesis] [07:46:33] [WARNING] Link 'M_Top_1' has dubious center of mass [x=-0.024, y=0.028, z=0.005] compared to the bounding box from geometry [x=(-0.088, -0.032), y=(-0.031, 0.088), z=(-0.000, 0.010)].[0m
[38;5;226m[Genesis] [07:46:33] [WARNING] Link 'M_LeftLink_1' has dubious center of mass [x=-0.002, y=0.005, z=0.046] compared to the bounding box from geometry [x=(-0.040, -0.035), y=(-0.005, 0.015), z=(-0.005, 0.095)].[0m
[38;5;226m[Genesis] [07:46:33] [WARNING] Link 'M_RightLink_1' has dubious center of mass [x=-0.002, y=-0.005, z=0.046] compared to the bounding box from geometry [x=(-0.040, -0.035), y=(-0.015, 0.005), z=(-0.005, 0.095)].[0m
[38;5;226m[Genesis] [07:46:33] [WARNING] Link 'M_LeftLink2_copy_1' has dubious center of mass [x=-0.005, y=-0.005, z=0.021] compared to the bounding box from geometry [x=(-0.044, -0.032), y=(-0.015, 0.005), z=(-0.000, 0.045)].[0m
[38;5;226m[Genesis] [07:46:33] [WARNING] Link 'link_2' has dubious center of mass [x=0.000, y=0.000, z=0.000] compared to the bounding box from geometry [x=(-0.068, 0.479), y=(-0.069, 0.069), z=(0.082, 0.274)].[0m
[38;5;226m[Genesis] [07:46:34] [WARNING] Constraint solver time constant should be greater than 2*substep_dt. timeconst is changed from `0.0002` to `0.01`). Decrease simulation timestep or increase timeconst to avoid altering the original value.[0m
[38;5;226m[Genesis] [07:46:35] [WARNING] Filtered out geometry pairs causing self-collision for the neutral configuration (qpos0): (90, 113), (103, 105). Consider tuning Morph option 'decompose_robot_error_threshold' or specify dedicated collision meshes. This behavior can be disabled by setting Morph option 'enable_neutral_collision=True'.[0m
C:\Users\user\AppData\Local\Programs\Python\Python311\Lib\site-packages\quadrants\_test_tools\warnings_helper.py:11: UserWarning: cannot create weak reference to 'tuple' object. Template mapper caching disabled.
  warnings.warn(message)
[verify] L2_Left_Wall1_1 충돌 geom 5개 / 시각 geom 3개  (플랜지 접촉=OFF, 기대 충돌 5개)
[build] 성공 (14.6s)
[bag] shape 고정: 714/714 정점(바닥+양측면), 입구는 자유
[slot] 간격축 = world Y (겹침 -12.5mm), 슬롯 길이축 = world X (겹침 +65.0mm)
[slot] gap_cx=0.2125 gap_cy=-0.0053 gap_width=12.5mm wall_top_z=0.0870
[slot] pocket(L1_Wall1_1) center=(0.1745,0.0330)
[ctrl] Left_Wall force clip: ±100 N (Motor2 ctrlrange, docs/Crusher.md §5) — 벽은 이 힘에서 균형지는 위치에 멈춘다
[bag] grip_strip verts near FINGER_MID: 76

[phase] 0 prep (1.0s) — 크랭크 0->-3.142rad(-180deg), Left_Wall 0->+6mm(개방)
[phase] prep     @done  crank=-3.000rad  wall=+5.43mm
    [drop k=   0] tablet_z=+431.63mm bag_com=[0.00646321 0.2561791  0.39925352]
    [drop k=  40] tablet_z=+398.05mm bag_com=[0.00646321 0.2561791  0.39925352]
    [drop k=  80] tablet_z=+388.55mm bag_com=[0.00646321 0.2561791  0.39925352]
    [drop k= 120] tablet_z=+379.73mm bag_com=[0.00646321 0.2561791  0.39925352]
[phase] drop     @done  bag_com=[0.00646321 0.2561791  0.39925352]  finger_z=0.4378  tablet_z=+370.92mm  tilt=0.8deg  bag_bottom=0.3543
[phase] settle   @done  bag_com=[0.00646321 0.2561791  0.39925352]  finger_z=0.4378  tablet_z=+358.61mm  tilt=0.8deg  bag_bottom=0.3543
[bag] shape 고정 해제 — 이제부터 순수 마찰 파지
[phase] close    @done  bag_com=[0.00644071 0.2557017  0.39880067]  finger_z=0.4360  tablet_z=+357.09mm  tilt=0.7deg  bag_bottom=0.3538
[phase] grasp    @done  bag_com=[0.00640481 0.25574753 0.39880478]  finger_z=0.4361  tablet_z=+357.08mm  tilt=0.7deg  bag_bottom=0.3538
[phase] lift     @done  bag_com=[0.00564019 0.25865713 0.5243566 ]  finger_z=0.5620  tablet_z=+482.46mm  tilt=1.1deg  bag_bottom=0.4791
[phase] hold     @done  bag_com=[0.00559993 0.2586172  0.5243419 ]  finger_z=0.5620  tablet_z=+482.41mm  tilt=1.2deg  bag_bottom=0.4791
[slot] wall_center_z=0.0510  insert_z(finger)=0.1330  hang=82mm
[slot] 봉투중심 보정 dy=+0.0mm -> finger_y=-0.0053 (봉투중심 y=-0.0053 = gap_cy -0.0053)
[sweep] Y_OFFSET_MM=+0.0mm -> target_xy=[ 0.21249766 -0.00527226]  (gap_cy=-0.0053)
[cam] side view 고정: pos=(np.float64(0.21249766187667846), np.float64(-0.5552722595214844), np.float64(0.169001227684021)) look=(np.float64(0.21249766187667846), np.float64(-0.005272259521484357), np.float64(0.169001227684021)) (gap_width=12.5mm, z범위 above=0.2870~insert=0.1330)

[ik] above-slot target=[ 0.21249766 -0.00527226  0.28700123]  arm_q=[-5.4023916e-01  3.6852115e-01  9.7266001e-01 -2.9709190e-07
  1.8000311e+00  4.1719265e+00]
    [above k=   0] tablet_z=+482.41mm bag_com=[0.00560001 0.2586167  0.52434176]
    [above k=  40] tablet_z=+481.08mm bag_com=[0.00933537 0.25760683 0.52295536]
    [above k=  80] tablet_z=+473.28mm bag_com=[0.02975979 0.24727304 0.5147614 ]
    [above k= 120] tablet_z=+453.63mm bag_com=[0.06810132 0.22057915 0.49499726]
    [above k= 160] tablet_z=+422.75mm bag_com=[0.11114588 0.17648594 0.46052608]
    [above k= 200] tablet_z=+375.46mm bag_com=[0.14488824 0.12478311 0.41230115]
    [above k= 240] tablet_z=+320.98mm bag_com=[0.16587764 0.07782809 0.35734388]
    [above k= 280] tablet_z=+282.29mm bag_com=[0.18064928 0.03333789 0.30626014]
    [above k= 320] tablet_z=+254.04mm bag_com=[0.18360567 0.01256637 0.269867  ]
    [above k= 360] tablet_z=+237.36mm bag_com=[ 0.18523812 -0.01004377  0.25303602]
[phase] above    @done  bag_com=[ 0.18476306 -0.00470904  0.24958564]  finger_z=0.2868  tablet_z=+229.92mm  tilt=4.5deg  bag_bottom=0.2043
[phase] aboveset @done  bag_com=[ 0.18482961 -0.00705715  0.2495091 ]  finger_z=0.2868  tablet_z=+210.21mm  tilt=5.8deg  bag_bottom=0.2043
[ik] insert target=[ 0.21249766 -0.00527226  0.13300123]  웨이포인트 41개(카테시안 직선)  arm_q=[-5.4022527e-01  3.6158779e-01  1.4039810e+00  9.4819487e-05
  1.3756336e+00  4.1719413e+00]
    [insert k=   0] tablet_z=+209.93mm bag_com=[ 0.18477666 -0.00704949  0.24934983]
    [insert k=  40] tablet_z=+207.48mm bag_com=[ 0.18482322 -0.00697567  0.24797285]
    [insert k=  80] tablet_z=+199.04mm bag_com=[ 0.1848751  -0.00702007  0.24029127]
    [insert k= 120] tablet_z=+182.66mm bag_com=[ 0.18486807 -0.00711986  0.22389019]
    [insert k= 160] tablet_z=+159.16mm bag_com=[ 0.1847866  -0.00719692  0.20005502]
    [insert k= 200] tablet_z=+132.51mm bag_com=[ 0.18484005 -0.00559202  0.17179254]
    [insert k= 240] tablet_z=+104.88mm bag_com=[ 0.18491444 -0.0067376   0.14367777]
    [insert k= 280] tablet_z=+79.92mm bag_com=[ 0.18491635 -0.00670806  0.12005361]
    [insert k= 320] tablet_z=+62.71mm bag_com=[ 0.1849382  -0.00731005  0.1040878 ]
    [insert k= 360] tablet_z=+55.13mm bag_com=[ 0.18495502 -0.00694589  0.09664787]
[phase] insert   @done  bag_com=[ 0.18496336 -0.00692325  0.09540895]  finger_z=0.1328  tablet_z=+53.74mm  tilt=5.9deg  bag_bottom=0.0503
[phase] settle2  @done  bag_com=[ 0.18498713 -0.00697202  0.09538554]  finger_z=0.1328  tablet_z=+53.67mm  tilt=6.0deg  bag_bottom=0.0503
[trim] TRIM_ROUNDS=0 — 생략(기본값). settle2 시점 bag_bottom 오차 +0.7mm 를 그대로 결과로 쓴다.
[trim] 최종 finger_z=0.1330  (초기 0.1330, 하한 0.1030)

[phase] 9 clamp (4.3s) — Left_Wall +6.0mm 에서 **속도지령** 8.0mm/s 로 계속 닫음 (docs §11-5), lead 20.0mm = 정지 시 100N, 가드 -17.0mm
    [clamp t= 0.00s] wall=  +5.96mm v=  +0.08mm/s  본체면 잔여 +23.46mm  bag_com=[ 0.18498713 -0.00697202  0.09538554]
    [clamp t= 0.17s] wall=  +4.61mm v=  +2.73mm/s  본체면 잔여 +22.11mm  bag_com=[ 0.18498746 -0.00697025  0.095383  ]
    [clamp t= 0.34s] wall=  +3.27mm v=  +5.39mm/s  본체면 잔여 +20.77mm  bag_com=[ 0.18499337 -0.00696911  0.09537546]
    [clamp t= 0.51s] wall=  +1.92mm v=  +8.04mm/s  본체면 잔여 +19.42mm  bag_com=[ 0.18499792 -0.00696782  0.09536976]
    [clamp t= 0.68s] wall=  +0.57mm v= +10.69mm/s  본체면 잔여 +18.07mm  bag_com=[ 0.18500392 -0.00695033  0.095362  ]
    [clamp t= 0.85s] wall=  -0.77mm v= +13.34mm/s  본체면 잔여 +16.73mm  bag_com=[ 0.18503565 -0.0062804   0.09530662]
    [clamp t= 1.02s] wall=  -2.12mm v= +15.99mm/s  본체면 잔여 +15.38mm  bag_com=[ 0.18506923 -0.00556436  0.09526785]
    [clamp t= 1.19s] wall=  -3.47mm v= +18.65mm/s  본체면 잔여 +14.03mm  bag_com=[ 0.1851159  -0.00483963  0.09524004]
    [clamp t= 1.36s] wall=  -4.81mm v= +21.29mm/s  본체면 잔여 +12.69mm  bag_com=[ 0.1851721  -0.00415039  0.09522464]
    [clamp t= 1.53s] wall=  -6.16mm v= +23.94mm/s  본체면 잔여 +11.34mm  bag_com=[ 0.18520795 -0.00367555  0.09523335]
    [clamp t= 1.70s] wall=  -7.51mm v= +26.58mm/s  본체면 잔여  +9.99mm  bag_com=[ 0.18523742 -0.00324595  0.09525129]
    [clamp t= 1.87s] wall=  -8.85mm v= +29.23mm/s  본체면 잔여  +8.65mm  bag_com=[ 0.18526903 -0.00277156  0.09528641]
    [clamp t= 2.04s] wall= -10.23mm v= +26.09mm/s  본체면 잔여  +7.27mm  bag_com=[ 0.18530124 -0.00246783  0.09530102]
    [clamp t= 2.21s] wall= -11.39mm v= +21.75mm/s  본체면 잔여  +6.11mm  bag_com=[ 0.18530841 -0.00242466  0.09530251]
    [clamp t= 2.38s] wall= -11.39mm v= +22.01mm/s  본체면 잔여  +6.11mm  bag_com=[ 0.18531509 -0.00241929  0.0952823 ]
    [clamp t= 2.55s] wall= -11.39mm v= +22.88mm/s  본체면 잔여  +6.11mm  bag_com=[ 0.1853213  -0.00239164  0.09524065]
    [clamp t= 2.72s] wall= -11.38mm v= +24.93mm/s  본체면 잔여  +6.12mm  bag_com=[ 0.18531583 -0.00239243  0.09517086]
    [clamp t= 2.89s] wall= -11.36mm v= +27.90mm/s  본체면 잔여  +6.14mm  bag_com=[ 0.18526863 -0.00253437  0.09503939]
    [clamp t= 3.06s] wall= -11.35mm v= +30.33mm/s  본체면 잔여  +6.15mm  bag_com=[ 0.18534245 -0.00238392  0.09500349]
    [clamp t= 3.23s] wall= -11.34mm v= +31.12mm/s  본체면 잔여  +6.16mm  bag_com=[ 0.18535481 -0.00239422  0.09505071]
    [clamp t= 3.40s] wall= -11.34mm v= +31.35mm/s  본체면 잔여  +6.16mm  bag_com=[ 0.18536595 -0.00238467  0.09510557]
    [clamp t= 3.57s] wall= -11.34mm v= +31.47mm/s  본체면 잔여  +6.16mm  bag_com=[ 0.18537228 -0.0023754   0.09514657]
    [clamp t= 3.74s] wall= -11.34mm v= +31.56mm/s  본체면 잔여  +6.16mm  bag_com=[ 0.18537381 -0.00237362  0.09517667]
    [clamp t= 3.91s] wall= -11.34mm v= +31.66mm/s  본체면 잔여  +6.16mm  bag_com=[ 0.18537693 -0.00238135  0.09520181]
    [clamp t= 4.08s] wall= -11.34mm v= +31.72mm/s  본체면 잔여  +6.16mm  bag_com=[ 0.18537837 -0.00238462  0.09522308]
    [clamp t= 4.25s] wall= -11.34mm v= +31.74mm/s  본체면 잔여  +6.16mm  bag_com=[ 0.18537799 -0.00237351  0.09523942]
[phase] clamp    @done  wall=-11.34mm  (잔여: 플랜지면(비접촉) 1.16mm / 본체면 6.16mm)  bag_com=[ 0.18537676 -0.00237346  0.09524382]
[clamp] 봉투 반력에 막혀 정지  (가드 -17.00mm, 최종 v=+31.75mm/s)
    [release k=   0] tablet_z=+54.21mm bag_com=[ 0.18537666 -0.00237345  0.09524421]
    [release k=  40] tablet_z=+54.23mm bag_com=[ 0.18527542 -0.00179323  0.09520517]
    [release k=  80] tablet_z=+54.29mm bag_com=[0.18530937 0.00090307 0.09492279]
[phase] release  @done  bag_com=[0.18524967 0.00164255 0.09467281]  finger_z=0.1345  tablet_z=+54.32mm  tilt=9.2deg  bag_bottom=0.0491

[RESULT] GRIP_OFFSET_MM=-28mm  Y_OFFSET_MM=+0.0mm  verdict=PASS  (삽입 성공, 걸림/붕괴 없음)
[RESULT] final_bottom_z=0.0491  wall_center_z=0.0510  오차=-1.9mm(+면 얕음/-면 깊음)
[RESULT] width_y=29.0mm(baseline 15.0mm)  height_z=90.7mm(baseline 90.7mm)
[SUMMARY] flange=OFF mode=velocity v=8.0mm/s F=100N kp=5000 hold=0 wall=-11.34mm body_gap=+6.16mm stalled=Y drop=-0.0mm tilt=9.2deg width=29.0mm reach_err=-1.9mm verdict=PASS

[saved] overview -> C:\Users\user\Desktop\Crusher_IsaacSim\Crusher_Genesis\Crusher_M0609_RG2_Tablet_Samplebag\RESULT_g1_kin115_r2\grip-28mm\full_workflow_grip-28mm_yoff+0.0mm_20260831_074621_overview.mp4
[saved] bagcam   -> C:\Users\user\Desktop\Crusher_IsaacSim\Crusher_Genesis\Crusher_M0609_RG2_Tablet_Samplebag\RESULT_g1_kin115_r2\grip-28mm\full_workflow_grip-28mm_yoff+0.0mm_20260831_074621_bagcam.mp4
[saved] sideview -> C:\Users\user\Desktop\Crusher_IsaacSim\Crusher_Genesis\Crusher_M0609_RG2_Tablet_Samplebag\RESULT_g1_kin115_r2\grip-28mm\full_workflow_grip-28mm_yoff+0.0mm_20260831_074621_sideview.mp4

[timing] build=14.6s  steps=605.0s (2892 steps, 209.2ms/step)  합계=619.7s
완료.
