============================================================
 Full workflow: tablet drop -> bag catch -> grasp -> lift -> Crusher slot insert (viewer=False)
============================================================
[mjcf] Left_Wall 반사 관성 armature=10.0kg (링크 질량 0.312kg + 랙/피니언/감속기/로터). 100N -> 9.7 m/s^2, kv 안정 한계 4125
[mjcf] Left_Wall 형상 교체: 옛 geom 12개(시각 1 + hull 11) -> 본체 hull 5개 + 플랜지 1개 + 시각 1개. 플랜지 = 충돌+시각. 중립 간격 플랜지 12.50mm / 본체 17.50mm
[fem_ipc_workarounds] FEMEntity.set_vertex_constraints 패치 완료 (IPC 커플러 버그 우회)
[38;5;226m[Genesis] [13:00:27] [WARNING] At least one of the meshes contain many faces (15432). Consider setting 'morph.decimate=True' to speed up collision detection and improve numerical stability.[0m
[38;5;226m[Genesis] [13:00:27] [WARNING] At least one of the meshes contain many faces (15762). Consider setting 'morph.decimate=True' to speed up collision detection and improve numerical stability.[0m
[38;5;226m[Genesis] [13:00:27] [WARNING] Mesh is not watertight. Falling back to convex hull for estimating inertial properties.[0m
[38;5;226m[Genesis] [13:00:27] [WARNING] Mesh is not watertight. Falling back to convex hull for estimating inertial properties.[0m
[38;5;226m[Genesis] [13:00:27] [WARNING] At least one of the meshes contain many faces (12522). Consider setting 'morph.decimate=True' to speed up collision detection and improve numerical stability.[0m
[38;5;226m[Genesis] [13:00:27] [WARNING] Mesh is not watertight. Falling back to convex hull for estimating inertial properties.[0m
[38;5;226m[Genesis] [13:00:27] [WARNING] Mesh is not watertight. Falling back to convex hull for estimating inertial properties.[0m
[38;5;226m[Genesis] [13:00:27] [WARNING] Mesh is not watertight. Falling back to convex hull for estimating inertial properties.[0m
[38;5;226m[Genesis] [13:00:27] [WARNING] Mesh is not watertight. Falling back to convex hull for estimating inertial properties.[0m
[38;5;226m[Genesis] [13:00:27] [WARNING] Mesh is not watertight. Falling back to convex hull for estimating inertial properties.[0m
[38;5;226m[Genesis] [13:00:27] [WARNING] Mesh is not watertight. Falling back to convex hull for estimating inertial properties.[0m
[38;5;226m[Genesis] [13:00:27] [WARNING] Mesh is not watertight. Falling back to convex hull for estimating inertial properties.[0m
[38;5;226m[Genesis] [13:00:27] [WARNING] Mesh is not watertight. Falling back to convex hull for estimating inertial properties.[0m
[38;5;226m[Genesis] [13:00:27] [WARNING] Mesh is not watertight. Falling back to convex hull for estimating inertial properties.[0m
[38;5;226m[Genesis] [13:00:27] [WARNING] Mesh is not watertight. Falling back to convex hull for estimating inertial properties.[0m
[38;5;226m[Genesis] [13:00:27] [WARNING] Mesh is not watertight. Falling back to convex hull for estimating inertial properties.[0m
[38;5;226m[Genesis] [13:00:27] [WARNING] Mesh is not watertight. Falling back to convex hull for estimating inertial properties.[0m
[38;5;226m[Genesis] [13:00:27] [WARNING] Mesh is not watertight. Falling back to convex hull for estimating inertial properties.[0m
[38;5;226m[Genesis] [13:00:28] [WARNING] Mesh is not watertight. Falling back to convex hull for estimating inertial properties.[0m
[38;5;226m[Genesis] [13:00:28] [WARNING] Mesh is not watertight. Falling back to convex hull for estimating inertial properties.[0m
[38;5;226m[Genesis] [13:00:28] [WARNING] At least one of the meshes contain many faces (27466). Consider setting 'morph.decimate=True' to speed up collision detection and improve numerical stability.[0m
[38;5;226m[Genesis] [13:00:28] [WARNING] Mesh is not watertight. Falling back to convex hull for estimating inertial properties.[0m
[38;5;226m[Genesis] [13:00:28] [WARNING] Mesh is not watertight. Falling back to convex hull for estimating inertial properties.[0m
[38;5;226m[Genesis] [13:00:28] [WARNING] Mesh is not watertight. Falling back to convex hull for estimating inertial properties.[0m
[38;5;226m[Genesis] [13:00:28] [WARNING] Mesh is not watertight. Falling back to convex hull for estimating inertial properties.[0m
[38;5;226m[Genesis] [13:00:28] [WARNING] Mesh is not watertight. Falling back to convex hull for estimating inertial properties.[0m

[build] scene.build() 시작...
[38;5;226m[Genesis] [13:00:28] [WARNING] Link 'L4_Motor2_Shaft_1' has dubious center of mass [x=0.000, y=-0.037, z=0.015] compared to the bounding box from geometry [x=(-0.018, 0.018), y=(-0.018, 0.018), z=(-0.000, 0.077)].[0m
[38;5;226m[Genesis] [13:00:28] [WARNING] Link 'M_Bottom_1' has dubious center of mass [x=0.166, y=0.030, z=-0.073] compared to the bounding box from geometry [x=(0.106, 0.155), y=(-0.011, 0.071), z=(-0.078, -0.068)].[0m
[38;5;226m[Genesis] [13:00:28] [WARNING] Link 'M_Back_1' has dubious center of mass [x=0.003, y=0.021, z=0.011] compared to the bounding box from geometry [x=(-0.035, -0.030), y=(-0.033, 0.076), z=(-0.005, 0.028)].[0m
[38;5;226m[Genesis] [13:00:28] [WARNING] Link 'M_Left1_1' has dubious center of mass [x=-0.025, y=-0.002, z=-0.014] compared to the bounding box from geometry [x=(-0.088, -0.032), y=(-0.005, -0.000), z=(-0.038, 0.010)].[0m
[38;5;226m[Genesis] [13:00:28] [WARNING] Link 'M_Right1_1' has dubious center of mass [x=-0.025, y=0.003, z=-0.014] compared to the bounding box from geometry [x=(-0.087, -0.033), y=(0.000, 0.005), z=(-0.038, 0.010)].[0m
[38;5;226m[Genesis] [13:00:28] [WARNING] Link 'M_Top_1' has dubious center of mass [x=-0.024, y=0.028, z=0.005] compared to the bounding box from geometry [x=(-0.088, -0.032), y=(-0.031, 0.088), z=(-0.000, 0.010)].[0m
[38;5;226m[Genesis] [13:00:28] [WARNING] Link 'M_LeftLink_1' has dubious center of mass [x=-0.002, y=0.005, z=0.046] compared to the bounding box from geometry [x=(-0.040, -0.035), y=(-0.005, 0.015), z=(-0.005, 0.095)].[0m
[38;5;226m[Genesis] [13:00:28] [WARNING] Link 'M_RightLink_1' has dubious center of mass [x=-0.002, y=-0.005, z=0.046] compared to the bounding box from geometry [x=(-0.040, -0.035), y=(-0.015, 0.005), z=(-0.005, 0.095)].[0m
[38;5;226m[Genesis] [13:00:28] [WARNING] Link 'M_LeftLink2_copy_1' has dubious center of mass [x=-0.005, y=-0.005, z=0.021] compared to the bounding box from geometry [x=(-0.044, -0.032), y=(-0.015, 0.005), z=(-0.000, 0.045)].[0m
[38;5;226m[Genesis] [13:00:28] [WARNING] Link 'link_2' has dubious center of mass [x=0.000, y=0.000, z=0.000] compared to the bounding box from geometry [x=(-0.068, 0.479), y=(-0.069, 0.069), z=(0.082, 0.274)].[0m
[38;5;226m[Genesis] [13:00:29] [WARNING] Constraint solver time constant should be greater than 2*substep_dt. timeconst is changed from `0.0002` to `0.01`). Decrease simulation timestep or increase timeconst to avoid altering the original value.[0m
[38;5;226m[Genesis] [13:00:30] [WARNING] Filtered out geometry pairs causing self-collision for the neutral configuration (qpos0): (91, 114), (104, 106). Consider tuning Morph option 'decompose_robot_error_threshold' or specify dedicated collision meshes. This behavior can be disabled by setting Morph option 'enable_neutral_collision=True'.[0m
C:\Users\simuser\miniconda3\envs\crusher_genesis\Lib\site-packages\quadrants\_test_tools\warnings_helper.py:11: UserWarning: cannot create weak reference to 'tuple' object. Template mapper caching disabled.
  warnings.warn(message)
[verify] L2_Left_Wall1_1 충돌 geom 6개 / 시각 geom 3개  (플랜지 접촉=ON, 기대 충돌 6개)
[build] 성공 (11.1s)
[bag] shape 고정: 714/714 정점(바닥+양측면), 입구는 자유
[slot] 간격축 = world Y (겹침 -12.5mm), 슬롯 길이축 = world X (겹침 +65.0mm)
[slot] gap_cx=0.2125 gap_cy=-0.0053 gap_width=12.5mm wall_top_z=0.0870
[slot] pocket(L1_Wall1_1) center=(0.1745,0.0330)
[ctrl] Left_Wall armature=10.0kg (런타임 API) — 유효 질량 10.31kg, 100N -> 9.7 m/s^2, kv 안정 한계 4125 (현재 500)
[ctrl] Left_Wall force clip: ±100 N (Motor2 ctrlrange, docs/Crusher.md §5) — 벽은 이 힘에서 균형지는 위치에 멈춘다
[bag] grip_strip verts near FINGER_MID: 76

[phase] 0 prep (1.0s) — 크랭크 0->-3.142rad(-180deg), Left_Wall 0->+6mm(개방)
[phase] prep     @done  crank=-3.000rad  wall=+5.43mm
    [drop k=   0] tablet_z=+415.53mm bag_com=[0.00646321 0.2561791  0.39925352]
    [drop k=  40] tablet_z=+405.97mm bag_com=[0.00646321 0.2561791  0.39925352]
    [drop k=  80] tablet_z=+392.06mm bag_com=[0.00646321 0.2561791  0.39925352]
    [drop k= 120] tablet_z=+365.33mm bag_com=[0.00646321 0.2561791  0.39925352]
[phase] drop     @done  bag_com=[0.00646321 0.2561791  0.39925352]  finger_z=0.4378  tablet_z=+360.73mm  tilt=0.8deg  bag_bottom=0.3543
[phase] settle   @done  bag_com=[0.00646321 0.2561791  0.39925352]  finger_z=0.4378  tablet_z=+357.88mm  tilt=0.8deg  bag_bottom=0.3543
[bag] shape 고정 해제 — 이제부터 순수 마찰 파지
[phase] close    @done  bag_com=[0.00641805 0.25574186 0.39879817]  finger_z=0.4360  tablet_z=+356.92mm  tilt=0.9deg  bag_bottom=0.3538
[phase] grasp    @done  bag_com=[0.00638143 0.2557296  0.39880374]  finger_z=0.4361  tablet_z=+356.90mm  tilt=0.7deg  bag_bottom=0.3538
[phase] lift     @done  bag_com=[0.00561678 0.25861013 0.5243513 ]  finger_z=0.5620  tablet_z=+482.45mm  tilt=1.1deg  bag_bottom=0.4791
[phase] hold     @done  bag_com=[0.0055627  0.25861767 0.5243347 ]  finger_z=0.5620  tablet_z=+482.40mm  tilt=1.2deg  bag_bottom=0.4790
[slot] wall_center_z=0.0510  insert_z(finger)=0.1330  hang=82mm
[slot] 봉투중심 보정 dy=+0.0mm -> finger_y=-0.0053 (봉투중심 y=-0.0053 = gap_cy -0.0053)
[sweep] Y_OFFSET_MM=+0.0mm -> target_xy=[ 0.21249766 -0.00527226]  (gap_cy=-0.0053)
[cam] side view 고정: pos=(np.float64(0.21249766187667846), np.float64(-0.5552722595214844), np.float64(0.169001227684021)) look=(np.float64(0.21249766187667846), np.float64(-0.005272259521484357), np.float64(0.169001227684021)) (gap_width=12.5mm, z범위 above=0.2870~insert=0.1330)

[ik] above-slot target=[ 0.21249766 -0.00527226  0.28700123]  arm_q=[-5.4023635e-01  3.6851889e-01  9.7266281e-01 -6.0524326e-06
  1.8000273e+00  4.1719284e+00]
    [above k=   0] tablet_z=+482.40mm bag_com=[0.00556267 0.2586168  0.5243343 ]
    [above k=  40] tablet_z=+481.12mm bag_com=[0.00930364 0.2575749  0.52295125]
    [above k=  80] tablet_z=+472.83mm bag_com=[0.02958515 0.24740866 0.5146484 ]
    [above k= 120] tablet_z=+453.20mm bag_com=[0.06788787 0.2201678  0.49499533]
    [above k= 160] tablet_z=+419.09mm bag_com=[0.1121755  0.17711411 0.46058142]
    [above k= 200] tablet_z=+370.93mm bag_com=[0.14770846 0.12446865 0.41229507]
    [above k= 240] tablet_z=+317.27mm bag_com=[0.16963764 0.07428341 0.3571831 ]
    [above k= 280] tablet_z=+275.92mm bag_com=[0.17770287 0.0421035  0.3066649 ]
    [above k= 320] tablet_z=+250.96mm bag_com=[0.18400833 0.00675434 0.2700148 ]
    [above k= 360] tablet_z=+235.92mm bag_com=[ 0.18461423 -0.00498266  0.2526362 ]
[phase] above    @done  bag_com=[ 0.18471453 -0.00742283  0.24970064]  finger_z=0.2868  tablet_z=+225.04mm  tilt=6.3deg  bag_bottom=0.2043
[phase] aboveset @done  bag_com=[ 0.18484877 -0.00703586  0.24951547]  finger_z=0.2868  tablet_z=+213.85mm  tilt=5.9deg  bag_bottom=0.2043
[ik] insert target=[ 0.21249766 -0.00527226  0.13300123]  웨이포인트 41개(카테시안 직선)  arm_q=[-5.4022342e-01  3.6158657e-01  1.4039826e+00  9.1272508e-05
  1.3756312e+00  4.1719441e+00]
    [insert k=   0] tablet_z=+213.68mm bag_com=[ 0.18479507 -0.00702847  0.249358  ]
    [insert k=  40] tablet_z=+212.05mm bag_com=[ 0.18484235 -0.00701549  0.24798357]
    [insert k=  80] tablet_z=+204.17mm bag_com=[ 0.18488784 -0.00720079  0.24031486]
    [insert k= 120] tablet_z=+187.50mm bag_com=[ 0.18483669 -0.00716703  0.22396682]
    [insert k= 160] tablet_z=+161.72mm bag_com=[ 0.18489523 -0.00710841  0.19996701]
    [insert k= 200] tablet_z=+133.19mm bag_com=[ 0.18490084 -0.00696201  0.1717812 ]
    [insert k= 240] tablet_z=+105.72mm bag_com=[ 0.18486471 -0.00667592  0.14375146]
    [insert k= 280] tablet_z=+83.95mm bag_com=[ 0.18494259 -0.00628612  0.12004691]
    [insert k= 320] tablet_z=+67.92mm bag_com=[ 0.18495551 -0.00747442  0.10411096]
    [insert k= 360] tablet_z=+60.22mm bag_com=[ 0.18497418 -0.00664852  0.09664491]
[phase] insert   @done  bag_com=[ 0.18498074 -0.00703187  0.09542815]  finger_z=0.1328  tablet_z=+58.80mm  tilt=6.0deg  bag_bottom=0.0503
[phase] settle2  @done  bag_com=[ 0.18500373 -0.00698121  0.09540044]  finger_z=0.1328  tablet_z=+55.57mm  tilt=6.0deg  bag_bottom=0.0503
[trim] TRIM_ROUNDS=0 — 생략(기본값). settle2 시점 bag_bottom 오차 +0.7mm 를 그대로 결과로 쓴다.
[trim] 최종 finger_z=0.1330  (초기 0.1330, 하한 0.1030)

[phase] 9 clamp (4.3s) — Left_Wall +6.0mm 에서 **속도지령** 8.0mm/s 로 계속 닫음 (docs §11-5), lead 20.0mm = 정지 시 100N, 가드 -17.0mm
    [clamp t= 0.00s] wall=  +5.96mm v=  +0.08mm/s  본체면 잔여 +23.46mm  bag_com=[ 0.1850037  -0.00698065  0.09540019]
    [clamp t= 0.17s] wall=  +4.61mm v=  +2.73mm/s  본체면 잔여 +22.11mm  bag_com=[ 0.18501152 -0.00698218  0.09539236]
    [clamp t= 0.34s] wall=  +3.27mm v=  +5.39mm/s  본체면 잔여 +20.77mm  bag_com=[ 0.18501408 -0.00699081  0.09538899]
    [clamp t= 0.51s] wall=  +1.92mm v=  +8.04mm/s  본체면 잔여 +19.42mm  bag_com=[ 0.18501972 -0.0069893   0.09538193]
    [clamp t= 0.68s] wall=  +0.57mm v= +10.69mm/s  본체면 잔여 +18.07mm  bag_com=[ 0.1850453  -0.00621461  0.09532699]
    [clamp t= 0.85s] wall=  -0.77mm v= +13.33mm/s  본체면 잔여 +16.73mm  bag_com=[ 0.18509738 -0.00519972  0.09528139]
    [clamp t= 1.02s] wall=  -2.12mm v= +15.98mm/s  본체면 잔여 +15.38mm  bag_com=[ 0.18513948 -0.0046028   0.0952678 ]
    [clamp t= 1.19s] wall=  -3.47mm v= +18.52mm/s  본체면 잔여 +14.03mm  bag_com=[ 0.18518814 -0.00407782  0.0952694 ]
    [clamp t= 1.36s] wall=  -4.81mm v= +21.27mm/s  본체면 잔여 +12.69mm  bag_com=[ 0.18522349 -0.00352463  0.09530026]
    [clamp t= 1.53s] wall=  -6.16mm v= +23.93mm/s  본체면 잔여 +11.34mm  bag_com=[ 0.18525869 -0.00304969  0.09534729]
    [clamp t= 1.70s] wall=  -7.51mm v= +26.79mm/s  본체면 잔여  +9.99mm  bag_com=[ 0.1853017  -0.00264652  0.09543391]
    [clamp t= 1.87s] wall=  -8.86mm v= +28.93mm/s  본체면 잔여  +8.64mm  bag_com=[ 0.18532754 -0.00222324  0.09552142]
    [clamp t= 2.04s] wall= -10.41mm v=  -9.00mm/s  본체면 잔여  +7.09mm  bag_com=[ 0.18535143 -0.00188965  0.09569789]
    [clamp t= 2.21s] wall= -11.99mm v= -53.45mm/s  본체면 잔여  +5.51mm  bag_com=[ 0.18540272 -0.00161257  0.09586186]
    [clamp t= 2.38s] wall= -12.98mm v= -96.57mm/s  본체면 잔여  +4.52mm  bag_com=[ 0.18545912 -0.00139794  0.09599587]
    [clamp t= 2.55s] wall= -13.03mm v=-105.91mm/s  본체면 잔여  +4.47mm  bag_com=[ 0.18548849 -0.00134915  0.09602575]
    [clamp t= 2.72s] wall= -13.04mm v=-107.38mm/s  본체면 잔여  +4.46mm  bag_com=[ 0.18550433 -0.00132862  0.09602593]
    [clamp t= 2.89s] wall= -13.04mm v=-107.68mm/s  본체면 잔여  +4.46mm  bag_com=[ 0.18552059 -0.00131334  0.09602685]
    [clamp t= 3.06s] wall= -13.04mm v=-107.64mm/s  본체면 잔여  +4.46mm  bag_com=[ 0.18553707 -0.00129335  0.09603084]
    [clamp t= 3.23s] wall= -13.04mm v=-107.57mm/s  본체면 잔여  +4.46mm  bag_com=[ 0.18554963 -0.00127075  0.0960343 ]
    [clamp t= 3.40s] wall= -13.04mm v=-107.53mm/s  본체면 잔여  +4.46mm  bag_com=[ 0.18555777 -0.00125361  0.09603402]
    [clamp t= 3.57s] wall= -13.04mm v=-107.56mm/s  본체면 잔여  +4.46mm  bag_com=[ 0.18556297 -0.00124111  0.09602946]
    [clamp t= 3.74s] wall= -13.04mm v=-107.64mm/s  본체면 잔여  +4.46mm  bag_com=[ 0.1855665  -0.00123265  0.09602237]
    [clamp t= 3.91s] wall= -13.04mm v=-107.77mm/s  본체면 잔여  +4.46mm  bag_com=[ 0.18556847 -0.00122752  0.09601396]
    [clamp t= 4.08s] wall= -13.04mm v=-107.95mm/s  본체면 잔여  +4.46mm  bag_com=[ 0.18556976 -0.00122417  0.09600468]
    [clamp t= 4.25s] wall= -13.04mm v=-108.15mm/s  본체면 잔여  +4.46mm  bag_com=[ 0.18557061 -0.0012219   0.09599508]
[phase] clamp    @done  wall=-13.04mm  (잔여: 플랜지면 -0.54mm / 본체면 4.46mm)  bag_com=[ 0.18557094 -0.00122138  0.09599201]
[clamp] 봉투 반력에 막혀 정지  (가드 -17.00mm, 최종 v=-108.22mm/s)
    [hold2 k=   0] tablet_z=+56.33mm bag_com=[ 0.18557096 -0.00122134  0.09599173]
    [hold2 k=  40] tablet_z=+56.33mm bag_com=[ 0.18557152 -0.00122049  0.09598059]
    [hold2 k=  80] tablet_z=+56.33mm bag_com=[ 0.18557207 -0.0012207   0.09596954]
[phase] hold2    @done  bag_com=[ 0.18557233 -0.00122106  0.0959646 ]  finger_z=0.1328  tablet_z=+56.33mm  tilt=1.9deg  bag_bottom=0.0513

[phase] 11 crush (5s, 1000 step) — 크랭크 8.0 RPM (0.8378 rad/s) 연속 회전 ≈ 0.7 바퀴
[ctrl] crank torque clip: ±50.0 N·m (docs/Crusher.md §2-2), kv=5000 — velocity 제어
[crush] 시작 정제 크기 4.20 x 3.57 x 5.10 mm
    [crush t=  0.0s] crank=    +0.0deg ( 0.09 RPM)  wall=-13.04mm  정제  4.20x 3.57x 5.10mm
    [crush t=  0.2s] crank=    +0.1deg ( 0.09 RPM)  wall=-13.04mm  정제  4.19x 3.57x 5.10mm
    [crush t=  0.3s] crank=    +0.2deg ( 0.09 RPM)  wall=-13.05mm  정제  4.19x 3.58x 5.10mm
    [crush t=  0.5s] crank=    +0.3deg ( 0.09 RPM)  wall=-13.05mm  정제  4.19x 3.58x 5.10mm
    [crush t=  0.7s] crank=    +0.4deg ( 0.09 RPM)  wall=-13.05mm  정제  4.18x 3.58x 5.10mm
    [crush t=  0.8s] crank=    +0.5deg ( 0.09 RPM)  wall=-13.05mm  정제  4.18x 3.58x 5.10mm
    [crush t=  1.0s] crank=    +0.6deg ( 0.09 RPM)  wall=-13.05mm  정제  4.18x 3.58x 5.10mm
    [crush t=  1.2s] crank=    +0.7deg ( 0.09 RPM)  wall=-13.05mm  정제  4.17x 3.58x 5.10mm
    [crush t=  1.3s] crank=    +0.8deg ( 0.09 RPM)  wall=-13.05mm  정제  4.17x 3.58x 5.10mm
    [crush t=  1.5s] crank=    +0.8deg ( 0.09 RPM)  wall=-13.05mm  정제  4.17x 3.58x 5.10mm
    [crush t=  1.7s] crank=    +0.9deg ( 0.09 RPM)  wall=-13.05mm  정제  4.17x 3.58x 5.10mm
    [crush t=  1.8s] crank=    +1.0deg ( 0.09 RPM)  wall=-13.05mm  정제  4.17x 3.58x 5.10mm
    [crush t=  2.0s] crank=    +1.1deg ( 0.09 RPM)  wall=-13.05mm  정제  4.17x 3.58x 5.10mm
    [crush t=  2.1s] crank=    +1.2deg ( 0.09 RPM)  wall=-13.05mm  정제  4.17x 3.58x 5.10mm
    [crush t=  2.3s] crank=    +1.3deg ( 0.09 RPM)  wall=-13.05mm  정제  4.17x 3.58x 5.10mm
    [crush t=  2.5s] crank=    +1.4deg ( 0.09 RPM)  wall=-13.05mm  정제  4.17x 3.58x 5.10mm
    [crush t=  2.6s] crank=    +1.5deg ( 0.09 RPM)  wall=-13.05mm  정제  4.17x 3.58x 5.10mm
    [crush t=  2.8s] crank=    +1.6deg ( 0.09 RPM)  wall=-13.05mm  정제  4.17x 3.58x 5.10mm
    [crush t=  3.0s] crank=    +1.7deg ( 0.09 RPM)  wall=-13.05mm  정제  4.17x 3.57x 5.10mm
    [crush t=  3.1s] crank=    +1.8deg ( 0.09 RPM)  wall=-13.05mm  정제  4.17x 3.57x 5.10mm
    [crush t=  3.3s] crank=    +1.9deg ( 0.09 RPM)  wall=-13.06mm  정제  4.17x 3.57x 5.10mm
    [crush t=  3.5s] crank=    +2.0deg ( 0.09 RPM)  wall=-13.06mm  정제  4.17x 3.57x 5.11mm
    [crush t=  3.6s] crank=    +2.1deg ( 0.09 RPM)  wall=-13.06mm  정제  4.17x 3.57x 5.11mm
    [crush t=  3.8s] crank=    +2.2deg ( 0.09 RPM)  wall=-13.06mm  정제  4.17x 3.57x 5.11mm
    [crush t=  4.0s] crank=    +2.3deg ( 0.09 RPM)  wall=-13.06mm  정제  4.17x 3.57x 5.11mm
    [crush t=  4.1s] crank=    +2.3deg ( 0.09 RPM)  wall=-13.06mm  정제  4.17x 3.57x 5.11mm
    [crush t=  4.3s] crank=    +2.4deg ( 0.09 RPM)  wall=-13.06mm  정제  4.17x 3.57x 5.11mm
    [crush t=  4.5s] crank=    +2.5deg ( 0.09 RPM)  wall=-13.06mm  정제  4.17x 3.57x 5.11mm
    [crush t=  4.6s] crank=    +2.6deg ( 0.09 RPM)  wall=-13.06mm  정제  4.17x 3.57x 5.11mm
    [crush t=  4.8s] crank=    +2.7deg ( 0.09 RPM)  wall=-13.06mm  정제  4.17x 3.57x 5.11mm
    [crush t=  5.0s] crank=    +2.8deg ( 0.09 RPM)  wall=-13.06mm  정제  4.17x 3.57x 5.11mm
[phase] crush    @done  크랭크 +2.8deg (0.01 바퀴)  wall=-13.06mm
[crush] 정제 4.20x3.57x5.10 -> 4.17x3.57x5.11 mm  (변화 -0.03/+0.00/+0.01)
[crush] bag_com=[ 0.1855429  -0.00112288  0.0957902 ]  tilt=1.9deg  bag_bottom=0.0513

[RESULT] GRIP_OFFSET_MM=-28mm  Y_OFFSET_MM=+0.0mm  verdict=PASS  (삽입 성공, 걸림/붕괴 없음)
[RESULT] final_bottom_z=0.0513  wall_center_z=0.0510  오차=+0.3mm(+면 얕음/-면 깊음)
[RESULT] width_y=17.2mm(baseline 15.0mm)  height_z=89.7mm(baseline 90.7mm)
[SUMMARY] flange=ON mode=velocity v=8.0mm/s F=100N kp=5000 hold=1 wall=-13.04mm body_gap=+4.46mm stalled=Y drop=-0.0mm tilt=1.9deg width=17.2mm reach_err=+0.3mm verdict=PASS

[saved] overview -> C:\Crusher_isaacsim\Crusher_Genesis\Crusher_M0609_RG2_Tablet_Samplebag\RESULT_j_tq50\grip-28mm\full_workflow_grip-28mm_yoff+0.0mm_20260831_130018_overview.mp4
[saved] bagcam   -> C:\Crusher_isaacsim\Crusher_Genesis\Crusher_M0609_RG2_Tablet_Samplebag\RESULT_j_tq50\grip-28mm\full_workflow_grip-28mm_yoff+0.0mm_20260831_130018_bagcam.mp4
[saved] sideview -> C:\Crusher_isaacsim\Crusher_Genesis\Crusher_M0609_RG2_Tablet_Samplebag\RESULT_j_tq50\grip-28mm\full_workflow_grip-28mm_yoff+0.0mm_20260831_130018_sideview.mp4

[timing] build=11.1s  steps=475.5s (3892 steps, 122.2ms/step)  합계=486.7s
완료.
