============================================================
 Full workflow: tablet drop -> bag catch -> grasp -> lift -> Crusher slot insert (viewer=False)
============================================================
[mjcf] Left_Wall 반사 관성 armature=10.0kg (링크 질량 0.312kg + 랙/피니언/감속기/로터). 100N -> 9.7 m/s^2, kv 안정 한계 4125
[mjcf] Left_Wall 형상 교체: 옛 geom 12개(시각 1 + hull 11) -> 본체 hull 5개 + 플랜지 1개 + 시각 1개. 플랜지 = 충돌+시각. 중립 간격 플랜지 12.50mm / 본체 17.50mm
[fem_ipc_workarounds] FEMEntity.set_vertex_constraints 패치 완료 (IPC 커플러 버그 우회)
[38;5;226m[Genesis] [13:00:18] [WARNING] At least one of the meshes contain many faces (15432). Consider setting 'morph.decimate=True' to speed up collision detection and improve numerical stability.[0m
[38;5;226m[Genesis] [13:00:18] [WARNING] At least one of the meshes contain many faces (15762). Consider setting 'morph.decimate=True' to speed up collision detection and improve numerical stability.[0m
[38;5;226m[Genesis] [13:00:18] [WARNING] Mesh is not watertight. Falling back to convex hull for estimating inertial properties.[0m
[38;5;226m[Genesis] [13:00:18] [WARNING] Mesh is not watertight. Falling back to convex hull for estimating inertial properties.[0m
[38;5;226m[Genesis] [13:00:18] [WARNING] At least one of the meshes contain many faces (12522). Consider setting 'morph.decimate=True' to speed up collision detection and improve numerical stability.[0m
[38;5;226m[Genesis] [13:00:18] [WARNING] Mesh is not watertight. Falling back to convex hull for estimating inertial properties.[0m
[38;5;226m[Genesis] [13:00:18] [WARNING] Mesh is not watertight. Falling back to convex hull for estimating inertial properties.[0m
[38;5;226m[Genesis] [13:00:18] [WARNING] Mesh is not watertight. Falling back to convex hull for estimating inertial properties.[0m
[38;5;226m[Genesis] [13:00:18] [WARNING] Mesh is not watertight. Falling back to convex hull for estimating inertial properties.[0m
[38;5;226m[Genesis] [13:00:18] [WARNING] Mesh is not watertight. Falling back to convex hull for estimating inertial properties.[0m
[38;5;226m[Genesis] [13:00:18] [WARNING] Mesh is not watertight. Falling back to convex hull for estimating inertial properties.[0m
[38;5;226m[Genesis] [13:00:18] [WARNING] Mesh is not watertight. Falling back to convex hull for estimating inertial properties.[0m
[38;5;226m[Genesis] [13:00:18] [WARNING] Mesh is not watertight. Falling back to convex hull for estimating inertial properties.[0m
[38;5;226m[Genesis] [13:00:18] [WARNING] Mesh is not watertight. Falling back to convex hull for estimating inertial properties.[0m
[38;5;226m[Genesis] [13:00:18] [WARNING] Mesh is not watertight. Falling back to convex hull for estimating inertial properties.[0m
[38;5;226m[Genesis] [13:00:18] [WARNING] Mesh is not watertight. Falling back to convex hull for estimating inertial properties.[0m
[38;5;226m[Genesis] [13:00:18] [WARNING] Mesh is not watertight. Falling back to convex hull for estimating inertial properties.[0m
[38;5;226m[Genesis] [13:00:18] [WARNING] Mesh is not watertight. Falling back to convex hull for estimating inertial properties.[0m
[38;5;226m[Genesis] [13:00:19] [WARNING] Mesh is not watertight. Falling back to convex hull for estimating inertial properties.[0m
[38;5;226m[Genesis] [13:00:19] [WARNING] Mesh is not watertight. Falling back to convex hull for estimating inertial properties.[0m
[38;5;226m[Genesis] [13:00:19] [WARNING] At least one of the meshes contain many faces (27466). Consider setting 'morph.decimate=True' to speed up collision detection and improve numerical stability.[0m
[38;5;226m[Genesis] [13:00:19] [WARNING] Mesh is not watertight. Falling back to convex hull for estimating inertial properties.[0m
[38;5;226m[Genesis] [13:00:19] [WARNING] Mesh is not watertight. Falling back to convex hull for estimating inertial properties.[0m
[38;5;226m[Genesis] [13:00:19] [WARNING] Mesh is not watertight. Falling back to convex hull for estimating inertial properties.[0m
[38;5;226m[Genesis] [13:00:19] [WARNING] Mesh is not watertight. Falling back to convex hull for estimating inertial properties.[0m
[38;5;226m[Genesis] [13:00:19] [WARNING] Mesh is not watertight. Falling back to convex hull for estimating inertial properties.[0m

[build] scene.build() 시작...
[38;5;226m[Genesis] [13:00:19] [WARNING] Link 'L4_Motor2_Shaft_1' has dubious center of mass [x=0.000, y=-0.037, z=0.015] compared to the bounding box from geometry [x=(-0.018, 0.018), y=(-0.018, 0.018), z=(-0.000, 0.077)].[0m
[38;5;226m[Genesis] [13:00:19] [WARNING] Link 'M_Bottom_1' has dubious center of mass [x=0.166, y=0.030, z=-0.073] compared to the bounding box from geometry [x=(0.106, 0.155), y=(-0.011, 0.071), z=(-0.078, -0.068)].[0m
[38;5;226m[Genesis] [13:00:19] [WARNING] Link 'M_Back_1' has dubious center of mass [x=0.003, y=0.021, z=0.011] compared to the bounding box from geometry [x=(-0.035, -0.030), y=(-0.033, 0.076), z=(-0.005, 0.028)].[0m
[38;5;226m[Genesis] [13:00:19] [WARNING] Link 'M_Left1_1' has dubious center of mass [x=-0.025, y=-0.002, z=-0.014] compared to the bounding box from geometry [x=(-0.088, -0.032), y=(-0.005, -0.000), z=(-0.038, 0.010)].[0m
[38;5;226m[Genesis] [13:00:19] [WARNING] Link 'M_Right1_1' has dubious center of mass [x=-0.025, y=0.003, z=-0.014] compared to the bounding box from geometry [x=(-0.087, -0.033), y=(0.000, 0.005), z=(-0.038, 0.010)].[0m
[38;5;226m[Genesis] [13:00:19] [WARNING] Link 'M_Top_1' has dubious center of mass [x=-0.024, y=0.028, z=0.005] compared to the bounding box from geometry [x=(-0.088, -0.032), y=(-0.031, 0.088), z=(-0.000, 0.010)].[0m
[38;5;226m[Genesis] [13:00:19] [WARNING] Link 'M_LeftLink_1' has dubious center of mass [x=-0.002, y=0.005, z=0.046] compared to the bounding box from geometry [x=(-0.040, -0.035), y=(-0.005, 0.015), z=(-0.005, 0.095)].[0m
[38;5;226m[Genesis] [13:00:19] [WARNING] Link 'M_RightLink_1' has dubious center of mass [x=-0.002, y=-0.005, z=0.046] compared to the bounding box from geometry [x=(-0.040, -0.035), y=(-0.015, 0.005), z=(-0.005, 0.095)].[0m
[38;5;226m[Genesis] [13:00:19] [WARNING] Link 'M_LeftLink2_copy_1' has dubious center of mass [x=-0.005, y=-0.005, z=0.021] compared to the bounding box from geometry [x=(-0.044, -0.032), y=(-0.015, 0.005), z=(-0.000, 0.045)].[0m
[38;5;226m[Genesis] [13:00:19] [WARNING] Link 'link_2' has dubious center of mass [x=0.000, y=0.000, z=0.000] compared to the bounding box from geometry [x=(-0.068, 0.479), y=(-0.069, 0.069), z=(0.082, 0.274)].[0m
[38;5;226m[Genesis] [13:00:20] [WARNING] Constraint solver time constant should be greater than 2*substep_dt. timeconst is changed from `0.0002` to `0.01`). Decrease simulation timestep or increase timeconst to avoid altering the original value.[0m
[38;5;226m[Genesis] [13:00:21] [WARNING] Filtered out geometry pairs causing self-collision for the neutral configuration (qpos0): (91, 114), (104, 106). Consider tuning Morph option 'decompose_robot_error_threshold' or specify dedicated collision meshes. This behavior can be disabled by setting Morph option 'enable_neutral_collision=True'.[0m
C:\Users\simuser\miniconda3\envs\crusher_genesis\Lib\site-packages\quadrants\_test_tools\warnings_helper.py:11: UserWarning: cannot create weak reference to 'tuple' object. Template mapper caching disabled.
  warnings.warn(message)
[verify] L2_Left_Wall1_1 충돌 geom 6개 / 시각 geom 3개  (플랜지 접촉=ON, 기대 충돌 6개)
[build] 성공 (12.5s)
[bag] shape 고정: 714/714 정점(바닥+양측면), 입구는 자유
[slot] 간격축 = world Y (겹침 -12.5mm), 슬롯 길이축 = world X (겹침 +65.0mm)
[slot] gap_cx=0.2125 gap_cy=-0.0053 gap_width=12.5mm wall_top_z=0.0870
[slot] pocket(L1_Wall1_1) center=(0.1745,0.0330)
[ctrl] Left_Wall armature=10.0kg (런타임 API) — 유효 질량 10.31kg, 100N -> 9.7 m/s^2, kv 안정 한계 4125 (현재 500)
[ctrl] Left_Wall force clip: ±100 N (Motor2 ctrlrange, docs/Crusher.md §5) — 벽은 이 힘에서 균형지는 위치에 멈춘다
[bag] grip_strip verts near FINGER_MID: 76

[phase] 0 prep (1.0s) — 크랭크 0->-3.142rad(-180deg), Left_Wall 0->+6mm(개방)
[phase] prep     @done  crank=-3.000rad  wall=+5.43mm
    [drop k=   0] tablet_z=+428.98mm bag_com=[0.00646321 0.2561791  0.39925352]
    [drop k=  40] tablet_z=+428.09mm bag_com=[0.00646321 0.2561791  0.39925352]
    [drop k=  80] tablet_z=+420.66mm bag_com=[0.00646321 0.2561791  0.39925352]
    [drop k= 120] tablet_z=+400.81mm bag_com=[0.00646321 0.2561791  0.39925352]
[phase] drop     @done  bag_com=[0.00646321 0.2561791  0.39925352]  finger_z=0.4378  tablet_z=+388.69mm  tilt=0.8deg  bag_bottom=0.3543
[phase] settle   @done  bag_com=[0.00646321 0.2561791  0.39925352]  finger_z=0.4378  tablet_z=+365.41mm  tilt=0.8deg  bag_bottom=0.3543
[bag] shape 고정 해제 — 이제부터 순수 마찰 파지
[phase] close    @done  bag_com=[0.0064308  0.25566483 0.39879945]  finger_z=0.4360  tablet_z=+362.24mm  tilt=0.7deg  bag_bottom=0.3538
[phase] grasp    @done  bag_com=[0.0063971  0.2557319  0.39880353]  finger_z=0.4361  tablet_z=+359.29mm  tilt=0.7deg  bag_bottom=0.3538
[phase] lift     @done  bag_com=[0.00561742 0.2587449  0.524351  ]  finger_z=0.5620  tablet_z=+482.93mm  tilt=1.1deg  bag_bottom=0.4791
[phase] hold     @done  bag_com=[0.00557977 0.25862557 0.5243312 ]  finger_z=0.5620  tablet_z=+482.84mm  tilt=1.2deg  bag_bottom=0.4790
[slot] wall_center_z=0.0510  insert_z(finger)=0.1330  hang=82mm
[slot] 봉투중심 보정 dy=+0.0mm -> finger_y=-0.0053 (봉투중심 y=-0.0053 = gap_cy -0.0053)
[sweep] Y_OFFSET_MM=+0.0mm -> target_xy=[ 0.21249766 -0.00527226]  (gap_cy=-0.0053)
[cam] side view 고정: pos=(np.float64(0.21249766187667846), np.float64(-0.5552722595214844), np.float64(0.169001227684021)) look=(np.float64(0.21249766187667846), np.float64(-0.005272259521484357), np.float64(0.169001227684021)) (gap_width=12.5mm, z범위 above=0.2870~insert=0.1330)

[ik] above-slot target=[ 0.21249766 -0.00527226  0.28700123]  arm_q=[-5.4023808e-01  3.6852023e-01  9.7266060e-01 -2.2929162e-06
  1.8000295e+00  4.1719270e+00]
    [above k=   0] tablet_z=+482.84mm bag_com=[0.00557982 0.25862506 0.52433103]
    [above k=  40] tablet_z=+481.48mm bag_com=[0.00931006 0.25765395 0.52294767]
    [above k=  80] tablet_z=+473.61mm bag_com=[0.02957071 0.24679486 0.514614  ]
    [above k= 120] tablet_z=+456.58mm bag_com=[0.06802329 0.22154753 0.494787  ]
    [above k= 160] tablet_z=+424.83mm bag_com=[0.1105039  0.17610435 0.46050116]
    [above k= 200] tablet_z=+377.99mm bag_com=[0.14368147 0.12514281 0.4122834 ]
    [above k= 240] tablet_z=+323.74mm bag_com=[0.17020147 0.07383843 0.357202  ]
    [above k= 280] tablet_z=+275.19mm bag_com=[0.17811209 0.04011536 0.30645958]
    [above k= 320] tablet_z=+243.32mm bag_com=[0.18367995 0.00994532 0.2698032 ]
    [above k= 360] tablet_z=+226.23mm bag_com=[ 0.18480392 -0.00762046  0.2528092 ]
[phase] above    @done  bag_com=[ 0.18472402 -0.00615553  0.24961095]  finger_z=0.2868  tablet_z=+222.66mm  tilt=5.4deg  bag_bottom=0.2043
[phase] aboveset @done  bag_com=[ 0.18485746 -0.00703167  0.24948844]  finger_z=0.2868  tablet_z=+210.37mm  tilt=5.8deg  bag_bottom=0.2043
[ik] insert target=[ 0.21249766 -0.00527226  0.13300123]  웨이포인트 41개(카테시안 직선)  arm_q=[-5.4022473e-01  3.6158758e-01  1.4039816e+00  9.3757641e-05
  1.3756329e+00  4.1719427e+00]
    [insert k=   0] tablet_z=+210.20mm bag_com=[ 0.18480378 -0.00702632  0.24932991]
    [insert k=  40] tablet_z=+207.92mm bag_com=[ 0.18485057 -0.00701398  0.2479563 ]
    [insert k=  80] tablet_z=+199.20mm bag_com=[ 0.18489951 -0.00705583  0.24027537]
    [insert k= 120] tablet_z=+182.69mm bag_com=[ 0.1849009  -0.00733602  0.22388346]
    [insert k= 160] tablet_z=+158.71mm bag_com=[ 0.18489148 -0.00694005  0.19994023]
    [insert k= 200] tablet_z=+130.55mm bag_com=[ 0.18490723 -0.00733048  0.17178045]
    [insert k= 240] tablet_z=+102.39mm bag_com=[ 0.18493278 -0.00698783  0.14367504]
    [insert k= 280] tablet_z=+78.73mm bag_com=[ 0.18494466 -0.00712634  0.1200588 ]
    [insert k= 320] tablet_z=+62.72mm bag_com=[ 0.18497212 -0.00714557  0.10405146]
    [insert k= 360] tablet_z=+55.26mm bag_com=[ 0.18498753 -0.00680532  0.0966171 ]
[phase] insert   @done  bag_com=[ 0.18499623 -0.00702554  0.09539106]  finger_z=0.1328  tablet_z=+54.03mm  tilt=6.0deg  bag_bottom=0.0503
[phase] settle2  @done  bag_com=[ 0.18502094 -0.00698071  0.09536187]  finger_z=0.1328  tablet_z=+53.90mm  tilt=6.0deg  bag_bottom=0.0503
[trim] TRIM_ROUNDS=0 — 생략(기본값). settle2 시점 bag_bottom 오차 +0.7mm 를 그대로 결과로 쓴다.
[trim] 최종 finger_z=0.1330  (초기 0.1330, 하한 0.1030)

[phase] 9 clamp (4.3s) — Left_Wall +6.0mm 에서 **속도지령** 8.0mm/s 로 계속 닫음 (docs §11-5), lead 20.0mm = 정지 시 100N, 가드 -17.0mm
    [clamp t= 0.00s] wall=  +5.96mm v=  +0.08mm/s  본체면 잔여 +23.46mm  bag_com=[ 0.18502094 -0.00698071  0.09536187]
    [clamp t= 0.17s] wall=  +4.61mm v=  +2.73mm/s  본체면 잔여 +22.11mm  bag_com=[ 0.18502414 -0.00697785  0.09535688]
    [clamp t= 0.34s] wall=  +3.27mm v=  +5.39mm/s  본체면 잔여 +20.77mm  bag_com=[ 0.1850297  -0.00697595  0.09535012]
    [clamp t= 0.51s] wall=  +1.92mm v=  +8.04mm/s  본체면 잔여 +19.42mm  bag_com=[ 0.18503496 -0.00697449  0.09534339]
    [clamp t= 0.68s] wall=  +0.57mm v= +10.69mm/s  본체면 잔여 +18.07mm  bag_com=[ 0.185054   -0.00634296  0.09529738]
    [clamp t= 0.85s] wall=  -0.77mm v= +13.34mm/s  본체면 잔여 +16.73mm  bag_com=[ 0.18510741 -0.00522522  0.09524482]
    [clamp t= 1.02s] wall=  -2.12mm v= +15.98mm/s  본체면 잔여 +15.38mm  bag_com=[ 0.1851596  -0.00451348  0.09522766]
    [clamp t= 1.19s] wall=  -3.47mm v= +18.64mm/s  본체면 잔여 +14.03mm  bag_com=[ 0.18520807 -0.00396218  0.09523121]
    [clamp t= 1.36s] wall=  -4.81mm v= +21.31mm/s  본체면 잔여 +12.69mm  bag_com=[ 0.18523584 -0.00351769  0.09526546]
    [clamp t= 1.53s] wall=  -6.16mm v= +23.93mm/s  본체면 잔여 +11.34mm  bag_com=[ 0.18526733 -0.00303075  0.09531526]
    [clamp t= 1.70s] wall=  -7.51mm v= +26.79mm/s  본체면 잔여  +9.99mm  bag_com=[ 0.18530582 -0.00264313  0.09540211]
    [clamp t= 1.87s] wall=  -8.86mm v= +28.78mm/s  본체면 잔여  +8.64mm  bag_com=[ 0.18533285 -0.00219697  0.09549176]
    [clamp t= 2.04s] wall= -10.41mm v=  -9.23mm/s  본체면 잔여  +7.09mm  bag_com=[ 0.18535693 -0.00187199  0.09567426]
    [clamp t= 2.21s] wall= -11.99mm v= -53.47mm/s  본체면 잔여  +5.51mm  bag_com=[ 0.18540858 -0.0015946   0.09584023]
    [clamp t= 2.38s] wall= -12.98mm v= -96.52mm/s  본체면 잔여  +4.52mm  bag_com=[ 0.18546511 -0.0013754   0.09597373]
    [clamp t= 2.55s] wall= -13.03mm v=-105.79mm/s  본체면 잔여  +4.47mm  bag_com=[ 0.18549445 -0.0013253   0.09600438]
    [clamp t= 2.72s] wall= -13.04mm v=-107.22mm/s  본체면 잔여  +4.46mm  bag_com=[ 0.18551019 -0.00130368  0.09600542]
    [clamp t= 2.89s] wall= -13.04mm v=-107.51mm/s  본체면 잔여  +4.46mm  bag_com=[ 0.18552653 -0.00128441  0.09600712]
    [clamp t= 3.06s] wall= -13.04mm v=-107.49mm/s  본체면 잔여  +4.46mm  bag_com=[ 0.18554297 -0.00126269  0.09601261]
    [clamp t= 3.23s] wall= -13.04mm v=-107.42mm/s  본체면 잔여  +4.46mm  bag_com=[ 0.18555504 -0.00123288  0.09601845]
    [clamp t= 3.40s] wall= -13.04mm v=-107.38mm/s  본체면 잔여  +4.46mm  bag_com=[ 0.18556336 -0.00121352  0.09601935]
    [clamp t= 3.57s] wall= -13.04mm v=-107.41mm/s  본체면 잔여  +4.46mm  bag_com=[ 0.18556847 -0.00120085  0.09601531]
    [clamp t= 3.74s] wall= -13.04mm v=-107.50mm/s  본체면 잔여  +4.46mm  bag_com=[ 0.18557148 -0.00119283  0.0960086 ]
    [clamp t= 3.91s] wall= -13.04mm v=-107.63mm/s  본체면 잔여  +4.46mm  bag_com=[ 0.18557355 -0.00118816  0.09600043]
    [clamp t= 4.08s] wall= -13.04mm v=-107.81mm/s  본체면 잔여  +4.46mm  bag_com=[ 0.18557483 -0.00118525  0.09599152]
    [clamp t= 4.25s] wall= -13.04mm v=-108.01mm/s  본체면 잔여  +4.46mm  bag_com=[ 0.18557583 -0.00118405  0.09598246]
[phase] clamp    @done  wall=-13.04mm  (잔여: 플랜지면 -0.54mm / 본체면 4.46mm)  bag_com=[ 0.1855759  -0.00118398  0.09597943]
[clamp] 봉투 반력에 막혀 정지  (가드 -17.00mm, 최종 v=-108.08mm/s)
    [hold2 k=   0] tablet_z=+55.89mm bag_com=[ 0.18557592 -0.00118397  0.09597912]
    [hold2 k=  40] tablet_z=+55.89mm bag_com=[ 0.18557645 -0.00118465  0.0959686 ]
    [hold2 k=  80] tablet_z=+55.89mm bag_com=[ 0.18557692 -0.00118663  0.09595834]
[phase] hold2    @done  bag_com=[ 0.18557745 -0.00118796  0.09595362]  finger_z=0.1328  tablet_z=+55.89mm  tilt=1.9deg  bag_bottom=0.0513

[phase] 11 crush (5s, 1000 step) — 크랭크 8.0 RPM (0.8378 rad/s) 연속 회전 ≈ 0.7 바퀴
[ctrl] crank torque clip: ±500.0 N·m (docs/Crusher.md §2-2), kv=5000 — velocity 제어
[crush] 시작 정제 크기 5.17 x 3.48 x 4.09 mm
    [crush t=  0.0s] crank=    +0.0deg ( 0.95 RPM)  wall=-13.04mm  정제  5.17x 3.48x 4.09mm
    [crush t=  0.2s] crank=    +1.0deg ( 0.95 RPM)  wall=-13.04mm  정제  5.17x 3.48x 4.09mm
    [crush t=  0.3s] crank=    +1.9deg ( 0.95 RPM)  wall=-13.05mm  정제  5.17x 3.49x 4.09mm
    [crush t=  0.5s] crank=    +2.8deg ( 0.95 RPM)  wall=-13.05mm  정제  5.17x 3.49x 4.09mm
    [crush t=  0.7s] crank=    +3.8deg ( 0.95 RPM)  wall=-13.05mm  정제  5.17x 3.49x 4.08mm
    [crush t=  0.8s] crank=    +4.7deg ( 0.95 RPM)  wall=-13.05mm  정제  5.17x 3.50x 4.08mm
    [crush t=  1.0s] crank=    +5.7deg ( 0.95 RPM)  wall=-13.05mm  정제  5.17x 3.50x 4.08mm
    [crush t=  1.2s] crank=    +6.6deg ( 0.95 RPM)  wall=-13.05mm  정제  5.17x 3.50x 4.07mm
    [crush t=  1.3s] crank=    +7.5deg ( 0.95 RPM)  wall=-13.05mm  정제  5.17x 3.50x 4.07mm
    [crush t=  1.5s] crank=    +8.5deg ( 0.95 RPM)  wall=-13.05mm  정제  5.18x 3.51x 4.07mm
    [crush t=  1.7s] crank=    +9.4deg ( 0.95 RPM)  wall=-13.05mm  정제  5.18x 3.51x 4.07mm
    [crush t=  1.8s] crank=   +10.4deg ( 0.95 RPM)  wall=-13.05mm  정제  5.18x 3.51x 4.07mm
    [crush t=  2.0s] crank=   +11.3deg ( 0.95 RPM)  wall=-13.05mm  정제  5.18x 3.51x 4.06mm
    [crush t=  2.1s] crank=   +12.2deg ( 0.95 RPM)  wall=-13.05mm  정제  5.18x 3.51x 4.06mm
    [crush t=  2.3s] crank=   +13.2deg ( 0.95 RPM)  wall=-13.05mm  정제  5.18x 3.51x 4.06mm
    [crush t=  2.5s] crank=   +14.1deg ( 0.95 RPM)  wall=-13.05mm  정제  5.18x 3.51x 4.06mm
    [crush t=  2.6s] crank=   +15.1deg ( 0.95 RPM)  wall=-13.05mm  정제  5.18x 3.51x 4.06mm
    [crush t=  2.8s] crank=   +16.0deg ( 0.95 RPM)  wall=-13.05mm  정제  5.18x 3.52x 4.05mm
    [crush t=  3.0s] crank=   +16.9deg ( 0.95 RPM)  wall=-13.05mm  정제  5.18x 3.52x 4.05mm
    [crush t=  3.1s] crank=   +17.9deg ( 0.95 RPM)  wall=-13.05mm  정제  5.18x 3.52x 4.05mm
    [crush t=  3.3s] crank=   +18.8deg ( 0.95 RPM)  wall=-13.05mm  정제  5.18x 3.52x 4.05mm
    [crush t=  3.5s] crank=   +19.7deg ( 0.95 RPM)  wall=-13.06mm  정제  5.18x 3.52x 4.05mm
    [crush t=  3.6s] crank=   +20.7deg ( 0.95 RPM)  wall=-13.06mm  정제  5.18x 3.52x 4.05mm
    [crush t=  3.8s] crank=   +21.6deg ( 0.95 RPM)  wall=-13.06mm  정제  5.18x 3.52x 4.05mm
    [crush t=  4.0s] crank=   +22.6deg ( 0.95 RPM)  wall=-13.06mm  정제  5.18x 3.52x 4.04mm
    [crush t=  4.1s] crank=   +23.5deg ( 0.95 RPM)  wall=-13.06mm  정제  5.18x 3.53x 4.04mm
    [crush t=  4.3s] crank=   +24.4deg ( 0.95 RPM)  wall=-13.06mm  정제  5.18x 3.53x 4.04mm
    [crush t=  4.5s] crank=   +25.4deg ( 0.95 RPM)  wall=-13.06mm  정제  5.18x 3.53x 4.04mm
    [crush t=  4.6s] crank=   +26.3deg ( 0.95 RPM)  wall=-13.06mm  정제  5.18x 3.53x 4.04mm
    [crush t=  4.8s] crank=   +27.3deg ( 0.95 RPM)  wall=-13.06mm  정제  5.18x 3.53x 4.04mm
    [crush t=  5.0s] crank=   +28.2deg ( 0.95 RPM)  wall=-13.06mm  정제  5.18x 3.53x 4.04mm
[phase] crush    @done  크랭크 +28.5deg (0.08 바퀴)  wall=-13.06mm
[crush] 정제 5.17x3.48x4.09 -> 5.18x3.53x4.04 mm  (변화 +0.01/+0.05/-0.06)
[crush] bag_com=[ 0.18554217 -0.00110175  0.0957858 ]  tilt=1.9deg  bag_bottom=0.0513

[RESULT] GRIP_OFFSET_MM=-28mm  Y_OFFSET_MM=+0.0mm  verdict=PASS  (삽입 성공, 걸림/붕괴 없음)
[RESULT] final_bottom_z=0.0513  wall_center_z=0.0510  오차=+0.3mm(+면 얕음/-면 깊음)
[RESULT] width_y=17.3mm(baseline 15.0mm)  height_z=89.7mm(baseline 90.7mm)
[SUMMARY] flange=ON mode=velocity v=8.0mm/s F=100N kp=5000 hold=1 wall=-13.04mm body_gap=+4.46mm stalled=Y drop=-0.0mm tilt=1.9deg width=17.3mm reach_err=+0.3mm verdict=PASS

[saved] overview -> C:\Crusher_isaacsim\Crusher_Genesis\Crusher_M0609_RG2_Tablet_Samplebag\RESULT_j_tq500\grip-28mm\full_workflow_grip-28mm_yoff+0.0mm_20260831_130011_overview.mp4
[saved] bagcam   -> C:\Crusher_isaacsim\Crusher_Genesis\Crusher_M0609_RG2_Tablet_Samplebag\RESULT_j_tq500\grip-28mm\full_workflow_grip-28mm_yoff+0.0mm_20260831_130011_bagcam.mp4
[saved] sideview -> C:\Crusher_isaacsim\Crusher_Genesis\Crusher_M0609_RG2_Tablet_Samplebag\RESULT_j_tq500\grip-28mm\full_workflow_grip-28mm_yoff+0.0mm_20260831_130011_sideview.mp4

[timing] build=12.5s  steps=449.1s (3892 steps, 115.4ms/step)  합계=461.5s
완료.
