============================================================
 Full workflow: tablet drop -> bag catch -> grasp -> lift -> Crusher slot insert (viewer=False)
============================================================
[mjcf] Left_Wall 반사 관성 armature=10.0kg (링크 질량 0.312kg + 랙/피니언/감속기/로터). 100N -> 9.7 m/s^2, kv 안정 한계 4125
[mjcf] Left_Wall 형상 교체: 옛 geom 12개(시각 1 + hull 11) -> 본체 hull 5개 + 플랜지 1개 + 시각 1개. 플랜지 = 충돌+시각. 중립 간격 플랜지 12.50mm / 본체 17.50mm
[fem_ipc_workarounds] FEMEntity.set_vertex_constraints 패치 완료 (IPC 커플러 버그 우회)
[ipc] Crusher coup_links=['world', 'L2_Left_Wall1_1', 'L8_Link3_Shaft_1'] — 크랭크 구동계는 IPC 에서 뺐다(§16-7)
[38;5;226m[Genesis] [13:12:46] [WARNING] At least one of the meshes contain many faces (15432). Consider setting 'morph.decimate=True' to speed up collision detection and improve numerical stability.[0m
[38;5;226m[Genesis] [13:12:46] [WARNING] At least one of the meshes contain many faces (15762). Consider setting 'morph.decimate=True' to speed up collision detection and improve numerical stability.[0m
[38;5;226m[Genesis] [13:12:46] [WARNING] Mesh is not watertight. Falling back to convex hull for estimating inertial properties.[0m
[38;5;226m[Genesis] [13:12:46] [WARNING] Mesh is not watertight. Falling back to convex hull for estimating inertial properties.[0m
[38;5;226m[Genesis] [13:12:46] [WARNING] At least one of the meshes contain many faces (12522). Consider setting 'morph.decimate=True' to speed up collision detection and improve numerical stability.[0m
[38;5;226m[Genesis] [13:12:46] [WARNING] Mesh is not watertight. Falling back to convex hull for estimating inertial properties.[0m
[38;5;226m[Genesis] [13:12:46] [WARNING] Mesh is not watertight. Falling back to convex hull for estimating inertial properties.[0m
[38;5;226m[Genesis] [13:12:46] [WARNING] Mesh is not watertight. Falling back to convex hull for estimating inertial properties.[0m
[38;5;226m[Genesis] [13:12:46] [WARNING] Mesh is not watertight. Falling back to convex hull for estimating inertial properties.[0m
[38;5;226m[Genesis] [13:12:46] [WARNING] Mesh is not watertight. Falling back to convex hull for estimating inertial properties.[0m
[38;5;226m[Genesis] [13:12:46] [WARNING] Mesh is not watertight. Falling back to convex hull for estimating inertial properties.[0m
[38;5;226m[Genesis] [13:12:46] [WARNING] Mesh is not watertight. Falling back to convex hull for estimating inertial properties.[0m
[38;5;226m[Genesis] [13:12:46] [WARNING] Mesh is not watertight. Falling back to convex hull for estimating inertial properties.[0m
[38;5;226m[Genesis] [13:12:46] [WARNING] Mesh is not watertight. Falling back to convex hull for estimating inertial properties.[0m
[38;5;226m[Genesis] [13:12:46] [WARNING] Mesh is not watertight. Falling back to convex hull for estimating inertial properties.[0m
[38;5;226m[Genesis] [13:12:46] [WARNING] Mesh is not watertight. Falling back to convex hull for estimating inertial properties.[0m
[38;5;226m[Genesis] [13:12:46] [WARNING] Mesh is not watertight. Falling back to convex hull for estimating inertial properties.[0m
[38;5;226m[Genesis] [13:12:46] [WARNING] Mesh is not watertight. Falling back to convex hull for estimating inertial properties.[0m
[38;5;226m[Genesis] [13:12:47] [WARNING] Mesh is not watertight. Falling back to convex hull for estimating inertial properties.[0m
[38;5;226m[Genesis] [13:12:47] [WARNING] Mesh is not watertight. Falling back to convex hull for estimating inertial properties.[0m
[38;5;226m[Genesis] [13:12:47] [WARNING] At least one of the meshes contain many faces (27466). Consider setting 'morph.decimate=True' to speed up collision detection and improve numerical stability.[0m
[38;5;226m[Genesis] [13:12:47] [WARNING] Mesh is not watertight. Falling back to convex hull for estimating inertial properties.[0m
[38;5;226m[Genesis] [13:12:47] [WARNING] Mesh is not watertight. Falling back to convex hull for estimating inertial properties.[0m
[38;5;226m[Genesis] [13:12:47] [WARNING] Mesh is not watertight. Falling back to convex hull for estimating inertial properties.[0m
[38;5;226m[Genesis] [13:12:47] [WARNING] Mesh is not watertight. Falling back to convex hull for estimating inertial properties.[0m
[38;5;226m[Genesis] [13:12:47] [WARNING] Mesh is not watertight. Falling back to convex hull for estimating inertial properties.[0m

[build] scene.build() 시작...
[38;5;226m[Genesis] [13:12:47] [WARNING] Link 'L4_Motor2_Shaft_1' has dubious center of mass [x=0.000, y=-0.037, z=0.015] compared to the bounding box from geometry [x=(-0.018, 0.018), y=(-0.018, 0.018), z=(-0.000, 0.077)].[0m
[38;5;226m[Genesis] [13:12:47] [WARNING] Link 'M_Bottom_1' has dubious center of mass [x=0.166, y=0.030, z=-0.073] compared to the bounding box from geometry [x=(0.106, 0.155), y=(-0.011, 0.071), z=(-0.078, -0.068)].[0m
[38;5;226m[Genesis] [13:12:47] [WARNING] Link 'M_Back_1' has dubious center of mass [x=0.003, y=0.021, z=0.011] compared to the bounding box from geometry [x=(-0.035, -0.030), y=(-0.033, 0.076), z=(-0.005, 0.028)].[0m
[38;5;226m[Genesis] [13:12:47] [WARNING] Link 'M_Left1_1' has dubious center of mass [x=-0.025, y=-0.002, z=-0.014] compared to the bounding box from geometry [x=(-0.088, -0.032), y=(-0.005, -0.000), z=(-0.038, 0.010)].[0m
[38;5;226m[Genesis] [13:12:47] [WARNING] Link 'M_Right1_1' has dubious center of mass [x=-0.025, y=0.003, z=-0.014] compared to the bounding box from geometry [x=(-0.087, -0.033), y=(0.000, 0.005), z=(-0.038, 0.010)].[0m
[38;5;226m[Genesis] [13:12:47] [WARNING] Link 'M_Top_1' has dubious center of mass [x=-0.024, y=0.028, z=0.005] compared to the bounding box from geometry [x=(-0.088, -0.032), y=(-0.031, 0.088), z=(-0.000, 0.010)].[0m
[38;5;226m[Genesis] [13:12:47] [WARNING] Link 'M_LeftLink_1' has dubious center of mass [x=-0.002, y=0.005, z=0.046] compared to the bounding box from geometry [x=(-0.040, -0.035), y=(-0.005, 0.015), z=(-0.005, 0.095)].[0m
[38;5;226m[Genesis] [13:12:47] [WARNING] Link 'M_RightLink_1' has dubious center of mass [x=-0.002, y=-0.005, z=0.046] compared to the bounding box from geometry [x=(-0.040, -0.035), y=(-0.015, 0.005), z=(-0.005, 0.095)].[0m
[38;5;226m[Genesis] [13:12:47] [WARNING] Link 'M_LeftLink2_copy_1' has dubious center of mass [x=-0.005, y=-0.005, z=0.021] compared to the bounding box from geometry [x=(-0.044, -0.032), y=(-0.015, 0.005), z=(-0.000, 0.045)].[0m
[38;5;226m[Genesis] [13:12:47] [WARNING] Link 'link_2' has dubious center of mass [x=0.000, y=0.000, z=0.000] compared to the bounding box from geometry [x=(-0.068, 0.479), y=(-0.069, 0.069), z=(0.082, 0.274)].[0m
[38;5;226m[Genesis] [13:12:48] [WARNING] Constraint solver time constant should be greater than 2*substep_dt. timeconst is changed from `0.0002` to `0.01`). Decrease simulation timestep or increase timeconst to avoid altering the original value.[0m
[38;5;226m[Genesis] [13:12:48] [WARNING] Filtered out geometry pairs causing self-collision for the neutral configuration (qpos0): (91, 114), (104, 106). Consider tuning Morph option 'decompose_robot_error_threshold' or specify dedicated collision meshes. This behavior can be disabled by setting Morph option 'enable_neutral_collision=True'.[0m
C:\Users\simuser\miniconda3\envs\crusher_genesis\Lib\site-packages\quadrants\_test_tools\warnings_helper.py:11: UserWarning: cannot create weak reference to 'tuple' object. Template mapper caching disabled.
  warnings.warn(message)
[verify] L2_Left_Wall1_1 충돌 geom 6개 / 시각 geom 3개  (플랜지 접촉=ON, 기대 충돌 6개)
[build] 성공 (10.0s)
[bag] shape 고정: 714/714 정점(바닥+양측면), 입구는 자유
[slot] 간격축 = world Y (겹침 -12.5mm), 슬롯 길이축 = world X (겹침 +65.0mm)
[slot] gap_cx=0.2125 gap_cy=-0.0053 gap_width=12.5mm wall_top_z=0.0870
[slot] pocket(L1_Wall1_1) center=(0.1745,0.0330)
[ctrl] Left_Wall armature=10.0kg (런타임 API) — 유효 질량 10.31kg, 100N -> 9.7 m/s^2, kv 안정 한계 4125 (현재 500)
[ctrl] Left_Wall force clip: ±100 N (Motor2 ctrlrange, docs/Crusher.md §5) — 벽은 이 힘에서 균형지는 위치에 멈춘다
[bag] grip_strip verts near FINGER_MID: 76

[phase] 0 prep (1.0s) — 크랭크 0->-3.142rad(-180deg), Left_Wall 0->+6mm(개방)
[phase] prep     @done  crank=-3.000rad  wall=+5.43mm
    [drop k=   0] tablet_z=+424.14mm bag_com=[0.00646321 0.2561791  0.39925352]
    [drop k=  40] tablet_z=+422.95mm bag_com=[0.00646321 0.2561791  0.39925352]
    [drop k=  80] tablet_z=+416.28mm bag_com=[0.00646321 0.2561791  0.39925352]
    [drop k= 120] tablet_z=+403.97mm bag_com=[0.00646321 0.2561791  0.39925352]
[phase] drop     @done  bag_com=[0.00646321 0.2561791  0.39925352]  finger_z=0.4378  tablet_z=+398.17mm  tilt=0.8deg  bag_bottom=0.3543
[phase] settle   @done  bag_com=[0.00646321 0.2561791  0.39925352]  finger_z=0.4378  tablet_z=+364.07mm  tilt=0.8deg  bag_bottom=0.3543
[bag] shape 고정 해제 — 이제부터 순수 마찰 파지
[phase] close    @done  bag_com=[0.00645025 0.25565138 0.39880183]  finger_z=0.4360  tablet_z=+360.64mm  tilt=0.7deg  bag_bottom=0.3538
[phase] grasp    @done  bag_com=[0.00641529 0.25571686 0.39880565]  finger_z=0.4361  tablet_z=+358.16mm  tilt=0.4deg  bag_bottom=0.3538
[phase] lift     @done  bag_com=[0.00562972 0.2586557  0.52433884]  finger_z=0.5620  tablet_z=+482.84mm  tilt=1.1deg  bag_bottom=0.4790
[phase] hold     @done  bag_com=[0.00559533 0.25867093 0.5243336 ]  finger_z=0.5620  tablet_z=+482.75mm  tilt=1.3deg  bag_bottom=0.4790
[slot] wall_center_z=0.0510  insert_z(finger)=0.1330  hang=82mm
[slot] 봉투중심 보정 dy=+0.0mm -> finger_y=-0.0053 (봉투중심 y=-0.0053 = gap_cy -0.0053)
[sweep] Y_OFFSET_MM=+0.0mm -> target_xy=[ 0.21249766 -0.00527226]  (gap_cy=-0.0053)
[cam] side view 고정: pos=(np.float64(0.21249766187667846), np.float64(-0.5552722595214844), np.float64(0.169001227684021)) look=(np.float64(0.21249766187667846), np.float64(-0.005272259521484357), np.float64(0.169001227684021)) (gap_width=12.5mm, z범위 above=0.2870~insert=0.1330)

[ik] above-slot target=[ 0.21249766 -0.00527226  0.28700123]  arm_q=[-5.4023933e-01  3.6852139e-01  9.7265911e-01  3.0850060e-07
  1.8000317e+00  4.1719265e+00]
    [above k=   0] tablet_z=+482.74mm bag_com=[0.00559506 0.25867432 0.52433336]
    [above k=  40] tablet_z=+481.42mm bag_com=[0.0093251  0.25763306 0.522944  ]
    [above k=  80] tablet_z=+473.63mm bag_com=[0.02972157 0.2469196  0.51473886]
    [above k= 120] tablet_z=+453.44mm bag_com=[0.06753956 0.2199135  0.4948459 ]
    [above k= 160] tablet_z=+420.80mm bag_com=[0.11251833 0.1771481  0.46067587]
    [above k= 200] tablet_z=+376.75mm bag_com=[0.14848137 0.12445691 0.4123142 ]
    [above k= 240] tablet_z=+325.70mm bag_com=[0.16876587 0.07499095 0.35715234]
    [above k= 280] tablet_z=+275.14mm bag_com=[0.17921492 0.03650884 0.30624625]
    [above k= 320] tablet_z=+243.27mm bag_com=[0.18372317 0.00867534 0.26985887]
    [above k= 360] tablet_z=+226.01mm bag_com=[ 0.18470022 -0.00702135  0.25277537]
[phase] above    @done  bag_com=[ 0.18467805 -0.00649705  0.24964824]  finger_z=0.2868  tablet_z=+222.71mm  tilt=5.7deg  bag_bottom=0.2043
[phase] aboveset @done  bag_com=[ 0.18482022 -0.00703129  0.2495066 ]  finger_z=0.2868  tablet_z=+212.42mm  tilt=5.8deg  bag_bottom=0.2043
[ik] insert target=[ 0.21249766 -0.00527226  0.13300123]  웨이포인트 41개(카테시안 직선)  arm_q=[-5.4022670e-01  3.6158895e-01  1.4039794e+00  9.7244963e-05
  1.3756356e+00  4.1719394e+00]
    [insert k=   0] tablet_z=+212.25mm bag_com=[ 0.1847653  -0.00701965  0.24934757]
    [insert k=  40] tablet_z=+209.84mm bag_com=[ 0.18481395 -0.00696587  0.24797088]
    [insert k=  80] tablet_z=+201.22mm bag_com=[ 0.18486184 -0.00719879  0.2403024 ]
    [insert k= 120] tablet_z=+184.24mm bag_com=[ 0.1848737  -0.00731186  0.22388718]
    [insert k= 160] tablet_z=+160.07mm bag_com=[ 0.1848451  -0.00669903  0.19995365]
    [insert k= 200] tablet_z=+131.83mm bag_com=[ 0.18487853 -0.00672216  0.17175181]
    [insert k= 240] tablet_z=+104.74mm bag_com=[ 0.18492599 -0.00604443  0.14363512]
    [insert k= 280] tablet_z=+80.73mm bag_com=[ 0.18492274 -0.00635432  0.1200242 ]
    [insert k= 320] tablet_z=+64.12mm bag_com=[ 0.18493012 -0.0071556   0.10406997]
    [insert k= 360] tablet_z=+55.94mm bag_com=[ 0.18494804 -0.00695483  0.09664127]
[phase] insert   @done  bag_com=[ 0.18495655 -0.00687238  0.09539859]  finger_z=0.1328  tablet_z=+54.20mm  tilt=5.9deg  bag_bottom=0.0503
[phase] settle2  @done  bag_com=[ 0.18497956 -0.0069525   0.09537601]  finger_z=0.1328  tablet_z=+54.15mm  tilt=6.0deg  bag_bottom=0.0503
[trim] TRIM_ROUNDS=0 — 생략(기본값). settle2 시점 bag_bottom 오차 +0.7mm 를 그대로 결과로 쓴다.
[trim] 최종 finger_z=0.1330  (초기 0.1330, 하한 0.1030)

[phase] 9 clamp (4.3s) — Left_Wall +6.0mm 에서 **속도지령** 8.0mm/s 로 계속 닫음 (docs §11-5), lead 20.0mm = 정지 시 100N, 가드 -17.0mm
    [clamp t= 0.00s] wall=  +5.96mm v=  +0.08mm/s  본체면 잔여 +23.46mm  bag_com=[ 0.18497956 -0.00695251  0.09537601]
    [clamp t= 0.17s] wall=  +4.61mm v=  +2.73mm/s  본체면 잔여 +22.11mm  bag_com=[ 0.18497965 -0.00695044  0.09537378]
    [clamp t= 0.34s] wall=  +3.27mm v=  +5.39mm/s  본체면 잔여 +20.77mm  bag_com=[ 0.18498462 -0.00694969  0.09536667]
    [clamp t= 0.51s] wall=  +1.92mm v=  +8.04mm/s  본체면 잔여 +19.42mm  bag_com=[ 0.18499249 -0.0069491   0.09535754]
    [clamp t= 0.68s] wall=  +0.57mm v= +10.69mm/s  본체면 잔여 +18.07mm  bag_com=[ 0.1850138  -0.00622129  0.09530699]
    [clamp t= 0.85s] wall=  -0.77mm v= +13.34mm/s  본체면 잔여 +16.73mm  bag_com=[ 0.18506686 -0.00516121  0.09525859]
    [clamp t= 1.02s] wall=  -2.12mm v= +15.99mm/s  본체면 잔여 +15.38mm  bag_com=[ 0.18512887 -0.00430102  0.09524051]
    [clamp t= 1.19s] wall=  -3.47mm v= +18.62mm/s  본체면 잔여 +14.03mm  bag_com=[ 0.18515976 -0.00394444  0.09524826]
    [clamp t= 1.36s] wall=  -4.81mm v= +21.24mm/s  본체면 잔여 +12.69mm  bag_com=[ 0.18518445 -0.00349973  0.09528447]
    [clamp t= 1.53s] wall=  -6.16mm v= +23.93mm/s  본체면 잔여 +11.34mm  bag_com=[ 0.18521374 -0.00302523  0.09533682]
    [clamp t= 1.70s] wall=  -7.51mm v= +26.79mm/s  본체면 잔여  +9.99mm  bag_com=[ 0.18525168 -0.00264373  0.09542172]
    [clamp t= 1.87s] wall=  -8.86mm v= +28.75mm/s  본체면 잔여  +8.64mm  bag_com=[ 0.18527606 -0.00220202  0.09551091]
    [clamp t= 2.04s] wall= -10.41mm v=  -9.43mm/s  본체면 잔여  +7.09mm  bag_com=[ 0.18529831 -0.00187617  0.09568822]
    [clamp t= 2.21s] wall= -11.99mm v= -53.75mm/s  본체면 잔여  +5.51mm  bag_com=[ 0.18534894 -0.00160032  0.09585328]
    [clamp t= 2.38s] wall= -12.98mm v= -96.91mm/s  본체면 잔여  +4.52mm  bag_com=[ 0.18540478 -0.00138488  0.09598718]
    [clamp t= 2.55s] wall= -13.03mm v=-106.31mm/s  본체면 잔여  +4.47mm  bag_com=[ 0.1854344  -0.00132544  0.09601641]
    [clamp t= 2.72s] wall= -13.04mm v=-107.81mm/s  본체면 잔여  +4.46mm  bag_com=[ 0.18544936 -0.00130409  0.0960165 ]
    [clamp t= 2.89s] wall= -13.04mm v=-108.14mm/s  본체면 잔여  +4.46mm  bag_com=[ 0.18546459 -0.00128588  0.09601729]
    [clamp t= 3.06s] wall= -13.04mm v=-108.10mm/s  본체면 잔여  +4.46mm  bag_com=[ 0.18548019 -0.00126201  0.09602091]
    [clamp t= 3.23s] wall= -13.04mm v=-108.02mm/s  본체면 잔여  +4.46mm  bag_com=[ 0.18549156 -0.00123387  0.09602438]
    [clamp t= 3.40s] wall= -13.04mm v=-107.96mm/s  본체면 잔여  +4.46mm  bag_com=[ 0.18549863 -0.00121262  0.09602389]
    [clamp t= 3.57s] wall= -13.04mm v=-107.95mm/s  본체면 잔여  +4.46mm  bag_com=[ 0.18550296 -0.00119785  0.09601901]
    [clamp t= 3.74s] wall= -13.04mm v=-108.00mm/s  본체면 잔여  +4.46mm  bag_com=[ 0.18550539 -0.00118776  0.09601162]
    [clamp t= 3.91s] wall= -13.04mm v=-108.10mm/s  본체면 잔여  +4.46mm  bag_com=[ 0.1855068  -0.0011818   0.09600315]
    [clamp t= 4.08s] wall= -13.04mm v=-108.24mm/s  본체면 잔여  +4.46mm  bag_com=[ 0.1855078  -0.00117809  0.09599398]
    [clamp t= 4.25s] wall= -13.04mm v=-108.42mm/s  본체면 잔여  +4.46mm  bag_com=[ 0.18550873 -0.00117679  0.09598482]
[phase] clamp    @done  wall=-13.04mm  (잔여: 플랜지면 -0.54mm / 본체면 4.46mm)  bag_com=[ 0.18550889 -0.00117676  0.09598185]
[clamp] 봉투 반력에 막혀 정지  (가드 -17.00mm, 최종 v=-108.49mm/s)
    [hold2 k=   0] tablet_z=+56.29mm bag_com=[ 0.18550888 -0.00117677  0.09598155]
    [hold2 k=  40] tablet_z=+56.29mm bag_com=[ 0.1855099  -0.00117791  0.095971  ]
    [hold2 k=  80] tablet_z=+56.29mm bag_com=[ 0.18551078 -0.00118085  0.09596082]
[phase] hold2    @done  bag_com=[ 0.18551144 -0.0011829   0.09595609]  finger_z=0.1328  tablet_z=+56.29mm  tilt=2.0deg  bag_bottom=0.0513

[phase] 11 crush (8s, 1600 step) — 크랭크 8.0 RPM (0.8378 rad/s) 연속 회전 ≈ 1.1 바퀴
[ctrl] crank torque clip: ±12.5 N·m (docs/Crusher.md §2-2), kv=5000 — velocity 제어
[crush] 시작 정제 크기 4.48 x 3.49 x 5.04 mm
    [crush t=  0.0s] crank=    +0.0deg ( 0.02 RPM)  wall=-13.05mm  정제  4.48x 3.49x 5.04mm
    [crush t=  0.3s] crank=    +0.0deg ( 0.02 RPM)  wall=-13.05mm  정제  4.48x 3.50x 5.04mm
    [crush t=  0.5s] crank=    +0.1deg ( 0.02 RPM)  wall=-13.05mm  정제  4.47x 3.50x 5.05mm
    [crush t=  0.8s] crank=    +0.1deg ( 0.02 RPM)  wall=-13.05mm  정제  4.46x 3.50x 5.05mm
    [crush t=  1.1s] crank=    +0.2deg ( 0.02 RPM)  wall=-13.05mm  정제  4.46x 3.50x 5.05mm
    [crush t=  1.3s] crank=    +0.2deg ( 0.02 RPM)  wall=-13.05mm  정제  4.45x 3.50x 5.05mm
    [crush t=  1.6s] crank=    +0.2deg ( 0.02 RPM)  wall=-13.05mm  정제  4.45x 3.50x 5.05mm
    [crush t=  1.9s] crank=    +0.3deg ( 0.02 RPM)  wall=-13.05mm  정제  4.45x 3.50x 5.06mm
    [crush t=  2.1s] crank=    +0.3deg ( 0.02 RPM)  wall=-13.05mm  정제  4.44x 3.50x 5.06mm
    [crush t=  2.4s] crank=    +0.3deg ( 0.02 RPM)  wall=-13.05mm  정제  4.44x 3.50x 5.06mm
    [crush t=  2.6s] crank=    +0.4deg ( 0.02 RPM)  wall=-13.06mm  정제  4.43x 3.50x 5.06mm
    [crush t=  2.9s] crank=    +0.4deg ( 0.02 RPM)  wall=-13.06mm  정제  4.43x 3.50x 5.06mm
    [crush t=  3.2s] crank=    +0.5deg ( 0.02 RPM)  wall=-13.06mm  정제  4.43x 3.50x 5.06mm
    [crush t=  3.4s] crank=    +0.5deg ( 0.02 RPM)  wall=-13.06mm  정제  4.42x 3.50x 5.07mm
    [crush t=  3.7s] crank=    +0.5deg ( 0.02 RPM)  wall=-13.06mm  정제  4.42x 3.50x 5.07mm
    [crush t=  4.0s] crank=    +0.6deg ( 0.02 RPM)  wall=-13.06mm  정제  4.41x 3.50x 5.07mm
    [crush t=  4.2s] crank=    +0.6deg ( 0.02 RPM)  wall=-13.06mm  정제  4.41x 3.50x 5.07mm
    [crush t=  4.5s] crank=    +0.6deg ( 0.02 RPM)  wall=-13.06mm  정제  4.40x 3.50x 5.07mm
    [crush t=  4.8s] crank=    +0.7deg ( 0.02 RPM)  wall=-13.06mm  정제  4.40x 3.50x 5.07mm
    [crush t=  5.0s] crank=    +0.7deg ( 0.02 RPM)  wall=-13.06mm  정제  4.39x 3.51x 5.07mm
    [crush t=  5.3s] crank=    +0.8deg ( 0.02 RPM)  wall=-13.06mm  정제  4.38x 3.51x 5.07mm
    [crush t=  5.6s] crank=    +0.8deg ( 0.02 RPM)  wall=-13.06mm  정제  4.38x 3.51x 5.07mm
    [crush t=  5.8s] crank=    +0.8deg ( 0.02 RPM)  wall=-13.06mm  정제  4.37x 3.51x 5.07mm
    [crush t=  6.1s] crank=    +0.9deg ( 0.02 RPM)  wall=-13.06mm  정제  4.36x 3.51x 5.08mm
    [crush t=  6.4s] crank=    +0.9deg ( 0.02 RPM)  wall=-13.06mm  정제  4.36x 3.52x 5.08mm
    [crush t=  6.6s] crank=    +0.9deg ( 0.02 RPM)  wall=-13.06mm  정제  4.35x 3.52x 5.08mm
    [crush t=  6.9s] crank=    +1.0deg ( 0.02 RPM)  wall=-13.06mm  정제  4.34x 3.52x 5.08mm
    [crush t=  7.2s] crank=    +1.0deg ( 0.02 RPM)  wall=-13.06mm  정제  4.34x 3.52x 5.08mm
    [crush t=  7.4s] crank=    +1.1deg ( 0.02 RPM)  wall=-13.06mm  정제  4.33x 3.52x 5.08mm
    [crush t=  7.7s] crank=    +1.1deg ( 0.02 RPM)  wall=-13.06mm  정제  4.32x 3.52x 5.08mm
    [crush t=  8.0s] crank=    +1.1deg ( 0.02 RPM)  wall=-13.06mm  정제  4.32x 3.53x 5.08mm
[phase] crush    @done  크랭크 +1.1deg (0.00 바퀴)  wall=-13.06mm
[crush] 정제 4.48x3.49x5.04 -> 4.32x3.53x5.08 mm  (변화 -0.16/+0.03/+0.04)
[crush] bag_com=[ 0.18545221 -0.00109973  0.09574661]  tilt=1.7deg  bag_bottom=0.0513

[RESULT] GRIP_OFFSET_MM=-28mm  Y_OFFSET_MM=+0.0mm  verdict=PASS  (삽입 성공, 걸림/붕괴 없음)
[RESULT] final_bottom_z=0.0513  wall_center_z=0.0510  오차=+0.3mm(+면 얕음/-면 깊음)
[RESULT] width_y=17.3mm(baseline 15.0mm)  height_z=89.8mm(baseline 90.7mm)
[SUMMARY] flange=ON mode=velocity v=8.0mm/s F=100N kp=5000 hold=1 wall=-13.04mm body_gap=+4.46mm stalled=Y drop=+0.0mm tilt=1.7deg width=17.3mm reach_err=+0.3mm verdict=PASS

[saved] overview -> C:\Crusher_isaacsim\Crusher_Genesis\Crusher_M0609_RG2_Tablet_Samplebag\RESULT_k_coupfilt2\grip-28mm\full_workflow_grip-28mm_yoff+0.0mm_20260831_131239_overview.mp4
[saved] bagcam   -> C:\Crusher_isaacsim\Crusher_Genesis\Crusher_M0609_RG2_Tablet_Samplebag\RESULT_k_coupfilt2\grip-28mm\full_workflow_grip-28mm_yoff+0.0mm_20260831_131239_bagcam.mp4
[saved] sideview -> C:\Crusher_isaacsim\Crusher_Genesis\Crusher_M0609_RG2_Tablet_Samplebag\RESULT_k_coupfilt2\grip-28mm\full_workflow_grip-28mm_yoff+0.0mm_20260831_131239_sideview.mp4

[timing] build=10.0s  steps=285.1s (4492 steps, 63.5ms/step)  합계=295.1s
완료.
