============================================================
 Full workflow: tablet drop -> bag catch -> grasp -> lift -> Crusher slot insert (viewer=False)
============================================================
[mjcf] Left_Wall 반사 관성 armature=10.0kg (링크 질량 0.312kg + 랙/피니언/감속기/로터). 100N -> 9.7 m/s^2, kv 안정 한계 4125
[mjcf] Left_Wall 형상 교체: 옛 geom 12개(시각 1 + hull 11) -> 본체 hull 5개 + 플랜지 1개 + 시각 1개. 플랜지 = 충돌+시각. 중립 간격 플랜지 12.50mm / 본체 17.50mm
[fem_ipc_workarounds] FEMEntity.set_vertex_constraints 패치 완료 (IPC 커플러 버그 우회)
[ipc] Crusher coup_links=['base_link', 'L2_Left_Wall1_1', 'L8_Link3_Shaft_1'] — 크랭크 구동계는 IPC 에서 뺐다(§16-7)
[38;5;226m[Genesis] [13:11:27] [WARNING] At least one of the meshes contain many faces (15432). Consider setting 'morph.decimate=True' to speed up collision detection and improve numerical stability.[0m
[38;5;226m[Genesis] [13:11:27] [WARNING] At least one of the meshes contain many faces (15762). Consider setting 'morph.decimate=True' to speed up collision detection and improve numerical stability.[0m
[38;5;226m[Genesis] [13:11:27] [WARNING] Mesh is not watertight. Falling back to convex hull for estimating inertial properties.[0m
[38;5;226m[Genesis] [13:11:27] [WARNING] Mesh is not watertight. Falling back to convex hull for estimating inertial properties.[0m
[38;5;226m[Genesis] [13:11:27] [WARNING] At least one of the meshes contain many faces (12522). Consider setting 'morph.decimate=True' to speed up collision detection and improve numerical stability.[0m
[38;5;226m[Genesis] [13:11:28] [WARNING] Mesh is not watertight. Falling back to convex hull for estimating inertial properties.[0m
[38;5;226m[Genesis] [13:11:28] [WARNING] Mesh is not watertight. Falling back to convex hull for estimating inertial properties.[0m
[38;5;226m[Genesis] [13:11:28] [WARNING] Mesh is not watertight. Falling back to convex hull for estimating inertial properties.[0m
[38;5;226m[Genesis] [13:11:28] [WARNING] Mesh is not watertight. Falling back to convex hull for estimating inertial properties.[0m
[38;5;226m[Genesis] [13:11:28] [WARNING] Mesh is not watertight. Falling back to convex hull for estimating inertial properties.[0m
[38;5;226m[Genesis] [13:11:28] [WARNING] Mesh is not watertight. Falling back to convex hull for estimating inertial properties.[0m
[38;5;226m[Genesis] [13:11:28] [WARNING] Mesh is not watertight. Falling back to convex hull for estimating inertial properties.[0m
[38;5;226m[Genesis] [13:11:28] [WARNING] Mesh is not watertight. Falling back to convex hull for estimating inertial properties.[0m
[38;5;226m[Genesis] [13:11:28] [WARNING] Mesh is not watertight. Falling back to convex hull for estimating inertial properties.[0m
[38;5;226m[Genesis] [13:11:28] [WARNING] Mesh is not watertight. Falling back to convex hull for estimating inertial properties.[0m
[38;5;226m[Genesis] [13:11:28] [WARNING] Mesh is not watertight. Falling back to convex hull for estimating inertial properties.[0m
[38;5;226m[Genesis] [13:11:28] [WARNING] Mesh is not watertight. Falling back to convex hull for estimating inertial properties.[0m
[38;5;226m[Genesis] [13:11:28] [WARNING] Mesh is not watertight. Falling back to convex hull for estimating inertial properties.[0m
[38;5;226m[Genesis] [13:11:28] [WARNING] Mesh is not watertight. Falling back to convex hull for estimating inertial properties.[0m
[38;5;226m[Genesis] [13:11:28] [WARNING] Mesh is not watertight. Falling back to convex hull for estimating inertial properties.[0m
[38;5;226m[Genesis] [13:11:28] [WARNING] At least one of the meshes contain many faces (27466). Consider setting 'morph.decimate=True' to speed up collision detection and improve numerical stability.[0m
[38;5;226m[Genesis] [13:11:28] [WARNING] Mesh is not watertight. Falling back to convex hull for estimating inertial properties.[0m
[38;5;226m[Genesis] [13:11:28] [WARNING] Mesh is not watertight. Falling back to convex hull for estimating inertial properties.[0m
[38;5;226m[Genesis] [13:11:28] [WARNING] Mesh is not watertight. Falling back to convex hull for estimating inertial properties.[0m
[38;5;226m[Genesis] [13:11:28] [WARNING] Mesh is not watertight. Falling back to convex hull for estimating inertial properties.[0m
[38;5;226m[Genesis] [13:11:28] [WARNING] Mesh is not watertight. Falling back to convex hull for estimating inertial properties.[0m

[build] scene.build() 시작...
[38;5;226m[Genesis] [13:11:28] [WARNING] Link 'L4_Motor2_Shaft_1' has dubious center of mass [x=0.000, y=-0.037, z=0.015] compared to the bounding box from geometry [x=(-0.018, 0.018), y=(-0.018, 0.018), z=(-0.000, 0.077)].[0m
[38;5;226m[Genesis] [13:11:28] [WARNING] Link 'M_Bottom_1' has dubious center of mass [x=0.166, y=0.030, z=-0.073] compared to the bounding box from geometry [x=(0.106, 0.155), y=(-0.011, 0.071), z=(-0.078, -0.068)].[0m
[38;5;226m[Genesis] [13:11:28] [WARNING] Link 'M_Back_1' has dubious center of mass [x=0.003, y=0.021, z=0.011] compared to the bounding box from geometry [x=(-0.035, -0.030), y=(-0.033, 0.076), z=(-0.005, 0.028)].[0m
[38;5;226m[Genesis] [13:11:28] [WARNING] Link 'M_Left1_1' has dubious center of mass [x=-0.025, y=-0.002, z=-0.014] compared to the bounding box from geometry [x=(-0.088, -0.032), y=(-0.005, -0.000), z=(-0.038, 0.010)].[0m
[38;5;226m[Genesis] [13:11:28] [WARNING] Link 'M_Right1_1' has dubious center of mass [x=-0.025, y=0.003, z=-0.014] compared to the bounding box from geometry [x=(-0.087, -0.033), y=(0.000, 0.005), z=(-0.038, 0.010)].[0m
[38;5;226m[Genesis] [13:11:28] [WARNING] Link 'M_Top_1' has dubious center of mass [x=-0.024, y=0.028, z=0.005] compared to the bounding box from geometry [x=(-0.088, -0.032), y=(-0.031, 0.088), z=(-0.000, 0.010)].[0m
[38;5;226m[Genesis] [13:11:28] [WARNING] Link 'M_LeftLink_1' has dubious center of mass [x=-0.002, y=0.005, z=0.046] compared to the bounding box from geometry [x=(-0.040, -0.035), y=(-0.005, 0.015), z=(-0.005, 0.095)].[0m
[38;5;226m[Genesis] [13:11:28] [WARNING] Link 'M_RightLink_1' has dubious center of mass [x=-0.002, y=-0.005, z=0.046] compared to the bounding box from geometry [x=(-0.040, -0.035), y=(-0.015, 0.005), z=(-0.005, 0.095)].[0m
[38;5;226m[Genesis] [13:11:28] [WARNING] Link 'M_LeftLink2_copy_1' has dubious center of mass [x=-0.005, y=-0.005, z=0.021] compared to the bounding box from geometry [x=(-0.044, -0.032), y=(-0.015, 0.005), z=(-0.000, 0.045)].[0m
[38;5;226m[Genesis] [13:11:28] [WARNING] Link 'link_2' has dubious center of mass [x=0.000, y=0.000, z=0.000] compared to the bounding box from geometry [x=(-0.068, 0.479), y=(-0.069, 0.069), z=(0.082, 0.274)].[0m
[38;5;226m[Genesis] [13:11:29] [WARNING] Constraint solver time constant should be greater than 2*substep_dt. timeconst is changed from `0.0002` to `0.01`). Decrease simulation timestep or increase timeconst to avoid altering the original value.[0m
Traceback (most recent call last):
  File "C:\Crusher_isaacsim\Crusher_Genesis\Crusher_M0609_RG2_Tablet_Samplebag\full_workflow.py", line 2103, in <module>
    main(use_viewer=os.environ.get("VIEWER") == "1")
    ~~~~^^^^^^^^^^^^^^^^^^^^^^^^^^^^^^^^^^^^^^^^^^^^
  File "C:\Crusher_isaacsim\Crusher_Genesis\Crusher_M0609_RG2_Tablet_Samplebag\full_workflow.py", line 1372, in main
    scene.build(n_envs=0)
    ~~~~~~~~~~~^^^^^^^^^^
  File "C:\Users\simuser\miniconda3\envs\crusher_genesis\Lib\site-packages\genesis\utils\misc.py", line 135, in wrapper
    return method(self, *args, **kwargs)
  File "C:\Users\simuser\miniconda3\envs\crusher_genesis\Lib\site-packages\genesis\engine\scene.py", line 904, in build
    self._sim.build()
    ~~~~~~~~~~~~~~~^^
  File "C:\Users\simuser\miniconda3\envs\crusher_genesis\Lib\site-packages\genesis\engine\simulator.py", line 203, in build
    solver.build()
    ~~~~~~~~~~~~^^
  File "C:\Users\simuser\miniconda3\envs\crusher_genesis\Lib\site-packages\genesis\engine\solvers\rigid\rigid_solver.py", line 438, in build
    self._init_collider()
    ~~~~~~~~~~~~~~~~~~~^^
  File "C:\Users\simuser\miniconda3\envs\crusher_genesis\Lib\site-packages\genesis\engine\solvers\rigid\rigid_solver.py", line 1363, in _init_collider
    self.collider = Collider(self)
                    ~~~~~~~~^^^^^^
  File "C:\Users\simuser\miniconda3\envs\crusher_genesis\Lib\site-packages\genesis\engine\solvers\rigid\collider\collider.py", line 85, in __init__
    self._init_static_config()
    ~~~~~~~~~~~~~~~~~~~~~~~~^^
  File "C:\Users\simuser\miniconda3\envs\crusher_genesis\Lib\site-packages\genesis\engine\solvers\rigid\collider\collider.py", line 177, in _init_static_config
    ) = self._compute_collision_pair_idx()
        ~~~~~~~~~~~~~~~~~~~~~~~~~~~~~~~~^^
  File "C:\Users\simuser\miniconda3\envs\crusher_genesis\Lib\site-packages\genesis\engine\solvers\rigid\collider\collider.py", line 360, in _compute_collision_pair_idx
    ipc_delegated_link_idxs.add(entity.get_link(name=name).idx)
                                ~~~~~~~~~~~~~~~^^^^^^^^^^^
  File "C:\Users\simuser\miniconda3\envs\crusher_genesis\Lib\site-packages\genesis\engine\entities\rigid_entity\rigid_entity.py", line 1794, in get_link
    gs.raise_exception(
    ~~~~~~~~~~~~~~~~~~^
        f"Link not found for name: {name}. Available link names: {[link.name for link in self._links]}."
        ^^^^^^^^^^^^^^^^^^^^^^^^^^^^^^^^^^^^^^^^^^^^^^^^^^^^^^^^^^^^^^^^^^^^^^^^^^^^^^^^^^^^^^^^^^^^^^^^
    )
    ^
  File "C:\Users\simuser\miniconda3\envs\crusher_genesis\Lib\site-packages\genesis\utils\misc.py", line 38, in raise_exception
    raise gs.GenesisException(msg)
genesis.GenesisException: Link not found for name: base_link. Available link names: ['world', 'L4_Shaft_1', 'L6_Link2_1', 'L7_Link3_1', 'L4_Motor2_Shaft_1', 'L7_Holder_Bearing2_1', 'L7_Holder_Bearing1_1', 'L2_Left_Wall1_1', 'L8_Link3_Shaft_1'].

[38;5;9m[Genesis] [13:11:29] [ERROR] GenesisException: Link not found for name: base_link. Available link names: ['world', 'L4_Shaft_1', 'L6_Link2_1', 'L7_Link3_1', 'L4_Motor2_Shaft_1', 'L7_Holder_Bearing2_1', 'L7_Holder_Bearing1_1', 'L2_Left_Wall1_1', 'L8_Link3_Shaft_1'].[0m
