============================================================
 Full workflow: tablet drop -> bag catch -> grasp -> lift -> Crusher slot insert (viewer=False)
============================================================
[mjcf] Left_Wall 반사 관성 armature=10.0kg (링크 질량 0.312kg + 랙/피니언/감속기/로터). 100N -> 9.7 m/s^2, kv 안정 한계 4125
[mjcf] Left_Wall 형상 교체: 옛 geom 12개(시각 1 + hull 11) -> 본체 hull 5개 + 플랜지 1개 + 시각 1개. 플랜지 = 충돌+시각. 중립 간격 플랜지 12.50mm / 본체 17.50mm
[fem_ipc_workarounds] FEMEntity.set_vertex_constraints 패치 완료 (IPC 커플러 버그 우회)
[38;5;226m[Genesis] [13:19:44] [WARNING] At least one of the meshes contain many faces (15432). Consider setting 'morph.decimate=True' to speed up collision detection and improve numerical stability.[0m
[38;5;226m[Genesis] [13:19:44] [WARNING] At least one of the meshes contain many faces (15762). Consider setting 'morph.decimate=True' to speed up collision detection and improve numerical stability.[0m
[38;5;226m[Genesis] [13:19:44] [WARNING] Mesh is not watertight. Falling back to convex hull for estimating inertial properties.[0m
[38;5;226m[Genesis] [13:19:44] [WARNING] Mesh is not watertight. Falling back to convex hull for estimating inertial properties.[0m
[38;5;226m[Genesis] [13:19:44] [WARNING] At least one of the meshes contain many faces (12522). Consider setting 'morph.decimate=True' to speed up collision detection and improve numerical stability.[0m
[38;5;226m[Genesis] [13:19:44] [WARNING] Mesh is not watertight. Falling back to convex hull for estimating inertial properties.[0m
[38;5;226m[Genesis] [13:19:44] [WARNING] Mesh is not watertight. Falling back to convex hull for estimating inertial properties.[0m
[38;5;226m[Genesis] [13:19:44] [WARNING] Mesh is not watertight. Falling back to convex hull for estimating inertial properties.[0m
[38;5;226m[Genesis] [13:19:44] [WARNING] Mesh is not watertight. Falling back to convex hull for estimating inertial properties.[0m
[38;5;226m[Genesis] [13:19:44] [WARNING] Mesh is not watertight. Falling back to convex hull for estimating inertial properties.[0m
[38;5;226m[Genesis] [13:19:44] [WARNING] Mesh is not watertight. Falling back to convex hull for estimating inertial properties.[0m
[38;5;226m[Genesis] [13:19:44] [WARNING] Mesh is not watertight. Falling back to convex hull for estimating inertial properties.[0m
[38;5;226m[Genesis] [13:19:44] [WARNING] Mesh is not watertight. Falling back to convex hull for estimating inertial properties.[0m
[38;5;226m[Genesis] [13:19:44] [WARNING] Mesh is not watertight. Falling back to convex hull for estimating inertial properties.[0m
[38;5;226m[Genesis] [13:19:44] [WARNING] Mesh is not watertight. Falling back to convex hull for estimating inertial properties.[0m
[38;5;226m[Genesis] [13:19:44] [WARNING] Mesh is not watertight. Falling back to convex hull for estimating inertial properties.[0m
[38;5;226m[Genesis] [13:19:44] [WARNING] Mesh is not watertight. Falling back to convex hull for estimating inertial properties.[0m
[38;5;226m[Genesis] [13:19:44] [WARNING] Mesh is not watertight. Falling back to convex hull for estimating inertial properties.[0m
[38;5;226m[Genesis] [13:19:45] [WARNING] Mesh is not watertight. Falling back to convex hull for estimating inertial properties.[0m
[38;5;226m[Genesis] [13:19:45] [WARNING] Mesh is not watertight. Falling back to convex hull for estimating inertial properties.[0m
[38;5;226m[Genesis] [13:19:45] [WARNING] At least one of the meshes contain many faces (27466). Consider setting 'morph.decimate=True' to speed up collision detection and improve numerical stability.[0m
[38;5;226m[Genesis] [13:19:45] [WARNING] Mesh is not watertight. Falling back to convex hull for estimating inertial properties.[0m
[38;5;226m[Genesis] [13:19:45] [WARNING] Mesh is not watertight. Falling back to convex hull for estimating inertial properties.[0m
[38;5;226m[Genesis] [13:19:45] [WARNING] Mesh is not watertight. Falling back to convex hull for estimating inertial properties.[0m
[38;5;226m[Genesis] [13:19:45] [WARNING] Mesh is not watertight. Falling back to convex hull for estimating inertial properties.[0m
[38;5;226m[Genesis] [13:19:45] [WARNING] Mesh is not watertight. Falling back to convex hull for estimating inertial properties.[0m

[build] scene.build() 시작...
[38;5;226m[Genesis] [13:19:45] [WARNING] Link 'L4_Motor2_Shaft_1' has dubious center of mass [x=0.000, y=-0.037, z=0.015] compared to the bounding box from geometry [x=(-0.018, 0.018), y=(-0.018, 0.018), z=(-0.000, 0.077)].[0m
[38;5;226m[Genesis] [13:19:45] [WARNING] Link 'M_Bottom_1' has dubious center of mass [x=0.166, y=0.030, z=-0.073] compared to the bounding box from geometry [x=(0.106, 0.155), y=(-0.011, 0.071), z=(-0.078, -0.068)].[0m
[38;5;226m[Genesis] [13:19:45] [WARNING] Link 'M_Back_1' has dubious center of mass [x=0.003, y=0.021, z=0.011] compared to the bounding box from geometry [x=(-0.035, -0.030), y=(-0.033, 0.076), z=(-0.005, 0.028)].[0m
[38;5;226m[Genesis] [13:19:45] [WARNING] Link 'M_Left1_1' has dubious center of mass [x=-0.025, y=-0.002, z=-0.014] compared to the bounding box from geometry [x=(-0.088, -0.032), y=(-0.005, -0.000), z=(-0.038, 0.010)].[0m
[38;5;226m[Genesis] [13:19:45] [WARNING] Link 'M_Right1_1' has dubious center of mass [x=-0.025, y=0.003, z=-0.014] compared to the bounding box from geometry [x=(-0.087, -0.033), y=(0.000, 0.005), z=(-0.038, 0.010)].[0m
[38;5;226m[Genesis] [13:19:45] [WARNING] Link 'M_Top_1' has dubious center of mass [x=-0.024, y=0.028, z=0.005] compared to the bounding box from geometry [x=(-0.088, -0.032), y=(-0.031, 0.088), z=(-0.000, 0.010)].[0m
[38;5;226m[Genesis] [13:19:45] [WARNING] Link 'M_LeftLink_1' has dubious center of mass [x=-0.002, y=0.005, z=0.046] compared to the bounding box from geometry [x=(-0.040, -0.035), y=(-0.005, 0.015), z=(-0.005, 0.095)].[0m
[38;5;226m[Genesis] [13:19:45] [WARNING] Link 'M_RightLink_1' has dubious center of mass [x=-0.002, y=-0.005, z=0.046] compared to the bounding box from geometry [x=(-0.040, -0.035), y=(-0.015, 0.005), z=(-0.005, 0.095)].[0m
[38;5;226m[Genesis] [13:19:45] [WARNING] Link 'M_LeftLink2_copy_1' has dubious center of mass [x=-0.005, y=-0.005, z=0.021] compared to the bounding box from geometry [x=(-0.044, -0.032), y=(-0.015, 0.005), z=(-0.000, 0.045)].[0m
[38;5;226m[Genesis] [13:19:45] [WARNING] Link 'link_2' has dubious center of mass [x=0.000, y=0.000, z=0.000] compared to the bounding box from geometry [x=(-0.068, 0.479), y=(-0.069, 0.069), z=(0.082, 0.274)].[0m
[38;5;226m[Genesis] [13:19:46] [WARNING] Constraint solver time constant should be greater than 2*substep_dt. timeconst is changed from `0.0002` to `0.01`). Decrease simulation timestep or increase timeconst to avoid altering the original value.[0m
[38;5;226m[Genesis] [13:19:46] [WARNING] Filtered out geometry pairs causing self-collision for the neutral configuration (qpos0): (91, 114), (104, 106). Consider tuning Morph option 'decompose_robot_error_threshold' or specify dedicated collision meshes. This behavior can be disabled by setting Morph option 'enable_neutral_collision=True'.[0m
C:\Users\simuser\miniconda3\envs\crusher_genesis\Lib\site-packages\quadrants\_test_tools\warnings_helper.py:11: UserWarning: cannot create weak reference to 'tuple' object. Template mapper caching disabled.
  warnings.warn(message)
[verify] L2_Left_Wall1_1 충돌 geom 6개 / 시각 geom 3개  (플랜지 접촉=ON, 기대 충돌 6개)
[build] 성공 (10.2s)
[bag] shape 고정: 714/714 정점(바닥+양측면), 입구는 자유
[slot] 간격축 = world Y (겹침 -12.5mm), 슬롯 길이축 = world X (겹침 +65.0mm)
[slot] gap_cx=0.2125 gap_cy=-0.0053 gap_width=12.5mm wall_top_z=0.0870
[slot] pocket(L1_Wall1_1) center=(0.1745,0.0330)
[ctrl] Left_Wall armature=10.0kg (런타임 API) — 유효 질량 10.31kg, 100N -> 9.7 m/s^2, kv 안정 한계 4125 (현재 500)
[ctrl] Left_Wall force clip: ±100 N (Motor2 ctrlrange, docs/Crusher.md §5) — 벽은 이 힘에서 균형지는 위치에 멈춘다
[bag] grip_strip verts near FINGER_MID: 76

[phase] 0 prep (1.0s) — 크랭크 0->-3.142rad(-180deg), Left_Wall 0->+6mm(개방)
[phase] prep     @done  crank=-3.000rad  wall=+5.43mm
    [drop k=   0] tablet_z=+435.16mm bag_com=[0.00646321 0.2561791  0.39925352]
    [drop k=  40] tablet_z=+433.61mm bag_com=[0.00646321 0.2561791  0.39925352]
    [drop k=  80] tablet_z=+425.08mm bag_com=[0.00646321 0.2561791  0.39925352]
    [drop k= 120] tablet_z=+398.84mm bag_com=[0.00646321 0.2561791  0.39925352]
[phase] drop     @done  bag_com=[0.00646321 0.2561791  0.39925352]  finger_z=0.4378  tablet_z=+388.69mm  tilt=0.8deg  bag_bottom=0.3543
[phase] settle   @done  bag_com=[0.00646321 0.2561791  0.39925352]  finger_z=0.4378  tablet_z=+360.52mm  tilt=0.8deg  bag_bottom=0.3543
[bag] shape 고정 해제 — 이제부터 순수 마찰 파지
[phase] close    @done  bag_com=[0.00644478 0.25572374 0.39879712]  finger_z=0.4360  tablet_z=+358.93mm  tilt=0.7deg  bag_bottom=0.3538
[phase] grasp    @done  bag_com=[0.00640744 0.2556708  0.39880285]  finger_z=0.4361  tablet_z=+357.42mm  tilt=0.5deg  bag_bottom=0.3538
[phase] lift     @done  bag_com=[0.00560862 0.258853   0.52434015]  finger_z=0.5620  tablet_z=+482.55mm  tilt=1.2deg  bag_bottom=0.4791
[phase] hold     @done  bag_com=[0.00557556 0.2586325  0.52431655]  finger_z=0.5620  tablet_z=+482.33mm  tilt=1.2deg  bag_bottom=0.4790
[slot] wall_center_z=0.0510  insert_z(finger)=0.1330  hang=82mm
[slot] 봉투중심 보정 dy=+0.0mm -> finger_y=-0.0053 (봉투중심 y=-0.0053 = gap_cy -0.0053)
[slot] 봉투중심 보정 dx=+28.0mm -> finger_x=0.1845 (봉투중심 x=0.2125 = gap_cx 0.2125) — 실링이 측벽에 물린다
[sweep] Y_OFFSET_MM=+0.0mm -> target_xy=[ 0.18449766 -0.00527226]  (gap_cy=-0.0053)
[cam] side view 고정: pos=(np.float64(0.21249766187667846), np.float64(-0.5552722595214844), np.float64(0.169001227684021)) look=(np.float64(0.21249766187667846), np.float64(-0.005272259521484357), np.float64(0.169001227684021)) (gap_width=12.5mm, z범위 above=0.2870~insert=0.1330)

[ik] above-slot target=[ 0.18449766 -0.00527226  0.28700123]  arm_q=[-5.7011324e-01  3.0162326e-01  1.0646813e+00  2.9733405e-05
  1.7748955e+00  4.1420674e+00]
    [above k=   0] tablet_z=+482.33mm bag_com=[0.00557559 0.25863186 0.5243164 ]
    [above k=  40] tablet_z=+481.03mm bag_com=[0.00914282 0.25757366 0.52293533]
    [above k=  80] tablet_z=+472.99mm bag_com=[0.0285256  0.2465905  0.51466286]
    [above k= 120] tablet_z=+453.84mm bag_com=[0.06466684 0.21938507 0.4948139 ]
    [above k= 160] tablet_z=+423.98mm bag_com=[0.10476038 0.17480014 0.46023783]
    [above k= 200] tablet_z=+383.62mm bag_com=[0.13613008 0.12183988 0.41177693]
    [above k= 240] tablet_z=+329.68mm bag_com=[0.14987521 0.07393561 0.356602  ]
    [above k= 280] tablet_z=+282.05mm bag_com=[0.15620662 0.03675884 0.3059302 ]
    [above k= 320] tablet_z=+247.60mm bag_com=[0.15843444 0.00400139 0.2699089 ]
    [above k= 360] tablet_z=+230.24mm bag_com=[ 0.15692191 -0.00513771  0.2525885 ]
[phase] above    @done  bag_com=[ 0.15673162 -0.00754345  0.24969275]  finger_z=0.2868  tablet_z=+227.24mm  tilt=6.4deg  bag_bottom=0.2044
[phase] aboveset @done  bag_com=[ 0.15686266 -0.00704911  0.24949424]  finger_z=0.2868  tablet_z=+221.32mm  tilt=5.8deg  bag_bottom=0.2043
[ik] insert target=[ 0.18449766 -0.00527226  0.13300123]  웨이포인트 41개(카테시안 직선)  arm_q=[-5.7008511e-01  3.0399325e-01  1.4830379e+00  1.0280693e-04
  1.3541632e+00  4.1420784e+00]
    [insert k=   0] tablet_z=+221.09mm bag_com=[ 0.15680553 -0.00704262  0.24933496]
    [insert k=  40] tablet_z=+215.75mm bag_com=[ 0.15684961 -0.00699974  0.24795532]
    [insert k=  80] tablet_z=+204.60mm bag_com=[ 0.15687506 -0.00694038  0.24028225]
    [insert k= 120] tablet_z=+185.25mm bag_com=[ 0.1569056  -0.00705525  0.22384763]
    [insert k= 160] tablet_z=+163.47mm bag_com=[ 0.15691891 -0.00629322  0.1998765 ]
    [insert k= 200] tablet_z=+142.67mm bag_com=[ 0.15696609 -0.00470061  0.1716856 ]
    [insert k= 240] tablet_z=+115.09mm bag_com=[ 0.15709841 -0.00379664  0.1435685 ]
    [insert k= 280] tablet_z=+91.87mm bag_com=[ 0.15697592 -0.00858701  0.12015247]
    [insert k= 320] tablet_z=+77.61mm bag_com=[ 0.1569242  -0.00519842  0.10405219]
    [insert k= 360] tablet_z=+67.79mm bag_com=[ 0.15697604 -0.00770119  0.09667709]
[phase] insert   @done  bag_com=[ 0.15697353 -0.00679896  0.09538609]  finger_z=0.1328  tablet_z=+62.57mm  tilt=5.9deg  bag_bottom=0.0503
[phase] settle2  @done  bag_com=[ 0.1569993  -0.00687759  0.0953614 ]  finger_z=0.1328  tablet_z=+56.95mm  tilt=5.9deg  bag_bottom=0.0502
[trim] TRIM_ROUNDS=0 — 생략(기본값). settle2 시점 bag_bottom 오차 +0.8mm 를 그대로 결과로 쓴다.
[trim] 최종 finger_z=0.1330  (초기 0.1330, 하한 0.1030)

[phase] 9 clamp (4.3s) — Left_Wall +6.0mm 에서 **속도지령** 8.0mm/s 로 계속 닫음 (docs §11-5), lead 20.0mm = 정지 시 100N, 가드 -17.0mm
    [clamp t= 0.00s] wall=  +5.96mm v=  +0.08mm/s  본체면 잔여 +23.46mm  bag_com=[ 0.15699944 -0.00687953  0.09536165]
    [clamp t= 0.17s] wall=  +4.61mm v=  +2.73mm/s  본체면 잔여 +22.11mm  bag_com=[ 0.15700357 -0.00688619  0.09535618]
    [clamp t= 0.34s] wall=  +3.27mm v=  +5.39mm/s  본체면 잔여 +20.77mm  bag_com=[ 0.15701164 -0.00689234  0.0953473 ]
    [clamp t= 0.51s] wall=  +1.92mm v=  +8.04mm/s  본체면 잔여 +19.42mm  bag_com=[ 0.15701851 -0.00689765  0.09533938]
    [clamp t= 0.68s] wall=  +0.57mm v= +10.69mm/s  본체면 잔여 +18.07mm  bag_com=[ 0.15702508 -0.0069016   0.09533164]
    [clamp t= 0.85s] wall=  -0.77mm v= +13.35mm/s  본체면 잔여 +16.73mm  bag_com=[ 0.15703122 -0.00690486  0.09532399]
    [clamp t= 1.02s] wall=  -2.12mm v= +15.99mm/s  본체면 잔여 +15.38mm  bag_com=[ 0.1570649  -0.00644342  0.09527732]
    [clamp t= 1.19s] wall=  -3.47mm v= +18.63mm/s  본체면 잔여 +14.03mm  bag_com=[ 0.15711905 -0.00546113  0.09522247]
    [clamp t= 1.36s] wall=  -4.81mm v= +21.23mm/s  본체면 잔여 +12.69mm  bag_com=[ 0.1571804  -0.00479788  0.0952008 ]
    [clamp t= 1.53s] wall=  -6.16mm v= +23.85mm/s  본체면 잔여 +11.34mm  bag_com=[ 0.15724109 -0.00440158  0.0951893 ]
    [clamp t= 1.70s] wall=  -7.51mm v= +25.20mm/s  본체면 잔여  +9.99mm  bag_com=[ 0.15728301 -0.00439068  0.09522016]
    [clamp t= 1.87s] wall=  -9.21mm v= -42.15mm/s  본체면 잔여  +8.29mm  bag_com=[ 0.15728739 -0.0041815   0.09528939]
    [clamp t= 2.04s] wall= -11.32mm v=-191.78mm/s  본체면 잔여  +6.18mm  bag_com=[ 0.15729856 -0.00438308  0.09538134]
    [clamp t= 2.21s] wall= -13.45mm v=-346.31mm/s  본체면 잔여  +4.05mm  bag_com=[ 0.1573341  -0.00419394  0.09544832]
    [clamp t= 2.38s] wall= -14.68mm v=-436.17mm/s  본체면 잔여  +2.82mm  bag_com=[ 0.15736677 -0.00364358  0.09552647]
    [clamp t= 2.55s] wall= -14.65mm v=-430.76mm/s  본체면 잔여  +2.85mm  bag_com=[ 0.15742218 -0.00370421  0.09549123]
    [clamp t= 2.72s] wall= -14.64mm v=-428.37mm/s  본체면 잔여  +2.86mm  bag_com=[ 0.15746206 -0.0038781   0.09542333]
    [clamp t= 2.89s] wall= -14.64mm v=-427.61mm/s  본체면 잔여  +2.86mm  bag_com=[ 0.15748765 -0.00402346  0.0953632 ]
    [clamp t= 3.06s] wall= -14.64mm v=-427.46mm/s  본체면 잔여  +2.86mm  bag_com=[ 0.1575041  -0.00413565  0.09531127]
    [clamp t= 3.23s] wall= -14.64mm v=-427.54mm/s  본체면 잔여  +2.86mm  bag_com=[ 0.15751407 -0.0042244   0.0952654 ]
    [clamp t= 3.40s] wall= -14.64mm v=-427.68mm/s  본체면 잔여  +2.86mm  bag_com=[ 0.15751861 -0.00428872  0.09522641]
    [clamp t= 3.57s] wall= -14.64mm v=-427.84mm/s  본체면 잔여  +2.86mm  bag_com=[ 0.15752117 -0.00434624  0.09518971]
    [clamp t= 3.74s] wall= -14.64mm v=-428.00mm/s  본체면 잔여  +2.86mm  bag_com=[ 0.15752251 -0.0044006   0.0951542 ]
    [clamp t= 3.91s] wall= -14.64mm v=-428.15mm/s  본체면 잔여  +2.86mm  bag_com=[ 0.15752226 -0.00444966  0.09512071]
    [clamp t= 4.08s] wall= -14.64mm v=-428.30mm/s  본체면 잔여  +2.86mm  bag_com=[ 0.15752085 -0.00449307  0.09508993]
    [clamp t= 4.25s] wall= -14.64mm v=-428.45mm/s  본체면 잔여  +2.86mm  bag_com=[ 0.15751791 -0.00453236  0.09506246]
[phase] clamp    @done  wall=-14.64mm  (잔여: 플랜지면 -2.14mm / 본체면 2.86mm)  bag_com=[ 0.157517   -0.00454608  0.09505413]
[clamp] 봉투 반력에 막혀 정지  (가드 -17.00mm, 최종 v=-428.49mm/s)
    [hold2 k=   0] tablet_z=+54.89mm bag_com=[ 0.15751697 -0.00454743  0.0950534 ]
    [hold2 k=  40] tablet_z=+54.88mm bag_com=[ 0.15751252 -0.00459032  0.09502597]
    [hold2 k=  80] tablet_z=+54.86mm bag_com=[ 0.15750733 -0.00462908  0.09500228]
[phase] hold2    @done  bag_com=[ 0.15750462 -0.00464625  0.09499224]  finger_z=0.1328  tablet_z=+54.86mm  tilt=1.2deg  bag_bottom=0.0491

[phase] 11 crush (8s, 1600 step) — 크랭크 8.0 RPM (0.8378 rad/s) 연속 회전 ≈ 1.1 바퀴
[ctrl] crank torque clip: ±12.5 N·m (docs/Crusher.md §2-2), kv=15 — velocity 제어
[crush] 시작 정제 크기 4.01 x 3.99 x 4.97 mm
    [crush t=  0.0s] crank=    +0.1deg ( 2.46 RPM)  wall=-14.64mm  정제  4.01x 3.99x 4.97mm
    [crush t=  0.3s] crank=    +4.0deg ( 2.46 RPM)  wall=-14.65mm  정제  4.01x 3.99x 4.97mm
    [crush t=  0.5s] crank=    +7.9deg ( 2.46 RPM)  wall=-14.65mm  정제  4.01x 3.99x 4.97mm
    [crush t=  0.8s] crank=   +11.8deg ( 2.45 RPM)  wall=-14.65mm  정제  4.01x 4.00x 4.97mm
    [crush t=  1.1s] crank=   +15.7deg ( 2.45 RPM)  wall=-14.65mm  정제  4.01x 4.00x 4.97mm
    [crush t=  1.3s] crank=   +19.6deg ( 2.44 RPM)  wall=-14.65mm  정제  4.01x 4.00x 4.97mm
    [crush t=  1.6s] crank=   +23.5deg ( 2.44 RPM)  wall=-14.65mm  정제  4.01x 4.00x 4.97mm
    [crush t=  1.9s] crank=   +27.3deg ( 2.43 RPM)  wall=-14.65mm  정제  4.01x 4.00x 4.97mm
    [crush t=  2.1s] crank=   +31.2deg ( 2.42 RPM)  wall=-14.65mm  정제  4.01x 4.00x 4.97mm
    [crush t=  2.4s] crank=   +35.0deg ( 2.41 RPM)  wall=-14.66mm  정제  4.01x 4.01x 4.97mm
    [crush t=  2.6s] crank=   +38.9deg ( 2.40 RPM)  wall=-14.66mm  정제  4.02x 4.01x 4.97mm
    [crush t=  2.9s] crank=   +42.7deg ( 2.39 RPM)  wall=-14.66mm  정제  4.02x 4.01x 4.97mm
    [crush t=  3.2s] crank=   +46.5deg ( 2.37 RPM)  wall=-14.66mm  정제  4.02x 4.01x 4.97mm
    [crush t=  3.4s] crank=   +50.2deg ( 2.36 RPM)  wall=-14.66mm  정제  4.02x 4.01x 4.97mm
    [crush t=  3.7s] crank=   +54.0deg ( 2.34 RPM)  wall=-14.66mm  정제  4.02x 4.01x 4.97mm
    [crush t=  4.0s] crank=   +57.7deg ( 2.33 RPM)  wall=-14.66mm  정제  4.02x 4.01x 4.97mm
    [crush t=  4.2s] crank=   +61.4deg ( 2.31 RPM)  wall=-14.66mm  정제  4.02x 4.01x 4.97mm
    [crush t=  4.5s] crank=   +65.0deg ( 2.29 RPM)  wall=-14.67mm  정제  4.02x 4.02x 4.97mm
    [crush t=  4.8s] crank=   +68.6deg ( 2.27 RPM)  wall=-14.67mm  정제  4.02x 4.02x 4.97mm
    [crush t=  5.0s] crank=   +72.2deg ( 2.25 RPM)  wall=-14.67mm  정제  4.02x 4.02x 4.97mm
    [crush t=  5.3s] crank=   +75.8deg ( 2.23 RPM)  wall=-14.67mm  정제  4.02x 4.02x 4.97mm
    [crush t=  5.6s] crank=   +79.3deg ( 2.21 RPM)  wall=-14.67mm  정제  4.02x 4.02x 4.97mm
    [crush t=  5.8s] crank=   +82.8deg ( 2.19 RPM)  wall=-14.67mm  정제  4.02x 4.02x 4.96mm
    [crush t=  6.1s] crank=   +86.3deg ( 2.17 RPM)  wall=-14.67mm  정제  4.02x 4.02x 4.96mm
    [crush t=  6.4s] crank=   +89.8deg ( 2.15 RPM)  wall=-14.68mm  정제  4.02x 4.02x 4.96mm
    [crush t=  6.6s] crank=   +93.2deg ( 2.13 RPM)  wall=-14.68mm  정제  4.03x 4.02x 4.96mm
    [crush t=  6.9s] crank=   +96.5deg ( 2.11 RPM)  wall=-14.68mm  정제  4.03x 4.03x 4.96mm
    [crush t=  7.2s] crank=   +99.9deg ( 2.09 RPM)  wall=-14.68mm  정제  4.03x 4.03x 4.96mm
    [crush t=  7.4s] crank=  +103.2deg ( 2.07 RPM)  wall=-14.68mm  정제  4.03x 4.03x 4.96mm
    [crush t=  7.7s] crank=  +106.4deg ( 2.05 RPM)  wall=-14.68mm  정제  4.03x 4.03x 4.96mm
    [crush t=  8.0s] crank=  +109.7deg ( 2.03 RPM)  wall=-14.68mm  정제  4.03x 4.03x 4.96mm
[phase] crush    @done  크랭크 +110.2deg (0.31 바퀴)  wall=-14.68mm
[crush] 정제 4.01x3.99x4.97 -> 4.03x4.03x4.96 mm  (변화 +0.02/+0.04/-0.01)
[crush] bag_com=[ 0.15701048 -0.00493208  0.09487308]  tilt=1.8deg  bag_bottom=0.0493

[RESULT] GRIP_OFFSET_MM=-28mm  Y_OFFSET_MM=+0.0mm  verdict=PASS  (삽입 성공, 걸림/붕괴 없음)
[RESULT] final_bottom_z=0.0493  wall_center_z=0.0510  오차=-1.8mm(+면 얕음/-면 깊음)
[RESULT] width_y=18.7mm(baseline 15.0mm)  height_z=90.1mm(baseline 90.7mm)
[SUMMARY] flange=ON mode=velocity v=8.0mm/s F=100N kp=5000 hold=1 wall=-14.64mm body_gap=+2.86mm stalled=Y drop=+0.1mm tilt=1.8deg width=18.7mm reach_err=-1.8mm verdict=PASS

[saved] overview -> C:\Crusher_isaacsim\Crusher_Genesis\Crusher_M0609_RG2_Tablet_Samplebag\RESULT_m_kv15\grip-28mm\full_workflow_grip-28mm_yoff+0.0mm_20260831_131937_overview.mp4
[saved] bagcam   -> C:\Crusher_isaacsim\Crusher_Genesis\Crusher_M0609_RG2_Tablet_Samplebag\RESULT_m_kv15\grip-28mm\full_workflow_grip-28mm_yoff+0.0mm_20260831_131937_bagcam.mp4
[saved] sideview -> C:\Crusher_isaacsim\Crusher_Genesis\Crusher_M0609_RG2_Tablet_Samplebag\RESULT_m_kv15\grip-28mm\full_workflow_grip-28mm_yoff+0.0mm_20260831_131937_sideview.mp4

[timing] build=10.2s  steps=281.6s (4492 steps, 62.7ms/step)  합계=291.8s
완료.
