============================================================
 Full workflow: tablet drop -> bag catch -> grasp -> lift -> Crusher slot insert (viewer=False)
============================================================
[mjcf] Left_Wall 반사 관성 armature=10.0kg (링크 질량 0.312kg + 랙/피니언/감속기/로터). 100N -> 9.7 m/s^2, kv 안정 한계 4125
[mjcf] Left_Wall 형상 교체: 옛 geom 12개(시각 1 + hull 11) -> 본체 hull 5개 + 플랜지 1개 + 시각 1개. 플랜지 = 충돌+시각. 중립 간격 플랜지 12.50mm / 본체 17.50mm
[fem_ipc_workarounds] FEMEntity.set_vertex_constraints 패치 완료 (IPC 커플러 버그 우회)
[ipc] Crusher coup_links=['world', 'L2_Left_Wall1_1', 'L8_Link3_Shaft_1'] — 크랭크 구동계는 IPC 에서 뺐다(§16-7)
[38;5;226m[Genesis] [13:24:52] [WARNING] At least one of the meshes contain many faces (15432). Consider setting 'morph.decimate=True' to speed up collision detection and improve numerical stability.[0m
[38;5;226m[Genesis] [13:24:52] [WARNING] At least one of the meshes contain many faces (15762). Consider setting 'morph.decimate=True' to speed up collision detection and improve numerical stability.[0m
[38;5;226m[Genesis] [13:24:52] [WARNING] Mesh is not watertight. Falling back to convex hull for estimating inertial properties.[0m
[38;5;226m[Genesis] [13:24:52] [WARNING] Mesh is not watertight. Falling back to convex hull for estimating inertial properties.[0m
[38;5;226m[Genesis] [13:24:52] [WARNING] At least one of the meshes contain many faces (12522). Consider setting 'morph.decimate=True' to speed up collision detection and improve numerical stability.[0m
[38;5;226m[Genesis] [13:24:53] [WARNING] Mesh is not watertight. Falling back to convex hull for estimating inertial properties.[0m
[38;5;226m[Genesis] [13:24:53] [WARNING] Mesh is not watertight. Falling back to convex hull for estimating inertial properties.[0m
[38;5;226m[Genesis] [13:24:53] [WARNING] Mesh is not watertight. Falling back to convex hull for estimating inertial properties.[0m
[38;5;226m[Genesis] [13:24:53] [WARNING] Mesh is not watertight. Falling back to convex hull for estimating inertial properties.[0m
[38;5;226m[Genesis] [13:24:53] [WARNING] Mesh is not watertight. Falling back to convex hull for estimating inertial properties.[0m
[38;5;226m[Genesis] [13:24:53] [WARNING] Mesh is not watertight. Falling back to convex hull for estimating inertial properties.[0m
[38;5;226m[Genesis] [13:24:53] [WARNING] Mesh is not watertight. Falling back to convex hull for estimating inertial properties.[0m
[38;5;226m[Genesis] [13:24:53] [WARNING] Mesh is not watertight. Falling back to convex hull for estimating inertial properties.[0m
[38;5;226m[Genesis] [13:24:53] [WARNING] Mesh is not watertight. Falling back to convex hull for estimating inertial properties.[0m
[38;5;226m[Genesis] [13:24:53] [WARNING] Mesh is not watertight. Falling back to convex hull for estimating inertial properties.[0m
[38;5;226m[Genesis] [13:24:53] [WARNING] Mesh is not watertight. Falling back to convex hull for estimating inertial properties.[0m
[38;5;226m[Genesis] [13:24:53] [WARNING] Mesh is not watertight. Falling back to convex hull for estimating inertial properties.[0m
[38;5;226m[Genesis] [13:24:53] [WARNING] Mesh is not watertight. Falling back to convex hull for estimating inertial properties.[0m
[38;5;226m[Genesis] [13:24:53] [WARNING] Mesh is not watertight. Falling back to convex hull for estimating inertial properties.[0m
[38;5;226m[Genesis] [13:24:53] [WARNING] Mesh is not watertight. Falling back to convex hull for estimating inertial properties.[0m
[38;5;226m[Genesis] [13:24:53] [WARNING] At least one of the meshes contain many faces (27466). Consider setting 'morph.decimate=True' to speed up collision detection and improve numerical stability.[0m
[38;5;226m[Genesis] [13:24:53] [WARNING] Mesh is not watertight. Falling back to convex hull for estimating inertial properties.[0m
[38;5;226m[Genesis] [13:24:53] [WARNING] Mesh is not watertight. Falling back to convex hull for estimating inertial properties.[0m
[38;5;226m[Genesis] [13:24:53] [WARNING] Mesh is not watertight. Falling back to convex hull for estimating inertial properties.[0m
[38;5;226m[Genesis] [13:24:53] [WARNING] Mesh is not watertight. Falling back to convex hull for estimating inertial properties.[0m
[38;5;226m[Genesis] [13:24:53] [WARNING] Mesh is not watertight. Falling back to convex hull for estimating inertial properties.[0m

[build] scene.build() 시작...
[38;5;226m[Genesis] [13:24:53] [WARNING] Link 'L4_Motor2_Shaft_1' has dubious center of mass [x=0.000, y=-0.037, z=0.015] compared to the bounding box from geometry [x=(-0.018, 0.018), y=(-0.018, 0.018), z=(-0.000, 0.077)].[0m
[38;5;226m[Genesis] [13:24:53] [WARNING] Link 'M_Bottom_1' has dubious center of mass [x=0.166, y=0.030, z=-0.073] compared to the bounding box from geometry [x=(0.106, 0.155), y=(-0.011, 0.071), z=(-0.078, -0.068)].[0m
[38;5;226m[Genesis] [13:24:53] [WARNING] Link 'M_Back_1' has dubious center of mass [x=0.003, y=0.021, z=0.011] compared to the bounding box from geometry [x=(-0.035, -0.030), y=(-0.033, 0.076), z=(-0.005, 0.028)].[0m
[38;5;226m[Genesis] [13:24:53] [WARNING] Link 'M_Left1_1' has dubious center of mass [x=-0.025, y=-0.002, z=-0.014] compared to the bounding box from geometry [x=(-0.088, -0.032), y=(-0.005, -0.000), z=(-0.038, 0.010)].[0m
[38;5;226m[Genesis] [13:24:53] [WARNING] Link 'M_Right1_1' has dubious center of mass [x=-0.025, y=0.003, z=-0.014] compared to the bounding box from geometry [x=(-0.087, -0.033), y=(0.000, 0.005), z=(-0.038, 0.010)].[0m
[38;5;226m[Genesis] [13:24:53] [WARNING] Link 'M_Top_1' has dubious center of mass [x=-0.024, y=0.028, z=0.005] compared to the bounding box from geometry [x=(-0.088, -0.032), y=(-0.031, 0.088), z=(-0.000, 0.010)].[0m
[38;5;226m[Genesis] [13:24:53] [WARNING] Link 'M_LeftLink_1' has dubious center of mass [x=-0.002, y=0.005, z=0.046] compared to the bounding box from geometry [x=(-0.040, -0.035), y=(-0.005, 0.015), z=(-0.005, 0.095)].[0m
[38;5;226m[Genesis] [13:24:53] [WARNING] Link 'M_RightLink_1' has dubious center of mass [x=-0.002, y=-0.005, z=0.046] compared to the bounding box from geometry [x=(-0.040, -0.035), y=(-0.015, 0.005), z=(-0.005, 0.095)].[0m
[38;5;226m[Genesis] [13:24:53] [WARNING] Link 'M_LeftLink2_copy_1' has dubious center of mass [x=-0.005, y=-0.005, z=0.021] compared to the bounding box from geometry [x=(-0.044, -0.032), y=(-0.015, 0.005), z=(-0.000, 0.045)].[0m
[38;5;226m[Genesis] [13:24:53] [WARNING] Link 'link_2' has dubious center of mass [x=0.000, y=0.000, z=0.000] compared to the bounding box from geometry [x=(-0.068, 0.479), y=(-0.069, 0.069), z=(0.082, 0.274)].[0m
[38;5;226m[Genesis] [13:24:54] [WARNING] Constraint solver time constant should be greater than 2*substep_dt. timeconst is changed from `0.0002` to `0.01`). Decrease simulation timestep or increase timeconst to avoid altering the original value.[0m
[38;5;226m[Genesis] [13:24:55] [WARNING] Filtered out geometry pairs causing self-collision for the neutral configuration (qpos0): (91, 114), (104, 106). Consider tuning Morph option 'decompose_robot_error_threshold' or specify dedicated collision meshes. This behavior can be disabled by setting Morph option 'enable_neutral_collision=True'.[0m
C:\Users\simuser\miniconda3\envs\crusher_genesis\Lib\site-packages\quadrants\_test_tools\warnings_helper.py:11: UserWarning: cannot create weak reference to 'tuple' object. Template mapper caching disabled.
  warnings.warn(message)
[verify] L2_Left_Wall1_1 충돌 geom 6개 / 시각 geom 3개  (플랜지 접촉=ON, 기대 충돌 6개)
[build] 성공 (9.6s)
[bag] shape 고정: 714/714 정점(바닥+양측면), 입구는 자유
[slot] 간격축 = world Y (겹침 -12.5mm), 슬롯 길이축 = world X (겹침 +65.0mm)
[slot] gap_cx=0.2125 gap_cy=-0.0053 gap_width=12.5mm wall_top_z=0.0870
[slot] pocket(L1_Wall1_1) center=(0.1745,0.0330)
[ctrl] Left_Wall armature=10.0kg (런타임 API) — 유효 질량 10.31kg, 100N -> 9.7 m/s^2, kv 안정 한계 4125 (현재 500)
[ctrl] Left_Wall force clip: ±100 N (Motor2 ctrlrange, docs/Crusher.md §5) — 벽은 이 힘에서 균형지는 위치에 멈춘다
[bag] grip_strip verts near FINGER_MID: 76
[38;5;226m[Genesis] [13:25:03] [WARNING] fps=30 is not reachable with dt=0.005. Recording at fps=28.57142857142857 instead.[0m
[38;5;226m[Genesis] [13:25:03] [WARNING] fps=30 is not reachable with dt=0.005. Recording at fps=28.57142857142857 instead.[0m
[38;5;226m[Genesis] [13:25:03] [WARNING] fps=30 is not reachable with dt=0.005. Recording at fps=28.57142857142857 instead.[0m

[phase] 0 prep (1.0s) — 크랭크 0->-3.142rad(-180deg), Left_Wall 0->+6mm(개방)
[phase] prep     @done  crank=-3.000rad  wall=+5.43mm
    [drop k=   0] tablet_z=+400.67mm bag_com=[0.00646321 0.2561791  0.39925352]
    [drop k=  40] tablet_z=+396.44mm bag_com=[0.00646321 0.2561791  0.39925352]
    [drop k=  80] tablet_z=+388.98mm bag_com=[0.00646321 0.2561791  0.39925352]
    [drop k= 120] tablet_z=+373.17mm bag_com=[0.00646321 0.2561791  0.39925352]
[phase] drop     @done  bag_com=[0.00646321 0.2561791  0.39925352]  finger_z=0.4378  tablet_z=+365.25mm  tilt=0.8deg  bag_bottom=0.3543
[phase] settle   @done  bag_com=[0.00646321 0.2561791  0.39925352]  finger_z=0.4378  tablet_z=+358.82mm  tilt=0.8deg  bag_bottom=0.3543
[bag] shape 고정 해제 — 이제부터 순수 마찰 파지
[phase] close    @done  bag_com=[0.00644835 0.25571296 0.3987968 ]  finger_z=0.4360  tablet_z=+357.41mm  tilt=0.7deg  bag_bottom=0.3538
[phase] grasp    @done  bag_com=[0.00641116 0.2557115  0.39880183]  finger_z=0.4361  tablet_z=+357.26mm  tilt=0.8deg  bag_bottom=0.3538
[phase] lift     @done  bag_com=[0.00564459 0.25862592 0.52434283]  finger_z=0.5620  tablet_z=+482.76mm  tilt=1.1deg  bag_bottom=0.4791
[phase] hold     @done  bag_com=[0.00560415 0.25873756 0.52434134]  finger_z=0.5620  tablet_z=+482.46mm  tilt=1.3deg  bag_bottom=0.4791
[slot] wall_center_z=0.0510  insert_z(finger)=0.1330  hang=82mm
[slot] 봉투중심 보정 dy=+0.0mm -> finger_y=-0.0053 (봉투중심 y=-0.0053 = gap_cy -0.0053)
[slot] 봉투중심 보정 dx=-28.0mm -> finger_x=0.2405 (봉투중심 x=0.2125 = gap_cx 0.2125) — 실링이 측벽에 물린다
[sweep] Y_OFFSET_MM=+0.0mm -> target_xy=[ 0.24049766 -0.00527226]  (gap_cy=-0.0053)
[cam] side view 고정: pos=(np.float64(0.21249766187667846), np.float64(-0.5552722595214844), np.float64(0.169001227684021)) look=(np.float64(0.21249766187667846), np.float64(-0.005272259521484357), np.float64(0.169001227684021)) (gap_width=12.5mm, z범위 above=0.2870~insert=0.1330)

[ik] above-slot target=[ 0.24049766 -0.00527226  0.28700123]  arm_q=[-5.1308727e-01  4.4076434e-01  8.6770648e-01 -7.1153045e-06
  1.8327441e+00  4.1990762e+00]
    [above k=   0] tablet_z=+482.46mm bag_com=[0.00560431 0.25873747 0.524341  ]
    [above k=  40] tablet_z=+481.16mm bag_com=[0.00953638 0.25763223 0.52297574]
    [above k=  80] tablet_z=+473.63mm bag_com=[0.03084473 0.24734937 0.51481336]
    [above k= 120] tablet_z=+456.50mm bag_com=[0.07130644 0.221412   0.49523365]
    [above k= 160] tablet_z=+423.93mm bag_com=[0.11806057 0.17821206 0.46114334]
    [above k= 200] tablet_z=+377.71mm bag_com=[0.15829225 0.12692995 0.4130929 ]
    [above k= 240] tablet_z=+322.74mm bag_com=[0.18605092 0.07719494 0.35797822]
    [above k= 280] tablet_z=+272.09mm bag_com=[0.20255984 0.03538584 0.3069389 ]
    [above k= 320] tablet_z=+236.55mm bag_com=[0.20950982 0.01349431 0.270146  ]
    [above k= 360] tablet_z=+219.35mm bag_com=[ 0.21281487 -0.00953461  0.25302613]
[phase] above    @done  bag_com=[ 0.2127187  -0.00454876  0.24958974]  finger_z=0.2868  tablet_z=+215.44mm  tilt=4.4deg  bag_bottom=0.2043
[phase] aboveset @done  bag_com=[ 0.21278125 -0.00706512  0.24951   ]  finger_z=0.2868  tablet_z=+212.27mm  tilt=5.8deg  bag_bottom=0.2043
[ik] insert target=[ 0.24049766 -0.00527226  0.13300123]  웨이포인트 41개(카테시안 직선)  arm_q=[-5.1308030e-01  4.2123100e-01  1.3185031e+00  9.4121373e-05
  1.4014809e+00  4.1990895e+00]
    [insert k=   0] tablet_z=+212.02mm bag_com=[ 0.21273035 -0.00707007  0.24935336]
    [insert k=  40] tablet_z=+209.85mm bag_com=[ 0.21278366 -0.00687198  0.24797161]
    [insert k=  80] tablet_z=+200.81mm bag_com=[ 0.21283603 -0.00707774  0.24030669]
    [insert k= 120] tablet_z=+183.80mm bag_com=[ 0.21284834 -0.00705048  0.22388223]
    [insert k= 160] tablet_z=+164.34mm bag_com=[ 0.21278352 -0.00572269  0.19997272]
    [insert k= 200] tablet_z=+142.20mm bag_com=[ 0.21288796 -0.00598376  0.1717166 ]
    [insert k= 240] tablet_z=+121.37mm bag_com=[ 0.21277298 -0.00676839  0.14380832]
    [insert k= 280] tablet_z=+102.44mm bag_com=[ 0.212961   -0.0047468   0.11999317]
    [insert k= 320] tablet_z=+79.81mm bag_com=[ 0.21290495 -0.00706014  0.10408012]
    [insert k= 360] tablet_z=+66.47mm bag_com=[ 0.21292138 -0.00679633  0.09664448]
[phase] insert   @done  bag_com=[ 0.21293435 -0.00683071  0.09540555]  finger_z=0.1328  tablet_z=+62.16mm  tilt=5.8deg  bag_bottom=0.0503
[phase] settle2  @done  bag_com=[ 0.21296188 -0.00691088  0.09537762]  finger_z=0.1328  tablet_z=+55.82mm  tilt=5.9deg  bag_bottom=0.0503
[trim] TRIM_ROUNDS=0 — 생략(기본값). settle2 시점 bag_bottom 오차 +0.7mm 를 그대로 결과로 쓴다.
[trim] 최종 finger_z=0.1330  (초기 0.1330, 하한 0.1030)

[phase] 9 clamp (4.3s) — Left_Wall +6.0mm 에서 **속도지령** 8.0mm/s 로 계속 닫음 (docs §11-5), lead 20.0mm = 정지 시 100N, 가드 -17.0mm
    [clamp t= 0.00s] wall=  +5.96mm v=  +0.08mm/s  본체면 잔여 +23.46mm  bag_com=[ 0.21296181 -0.00692048  0.09537787]
    [clamp t= 0.17s] wall=  +4.61mm v=  +2.74mm/s  본체면 잔여 +22.11mm  bag_com=[ 0.21296495 -0.00696266  0.09537489]
    [clamp t= 0.34s] wall=  +3.27mm v=  +5.40mm/s  본체면 잔여 +20.77mm  bag_com=[ 0.21297203 -0.00695606  0.09536558]
    [clamp t= 0.51s] wall=  +1.92mm v=  +8.03mm/s  본체면 잔여 +19.42mm  bag_com=[ 0.2129807  -0.00684612  0.09534925]
    [clamp t= 0.68s] wall=  +0.57mm v= +10.69mm/s  본체면 잔여 +18.07mm  bag_com=[ 0.21298753 -0.00618454  0.09531634]
    [clamp t= 0.85s] wall=  -0.77mm v= +13.36mm/s  본체면 잔여 +16.73mm  bag_com=[ 0.21302219 -0.00539451  0.09528179]
    [clamp t= 1.02s] wall=  -2.12mm v= +16.01mm/s  본체면 잔여 +15.38mm  bag_com=[ 0.21307038 -0.00467658  0.09526176]
    [clamp t= 1.19s] wall=  -3.47mm v= +18.67mm/s  본체면 잔여 +14.03mm  bag_com=[ 0.21313176 -0.00398648  0.09525754]
    [clamp t= 1.36s] wall=  -4.81mm v= +21.36mm/s  본체면 잔여 +12.69mm  bag_com=[ 0.21318457 -0.00320842  0.09529091]
    [clamp t= 1.53s] wall=  -6.16mm v= +24.04mm/s  본체면 잔여 +11.34mm  bag_com=[ 0.21324119 -0.00240487  0.09536655]
    [clamp t= 1.70s] wall=  -7.51mm v= +26.01mm/s  본체면 잔여  +9.99mm  bag_com=[ 0.21333376 -0.00194104  0.09546101]
    [clamp t= 1.87s] wall=  -8.82mm v= +36.26mm/s  본체면 잔여  +8.68mm  bag_com=[ 0.21336581 -0.00161631  0.09555122]
    [clamp t= 2.04s] wall= -10.29mm v= +13.94mm/s  본체면 잔여  +7.21mm  bag_com=[ 0.21337794 -0.00141455  0.09568918]
    [clamp t= 2.21s] wall= -11.78mm v= -12.13mm/s  본체면 잔여  +5.72mm  bag_com=[ 0.21341267 -0.00120715  0.09582911]
    [clamp t= 2.38s] wall= -12.74mm v= -47.67mm/s  본체면 잔여  +4.76mm  bag_com=[ 0.21343471 -0.00098014  0.09594402]
    [clamp t= 2.55s] wall= -12.78mm v= -55.99mm/s  본체면 잔여  +4.72mm  bag_com=[ 0.21343449 -0.00095128  0.09596002]
    [clamp t= 2.72s] wall= -12.79mm v= -57.40mm/s  본체면 잔여  +4.71mm  bag_com=[ 0.21343212 -0.00094222  0.09596248]
    [clamp t= 2.89s] wall= -12.79mm v= -58.05mm/s  본체면 잔여  +4.71mm  bag_com=[ 0.21342961 -0.00093585  0.09596459]
    [clamp t= 3.06s] wall= -12.79mm v= -58.52mm/s  본체면 잔여  +4.71mm  bag_com=[ 0.21342802 -0.00092751  0.09596673]
    [clamp t= 3.23s] wall= -12.79mm v= -58.92mm/s  본체면 잔여  +4.71mm  bag_com=[ 0.21342765 -0.0009176   0.09596924]
    [clamp t= 3.40s] wall= -12.80mm v= -59.26mm/s  본체면 잔여  +4.70mm  bag_com=[ 0.21342823 -0.00090577  0.09597256]
    [clamp t= 3.57s] wall= -12.80mm v= -59.55mm/s  본체면 잔여  +4.70mm  bag_com=[ 0.21343018 -0.00089149  0.09597722]
    [clamp t= 3.74s] wall= -12.80mm v= -59.79mm/s  본체면 잔여  +4.70mm  bag_com=[ 0.21343365 -0.00087669  0.09598438]
    [clamp t= 3.91s] wall= -12.80mm v= -59.97mm/s  본체면 잔여  +4.70mm  bag_com=[ 0.21343946 -0.00085978  0.09599519]
    [clamp t= 4.08s] wall= -12.80mm v= -60.00mm/s  본체면 잔여  +4.70mm  bag_com=[ 0.21344928 -0.00083968  0.09601279]
    [clamp t= 4.25s] wall= -12.80mm v= -59.80mm/s  본체면 잔여  +4.70mm  bag_com=[ 0.2134625  -0.00081077  0.09602873]
[phase] clamp    @done  wall=-12.80mm  (잔여: 플랜지면 -0.30mm / 본체면 4.70mm)  bag_com=[ 0.21346559 -0.00080125  0.09603139]
[clamp] 봉투 반력에 막혀 정지  (가드 -17.00mm, 최종 v=-59.73mm/s)
    [hold2 k=   0] tablet_z=+56.16mm bag_com=[ 0.21346582 -0.00080048  0.09603155]
    [hold2 k=  40] tablet_z=+56.16mm bag_com=[ 0.2134742  -0.00077855  0.09603909]
    [hold2 k=  80] tablet_z=+56.17mm bag_com=[ 0.2134799  -0.00076697  0.09604573]
[phase] hold2    @done  bag_com=[ 0.21348226 -0.00076272  0.09604856]  finger_z=0.1328  tablet_z=+56.17mm  tilt=2.2deg  bag_bottom=0.0523

[phase] 11 crush (15s, 3000 step) — 크랭크 8.0 RPM (0.8378 rad/s) 연속 회전 ≈ 2.0 바퀴
[ctrl] crank torque clip: ±12.5 N·m (docs/Crusher.md §2-2), kv=15 — velocity 제어
[crush] 시작 정제 크기 4.40 x 3.77 x 4.84 mm
    [crush t=  0.0s] crank=    +0.1deg ( 2.46 RPM)  wall=-12.80mm  정제  4.40x 3.77x 4.84mm
    [crush t=  0.5s] crank=    +7.4deg ( 2.46 RPM)  wall=-12.80mm  정제  4.41x 3.78x 4.83mm
    [crush t=  1.0s] crank=   +14.8deg ( 2.45 RPM)  wall=-12.80mm  정제  4.41x 3.78x 4.83mm
    [crush t=  1.5s] crank=   +22.2deg ( 2.44 RPM)  wall=-12.80mm  정제  4.43x 3.78x 4.83mm
    [crush t=  2.0s] crank=   +29.5deg ( 2.43 RPM)  wall=-12.80mm  정제  4.46x 3.79x 4.83mm
    [crush t=  2.5s] crank=   +36.7deg ( 2.41 RPM)  wall=-12.80mm  정제  4.50x 3.79x 4.81mm
    [crush t=  3.0s] crank=   +43.9deg ( 2.38 RPM)  wall=-12.80mm  정제  4.54x 3.79x 4.79mm
    [crush t=  3.5s] crank=   +51.0deg ( 2.36 RPM)  wall=-12.80mm  정제  4.60x 3.80x 4.73mm
    [crush t=  4.0s] crank=   +58.0deg ( 2.33 RPM)  wall=-12.80mm  정제  4.65x 3.81x 4.63mm
    [crush t=  4.5s] crank=   +65.0deg ( 2.29 RPM)  wall=-12.80mm  정제  4.70x 3.81x 4.61mm
    [crush t=  5.0s] crank=   +71.8deg ( 2.26 RPM)  wall=-12.80mm  정제  4.76x 3.82x 4.59mm
    [crush t=  5.5s] crank=   +78.5deg ( 2.22 RPM)  wall=-12.80mm  정제  4.82x 3.82x 4.53mm
    [crush t=  6.0s] crank=   +85.1deg ( 2.18 RPM)  wall=-12.80mm  정제  4.85x 3.83x 4.44mm
    [crush t=  6.5s] crank=   +91.6deg ( 2.14 RPM)  wall=-12.80mm  정제  4.86x 3.83x 4.35mm
    [crush t=  7.0s] crank=   +97.9deg ( 2.10 RPM)  wall=-12.80mm  정제  4.89x 3.84x 4.33mm
    [crush t=  7.5s] crank=  +104.2deg ( 2.06 RPM)  wall=-12.80mm  정제  4.92x 3.85x 4.31mm
    [crush t=  8.0s] crank=  +110.3deg ( 2.03 RPM)  wall=-12.80mm  정제  4.95x 3.85x 4.28mm
    [crush t=  8.5s] crank=  +116.3deg ( 1.99 RPM)  wall=-12.80mm  정제  4.98x 3.84x 4.21mm
    [crush t=  9.0s] crank=  +122.2deg ( 1.96 RPM)  wall=-12.80mm  정제  4.97x 3.84x 4.08mm
    [crush t=  9.5s] crank=  +128.1deg ( 1.93 RPM)  wall=-12.80mm  정제  4.97x 3.83x 4.02mm
    [crush t= 10.0s] crank=  +133.7deg ( 1.75 RPM)  wall=-12.80mm  정제  5.51x 2.60x 4.26mm
    [crush t= 10.5s] crank=  +138.6deg ( 1.57 RPM)  wall=-12.80mm  정제  6.93x 1.37x 5.07mm
    [crush t= 11.0s] crank=  +143.3deg ( 1.50 RPM)  wall=-12.79mm  정제  7.57x 0.30x 4.85mm
    [crush t= 11.5s] crank=  +146.4deg ( 0.66 RPM)  wall=-12.80mm  정제  6.22x 0.09x 3.69mm
    [crush t= 12.0s] crank=  +147.8deg ( 0.40 RPM)  wall=-12.80mm  정제  5.99x 0.06x 3.24mm
    [crush t= 12.5s] crank=  +148.9deg ( 0.33 RPM)  wall=-12.81mm  정제  5.85x 0.05x 2.99mm
    [crush t= 13.0s] crank=  +149.9deg ( 0.31 RPM)  wall=-12.81mm  정제  5.75x 0.05x 2.81mm
    [crush t= 13.5s] crank=  +150.8deg ( 0.32 RPM)  wall=-12.81mm  정제  5.63x 0.05x 2.64mm
    [crush t= 14.0s] crank=  +151.8deg ( 0.33 RPM)  wall=-12.81mm  정제  5.53x 0.05x 2.47mm
    [crush t= 14.5s] crank=  +152.8deg ( 0.35 RPM)  wall=-12.81mm  정제  5.48x 0.05x 2.28mm
[phase] crush    @done  크랭크 +153.9deg (0.43 바퀴)  wall=-12.81mm
[crush] 정제 4.40x3.77x4.84 -> 5.41x0.05x2.20 mm  (변화 +1.01/-3.73/-2.64)
[crush] bag_com=[ 2.1348679e-01 -1.8401055e-04  9.6266121e-02]  tilt=1.4deg  bag_bottom=0.0519

[RESULT] GRIP_OFFSET_MM=-28mm  Y_OFFSET_MM=+0.0mm  verdict=PASS  (삽입 성공, 걸림/붕괴 없음)
[RESULT] final_bottom_z=0.0519  wall_center_z=0.0510  오차=+0.9mm(+면 얕음/-면 깊음)
[RESULT] width_y=16.2mm(baseline 15.1mm)  height_z=89.4mm(baseline 90.6mm)
[SUMMARY] flange=ON mode=velocity v=8.0mm/s F=100N kp=5000 hold=1 wall=-12.80mm body_gap=+4.70mm stalled=Y drop=-0.4mm tilt=1.4deg width=16.2mm reach_err=+0.9mm verdict=PASS

[saved] overview -> C:\Crusher_isaacsim\Crusher_Genesis\Crusher_M0609_RG2_Tablet_Samplebag\RESULT_n_final\grip-28mm\full_workflow_grip-28mm_yoff+0.0mm_20260831_132446_overview.mp4
[saved] bagcam   -> C:\Crusher_isaacsim\Crusher_Genesis\Crusher_M0609_RG2_Tablet_Samplebag\RESULT_n_final\grip-28mm\full_workflow_grip-28mm_yoff+0.0mm_20260831_132446_bagcam.mp4
[saved] sideview -> C:\Crusher_isaacsim\Crusher_Genesis\Crusher_M0609_RG2_Tablet_Samplebag\RESULT_n_final\grip-28mm\full_workflow_grip-28mm_yoff+0.0mm_20260831_132446_sideview.mp4

[timing] build=9.6s  steps=436.9s (5892 steps, 74.2ms/step)  합계=446.5s
완료.
