============================================================
 Full workflow: tablet drop -> bag catch -> grasp -> lift -> Crusher slot insert (viewer=False)
============================================================
[mjcf] Left_Wall 반사 관성 armature=10.0kg (링크 질량 0.312kg + 랙/피니언/감속기/로터). 100N -> 9.7 m/s^2, kv 안정 한계 4125
[mjcf] Left_Wall 형상 교체: 옛 geom 12개(시각 1 + hull 11) -> 본체 hull 5개 + 플랜지 1개 + 시각 1개. 플랜지 = 충돌+시각. 중립 간격 플랜지 12.50mm / 본체 17.50mm
[fem_ipc_workarounds] FEMEntity.set_vertex_constraints 패치 완료 (IPC 커플러 버그 우회)
[38;5;226m[Genesis] [15:35:05] [WARNING] At least one of the meshes contain many faces (15432). Consider setting 'morph.decimate=True' to speed up collision detection and improve numerical stability.[0m
[38;5;226m[Genesis] [15:35:05] [WARNING] At least one of the meshes contain many faces (15762). Consider setting 'morph.decimate=True' to speed up collision detection and improve numerical stability.[0m
[38;5;226m[Genesis] [15:35:05] [WARNING] Mesh is not watertight. Falling back to convex hull for estimating inertial properties.[0m
[38;5;226m[Genesis] [15:35:05] [WARNING] Mesh is not watertight. Falling back to convex hull for estimating inertial properties.[0m
[38;5;226m[Genesis] [15:35:05] [WARNING] At least one of the meshes contain many faces (12522). Consider setting 'morph.decimate=True' to speed up collision detection and improve numerical stability.[0m
[38;5;226m[Genesis] [15:35:05] [WARNING] Mesh is not watertight. Falling back to convex hull for estimating inertial properties.[0m
[38;5;226m[Genesis] [15:35:05] [WARNING] Mesh is not watertight. Falling back to convex hull for estimating inertial properties.[0m
[38;5;226m[Genesis] [15:35:05] [WARNING] Mesh is not watertight. Falling back to convex hull for estimating inertial properties.[0m
[38;5;226m[Genesis] [15:35:05] [WARNING] Mesh is not watertight. Falling back to convex hull for estimating inertial properties.[0m
[38;5;226m[Genesis] [15:35:05] [WARNING] Mesh is not watertight. Falling back to convex hull for estimating inertial properties.[0m
[38;5;226m[Genesis] [15:35:05] [WARNING] Mesh is not watertight. Falling back to convex hull for estimating inertial properties.[0m
[38;5;226m[Genesis] [15:35:05] [WARNING] Mesh is not watertight. Falling back to convex hull for estimating inertial properties.[0m
[38;5;226m[Genesis] [15:35:05] [WARNING] Mesh is not watertight. Falling back to convex hull for estimating inertial properties.[0m
[38;5;226m[Genesis] [15:35:05] [WARNING] Mesh is not watertight. Falling back to convex hull for estimating inertial properties.[0m
[38;5;226m[Genesis] [15:35:05] [WARNING] Mesh is not watertight. Falling back to convex hull for estimating inertial properties.[0m
[38;5;226m[Genesis] [15:35:05] [WARNING] Mesh is not watertight. Falling back to convex hull for estimating inertial properties.[0m
[38;5;226m[Genesis] [15:35:05] [WARNING] Mesh is not watertight. Falling back to convex hull for estimating inertial properties.[0m
[38;5;226m[Genesis] [15:35:05] [WARNING] Mesh is not watertight. Falling back to convex hull for estimating inertial properties.[0m
[38;5;226m[Genesis] [15:35:06] [WARNING] Mesh is not watertight. Falling back to convex hull for estimating inertial properties.[0m
[38;5;226m[Genesis] [15:35:06] [WARNING] Mesh is not watertight. Falling back to convex hull for estimating inertial properties.[0m
[38;5;226m[Genesis] [15:35:06] [WARNING] At least one of the meshes contain many faces (27466). Consider setting 'morph.decimate=True' to speed up collision detection and improve numerical stability.[0m
[38;5;226m[Genesis] [15:35:06] [WARNING] Mesh is not watertight. Falling back to convex hull for estimating inertial properties.[0m
[38;5;226m[Genesis] [15:35:06] [WARNING] Mesh is not watertight. Falling back to convex hull for estimating inertial properties.[0m
[38;5;226m[Genesis] [15:35:06] [WARNING] Mesh is not watertight. Falling back to convex hull for estimating inertial properties.[0m
[38;5;226m[Genesis] [15:35:06] [WARNING] Mesh is not watertight. Falling back to convex hull for estimating inertial properties.[0m
[38;5;226m[Genesis] [15:35:06] [WARNING] Mesh is not watertight. Falling back to convex hull for estimating inertial properties.[0m

[build] scene.build() 시작...
[38;5;226m[Genesis] [15:35:06] [WARNING] Link 'L4_Motor2_Shaft_1' has dubious center of mass [x=0.000, y=-0.037, z=0.015] compared to the bounding box from geometry [x=(-0.018, 0.018), y=(-0.018, 0.018), z=(-0.000, 0.077)].[0m
[38;5;226m[Genesis] [15:35:06] [WARNING] Link 'M_Bottom_1' has dubious center of mass [x=0.166, y=0.030, z=-0.073] compared to the bounding box from geometry [x=(0.106, 0.155), y=(-0.011, 0.071), z=(-0.078, -0.068)].[0m
[38;5;226m[Genesis] [15:35:06] [WARNING] Link 'M_Back_1' has dubious center of mass [x=0.003, y=0.021, z=0.011] compared to the bounding box from geometry [x=(-0.035, -0.030), y=(-0.033, 0.076), z=(-0.005, 0.028)].[0m
[38;5;226m[Genesis] [15:35:06] [WARNING] Link 'M_Left1_1' has dubious center of mass [x=-0.025, y=-0.002, z=-0.014] compared to the bounding box from geometry [x=(-0.088, -0.032), y=(-0.005, -0.000), z=(-0.038, 0.010)].[0m
[38;5;226m[Genesis] [15:35:06] [WARNING] Link 'M_Right1_1' has dubious center of mass [x=-0.025, y=0.003, z=-0.014] compared to the bounding box from geometry [x=(-0.087, -0.033), y=(0.000, 0.005), z=(-0.038, 0.010)].[0m
[38;5;226m[Genesis] [15:35:06] [WARNING] Link 'M_Top_1' has dubious center of mass [x=-0.024, y=0.028, z=0.005] compared to the bounding box from geometry [x=(-0.088, -0.032), y=(-0.031, 0.088), z=(-0.000, 0.010)].[0m
[38;5;226m[Genesis] [15:35:06] [WARNING] Link 'M_LeftLink_1' has dubious center of mass [x=-0.002, y=0.005, z=0.046] compared to the bounding box from geometry [x=(-0.040, -0.035), y=(-0.005, 0.015), z=(-0.005, 0.095)].[0m
[38;5;226m[Genesis] [15:35:06] [WARNING] Link 'M_RightLink_1' has dubious center of mass [x=-0.002, y=-0.005, z=0.046] compared to the bounding box from geometry [x=(-0.040, -0.035), y=(-0.015, 0.005), z=(-0.005, 0.095)].[0m
[38;5;226m[Genesis] [15:35:06] [WARNING] Link 'M_LeftLink2_copy_1' has dubious center of mass [x=-0.005, y=-0.005, z=0.021] compared to the bounding box from geometry [x=(-0.044, -0.032), y=(-0.015, 0.005), z=(-0.000, 0.045)].[0m
[38;5;226m[Genesis] [15:35:06] [WARNING] Link 'link_2' has dubious center of mass [x=0.000, y=0.000, z=0.000] compared to the bounding box from geometry [x=(-0.068, 0.479), y=(-0.069, 0.069), z=(0.082, 0.274)].[0m
[38;5;226m[Genesis] [15:35:07] [WARNING] Constraint solver time constant should be greater than 2*substep_dt. timeconst is changed from `0.0002` to `0.01`). Decrease simulation timestep or increase timeconst to avoid altering the original value.[0m
[38;5;226m[Genesis] [15:35:08] [WARNING] Filtered out geometry pairs causing self-collision for the neutral configuration (qpos0): (91, 114), (104, 106). Consider tuning Morph option 'decompose_robot_error_threshold' or specify dedicated collision meshes. This behavior can be disabled by setting Morph option 'enable_neutral_collision=True'.[0m
C:\Users\simuser\miniconda3\envs\crusher_genesis\Lib\site-packages\quadrants\_test_tools\warnings_helper.py:11: UserWarning: cannot create weak reference to 'tuple' object. Template mapper caching disabled.
  warnings.warn(message)
[verify] L2_Left_Wall1_1 충돌 geom 6개 / 시각 geom 3개  (플랜지 접촉=ON, 기대 충돌 6개)
[build] 성공 (11.4s)
[bag] shape 고정: 714/714 정점(바닥+양측면), 입구는 자유
[slot] 간격축 = world Y (겹침 -12.5mm), 슬롯 길이축 = world X (겹침 +65.0mm)
[slot] gap_cx=0.2125 gap_cy=-0.0053 gap_width=12.5mm wall_top_z=0.0870
[slot] pocket(L1_Wall1_1) center=(0.1745,0.0330)
[ctrl] Left_Wall armature=10.0kg (런타임 API) — 유효 질량 10.31kg, 100N -> 9.7 m/s^2, kv 안정 한계 4125 (현재 500)
[ctrl] Left_Wall force clip: ±100 N (Motor2 ctrlrange, docs/Crusher.md §5) — 벽은 이 힘에서 균형지는 위치에 멈춘다
[bag] grip_strip verts near FINGER_MID: 76

[phase] 0 prep (1.0s) — 크랭크 0->-3.142rad(-180deg), Left_Wall 0->+6mm(개방)
[phase] prep     @done  crank=-3.000rad  wall=+5.43mm
    [drop k=   0] tablet_z=+428.30mm bag_com=[0.00646321 0.2561791  0.39925352]
    [drop k=  40] tablet_z=+401.67mm bag_com=[0.00646321 0.2561791  0.39925352]
    [drop k=  80] tablet_z=+388.34mm bag_com=[0.00646321 0.2561791  0.39925352]
    [drop k= 120] tablet_z=+359.90mm bag_com=[0.00646321 0.2561791  0.39925352]
[phase] drop     @done  bag_com=[0.00646321 0.2561791  0.39925352]  finger_z=0.4378  tablet_z=+358.30mm  tilt=0.8deg  bag_bottom=0.3543
[phase] settle   @done  bag_com=[0.00646321 0.2561791  0.39925352]  finger_z=0.4378  tablet_z=+357.34mm  tilt=0.8deg  bag_bottom=0.3543
[bag] shape 고정 해제 — 이제부터 순수 마찰 파지
[phase] close    @done  bag_com=[0.00644439 0.25580275 0.3987943 ]  finger_z=0.4360  tablet_z=+357.22mm  tilt=0.9deg  bag_bottom=0.3538
[phase] grasp    @done  bag_com=[0.00640348 0.2556814  0.39880127]  finger_z=0.4361  tablet_z=+357.22mm  tilt=0.8deg  bag_bottom=0.3538
[phase] lift     @done  bag_com=[0.00561383 0.25869444 0.52432805]  finger_z=0.5620  tablet_z=+482.74mm  tilt=1.1deg  bag_bottom=0.4790
[phase] hold     @done  bag_com=[0.00556827 0.2586958  0.524317  ]  finger_z=0.5620  tablet_z=+482.44mm  tilt=1.2deg  bag_bottom=0.4790
[slot] wall_center_z=0.0510  insert_z(finger)=0.1330  hang=82mm
[slot] 봉투중심 보정 dy=+0.0mm -> finger_y=-0.0053 (봉투중심 y=-0.0053 = gap_cy -0.0053)
[slot] 봉투중심 보정 dx=-28.0mm -> finger_x=0.2405 (봉투중심 x=0.2125 = gap_cx 0.2125) — 실링이 측벽에 물린다
[sweep] Y_OFFSET_MM=+0.0mm -> target_xy=[ 0.24049766 -0.00527226]  (gap_cy=-0.0053)
[cam] side view 고정: pos=(np.float64(0.21249766187667846), np.float64(-0.5552722595214844), np.float64(0.169001227684021)) look=(np.float64(0.21249766187667846), np.float64(-0.005272259521484357), np.float64(0.169001227684021)) (gap_width=12.5mm, z범위 above=0.2870~insert=0.1330)

[ik] above-slot target=[ 0.24049766 -0.00527226  0.28700123]  arm_q=[-5.1308501e-01  4.4076264e-01  8.6770838e-01 -1.1173543e-05
  1.8327417e+00  4.1990771e+00]
    [above k=   0] tablet_z=+482.44mm bag_com=[0.00556838 0.258694   0.5243167 ]
    [above k=  40] tablet_z=+481.02mm bag_com=[0.00948519 0.25760752 0.5229467 ]
    [above k=  80] tablet_z=+473.11mm bag_com=[0.0308134  0.24739496 0.5147927 ]
    [above k= 120] tablet_z=+453.80mm bag_com=[0.07126772 0.22133566 0.49525774]
    [above k= 160] tablet_z=+419.75mm bag_com=[0.11765033 0.17812255 0.46106958]
    [above k= 200] tablet_z=+373.12mm bag_com=[0.15932536 0.12711313 0.41309667]
    [above k= 240] tablet_z=+329.93mm bag_com=[0.18085995 0.08296638 0.35844785]
    [above k= 280] tablet_z=+287.13mm bag_com=[0.20484886 0.03127273 0.30739763]
    [above k= 320] tablet_z=+257.36mm bag_com=[0.2095069  0.01122439 0.2702544 ]
    [above k= 360] tablet_z=+241.43mm bag_com=[ 0.21249482 -0.00756234  0.2528456 ]
[phase] above    @done  bag_com=[ 0.21270493 -0.00636673  0.24960376]  finger_z=0.2868  tablet_z=+237.92mm  tilt=5.6deg  bag_bottom=0.2043
[phase] aboveset @done  bag_com=[ 0.21284352 -0.00700746  0.24946816]  finger_z=0.2868  tablet_z=+217.14mm  tilt=5.8deg  bag_bottom=0.2043
[ik] insert target=[ 0.24049766 -0.00527226  0.13300123]  웨이포인트 41개(카테시안 직선)  arm_q=[-5.1307809e-01  4.2122933e-01  1.3185056e+00  8.9892252e-05
  1.4014775e+00  4.1990924e+00]
    [insert k=   0] tablet_z=+216.92mm bag_com=[ 0.21279225 -0.0069994   0.24931036]
    [insert k=  40] tablet_z=+213.49mm bag_com=[ 0.21284145 -0.00699203  0.24794276]
    [insert k=  80] tablet_z=+203.39mm bag_com=[ 0.21289034 -0.00720438  0.24028137]
    [insert k= 120] tablet_z=+186.12mm bag_com=[ 0.2129073  -0.00723256  0.22385767]
    [insert k= 160] tablet_z=+161.73mm bag_com=[ 0.21290953 -0.00648268  0.19987945]
    [insert k= 200] tablet_z=+135.96mm bag_com=[ 0.21305211 -0.00439656  0.171626  ]
    [insert k= 240] tablet_z=+112.48mm bag_com=[ 0.21292569 -0.00688027  0.14367156]
    [insert k= 280] tablet_z=+87.30mm bag_com=[ 0.21295047 -0.00637872  0.12000472]
    [insert k= 320] tablet_z=+68.51mm bag_com=[ 0.21294998 -0.00687147  0.10404584]
    [insert k= 360] tablet_z=+58.92mm bag_com=[ 0.21298224 -0.00697394  0.09661958]
[phase] insert   @done  bag_com=[ 0.21299197 -0.00694708  0.09537878]  finger_z=0.1328  tablet_z=+55.31mm  tilt=6.0deg  bag_bottom=0.0503
[phase] settle2  @done  bag_com=[ 0.2130177  -0.00696832  0.0953516 ]  finger_z=0.1328  tablet_z=+53.65mm  tilt=6.0deg  bag_bottom=0.0502
[trim] TRIM_ROUNDS=0 — 생략(기본값). settle2 시점 bag_bottom 오차 +0.8mm 를 그대로 결과로 쓴다.
[trim] 최종 finger_z=0.1330  (초기 0.1330, 하한 0.1030)

[phase] 9 clamp (4.3s) — Left_Wall +6.0mm 에서 **속도지령** 8.0mm/s 로 계속 닫음 (docs §11-5), lead 20.0mm = 정지 시 100N, 가드 -17.0mm
    [clamp t= 0.00s] wall=  +5.96mm v=  +0.08mm/s  본체면 잔여 +23.46mm  bag_com=[ 0.2130177  -0.00696833  0.0953516 ]
    [clamp t= 0.17s] wall=  +4.61mm v=  +2.73mm/s  본체면 잔여 +22.11mm  bag_com=[ 0.21301816 -0.00696627  0.09534935]
    [clamp t= 0.34s] wall=  +3.27mm v=  +5.38mm/s  본체면 잔여 +20.77mm  bag_com=[ 0.21302633 -0.00696506  0.09534029]
    [clamp t= 0.51s] wall=  +1.92mm v=  +8.04mm/s  본체면 잔여 +19.42mm  bag_com=[ 0.21303499 -0.00680722  0.09532229]
    [clamp t= 0.68s] wall=  +0.57mm v= +10.69mm/s  본체면 잔여 +18.07mm  bag_com=[ 0.2130449  -0.00616953  0.09528926]
    [clamp t= 0.85s] wall=  -0.77mm v= +13.36mm/s  본체면 잔여 +16.73mm  bag_com=[ 0.2130791  -0.00541787  0.09525444]
    [clamp t= 1.02s] wall=  -2.12mm v= +16.01mm/s  본체면 잔여 +15.38mm  bag_com=[ 0.21313241 -0.00469638  0.09523015]
    [clamp t= 1.19s] wall=  -3.47mm v= +18.61mm/s  본체면 잔여 +14.03mm  bag_com=[ 0.21319349 -0.00403665  0.09522789]
    [clamp t= 1.36s] wall=  -4.81mm v= +21.36mm/s  본체면 잔여 +12.69mm  bag_com=[ 0.21324594 -0.00324034  0.09526188]
    [clamp t= 1.53s] wall=  -6.16mm v= +24.05mm/s  본체면 잔여 +11.34mm  bag_com=[ 0.21330217 -0.00239765  0.09534065]
    [clamp t= 1.70s] wall=  -7.51mm v= +25.94mm/s  본체면 잔여  +9.99mm  bag_com=[ 0.213392   -0.00193894  0.09543301]
    [clamp t= 1.87s] wall=  -8.82mm v= +35.71mm/s  본체면 잔여  +8.68mm  bag_com=[ 0.21342832 -0.0016045   0.09552267]
    [clamp t= 2.04s] wall= -10.30mm v= +13.00mm/s  본체면 잔여  +7.20mm  bag_com=[ 0.21344069 -0.00137874  0.09564324]
    [clamp t= 2.21s] wall= -11.78mm v= -12.41mm/s  본체면 잔여  +5.72mm  bag_com=[ 0.21347149 -0.00120533  0.09578121]
    [clamp t= 2.38s] wall= -12.74mm v= -48.12mm/s  본체면 잔여  +4.76mm  bag_com=[ 0.21349321 -0.00100654  0.09590673]
    [clamp t= 2.55s] wall= -12.78mm v= -56.27mm/s  본체면 잔여  +4.72mm  bag_com=[ 0.2134945  -0.0009772   0.09592132]
    [clamp t= 2.72s] wall= -12.79mm v= -57.51mm/s  본체면 잔여  +4.71mm  bag_com=[ 0.21349177 -0.00097073  0.09592041]
    [clamp t= 2.89s] wall= -12.79mm v= -57.99mm/s  본체면 잔여  +4.71mm  bag_com=[ 0.2134872 -0.0009697  0.0959178]
    [clamp t= 3.06s] wall= -12.79mm v= -58.31mm/s  본체면 잔여  +4.71mm  bag_com=[ 0.21348159 -0.00097624  0.09591906]
    [clamp t= 3.23s] wall= -12.79mm v= -58.58mm/s  본체면 잔여  +4.71mm  bag_com=[ 0.21347769 -0.0009742   0.09591653]
    [clamp t= 3.40s] wall= -12.79mm v= -58.79mm/s  본체면 잔여  +4.71mm  bag_com=[ 0.2134744  -0.00097042  0.09591398]
    [clamp t= 3.57s] wall= -12.79mm v= -58.96mm/s  본체면 잔여  +4.71mm  bag_com=[ 0.21347134 -0.00096587  0.09591119]
    [clamp t= 3.74s] wall= -12.80mm v= -59.09mm/s  본체면 잔여  +4.70mm  bag_com=[ 0.21346834 -0.00096122  0.09590845]
    [clamp t= 3.91s] wall= -12.80mm v= -59.20mm/s  본체면 잔여  +4.70mm  bag_com=[ 0.21346563 -0.00095623  0.09590563]
    [clamp t= 4.08s] wall= -12.80mm v= -59.30mm/s  본체면 잔여  +4.70mm  bag_com=[ 0.21346319 -0.00095113  0.09590269]
    [clamp t= 4.25s] wall= -12.80mm v= -59.40mm/s  본체면 잔여  +4.70mm  bag_com=[ 0.2134607  -0.00094578  0.09589979]
[phase] clamp    @done  wall=-12.80mm  (잔여: 플랜지면 -0.30mm / 본체면 4.70mm)  bag_com=[ 0.21345991 -0.00094402  0.09589884]
[clamp] 봉투 반력에 막혀 정지  (가드 -17.00mm, 최종 v=-59.43mm/s)
    [hold2 k=   0] tablet_z=+55.72mm bag_com=[ 0.21345982 -0.00094387  0.09589873]
    [hold2 k=  40] tablet_z=+55.72mm bag_com=[ 0.21345723 -0.0009375   0.09589514]
    [hold2 k=  80] tablet_z=+55.73mm bag_com=[ 0.213455   -0.00093179  0.09589121]
[phase] hold2    @done  bag_com=[ 0.21345471 -0.00091854  0.09588289]  finger_z=0.1328  tablet_z=+55.73mm  tilt=1.6deg  bag_bottom=0.0521

[phase] 11 crush (2s, 400 step) — 크랭크 8.0 RPM (0.8378 rad/s) 연속 회전 ≈ 0.3 바퀴
[ctrl] crank torque clip: ±12.5 N·m (docs/Crusher.md §2-2), kv=5000 — velocity 제어
[crush] 시작 정제 크기 5.03 x 3.78 x 3.93 mm
    [crush t=  0.0s] crank=    +0.0deg ( 0.02 RPM)  wall=-12.80mm  정제  5.03x 3.78x 3.93mm
    [crush t=  0.0s] crank=    +0.0deg ( 0.02 RPM)  wall=-12.80mm  정제  5.03x 3.78x 3.93mm
    [crush t=  0.0s] crank=    +0.0deg ( 0.02 RPM)  wall=-12.80mm  정제  5.03x 3.78x 3.93mm
    [crush t=  0.0s] crank=    +0.0deg ( 0.02 RPM)  wall=-12.80mm  정제  5.03x 3.78x 3.93mm
    [crush t=  0.0s] crank=    +0.0deg ( 0.02 RPM)  wall=-12.80mm  정제  5.03x 3.78x 3.93mm
    [crush t=  0.0s] crank=    +0.0deg ( 0.02 RPM)  wall=-12.80mm  정제  5.03x 3.78x 3.93mm
    [crush t=  0.0s] crank=    +0.0deg ( 0.02 RPM)  wall=-12.80mm  정제  5.03x 3.78x 3.93mm
    [crush t=  0.0s] crank=    +0.0deg ( 0.02 RPM)  wall=-12.80mm  정제  5.03x 3.78x 3.93mm
    [crush t=  0.0s] crank=    +0.0deg ( 0.02 RPM)  wall=-12.80mm  정제  5.03x 3.78x 3.93mm
    [crush t=  0.0s] crank=    +0.0deg ( 0.02 RPM)  wall=-12.80mm  정제  5.03x 3.78x 3.93mm
    [crush t=  0.1s] crank=    +0.0deg ( 0.02 RPM)  wall=-12.80mm  정제  5.03x 3.78x 3.93mm
    [crush t=  0.1s] crank=    +0.0deg ( 0.02 RPM)  wall=-12.80mm  정제  5.03x 3.78x 3.93mm
    [crush t=  0.1s] crank=    +0.0deg ( 0.02 RPM)  wall=-12.80mm  정제  5.03x 3.78x 3.93mm
    [crush t=  0.1s] crank=    +0.0deg ( 0.02 RPM)  wall=-12.80mm  정제  5.03x 3.78x 3.93mm
    [crush t=  0.1s] crank=    +0.0deg ( 0.02 RPM)  wall=-12.80mm  정제  5.03x 3.78x 3.93mm
    [crush t=  0.1s] crank=    +0.0deg ( 0.02 RPM)  wall=-12.80mm  정제  5.03x 3.78x 3.93mm
    [crush t=  0.1s] crank=    +0.0deg ( 0.02 RPM)  wall=-12.80mm  정제  5.03x 3.78x 3.93mm
    [crush t=  0.1s] crank=    +0.0deg ( 0.02 RPM)  wall=-12.80mm  정제  5.03x 3.78x 3.93mm
    [crush t=  0.1s] crank=    +0.0deg ( 0.02 RPM)  wall=-12.80mm  정제  5.03x 3.78x 3.93mm
    [crush t=  0.1s] crank=    +0.0deg ( 0.02 RPM)  wall=-12.80mm  정제  5.03x 3.78x 3.93mm
    [crush t=  0.1s] crank=    +0.0deg ( 0.02 RPM)  wall=-12.80mm  정제  5.03x 3.78x 3.93mm
    [crush t=  0.1s] crank=    +0.0deg ( 0.02 RPM)  wall=-12.80mm  정제  5.03x 3.78x 3.93mm
    [crush t=  0.1s] crank=    +0.0deg ( 0.02 RPM)  wall=-12.80mm  정제  5.03x 3.78x 3.93mm
    [crush t=  0.1s] crank=    +0.0deg ( 0.02 RPM)  wall=-12.80mm  정제  5.03x 3.78x 3.93mm
    [crush t=  0.1s] crank=    +0.0deg ( 0.02 RPM)  wall=-12.80mm  정제  5.03x 3.78x 3.93mm
    [crush t=  0.1s] crank=    +0.0deg ( 0.02 RPM)  wall=-12.80mm  정제  5.03x 3.78x 3.93mm
    [crush t=  0.1s] crank=    +0.0deg ( 0.02 RPM)  wall=-12.80mm  정제  5.03x 3.78x 3.93mm
    [crush t=  0.1s] crank=    +0.0deg ( 0.02 RPM)  wall=-12.80mm  정제  5.03x 3.78x 3.93mm
    [crush t=  0.1s] crank=    +0.0deg ( 0.02 RPM)  wall=-12.80mm  정제  5.03x 3.78x 3.93mm
    [crush t=  0.1s] crank=    +0.0deg ( 0.02 RPM)  wall=-12.80mm  정제  5.03x 3.78x 3.93mm
    [crush t=  0.1s] crank=    +0.0deg ( 0.02 RPM)  wall=-12.80mm  정제  5.03x 3.78x 3.93mm
    [crush t=  0.2s] crank=    +0.0deg ( 0.02 RPM)  wall=-12.80mm  정제  5.03x 3.78x 3.93mm
    [crush t=  0.2s] crank=    +0.0deg ( 0.02 RPM)  wall=-12.80mm  정제  5.03x 3.78x 3.93mm
    [crush t=  0.2s] crank=    +0.0deg ( 0.02 RPM)  wall=-12.80mm  정제  5.03x 3.78x 3.93mm
    [crush t=  0.2s] crank=    +0.0deg ( 0.02 RPM)  wall=-12.80mm  정제  5.03x 3.78x 3.93mm
    [crush t=  0.2s] crank=    +0.0deg ( 0.02 RPM)  wall=-12.80mm  정제  5.03x 3.78x 3.93mm
    [crush t=  0.2s] crank=    +0.0deg ( 0.02 RPM)  wall=-12.80mm  정제  5.03x 3.78x 3.93mm
    [crush t=  0.2s] crank=    +0.0deg ( 0.02 RPM)  wall=-12.80mm  정제  5.03x 3.78x 3.93mm
    [crush t=  0.2s] crank=    +0.0deg ( 0.02 RPM)  wall=-12.80mm  정제  5.03x 3.78x 3.93mm
    [crush t=  0.2s] crank=    +0.0deg ( 0.02 RPM)  wall=-12.80mm  정제  5.03x 3.78x 3.93mm
    [crush t=  0.2s] crank=    +0.0deg ( 0.02 RPM)  wall=-12.80mm  정제  5.03x 3.78x 3.93mm
    [crush t=  0.2s] crank=    +0.0deg ( 0.02 RPM)  wall=-12.80mm  정제  5.03x 3.78x 3.93mm
    [crush t=  0.2s] crank=    +0.0deg ( 0.02 RPM)  wall=-12.80mm  정제  5.03x 3.78x 3.93mm
    [crush t=  0.2s] crank=    +0.0deg ( 0.02 RPM)  wall=-12.80mm  정제  5.03x 3.78x 3.93mm
    [crush t=  0.2s] crank=    +0.0deg ( 0.02 RPM)  wall=-12.80mm  정제  5.03x 3.78x 3.93mm
    [crush t=  0.2s] crank=    +0.0deg ( 0.02 RPM)  wall=-12.80mm  정제  5.03x 3.78x 3.93mm
    [crush t=  0.2s] crank=    +0.0deg ( 0.02 RPM)  wall=-12.80mm  정제  5.03x 3.78x 3.93mm
    [crush t=  0.2s] crank=    +0.0deg ( 0.02 RPM)  wall=-12.80mm  정제  5.03x 3.78x 3.93mm
    [crush t=  0.2s] crank=    +0.0deg ( 0.02 RPM)  wall=-12.80mm  정제  5.03x 3.78x 3.93mm
    [crush t=  0.2s] crank=    +0.0deg ( 0.02 RPM)  wall=-12.80mm  정제  5.03x 3.78x 3.93mm
    [crush t=  0.2s] crank=    +0.0deg ( 0.02 RPM)  wall=-12.80mm  정제  5.03x 3.78x 3.93mm
    [crush t=  0.3s] crank=    +0.0deg ( 0.02 RPM)  wall=-12.80mm  정제  5.03x 3.78x 3.93mm
    [crush t=  0.3s] crank=    +0.0deg ( 0.02 RPM)  wall=-12.80mm  정제  5.03x 3.78x 3.93mm
    [crush t=  0.3s] crank=    +0.0deg ( 0.02 RPM)  wall=-12.80mm  정제  5.03x 3.78x 3.93mm
    [crush t=  0.3s] crank=    +0.0deg ( 0.02 RPM)  wall=-12.80mm  정제  5.03x 3.78x 3.93mm
    [crush t=  0.3s] crank=    +0.0deg ( 0.02 RPM)  wall=-12.80mm  정제  5.03x 3.78x 3.93mm
    [crush t=  0.3s] crank=    +0.0deg ( 0.02 RPM)  wall=-12.80mm  정제  5.03x 3.78x 3.93mm
    [crush t=  0.3s] crank=    +0.0deg ( 0.02 RPM)  wall=-12.80mm  정제  5.03x 3.78x 3.93mm
    [crush t=  0.3s] crank=    +0.0deg ( 0.02 RPM)  wall=-12.80mm  정제  5.03x 3.78x 3.93mm
    [crush t=  0.3s] crank=    +0.0deg ( 0.02 RPM)  wall=-12.80mm  정제  5.03x 3.78x 3.93mm
    [crush t=  0.3s] crank=    +0.0deg ( 0.02 RPM)  wall=-12.80mm  정제  5.03x 3.78x 3.93mm
    [crush t=  0.3s] crank=    +0.0deg ( 0.02 RPM)  wall=-12.80mm  정제  5.03x 3.78x 3.93mm
    [crush t=  0.3s] crank=    +0.0deg ( 0.02 RPM)  wall=-12.80mm  정제  5.03x 3.78x 3.93mm
    [crush t=  0.3s] crank=    +0.0deg ( 0.02 RPM)  wall=-12.80mm  정제  5.03x 3.78x 3.93mm
    [crush t=  0.3s] crank=    +0.0deg ( 0.02 RPM)  wall=-12.80mm  정제  5.03x 3.78x 3.93mm
    [crush t=  0.3s] crank=    +0.0deg ( 0.02 RPM)  wall=-12.80mm  정제  5.03x 3.78x 3.93mm
    [crush t=  0.3s] crank=    +0.0deg ( 0.02 RPM)  wall=-12.80mm  정제  5.03x 3.78x 3.93mm
    [crush t=  0.3s] crank=    +0.0deg ( 0.02 RPM)  wall=-12.80mm  정제  5.03x 3.78x 3.93mm
    [crush t=  0.3s] crank=    +0.0deg ( 0.02 RPM)  wall=-12.80mm  정제  5.03x 3.78x 3.93mm
    [crush t=  0.3s] crank=    +0.0deg ( 0.02 RPM)  wall=-12.80mm  정제  5.03x 3.78x 3.93mm
    [crush t=  0.4s] crank=    +0.1deg ( 0.02 RPM)  wall=-12.80mm  정제  5.03x 3.78x 3.93mm
    [crush t=  0.4s] crank=    +0.1deg ( 0.02 RPM)  wall=-12.80mm  정제  5.03x 3.78x 3.93mm
    [crush t=  0.4s] crank=    +0.1deg ( 0.02 RPM)  wall=-12.80mm  정제  5.03x 3.78x 3.93mm
    [crush t=  0.4s] crank=    +0.1deg ( 0.02 RPM)  wall=-12.80mm  정제  5.03x 3.78x 3.93mm
    [crush t=  0.4s] crank=    +0.1deg ( 0.02 RPM)  wall=-12.80mm  정제  5.03x 3.78x 3.93mm
    [crush t=  0.4s] crank=    +0.1deg ( 0.02 RPM)  wall=-12.80mm  정제  5.03x 3.78x 3.93mm
    [crush t=  0.4s] crank=    +0.1deg ( 0.02 RPM)  wall=-12.80mm  정제  5.03x 3.79x 3.93mm
    [crush t=  0.4s] crank=    +0.1deg ( 0.02 RPM)  wall=-12.80mm  정제  5.03x 3.79x 3.93mm
    [crush t=  0.4s] crank=    +0.1deg ( 0.02 RPM)  wall=-12.80mm  정제  5.03x 3.79x 3.93mm
    [crush t=  0.4s] crank=    +0.1deg ( 0.02 RPM)  wall=-12.80mm  정제  5.03x 3.79x 3.93mm
    [crush t=  0.4s] crank=    +0.1deg ( 0.02 RPM)  wall=-12.80mm  정제  5.03x 3.79x 3.93mm
    [crush t=  0.4s] crank=    +0.1deg ( 0.02 RPM)  wall=-12.80mm  정제  5.03x 3.79x 3.93mm
    [crush t=  0.4s] crank=    +0.1deg ( 0.02 RPM)  wall=-12.80mm  정제  5.03x 3.79x 3.93mm
    [crush t=  0.4s] crank=    +0.1deg ( 0.02 RPM)  wall=-12.80mm  정제  5.03x 3.79x 3.93mm
    [crush t=  0.4s] crank=    +0.1deg ( 0.02 RPM)  wall=-12.80mm  정제  5.03x 3.79x 3.93mm
    [crush t=  0.4s] crank=    +0.1deg ( 0.02 RPM)  wall=-12.80mm  정제  5.03x 3.79x 3.93mm
    [crush t=  0.4s] crank=    +0.1deg ( 0.02 RPM)  wall=-12.80mm  정제  5.03x 3.79x 3.93mm
    [crush t=  0.4s] crank=    +0.1deg ( 0.02 RPM)  wall=-12.80mm  정제  5.03x 3.79x 3.93mm
    [crush t=  0.4s] crank=    +0.1deg ( 0.02 RPM)  wall=-12.80mm  정제  5.03x 3.79x 3.93mm
    [crush t=  0.4s] crank=    +0.1deg ( 0.02 RPM)  wall=-12.80mm  정제  5.03x 3.79x 3.93mm
    [crush t=  0.5s] crank=    +0.1deg ( 0.02 RPM)  wall=-12.80mm  정제  5.03x 3.79x 3.93mm
    [crush t=  0.5s] crank=    +0.1deg ( 0.02 RPM)  wall=-12.80mm  정제  5.03x 3.79x 3.93mm
    [crush t=  0.5s] crank=    +0.1deg ( 0.02 RPM)  wall=-12.80mm  정제  5.03x 3.79x 3.93mm
    [crush t=  0.5s] crank=    +0.1deg ( 0.02 RPM)  wall=-12.80mm  정제  5.03x 3.79x 3.93mm
    [crush t=  0.5s] crank=    +0.1deg ( 0.02 RPM)  wall=-12.80mm  정제  5.03x 3.79x 3.93mm
    [crush t=  0.5s] crank=    +0.1deg ( 0.02 RPM)  wall=-12.80mm  정제  5.03x 3.79x 3.93mm
    [crush t=  0.5s] crank=    +0.1deg ( 0.02 RPM)  wall=-12.80mm  정제  5.03x 3.79x 3.93mm
    [crush t=  0.5s] crank=    +0.1deg ( 0.02 RPM)  wall=-12.80mm  정제  5.03x 3.79x 3.93mm
    [crush t=  0.5s] crank=    +0.1deg ( 0.02 RPM)  wall=-12.80mm  정제  5.03x 3.79x 3.93mm
    [crush t=  0.5s] crank=    +0.1deg ( 0.02 RPM)  wall=-12.80mm  정제  5.03x 3.79x 3.93mm
    [crush t=  0.5s] crank=    +0.1deg ( 0.02 RPM)  wall=-12.80mm  정제  5.03x 3.79x 3.93mm
    [crush t=  0.5s] crank=    +0.1deg ( 0.02 RPM)  wall=-12.80mm  정제  5.03x 3.79x 3.93mm
    [crush t=  0.5s] crank=    +0.1deg ( 0.02 RPM)  wall=-12.80mm  정제  5.03x 3.79x 3.93mm
    [crush t=  0.5s] crank=    +0.1deg ( 0.02 RPM)  wall=-12.80mm  정제  5.03x 3.79x 3.93mm
    [crush t=  0.5s] crank=    +0.1deg ( 0.02 RPM)  wall=-12.80mm  정제  5.03x 3.79x 3.93mm
    [crush t=  0.5s] crank=    +0.1deg ( 0.02 RPM)  wall=-12.80mm  정제  5.03x 3.79x 3.93mm
    [crush t=  0.5s] crank=    +0.1deg ( 0.02 RPM)  wall=-12.80mm  정제  5.03x 3.79x 3.93mm
    [crush t=  0.5s] crank=    +0.1deg ( 0.02 RPM)  wall=-12.80mm  정제  5.03x 3.79x 3.93mm
    [crush t=  0.5s] crank=    +0.1deg ( 0.02 RPM)  wall=-12.80mm  정제  5.03x 3.79x 3.93mm
    [crush t=  0.5s] crank=    +0.1deg ( 0.02 RPM)  wall=-12.80mm  정제  5.03x 3.79x 3.93mm
    [crush t=  0.6s] crank=    +0.1deg ( 0.02 RPM)  wall=-12.80mm  정제  5.03x 3.79x 3.93mm
    [crush t=  0.6s] crank=    +0.1deg ( 0.02 RPM)  wall=-12.80mm  정제  5.03x 3.79x 3.93mm
    [crush t=  0.6s] crank=    +0.1deg ( 0.02 RPM)  wall=-12.80mm  정제  5.03x 3.79x 3.93mm
    [crush t=  0.6s] crank=    +0.1deg ( 0.02 RPM)  wall=-12.80mm  정제  5.03x 3.79x 3.93mm
    [crush t=  0.6s] crank=    +0.1deg ( 0.02 RPM)  wall=-12.80mm  정제  5.03x 3.79x 3.93mm
    [crush t=  0.6s] crank=    +0.1deg ( 0.02 RPM)  wall=-12.80mm  정제  5.03x 3.79x 3.93mm
    [crush t=  0.6s] crank=    +0.1deg ( 0.02 RPM)  wall=-12.80mm  정제  5.03x 3.79x 3.93mm
    [crush t=  0.6s] crank=    +0.1deg ( 0.02 RPM)  wall=-12.80mm  정제  5.03x 3.79x 3.93mm
    [crush t=  0.6s] crank=    +0.1deg ( 0.02 RPM)  wall=-12.80mm  정제  5.03x 3.79x 3.93mm
    [crush t=  0.6s] crank=    +0.1deg ( 0.02 RPM)  wall=-12.80mm  정제  5.03x 3.79x 3.93mm
    [crush t=  0.6s] crank=    +0.1deg ( 0.02 RPM)  wall=-12.80mm  정제  5.03x 3.79x 3.93mm
    [crush t=  0.6s] crank=    +0.1deg ( 0.02 RPM)  wall=-12.80mm  정제  5.03x 3.79x 3.93mm
    [crush t=  0.6s] crank=    +0.1deg ( 0.02 RPM)  wall=-12.80mm  정제  5.03x 3.79x 3.93mm
    [crush t=  0.6s] crank=    +0.1deg ( 0.02 RPM)  wall=-12.80mm  정제  5.03x 3.79x 3.93mm
    [crush t=  0.6s] crank=    +0.1deg ( 0.02 RPM)  wall=-12.80mm  정제  5.03x 3.79x 3.93mm
    [crush t=  0.6s] crank=    +0.1deg ( 0.02 RPM)  wall=-12.80mm  정제  5.03x 3.79x 3.93mm
    [crush t=  0.6s] crank=    +0.1deg ( 0.02 RPM)  wall=-12.80mm  정제  5.03x 3.79x 3.93mm
    [crush t=  0.6s] crank=    +0.1deg ( 0.02 RPM)  wall=-12.80mm  정제  5.03x 3.79x 3.93mm
    [crush t=  0.6s] crank=    +0.1deg ( 0.02 RPM)  wall=-12.80mm  정제  5.03x 3.79x 3.93mm
    [crush t=  0.6s] crank=    +0.1deg ( 0.02 RPM)  wall=-12.80mm  정제  5.03x 3.79x 3.93mm
    [crush t=  0.7s] crank=    +0.1deg ( 0.02 RPM)  wall=-12.80mm  정제  5.03x 3.79x 3.93mm
    [crush t=  0.7s] crank=    +0.1deg ( 0.02 RPM)  wall=-12.80mm  정제  5.03x 3.79x 3.93mm
    [crush t=  0.7s] crank=    +0.1deg ( 0.02 RPM)  wall=-12.80mm  정제  5.03x 3.79x 3.93mm
    [crush t=  0.7s] crank=    +0.1deg ( 0.02 RPM)  wall=-12.80mm  정제  5.03x 3.79x 3.93mm
    [crush t=  0.7s] crank=    +0.1deg ( 0.02 RPM)  wall=-12.80mm  정제  5.03x 3.79x 3.93mm
    [crush t=  0.7s] crank=    +0.1deg ( 0.02 RPM)  wall=-12.80mm  정제  5.03x 3.79x 3.93mm
    [crush t=  0.7s] crank=    +0.1deg ( 0.02 RPM)  wall=-12.80mm  정제  5.03x 3.79x 3.93mm
    [crush t=  0.7s] crank=    +0.1deg ( 0.02 RPM)  wall=-12.80mm  정제  5.03x 3.79x 3.93mm
    [crush t=  0.7s] crank=    +0.1deg ( 0.02 RPM)  wall=-12.80mm  정제  5.03x 3.79x 3.93mm
    [crush t=  0.7s] crank=    +0.1deg ( 0.02 RPM)  wall=-12.80mm  정제  5.03x 3.79x 3.93mm
    [crush t=  0.7s] crank=    +0.1deg ( 0.02 RPM)  wall=-12.80mm  정제  5.03x 3.79x 3.93mm
    [crush t=  0.7s] crank=    +0.1deg ( 0.02 RPM)  wall=-12.80mm  정제  5.03x 3.79x 3.93mm
    [crush t=  0.7s] crank=    +0.1deg ( 0.02 RPM)  wall=-12.80mm  정제  5.03x 3.79x 3.93mm
    [crush t=  0.7s] crank=    +0.1deg ( 0.02 RPM)  wall=-12.80mm  정제  5.03x 3.79x 3.93mm
    [crush t=  0.7s] crank=    +0.1deg ( 0.02 RPM)  wall=-12.80mm  정제  5.03x 3.79x 3.93mm
    [crush t=  0.7s] crank=    +0.1deg ( 0.02 RPM)  wall=-12.80mm  정제  5.03x 3.79x 3.93mm
    [crush t=  0.7s] crank=    +0.1deg ( 0.02 RPM)  wall=-12.80mm  정제  5.03x 3.79x 3.93mm
    [crush t=  0.7s] crank=    +0.1deg ( 0.02 RPM)  wall=-12.80mm  정제  5.03x 3.79x 3.93mm
    [crush t=  0.7s] crank=    +0.1deg ( 0.02 RPM)  wall=-12.80mm  정제  5.03x 3.79x 3.93mm
    [crush t=  0.7s] crank=    +0.1deg ( 0.02 RPM)  wall=-12.80mm  정제  5.03x 3.79x 3.93mm
    [crush t=  0.8s] crank=    +0.1deg ( 0.02 RPM)  wall=-12.80mm  정제  5.03x 3.79x 3.93mm
    [crush t=  0.8s] crank=    +0.1deg ( 0.02 RPM)  wall=-12.80mm  정제  5.03x 3.79x 3.93mm
    [crush t=  0.8s] crank=    +0.1deg ( 0.02 RPM)  wall=-12.80mm  정제  5.03x 3.79x 3.93mm
    [crush t=  0.8s] crank=    +0.1deg ( 0.02 RPM)  wall=-12.80mm  정제  5.03x 3.79x 3.93mm
    [crush t=  0.8s] crank=    +0.1deg ( 0.02 RPM)  wall=-12.80mm  정제  5.03x 3.79x 3.93mm
    [crush t=  0.8s] crank=    +0.1deg ( 0.02 RPM)  wall=-12.80mm  정제  5.03x 3.79x 3.93mm
    [crush t=  0.8s] crank=    +0.1deg ( 0.02 RPM)  wall=-12.80mm  정제  5.03x 3.79x 3.93mm
    [crush t=  0.8s] crank=    +0.1deg ( 0.02 RPM)  wall=-12.80mm  정제  5.03x 3.79x 3.93mm
    [crush t=  0.8s] crank=    +0.1deg ( 0.02 RPM)  wall=-12.80mm  정제  5.03x 3.79x 3.93mm
    [crush t=  0.8s] crank=    +0.1deg ( 0.02 RPM)  wall=-12.80mm  정제  5.03x 3.79x 3.93mm
    [crush t=  0.8s] crank=    +0.1deg ( 0.02 RPM)  wall=-12.80mm  정제  5.03x 3.79x 3.93mm
    [crush t=  0.8s] crank=    +0.1deg ( 0.02 RPM)  wall=-12.80mm  정제  5.03x 3.79x 3.93mm
    [crush t=  0.8s] crank=    +0.1deg ( 0.02 RPM)  wall=-12.80mm  정제  5.03x 3.79x 3.93mm
    [crush t=  0.8s] crank=    +0.1deg ( 0.02 RPM)  wall=-12.80mm  정제  5.03x 3.79x 3.93mm
    [crush t=  0.8s] crank=    +0.1deg ( 0.02 RPM)  wall=-12.80mm  정제  5.03x 3.79x 3.93mm
    [crush t=  0.8s] crank=    +0.1deg ( 0.02 RPM)  wall=-12.80mm  정제  5.03x 3.79x 3.93mm
    [crush t=  0.8s] crank=    +0.1deg ( 0.02 RPM)  wall=-12.80mm  정제  5.03x 3.79x 3.93mm
    [crush t=  0.8s] crank=    +0.1deg ( 0.02 RPM)  wall=-12.80mm  정제  5.03x 3.79x 3.93mm
    [crush t=  0.8s] crank=    +0.1deg ( 0.02 RPM)  wall=-12.80mm  정제  5.03x 3.79x 3.93mm
    [crush t=  0.8s] crank=    +0.1deg ( 0.02 RPM)  wall=-12.80mm  정제  5.03x 3.79x 3.93mm
    [crush t=  0.8s] crank=    +0.1deg ( 0.02 RPM)  wall=-12.80mm  정제  5.03x 3.79x 3.93mm
    [crush t=  0.9s] crank=    +0.1deg ( 0.02 RPM)  wall=-12.80mm  정제  5.03x 3.79x 3.93mm
    [crush t=  0.9s] crank=    +0.1deg ( 0.02 RPM)  wall=-12.80mm  정제  5.03x 3.79x 3.93mm
    [crush t=  0.9s] crank=    +0.1deg ( 0.02 RPM)  wall=-12.80mm  정제  5.03x 3.79x 3.93mm
    [crush t=  0.9s] crank=    +0.1deg ( 0.02 RPM)  wall=-12.80mm  정제  5.03x 3.79x 3.93mm
    [crush t=  0.9s] crank=    +0.1deg ( 0.02 RPM)  wall=-12.80mm  정제  5.03x 3.79x 3.93mm
    [crush t=  0.9s] crank=    +0.1deg ( 0.02 RPM)  wall=-12.80mm  정제  5.03x 3.79x 3.93mm
    [crush t=  0.9s] crank=    +0.1deg ( 0.02 RPM)  wall=-12.80mm  정제  5.03x 3.79x 3.93mm
    [crush t=  0.9s] crank=    +0.1deg ( 0.02 RPM)  wall=-12.80mm  정제  5.03x 3.79x 3.93mm
    [crush t=  0.9s] crank=    +0.1deg ( 0.02 RPM)  wall=-12.80mm  정제  5.03x 3.79x 3.93mm
    [crush t=  0.9s] crank=    +0.1deg ( 0.02 RPM)  wall=-12.80mm  정제  5.03x 3.79x 3.93mm
    [crush t=  0.9s] crank=    +0.1deg ( 0.02 RPM)  wall=-12.80mm  정제  5.03x 3.79x 3.93mm
    [crush t=  0.9s] crank=    +0.1deg ( 0.02 RPM)  wall=-12.80mm  정제  5.03x 3.79x 3.93mm
    [crush t=  0.9s] crank=    +0.1deg ( 0.02 RPM)  wall=-12.80mm  정제  5.03x 3.79x 3.93mm
    [crush t=  0.9s] crank=    +0.1deg ( 0.02 RPM)  wall=-12.80mm  정제  5.03x 3.79x 3.93mm
    [crush t=  0.9s] crank=    +0.1deg ( 0.02 RPM)  wall=-12.80mm  정제  5.03x 3.79x 3.93mm
    [crush t=  0.9s] crank=    +0.1deg ( 0.02 RPM)  wall=-12.80mm  정제  5.03x 3.79x 3.93mm
    [crush t=  0.9s] crank=    +0.1deg ( 0.02 RPM)  wall=-12.80mm  정제  5.03x 3.79x 3.93mm
    [crush t=  0.9s] crank=    +0.1deg ( 0.02 RPM)  wall=-12.80mm  정제  5.03x 3.79x 3.93mm
    [crush t=  0.9s] crank=    +0.1deg ( 0.02 RPM)  wall=-12.80mm  정제  5.03x 3.79x 3.93mm
    [crush t=  1.0s] crank=    +0.1deg ( 0.02 RPM)  wall=-12.80mm  정제  5.03x 3.79x 3.93mm
    [crush t=  1.0s] crank=    +0.1deg ( 0.02 RPM)  wall=-12.80mm  정제  5.03x 3.79x 3.93mm
    [crush t=  1.0s] crank=    +0.1deg ( 0.02 RPM)  wall=-12.80mm  정제  5.03x 3.79x 3.93mm
    [crush t=  1.0s] crank=    +0.1deg ( 0.02 RPM)  wall=-12.80mm  정제  5.03x 3.79x 3.93mm
    [crush t=  1.0s] crank=    +0.1deg ( 0.02 RPM)  wall=-12.80mm  정제  5.03x 3.79x 3.93mm
    [crush t=  1.0s] crank=    +0.1deg ( 0.02 RPM)  wall=-12.80mm  정제  5.03x 3.79x 3.93mm
    [crush t=  1.0s] crank=    +0.1deg ( 0.02 RPM)  wall=-12.80mm  정제  5.03x 3.79x 3.93mm
    [crush t=  1.0s] crank=    +0.1deg ( 0.02 RPM)  wall=-12.80mm  정제  5.03x 3.79x 3.93mm
    [crush t=  1.0s] crank=    +0.1deg ( 0.02 RPM)  wall=-12.80mm  정제  5.03x 3.79x 3.93mm
    [crush t=  1.0s] crank=    +0.1deg ( 0.02 RPM)  wall=-12.80mm  정제  5.03x 3.79x 3.93mm
    [crush t=  1.0s] crank=    +0.1deg ( 0.02 RPM)  wall=-12.80mm  정제  5.03x 3.79x 3.93mm
    [crush t=  1.0s] crank=    +0.1deg ( 0.02 RPM)  wall=-12.80mm  정제  5.03x 3.79x 3.93mm
    [crush t=  1.0s] crank=    +0.1deg ( 0.02 RPM)  wall=-12.80mm  정제  5.03x 3.79x 3.93mm
    [crush t=  1.0s] crank=    +0.1deg ( 0.02 RPM)  wall=-12.80mm  정제  5.03x 3.79x 3.93mm
    [crush t=  1.0s] crank=    +0.1deg ( 0.02 RPM)  wall=-12.80mm  정제  5.03x 3.79x 3.93mm
    [crush t=  1.0s] crank=    +0.1deg ( 0.02 RPM)  wall=-12.80mm  정제  5.03x 3.79x 3.93mm
    [crush t=  1.0s] crank=    +0.1deg ( 0.02 RPM)  wall=-12.80mm  정제  5.03x 3.79x 3.93mm
    [crush t=  1.0s] crank=    +0.1deg ( 0.02 RPM)  wall=-12.80mm  정제  5.03x 3.79x 3.93mm
    [crush t=  1.0s] crank=    +0.1deg ( 0.02 RPM)  wall=-12.80mm  정제  5.03x 3.79x 3.93mm
    [crush t=  1.0s] crank=    +0.1deg ( 0.02 RPM)  wall=-12.80mm  정제  5.03x 3.79x 3.93mm
    [crush t=  1.1s] crank=    +0.1deg ( 0.02 RPM)  wall=-12.80mm  정제  5.03x 3.79x 3.93mm
    [crush t=  1.1s] crank=    +0.2deg ( 0.02 RPM)  wall=-12.80mm  정제  5.03x 3.79x 3.93mm
    [crush t=  1.1s] crank=    +0.2deg ( 0.02 RPM)  wall=-12.80mm  정제  5.03x 3.79x 3.93mm
    [crush t=  1.1s] crank=    +0.2deg ( 0.02 RPM)  wall=-12.80mm  정제  5.03x 3.79x 3.93mm
    [crush t=  1.1s] crank=    +0.2deg ( 0.02 RPM)  wall=-12.80mm  정제  5.03x 3.79x 3.93mm
    [crush t=  1.1s] crank=    +0.2deg ( 0.02 RPM)  wall=-12.80mm  정제  5.03x 3.79x 3.93mm
    [crush t=  1.1s] crank=    +0.2deg ( 0.02 RPM)  wall=-12.80mm  정제  5.03x 3.79x 3.93mm
    [crush t=  1.1s] crank=    +0.2deg ( 0.02 RPM)  wall=-12.80mm  정제  5.03x 3.79x 3.93mm
    [crush t=  1.1s] crank=    +0.2deg ( 0.02 RPM)  wall=-12.80mm  정제  5.03x 3.79x 3.93mm
    [crush t=  1.1s] crank=    +0.2deg ( 0.02 RPM)  wall=-12.80mm  정제  5.03x 3.79x 3.93mm
    [crush t=  1.1s] crank=    +0.2deg ( 0.02 RPM)  wall=-12.80mm  정제  5.03x 3.79x 3.93mm
    [crush t=  1.1s] crank=    +0.2deg ( 0.02 RPM)  wall=-12.80mm  정제  5.03x 3.79x 3.93mm
    [crush t=  1.1s] crank=    +0.2deg ( 0.02 RPM)  wall=-12.80mm  정제  5.03x 3.79x 3.93mm
    [crush t=  1.1s] crank=    +0.2deg ( 0.02 RPM)  wall=-12.80mm  정제  5.03x 3.79x 3.93mm
    [crush t=  1.1s] crank=    +0.2deg ( 0.02 RPM)  wall=-12.80mm  정제  5.03x 3.79x 3.93mm
    [crush t=  1.1s] crank=    +0.2deg ( 0.02 RPM)  wall=-12.80mm  정제  5.03x 3.79x 3.93mm
    [crush t=  1.1s] crank=    +0.2deg ( 0.02 RPM)  wall=-12.80mm  정제  5.03x 3.79x 3.93mm
    [crush t=  1.1s] crank=    +0.2deg ( 0.02 RPM)  wall=-12.80mm  정제  5.03x 3.79x 3.93mm
    [crush t=  1.1s] crank=    +0.2deg ( 0.02 RPM)  wall=-12.80mm  정제  5.03x 3.79x 3.93mm
    [crush t=  1.1s] crank=    +0.2deg ( 0.02 RPM)  wall=-12.80mm  정제  5.03x 3.79x 3.93mm
    [crush t=  1.2s] crank=    +0.2deg ( 0.02 RPM)  wall=-12.80mm  정제  5.03x 3.79x 3.93mm
    [crush t=  1.2s] crank=    +0.2deg ( 0.02 RPM)  wall=-12.80mm  정제  5.03x 3.79x 3.93mm
    [crush t=  1.2s] crank=    +0.2deg ( 0.02 RPM)  wall=-12.80mm  정제  5.03x 3.79x 3.93mm
    [crush t=  1.2s] crank=    +0.2deg ( 0.02 RPM)  wall=-12.80mm  정제  5.03x 3.79x 3.93mm
    [crush t=  1.2s] crank=    +0.2deg ( 0.02 RPM)  wall=-12.80mm  정제  5.03x 3.79x 3.93mm
    [crush t=  1.2s] crank=    +0.2deg ( 0.02 RPM)  wall=-12.80mm  정제  5.03x 3.79x 3.93mm
    [crush t=  1.2s] crank=    +0.2deg ( 0.02 RPM)  wall=-12.80mm  정제  5.03x 3.79x 3.93mm
    [crush t=  1.2s] crank=    +0.2deg ( 0.02 RPM)  wall=-12.80mm  정제  5.03x 3.79x 3.93mm
    [crush t=  1.2s] crank=    +0.2deg ( 0.02 RPM)  wall=-12.80mm  정제  5.03x 3.79x 3.93mm
    [crush t=  1.2s] crank=    +0.2deg ( 0.02 RPM)  wall=-12.80mm  정제  5.03x 3.79x 3.93mm
    [crush t=  1.2s] crank=    +0.2deg ( 0.02 RPM)  wall=-12.80mm  정제  5.03x 3.79x 3.93mm
    [crush t=  1.2s] crank=    +0.2deg ( 0.02 RPM)  wall=-12.80mm  정제  5.03x 3.79x 3.93mm
    [crush t=  1.2s] crank=    +0.2deg ( 0.02 RPM)  wall=-12.80mm  정제  5.03x 3.79x 3.93mm
    [crush t=  1.2s] crank=    +0.2deg ( 0.02 RPM)  wall=-12.80mm  정제  5.03x 3.79x 3.93mm
    [crush t=  1.2s] crank=    +0.2deg ( 0.02 RPM)  wall=-12.80mm  정제  5.03x 3.79x 3.93mm
    [crush t=  1.2s] crank=    +0.2deg ( 0.02 RPM)  wall=-12.80mm  정제  5.03x 3.79x 3.93mm
    [crush t=  1.2s] crank=    +0.2deg ( 0.02 RPM)  wall=-12.80mm  정제  5.03x 3.79x 3.93mm
    [crush t=  1.2s] crank=    +0.2deg ( 0.02 RPM)  wall=-12.80mm  정제  5.03x 3.79x 3.93mm
    [crush t=  1.2s] crank=    +0.2deg ( 0.02 RPM)  wall=-12.80mm  정제  5.03x 3.79x 3.93mm
    [crush t=  1.2s] crank=    +0.2deg ( 0.02 RPM)  wall=-12.80mm  정제  5.03x 3.79x 3.93mm
    [crush t=  1.2s] crank=    +0.2deg ( 0.02 RPM)  wall=-12.80mm  정제  5.03x 3.79x 3.93mm
    [crush t=  1.3s] crank=    +0.2deg ( 0.02 RPM)  wall=-12.80mm  정제  5.03x 3.80x 3.93mm
    [crush t=  1.3s] crank=    +0.2deg ( 0.02 RPM)  wall=-12.80mm  정제  5.03x 3.80x 3.93mm
    [crush t=  1.3s] crank=    +0.2deg ( 0.02 RPM)  wall=-12.80mm  정제  5.03x 3.80x 3.93mm
    [crush t=  1.3s] crank=    +0.2deg ( 0.02 RPM)  wall=-12.80mm  정제  5.03x 3.80x 3.93mm
    [crush t=  1.3s] crank=    +0.2deg ( 0.02 RPM)  wall=-12.80mm  정제  5.03x 3.80x 3.93mm
    [crush t=  1.3s] crank=    +0.2deg ( 0.02 RPM)  wall=-12.80mm  정제  5.03x 3.80x 3.93mm
    [crush t=  1.3s] crank=    +0.2deg ( 0.02 RPM)  wall=-12.80mm  정제  5.03x 3.80x 3.93mm
    [crush t=  1.3s] crank=    +0.2deg ( 0.02 RPM)  wall=-12.80mm  정제  5.03x 3.80x 3.93mm
    [crush t=  1.3s] crank=    +0.2deg ( 0.02 RPM)  wall=-12.80mm  정제  5.03x 3.80x 3.93mm
    [crush t=  1.3s] crank=    +0.2deg ( 0.02 RPM)  wall=-12.80mm  정제  5.03x 3.80x 3.93mm
    [crush t=  1.3s] crank=    +0.2deg ( 0.02 RPM)  wall=-12.80mm  정제  5.03x 3.80x 3.93mm
    [crush t=  1.3s] crank=    +0.2deg ( 0.02 RPM)  wall=-12.80mm  정제  5.03x 3.80x 3.93mm
    [crush t=  1.3s] crank=    +0.2deg ( 0.02 RPM)  wall=-12.80mm  정제  5.03x 3.80x 3.93mm
    [crush t=  1.3s] crank=    +0.2deg ( 0.02 RPM)  wall=-12.80mm  정제  5.03x 3.80x 3.93mm
    [crush t=  1.3s] crank=    +0.2deg ( 0.02 RPM)  wall=-12.80mm  정제  5.03x 3.80x 3.93mm
    [crush t=  1.3s] crank=    +0.2deg ( 0.02 RPM)  wall=-12.80mm  정제  5.03x 3.80x 3.93mm
    [crush t=  1.3s] crank=    +0.2deg ( 0.02 RPM)  wall=-12.80mm  정제  5.03x 3.80x 3.93mm
    [crush t=  1.3s] crank=    +0.2deg ( 0.02 RPM)  wall=-12.80mm  정제  5.03x 3.80x 3.93mm
    [crush t=  1.3s] crank=    +0.2deg ( 0.02 RPM)  wall=-12.80mm  정제  5.03x 3.80x 3.93mm
    [crush t=  1.4s] crank=    +0.2deg ( 0.02 RPM)  wall=-12.80mm  정제  5.03x 3.80x 3.93mm
    [crush t=  1.4s] crank=    +0.2deg ( 0.02 RPM)  wall=-12.80mm  정제  5.03x 3.80x 3.93mm
    [crush t=  1.4s] crank=    +0.2deg ( 0.02 RPM)  wall=-12.80mm  정제  5.03x 3.80x 3.93mm
    [crush t=  1.4s] crank=    +0.2deg ( 0.02 RPM)  wall=-12.80mm  정제  5.03x 3.80x 3.93mm
    [crush t=  1.4s] crank=    +0.2deg ( 0.02 RPM)  wall=-12.80mm  정제  5.03x 3.80x 3.93mm
    [crush t=  1.4s] crank=    +0.2deg ( 0.02 RPM)  wall=-12.80mm  정제  5.03x 3.80x 3.93mm
    [crush t=  1.4s] crank=    +0.2deg ( 0.02 RPM)  wall=-12.80mm  정제  5.03x 3.80x 3.93mm
    [crush t=  1.4s] crank=    +0.2deg ( 0.02 RPM)  wall=-12.80mm  정제  5.03x 3.80x 3.93mm
    [crush t=  1.4s] crank=    +0.2deg ( 0.02 RPM)  wall=-12.80mm  정제  5.03x 3.80x 3.93mm
    [crush t=  1.4s] crank=    +0.2deg ( 0.02 RPM)  wall=-12.80mm  정제  5.03x 3.80x 3.93mm
    [crush t=  1.4s] crank=    +0.2deg ( 0.02 RPM)  wall=-12.80mm  정제  5.03x 3.80x 3.93mm
    [crush t=  1.4s] crank=    +0.2deg ( 0.02 RPM)  wall=-12.80mm  정제  5.03x 3.80x 3.93mm
    [crush t=  1.4s] crank=    +0.2deg ( 0.02 RPM)  wall=-12.80mm  정제  5.03x 3.80x 3.93mm
    [crush t=  1.4s] crank=    +0.2deg ( 0.02 RPM)  wall=-12.80mm  정제  5.03x 3.80x 3.93mm
    [crush t=  1.4s] crank=    +0.2deg ( 0.02 RPM)  wall=-12.80mm  정제  5.03x 3.80x 3.93mm
    [crush t=  1.4s] crank=    +0.2deg ( 0.02 RPM)  wall=-12.80mm  정제  5.03x 3.80x 3.93mm
    [crush t=  1.4s] crank=    +0.2deg ( 0.02 RPM)  wall=-12.80mm  정제  5.03x 3.80x 3.93mm
    [crush t=  1.4s] crank=    +0.2deg ( 0.02 RPM)  wall=-12.80mm  정제  5.03x 3.80x 3.93mm
    [crush t=  1.4s] crank=    +0.2deg ( 0.02 RPM)  wall=-12.80mm  정제  5.03x 3.80x 3.93mm
    [crush t=  1.4s] crank=    +0.2deg ( 0.02 RPM)  wall=-12.80mm  정제  5.03x 3.80x 3.93mm
    [crush t=  1.4s] crank=    +0.2deg ( 0.02 RPM)  wall=-12.80mm  정제  5.03x 3.80x 3.93mm
    [crush t=  1.5s] crank=    +0.2deg ( 0.02 RPM)  wall=-12.80mm  정제  5.03x 3.80x 3.93mm
    [crush t=  1.5s] crank=    +0.2deg ( 0.02 RPM)  wall=-12.80mm  정제  5.03x 3.80x 3.93mm
    [crush t=  1.5s] crank=    +0.2deg ( 0.02 RPM)  wall=-12.80mm  정제  5.03x 3.80x 3.93mm
    [crush t=  1.5s] crank=    +0.2deg ( 0.02 RPM)  wall=-12.80mm  정제  5.03x 3.80x 3.93mm
    [crush t=  1.5s] crank=    +0.2deg ( 0.02 RPM)  wall=-12.80mm  정제  5.03x 3.80x 3.93mm
    [crush t=  1.5s] crank=    +0.2deg ( 0.02 RPM)  wall=-12.80mm  정제  5.03x 3.80x 3.93mm
    [crush t=  1.5s] crank=    +0.2deg ( 0.02 RPM)  wall=-12.80mm  정제  5.03x 3.80x 3.93mm
    [crush t=  1.5s] crank=    +0.2deg ( 0.02 RPM)  wall=-12.80mm  정제  5.03x 3.80x 3.93mm
    [crush t=  1.5s] crank=    +0.2deg ( 0.02 RPM)  wall=-12.80mm  정제  5.03x 3.80x 3.93mm
    [crush t=  1.5s] crank=    +0.2deg ( 0.02 RPM)  wall=-12.80mm  정제  5.03x 3.80x 3.93mm
    [crush t=  1.5s] crank=    +0.2deg ( 0.02 RPM)  wall=-12.80mm  정제  5.03x 3.80x 3.93mm
    [crush t=  1.5s] crank=    +0.2deg ( 0.02 RPM)  wall=-12.80mm  정제  5.03x 3.80x 3.93mm
    [crush t=  1.5s] crank=    +0.2deg ( 0.02 RPM)  wall=-12.80mm  정제  5.03x 3.80x 3.93mm
    [crush t=  1.5s] crank=    +0.2deg ( 0.02 RPM)  wall=-12.80mm  정제  5.03x 3.80x 3.93mm
    [crush t=  1.5s] crank=    +0.2deg ( 0.02 RPM)  wall=-12.80mm  정제  5.03x 3.80x 3.93mm
    [crush t=  1.5s] crank=    +0.2deg ( 0.02 RPM)  wall=-12.80mm  정제  5.03x 3.80x 3.93mm
    [crush t=  1.5s] crank=    +0.2deg ( 0.02 RPM)  wall=-12.80mm  정제  5.03x 3.80x 3.93mm
    [crush t=  1.5s] crank=    +0.2deg ( 0.02 RPM)  wall=-12.80mm  정제  5.03x 3.80x 3.93mm
    [crush t=  1.5s] crank=    +0.2deg ( 0.02 RPM)  wall=-12.80mm  정제  5.03x 3.80x 3.93mm
    [crush t=  1.6s] crank=    +0.2deg ( 0.02 RPM)  wall=-12.80mm  정제  5.03x 3.80x 3.93mm
    [crush t=  1.6s] crank=    +0.2deg ( 0.02 RPM)  wall=-12.80mm  정제  5.03x 3.80x 3.93mm
    [crush t=  1.6s] crank=    +0.2deg ( 0.02 RPM)  wall=-12.80mm  정제  5.03x 3.80x 3.93mm
    [crush t=  1.6s] crank=    +0.2deg ( 0.02 RPM)  wall=-12.80mm  정제  5.03x 3.80x 3.93mm
    [crush t=  1.6s] crank=    +0.2deg ( 0.02 RPM)  wall=-12.80mm  정제  5.03x 3.80x 3.93mm
    [crush t=  1.6s] crank=    +0.2deg ( 0.02 RPM)  wall=-12.80mm  정제  5.03x 3.80x 3.93mm
    [crush t=  1.6s] crank=    +0.2deg ( 0.02 RPM)  wall=-12.80mm  정제  5.03x 3.80x 3.93mm
    [crush t=  1.6s] crank=    +0.2deg ( 0.02 RPM)  wall=-12.80mm  정제  5.03x 3.80x 3.93mm
    [crush t=  1.6s] crank=    +0.2deg ( 0.02 RPM)  wall=-12.80mm  정제  5.03x 3.80x 3.93mm
    [crush t=  1.6s] crank=    +0.2deg ( 0.02 RPM)  wall=-12.80mm  정제  5.03x 3.80x 3.93mm
    [crush t=  1.6s] crank=    +0.2deg ( 0.02 RPM)  wall=-12.80mm  정제  5.03x 3.80x 3.93mm
    [crush t=  1.6s] crank=    +0.2deg ( 0.02 RPM)  wall=-12.80mm  정제  5.03x 3.80x 3.93mm
    [crush t=  1.6s] crank=    +0.2deg ( 0.02 RPM)  wall=-12.80mm  정제  5.03x 3.80x 3.93mm
    [crush t=  1.6s] crank=    +0.2deg ( 0.02 RPM)  wall=-12.80mm  정제  5.03x 3.80x 3.93mm
    [crush t=  1.6s] crank=    +0.2deg ( 0.02 RPM)  wall=-12.80mm  정제  5.03x 3.80x 3.93mm
    [crush t=  1.6s] crank=    +0.2deg ( 0.02 RPM)  wall=-12.80mm  정제  5.03x 3.80x 3.93mm
    [crush t=  1.6s] crank=    +0.2deg ( 0.02 RPM)  wall=-12.80mm  정제  5.03x 3.80x 3.93mm
    [crush t=  1.6s] crank=    +0.2deg ( 0.02 RPM)  wall=-12.80mm  정제  5.03x 3.80x 3.93mm
    [crush t=  1.6s] crank=    +0.2deg ( 0.02 RPM)  wall=-12.80mm  정제  5.03x 3.80x 3.93mm
    [crush t=  1.6s] crank=    +0.2deg ( 0.02 RPM)  wall=-12.80mm  정제  5.03x 3.80x 3.93mm
    [crush t=  1.7s] crank=    +0.2deg ( 0.02 RPM)  wall=-12.80mm  정제  5.03x 3.80x 3.93mm
    [crush t=  1.7s] crank=    +0.2deg ( 0.02 RPM)  wall=-12.80mm  정제  5.03x 3.80x 3.93mm
    [crush t=  1.7s] crank=    +0.2deg ( 0.02 RPM)  wall=-12.80mm  정제  5.03x 3.80x 3.93mm
    [crush t=  1.7s] crank=    +0.2deg ( 0.02 RPM)  wall=-12.80mm  정제  5.03x 3.80x 3.93mm
    [crush t=  1.7s] crank=    +0.2deg ( 0.02 RPM)  wall=-12.80mm  정제  5.03x 3.80x 3.93mm
    [crush t=  1.7s] crank=    +0.2deg ( 0.02 RPM)  wall=-12.80mm  정제  5.03x 3.80x 3.93mm
    [crush t=  1.7s] crank=    +0.2deg ( 0.02 RPM)  wall=-12.80mm  정제  5.03x 3.80x 3.93mm
    [crush t=  1.7s] crank=    +0.2deg ( 0.02 RPM)  wall=-12.80mm  정제  5.03x 3.80x 3.93mm
    [crush t=  1.7s] crank=    +0.2deg ( 0.02 RPM)  wall=-12.80mm  정제  5.03x 3.80x 3.93mm
    [crush t=  1.7s] crank=    +0.2deg ( 0.02 RPM)  wall=-12.80mm  정제  5.03x 3.80x 3.93mm
    [crush t=  1.7s] crank=    +0.2deg ( 0.02 RPM)  wall=-12.80mm  정제  5.03x 3.80x 3.93mm
    [crush t=  1.7s] crank=    +0.2deg ( 0.02 RPM)  wall=-12.80mm  정제  5.03x 3.80x 3.93mm
    [crush t=  1.7s] crank=    +0.2deg ( 0.02 RPM)  wall=-12.80mm  정제  5.03x 3.80x 3.93mm
    [crush t=  1.7s] crank=    +0.2deg ( 0.02 RPM)  wall=-12.80mm  정제  5.03x 3.80x 3.93mm
    [crush t=  1.7s] crank=    +0.2deg ( 0.02 RPM)  wall=-12.80mm  정제  5.03x 3.80x 3.93mm
    [crush t=  1.7s] crank=    +0.2deg ( 0.02 RPM)  wall=-12.80mm  정제  5.03x 3.80x 3.93mm
    [crush t=  1.7s] crank=    +0.2deg ( 0.02 RPM)  wall=-12.80mm  정제  5.03x 3.80x 3.93mm
    [crush t=  1.7s] crank=    +0.2deg ( 0.02 RPM)  wall=-12.80mm  정제  5.03x 3.80x 3.93mm
    [crush t=  1.7s] crank=    +0.2deg ( 0.02 RPM)  wall=-12.80mm  정제  5.03x 3.80x 3.93mm
    [crush t=  1.7s] crank=    +0.2deg ( 0.02 RPM)  wall=-12.80mm  정제  5.03x 3.80x 3.93mm
    [crush t=  1.8s] crank=    +0.2deg ( 0.02 RPM)  wall=-12.80mm  정제  5.03x 3.80x 3.93mm
    [crush t=  1.8s] crank=    +0.3deg ( 0.02 RPM)  wall=-12.80mm  정제  5.03x 3.80x 3.93mm
    [crush t=  1.8s] crank=    +0.3deg ( 0.02 RPM)  wall=-12.80mm  정제  5.03x 3.80x 3.93mm
    [crush t=  1.8s] crank=    +0.3deg ( 0.02 RPM)  wall=-12.80mm  정제  5.03x 3.80x 3.93mm
    [crush t=  1.8s] crank=    +0.3deg ( 0.02 RPM)  wall=-12.80mm  정제  5.03x 3.80x 3.93mm
    [crush t=  1.8s] crank=    +0.3deg ( 0.02 RPM)  wall=-12.80mm  정제  5.03x 3.80x 3.93mm
    [crush t=  1.8s] crank=    +0.3deg ( 0.02 RPM)  wall=-12.80mm  정제  5.03x 3.80x 3.93mm
    [crush t=  1.8s] crank=    +0.3deg ( 0.02 RPM)  wall=-12.80mm  정제  5.03x 3.80x 3.93mm
    [crush t=  1.8s] crank=    +0.3deg ( 0.02 RPM)  wall=-12.80mm  정제  5.03x 3.80x 3.93mm
    [crush t=  1.8s] crank=    +0.3deg ( 0.02 RPM)  wall=-12.80mm  정제  5.03x 3.80x 3.93mm
    [crush t=  1.8s] crank=    +0.3deg ( 0.02 RPM)  wall=-12.80mm  정제  5.03x 3.80x 3.93mm
    [crush t=  1.8s] crank=    +0.3deg ( 0.02 RPM)  wall=-12.80mm  정제  5.03x 3.80x 3.93mm
    [crush t=  1.8s] crank=    +0.3deg ( 0.02 RPM)  wall=-12.80mm  정제  5.03x 3.80x 3.93mm
    [crush t=  1.8s] crank=    +0.3deg ( 0.02 RPM)  wall=-12.80mm  정제  5.03x 3.80x 3.93mm
    [crush t=  1.8s] crank=    +0.3deg ( 0.02 RPM)  wall=-12.80mm  정제  5.03x 3.80x 3.93mm
    [crush t=  1.8s] crank=    +0.3deg ( 0.02 RPM)  wall=-12.80mm  정제  5.03x 3.80x 3.93mm
    [crush t=  1.8s] crank=    +0.3deg ( 0.02 RPM)  wall=-12.80mm  정제  5.03x 3.80x 3.93mm
    [crush t=  1.8s] crank=    +0.3deg ( 0.02 RPM)  wall=-12.80mm  정제  5.03x 3.80x 3.93mm
    [crush t=  1.8s] crank=    +0.3deg ( 0.02 RPM)  wall=-12.80mm  정제  5.03x 3.80x 3.93mm
    [crush t=  1.8s] crank=    +0.3deg ( 0.02 RPM)  wall=-12.80mm  정제  5.03x 3.80x 3.93mm
    [crush t=  1.9s] crank=    +0.3deg ( 0.02 RPM)  wall=-12.80mm  정제  5.03x 3.80x 3.93mm
    [crush t=  1.9s] crank=    +0.3deg ( 0.02 RPM)  wall=-12.80mm  정제  5.03x 3.80x 3.93mm
    [crush t=  1.9s] crank=    +0.3deg ( 0.02 RPM)  wall=-12.80mm  정제  5.03x 3.80x 3.93mm
    [crush t=  1.9s] crank=    +0.3deg ( 0.02 RPM)  wall=-12.80mm  정제  5.03x 3.80x 3.93mm
    [crush t=  1.9s] crank=    +0.3deg ( 0.02 RPM)  wall=-12.80mm  정제  5.03x 3.80x 3.93mm
    [crush t=  1.9s] crank=    +0.3deg ( 0.02 RPM)  wall=-12.80mm  정제  5.03x 3.80x 3.93mm
    [crush t=  1.9s] crank=    +0.3deg ( 0.02 RPM)  wall=-12.80mm  정제  5.03x 3.80x 3.93mm
    [crush t=  1.9s] crank=    +0.3deg ( 0.02 RPM)  wall=-12.80mm  정제  5.03x 3.80x 3.93mm
    [crush t=  1.9s] crank=    +0.3deg ( 0.02 RPM)  wall=-12.80mm  정제  5.03x 3.80x 3.93mm
    [crush t=  1.9s] crank=    +0.3deg ( 0.02 RPM)  wall=-12.80mm  정제  5.03x 3.80x 3.93mm
    [crush t=  1.9s] crank=    +0.3deg ( 0.02 RPM)  wall=-12.80mm  정제  5.03x 3.80x 3.93mm
    [crush t=  1.9s] crank=    +0.3deg ( 0.02 RPM)  wall=-12.80mm  정제  5.03x 3.80x 3.93mm
    [crush t=  1.9s] crank=    +0.3deg ( 0.02 RPM)  wall=-12.80mm  정제  5.03x 3.80x 3.93mm
    [crush t=  1.9s] crank=    +0.3deg ( 0.02 RPM)  wall=-12.80mm  정제  5.03x 3.80x 3.93mm
    [crush t=  1.9s] crank=    +0.3deg ( 0.02 RPM)  wall=-12.80mm  정제  5.03x 3.80x 3.93mm
    [crush t=  1.9s] crank=    +0.3deg ( 0.02 RPM)  wall=-12.80mm  정제  5.03x 3.80x 3.93mm
    [crush t=  1.9s] crank=    +0.3deg ( 0.02 RPM)  wall=-12.80mm  정제  5.03x 3.80x 3.93mm
    [crush t=  1.9s] crank=    +0.3deg ( 0.02 RPM)  wall=-12.80mm  정제  5.03x 3.80x 3.93mm
    [crush t=  1.9s] crank=    +0.3deg ( 0.02 RPM)  wall=-12.80mm  정제  5.03x 3.80x 3.93mm
    [crush t=  1.9s] crank=    +0.3deg ( 0.02 RPM)  wall=-12.80mm  정제  5.03x 3.80x 3.93mm
    [crush t=  1.9s] crank=    +0.3deg ( 0.02 RPM)  wall=-12.80mm  정제  5.03x 3.80x 3.93mm
    [crush t=  2.0s] crank=    +0.3deg ( 0.02 RPM)  wall=-12.80mm  정제  5.03x 3.80x 3.93mm
    [crush t=  2.0s] crank=    +0.3deg ( 0.02 RPM)  wall=-12.80mm  정제  5.03x 3.80x 3.93mm
    [crush t=  2.0s] crank=    +0.3deg ( 0.02 RPM)  wall=-12.80mm  정제  5.03x 3.80x 3.93mm
    [crush t=  2.0s] crank=    +0.3deg ( 0.02 RPM)  wall=-12.80mm  정제  5.03x 3.80x 3.93mm
    [crush t=  2.0s] crank=    +0.3deg ( 0.02 RPM)  wall=-12.80mm  정제  5.03x 3.80x 3.93mm
    [crush t=  2.0s] crank=    +0.3deg ( 0.02 RPM)  wall=-12.80mm  정제  5.03x 3.81x 3.93mm
    [crush t=  2.0s] crank=    +0.3deg ( 0.02 RPM)  wall=-12.80mm  정제  5.03x 3.81x 3.93mm
    [crush t=  2.0s] crank=    +0.3deg ( 0.02 RPM)  wall=-12.80mm  정제  5.03x 3.81x 3.93mm
    [crush t=  2.0s] crank=    +0.3deg ( 0.02 RPM)  wall=-12.80mm  정제  5.03x 3.81x 3.93mm
[phase] crush    @done  크랭크 +0.3deg (0.00 바퀴)  wall=-12.80mm
[crush] 정제 5.03x3.78x3.93 -> 5.03x3.81x3.93 mm  (변화 -0.00/+0.02/+0.00)
[crush] bag_com=[ 0.21344131 -0.00088169  0.09586116]  tilt=1.6deg  bag_bottom=0.0521

[RESULT] GRIP_OFFSET_MM=-28mm  Y_OFFSET_MM=+0.0mm  verdict=PASS  (삽입 성공, 걸림/붕괴 없음)
[RESULT] final_bottom_z=0.0521  wall_center_z=0.0510  오차=+1.1mm(+면 얕음/-면 깊음)
[RESULT] width_y=14.4mm(baseline 15.1mm)  height_z=88.2mm(baseline 90.7mm)
[SUMMARY] flange=ON mode=velocity v=8.0mm/s F=100N kp=5000 hold=1 wall=-12.80mm body_gap=+4.70mm stalled=Y drop=+0.0mm tilt=1.6deg width=14.4mm reach_err=+1.1mm verdict=PASS

[saved] overview -> C:\Crusher_isaacsim\Crusher_Genesis\Crusher_M0609_RG2_Tablet_Samplebag\RESULT_p_trace\grip-28mm\full_workflow_grip-28mm_yoff+0.0mm_20260831_153454_overview.mp4
[saved] bagcam   -> C:\Crusher_isaacsim\Crusher_Genesis\Crusher_M0609_RG2_Tablet_Samplebag\RESULT_p_trace\grip-28mm\full_workflow_grip-28mm_yoff+0.0mm_20260831_153454_bagcam.mp4
[saved] sideview -> C:\Crusher_isaacsim\Crusher_Genesis\Crusher_M0609_RG2_Tablet_Samplebag\RESULT_p_trace\grip-28mm\full_workflow_grip-28mm_yoff+0.0mm_20260831_153454_sideview.mp4

[timing] build=11.4s  steps=265.5s (3292 steps, 80.7ms/step)  합계=276.9s
완료.
