============================================================
 Full workflow: tablet drop -> bag catch -> grasp -> lift -> Crusher slot insert (viewer=False)
============================================================
[mjcf] Left_Wall 반사 관성 armature=10.0kg (링크 질량 0.312kg + 랙/피니언/감속기/로터). 100N -> 9.7 m/s^2, kv 안정 한계 4125
[mjcf] Left_Wall 형상 교체: 옛 geom 12개(시각 1 + hull 11) -> 본체 hull 5개 + 플랜지 1개 + 시각 1개. 플랜지 = 충돌+시각. 중립 간격 플랜지 12.50mm / 본체 17.50mm
[fem_ipc_workarounds] FEMEntity.set_vertex_constraints 패치 완료 (IPC 커플러 버그 우회)
[ipc] Crusher coup_links=['world', 'L2_Left_Wall1_1'] — 크랭크 구동계는 IPC 에서 뺐다(§16-7)
[38;5;226m[Genesis] [15:48:39] [WARNING] At least one of the meshes contain many faces (15432). Consider setting 'morph.decimate=True' to speed up collision detection and improve numerical stability.[0m
[38;5;226m[Genesis] [15:48:39] [WARNING] At least one of the meshes contain many faces (15762). Consider setting 'morph.decimate=True' to speed up collision detection and improve numerical stability.[0m
[38;5;226m[Genesis] [15:48:39] [WARNING] Mesh is not watertight. Falling back to convex hull for estimating inertial properties.[0m
[38;5;226m[Genesis] [15:48:39] [WARNING] Mesh is not watertight. Falling back to convex hull for estimating inertial properties.[0m
[38;5;226m[Genesis] [15:48:39] [WARNING] At least one of the meshes contain many faces (12522). Consider setting 'morph.decimate=True' to speed up collision detection and improve numerical stability.[0m
[38;5;226m[Genesis] [15:48:40] [WARNING] Mesh is not watertight. Falling back to convex hull for estimating inertial properties.[0m
[38;5;226m[Genesis] [15:48:40] [WARNING] Mesh is not watertight. Falling back to convex hull for estimating inertial properties.[0m
[38;5;226m[Genesis] [15:48:40] [WARNING] Mesh is not watertight. Falling back to convex hull for estimating inertial properties.[0m
[38;5;226m[Genesis] [15:48:40] [WARNING] Mesh is not watertight. Falling back to convex hull for estimating inertial properties.[0m
[38;5;226m[Genesis] [15:48:40] [WARNING] Mesh is not watertight. Falling back to convex hull for estimating inertial properties.[0m
[38;5;226m[Genesis] [15:48:40] [WARNING] Mesh is not watertight. Falling back to convex hull for estimating inertial properties.[0m
[38;5;226m[Genesis] [15:48:40] [WARNING] Mesh is not watertight. Falling back to convex hull for estimating inertial properties.[0m
[38;5;226m[Genesis] [15:48:40] [WARNING] Mesh is not watertight. Falling back to convex hull for estimating inertial properties.[0m
[38;5;226m[Genesis] [15:48:40] [WARNING] Mesh is not watertight. Falling back to convex hull for estimating inertial properties.[0m
[38;5;226m[Genesis] [15:48:40] [WARNING] Mesh is not watertight. Falling back to convex hull for estimating inertial properties.[0m
[38;5;226m[Genesis] [15:48:40] [WARNING] Mesh is not watertight. Falling back to convex hull for estimating inertial properties.[0m
[38;5;226m[Genesis] [15:48:40] [WARNING] Mesh is not watertight. Falling back to convex hull for estimating inertial properties.[0m
[38;5;226m[Genesis] [15:48:40] [WARNING] Mesh is not watertight. Falling back to convex hull for estimating inertial properties.[0m
[38;5;226m[Genesis] [15:48:40] [WARNING] Mesh is not watertight. Falling back to convex hull for estimating inertial properties.[0m
[38;5;226m[Genesis] [15:48:40] [WARNING] Mesh is not watertight. Falling back to convex hull for estimating inertial properties.[0m
[38;5;226m[Genesis] [15:48:40] [WARNING] At least one of the meshes contain many faces (27466). Consider setting 'morph.decimate=True' to speed up collision detection and improve numerical stability.[0m
[38;5;226m[Genesis] [15:48:40] [WARNING] Mesh is not watertight. Falling back to convex hull for estimating inertial properties.[0m
[38;5;226m[Genesis] [15:48:40] [WARNING] Mesh is not watertight. Falling back to convex hull for estimating inertial properties.[0m
[38;5;226m[Genesis] [15:48:40] [WARNING] Mesh is not watertight. Falling back to convex hull for estimating inertial properties.[0m
[38;5;226m[Genesis] [15:48:40] [WARNING] Mesh is not watertight. Falling back to convex hull for estimating inertial properties.[0m
[38;5;226m[Genesis] [15:48:40] [WARNING] Mesh is not watertight. Falling back to convex hull for estimating inertial properties.[0m

[build] scene.build() 시작...
[38;5;226m[Genesis] [15:48:40] [WARNING] Link 'L4_Motor2_Shaft_1' has dubious center of mass [x=0.000, y=-0.037, z=0.015] compared to the bounding box from geometry [x=(-0.018, 0.018), y=(-0.018, 0.018), z=(-0.000, 0.077)].[0m
[38;5;226m[Genesis] [15:48:40] [WARNING] Link 'M_Bottom_1' has dubious center of mass [x=0.166, y=0.030, z=-0.073] compared to the bounding box from geometry [x=(0.106, 0.155), y=(-0.011, 0.071), z=(-0.078, -0.068)].[0m
[38;5;226m[Genesis] [15:48:40] [WARNING] Link 'M_Back_1' has dubious center of mass [x=0.003, y=0.021, z=0.011] compared to the bounding box from geometry [x=(-0.035, -0.030), y=(-0.033, 0.076), z=(-0.005, 0.028)].[0m
[38;5;226m[Genesis] [15:48:40] [WARNING] Link 'M_Left1_1' has dubious center of mass [x=-0.025, y=-0.002, z=-0.014] compared to the bounding box from geometry [x=(-0.088, -0.032), y=(-0.005, -0.000), z=(-0.038, 0.010)].[0m
[38;5;226m[Genesis] [15:48:40] [WARNING] Link 'M_Right1_1' has dubious center of mass [x=-0.025, y=0.003, z=-0.014] compared to the bounding box from geometry [x=(-0.087, -0.033), y=(0.000, 0.005), z=(-0.038, 0.010)].[0m
[38;5;226m[Genesis] [15:48:40] [WARNING] Link 'M_Top_1' has dubious center of mass [x=-0.024, y=0.028, z=0.005] compared to the bounding box from geometry [x=(-0.088, -0.032), y=(-0.031, 0.088), z=(-0.000, 0.010)].[0m
[38;5;226m[Genesis] [15:48:40] [WARNING] Link 'M_LeftLink_1' has dubious center of mass [x=-0.002, y=0.005, z=0.046] compared to the bounding box from geometry [x=(-0.040, -0.035), y=(-0.005, 0.015), z=(-0.005, 0.095)].[0m
[38;5;226m[Genesis] [15:48:40] [WARNING] Link 'M_RightLink_1' has dubious center of mass [x=-0.002, y=-0.005, z=0.046] compared to the bounding box from geometry [x=(-0.040, -0.035), y=(-0.015, 0.005), z=(-0.005, 0.095)].[0m
[38;5;226m[Genesis] [15:48:40] [WARNING] Link 'M_LeftLink2_copy_1' has dubious center of mass [x=-0.005, y=-0.005, z=0.021] compared to the bounding box from geometry [x=(-0.044, -0.032), y=(-0.015, 0.005), z=(-0.000, 0.045)].[0m
[38;5;226m[Genesis] [15:48:40] [WARNING] Link 'link_2' has dubious center of mass [x=0.000, y=0.000, z=0.000] compared to the bounding box from geometry [x=(-0.068, 0.479), y=(-0.069, 0.069), z=(0.082, 0.274)].[0m
[38;5;226m[Genesis] [15:48:41] [WARNING] Constraint solver time constant should be greater than 2*substep_dt. timeconst is changed from `0.0002` to `0.01`). Decrease simulation timestep or increase timeconst to avoid altering the original value.[0m
[38;5;226m[Genesis] [15:48:41] [WARNING] Filtered out geometry pairs causing self-collision for the neutral configuration (qpos0): (91, 114), (104, 106). Consider tuning Morph option 'decompose_robot_error_threshold' or specify dedicated collision meshes. This behavior can be disabled by setting Morph option 'enable_neutral_collision=True'.[0m
C:\Users\simuser\miniconda3\envs\crusher_genesis\Lib\site-packages\quadrants\_test_tools\warnings_helper.py:11: UserWarning: cannot create weak reference to 'tuple' object. Template mapper caching disabled.
  warnings.warn(message)
[verify] L2_Left_Wall1_1 충돌 geom 6개 / 시각 geom 3개  (플랜지 접촉=ON, 기대 충돌 6개)
[build] 성공 (9.4s)
[bag] shape 고정: 714/714 정점(바닥+양측면), 입구는 자유
[slot] 간격축 = world Y (겹침 -12.5mm), 슬롯 길이축 = world X (겹침 +65.0mm)
[slot] gap_cx=0.2125 gap_cy=-0.0053 gap_width=12.5mm wall_top_z=0.0870
[slot] pocket(L1_Wall1_1) center=(0.1745,0.0330)
[ctrl] Left_Wall armature=10.0kg (런타임 API) — 유효 질량 10.31kg, 100N -> 9.7 m/s^2, kv 안정 한계 4125 (현재 500)
[ctrl] Left_Wall force clip: ±100 N (Motor2 ctrlrange, docs/Crusher.md §5) — 벽은 이 힘에서 균형지는 위치에 멈춘다
[bag] grip_strip verts near FINGER_MID: 76

[phase] 0 prep (1.0s) — 크랭크 0->-3.142rad(-180deg), Left_Wall 0->+6mm(개방)
[phase] prep     @done  crank=-3.000rad  wall=+5.43mm
    [drop k=   0] tablet_z=+420.31mm bag_com=[0.00646321 0.2561791  0.39925352]
    [drop k=  40] tablet_z=+407.06mm bag_com=[0.00646321 0.2561791  0.39925352]
    [drop k=  80] tablet_z=+388.34mm bag_com=[0.00646321 0.2561791  0.39925352]
    [drop k= 120] tablet_z=+370.67mm bag_com=[0.00646321 0.2561791  0.39925352]
[phase] drop     @done  bag_com=[0.00646321 0.2561791  0.39925352]  finger_z=0.4378  tablet_z=+362.17mm  tilt=0.8deg  bag_bottom=0.3543
[phase] settle   @done  bag_com=[0.00646321 0.2561791  0.39925352]  finger_z=0.4378  tablet_z=+357.23mm  tilt=0.8deg  bag_bottom=0.3543
[bag] shape 고정 해제 — 이제부터 순수 마찰 파지
[phase] close    @done  bag_com=[0.00641312 0.2556928  0.39880058]  finger_z=0.4360  tablet_z=+357.08mm  tilt=0.9deg  bag_bottom=0.3538
[phase] grasp    @done  bag_com=[0.00638023 0.2557042  0.3988061 ]  finger_z=0.4361  tablet_z=+357.07mm  tilt=0.8deg  bag_bottom=0.3538
[phase] lift     @done  bag_com=[0.00561582 0.2586776  0.5243641 ]  finger_z=0.5620  tablet_z=+482.43mm  tilt=1.1deg  bag_bottom=0.4791
[phase] hold     @done  bag_com=[0.00556612 0.2586175  0.5243454 ]  finger_z=0.5620  tablet_z=+482.41mm  tilt=1.2deg  bag_bottom=0.4791
[slot] wall_center_z=0.0510  insert_z(finger)=0.1330  hang=82mm
[slot] 봉투중심 보정 dy=+0.0mm -> finger_y=-0.0053 (봉투중심 y=-0.0053 = gap_cy -0.0053)
[slot] 봉투중심 보정 dx=-28.0mm -> finger_x=0.2405 (봉투중심 x=0.2125 = gap_cx 0.2125) — 실링이 측벽에 물린다
[sweep] Y_OFFSET_MM=+0.0mm -> target_xy=[ 0.24049766 -0.00527226]  (gap_cy=-0.0053)
[cam] side view 고정: pos=(np.float64(0.21249766187667846), np.float64(-0.5552722595214844), np.float64(0.169001227684021)) look=(np.float64(0.21249766187667846), np.float64(-0.005272259521484357), np.float64(0.169001227684021)) (gap_width=12.5mm, z범위 above=0.2870~insert=0.1330)

[ik] above-slot target=[ 0.24049766 -0.00527226  0.28700123]  arm_q=[-5.1308221e-01  4.4076058e-01  8.6771190e-01 -1.6868580e-05
  1.8327378e+00  4.1990786e+00]
    [above k=   0] tablet_z=+482.41mm bag_com=[0.00556602 0.25861725 0.5243451 ]
    [above k=  40] tablet_z=+481.14mm bag_com=[0.00945967 0.2576404  0.52296674]
    [above k=  80] tablet_z=+473.10mm bag_com=[0.03076605 0.24738559 0.5148035 ]
    [above k= 120] tablet_z=+453.59mm bag_com=[0.07102893 0.22120853 0.49515092]
    [above k= 160] tablet_z=+419.77mm bag_com=[0.1183055  0.17839295 0.4611726 ]
    [above k= 200] tablet_z=+371.97mm bag_com=[0.15657851 0.1271573  0.41313174]
    [above k= 240] tablet_z=+319.57mm bag_com=[0.18974024 0.07448696 0.35830042]
    [above k= 280] tablet_z=+282.25mm bag_com=[0.20250544 0.03577003 0.3068975 ]
    [above k= 320] tablet_z=+259.85mm bag_com=[0.20959581 0.01197312 0.27006483]
    [above k= 360] tablet_z=+246.11mm bag_com=[ 0.21233751 -0.00546969  0.25270855]
[phase] above    @done  bag_com=[ 0.21270542 -0.00763095  0.24971041]  finger_z=0.2868  tablet_z=+232.90mm  tilt=6.4deg  bag_bottom=0.2043
[phase] aboveset @done  bag_com=[ 0.21283309 -0.00705693  0.24951737]  finger_z=0.2868  tablet_z=+213.36mm  tilt=5.9deg  bag_bottom=0.2043
[ik] insert target=[ 0.24049766 -0.00527226  0.13300123]  웨이포인트 41개(카테시안 직선)  arm_q=[-5.1307607e-01  4.2122784e-01  1.3185079e+00  8.6024163e-05
  1.4014746e+00  4.1990952e+00]
    [insert k=   0] tablet_z=+213.16mm bag_com=[ 0.2127827  -0.00704855  0.24936111]
    [insert k=  40] tablet_z=+209.94mm bag_com=[ 0.21283224 -0.00697917  0.24798845]
    [insert k=  80] tablet_z=+200.82mm bag_com=[ 0.21283273 -0.00698046  0.24036422]
    [insert k= 120] tablet_z=+183.60mm bag_com=[ 0.21288256 -0.00734729  0.22392687]
    [insert k= 160] tablet_z=+159.84mm bag_com=[ 0.21288688 -0.0062291   0.19994466]
    [insert k= 200] tablet_z=+131.97mm bag_com=[ 0.21288693 -0.00679883  0.17179361]
    [insert k= 240] tablet_z=+102.57mm bag_com=[ 0.21290068 -0.00654178  0.14371541]
    [insert k= 280] tablet_z=+84.78mm bag_com=[0.21490137 0.00059319 0.1243792 ]
    [insert k= 320] tablet_z=+63.14mm bag_com=[ 0.21284136 -0.00781022  0.10425998]
    [insert k= 360] tablet_z=+55.42mm bag_com=[ 0.21295294 -0.00617949  0.09666453]
[phase] insert   @done  bag_com=[ 0.21295078 -0.00741452  0.09549277]  finger_z=0.1328  tablet_z=+54.29mm  tilt=6.3deg  bag_bottom=0.0503
[phase] settle2  @done  bag_com=[ 0.21297109 -0.00703952  0.09544414]  finger_z=0.1328  tablet_z=+54.23mm  tilt=6.0deg  bag_bottom=0.0503
[trim] TRIM_ROUNDS=0 — 생략(기본값). settle2 시점 bag_bottom 오차 +0.7mm 를 그대로 결과로 쓴다.
[trim] 최종 finger_z=0.1330  (초기 0.1330, 하한 0.1030)

[phase] 9 clamp (4.3s) — Left_Wall +6.0mm 에서 **속도지령** 8.0mm/s 로 계속 닫음 (docs §11-5), lead 20.0mm = 정지 시 100N, 가드 -17.0mm
    [clamp t= 0.00s] wall=  +5.96mm v=  +0.08mm/s  본체면 잔여 +23.46mm  bag_com=[ 0.21297121 -0.00703285  0.09544331]
    [clamp t= 0.17s] wall=  +4.61mm v=  +2.73mm/s  본체면 잔여 +22.11mm  bag_com=[ 0.21297194 -0.00701267  0.09543947]
    [clamp t= 0.34s] wall=  +3.27mm v=  +5.39mm/s  본체면 잔여 +20.77mm  bag_com=[ 0.21297765 -0.00701058  0.09543373]
    [clamp t= 0.51s] wall=  +1.92mm v=  +8.04mm/s  본체면 잔여 +19.42mm  bag_com=[ 0.21298435 -0.00679444  0.09541427]
    [clamp t= 0.68s] wall=  +0.57mm v= +10.69mm/s  본체면 잔여 +18.07mm  bag_com=[ 0.21299587 -0.00618546  0.09538083]
    [clamp t= 0.85s] wall=  -0.77mm v= +13.35mm/s  본체면 잔여 +16.73mm  bag_com=[ 0.21302977 -0.00542972  0.09534789]
    [clamp t= 1.02s] wall=  -2.12mm v= +16.01mm/s  본체면 잔여 +15.38mm  bag_com=[ 0.21308056 -0.00467776  0.09532799]
    [clamp t= 1.19s] wall=  -3.47mm v= +18.68mm/s  본체면 잔여 +14.03mm  bag_com=[ 0.21314058 -0.00397675  0.09532805]
    [clamp t= 1.36s] wall=  -4.81mm v= +21.36mm/s  본체면 잔여 +12.69mm  bag_com=[ 0.21319486 -0.00319967  0.09535863]
    [clamp t= 1.53s] wall=  -6.16mm v= +24.04mm/s  본체면 잔여 +11.34mm  bag_com=[ 0.2132541  -0.00239435  0.09543584]
    [clamp t= 1.70s] wall=  -7.51mm v= +26.06mm/s  본체면 잔여  +9.99mm  bag_com=[ 0.2133448  -0.00193127  0.09553585]
    [clamp t= 1.87s] wall=  -8.81mm v= +37.81mm/s  본체면 잔여  +8.69mm  bag_com=[ 0.21337023 -0.00168348  0.09563145]
    [clamp t= 2.04s] wall= -10.28mm v= +16.49mm/s  본체면 잔여  +7.22mm  bag_com=[ 0.21338806 -0.00150852  0.09578243]
    [clamp t= 2.21s] wall= -11.78mm v= -11.69mm/s  본체면 잔여  +5.72mm  bag_com=[ 0.21343127 -0.00125641  0.09592922]
    [clamp t= 2.38s] wall= -12.74mm v= -47.91mm/s  본체면 잔여  +4.76mm  bag_com=[ 0.21346976 -0.00098555  0.09605443]
    [clamp t= 2.55s] wall= -12.78mm v= -56.28mm/s  본체면 잔여  +4.72mm  bag_com=[ 0.21348245 -0.0009413   0.09609042]
    [clamp t= 2.72s] wall= -12.79mm v= -57.43mm/s  본체면 잔여  +4.71mm  bag_com=[ 0.21349217 -0.00091855  0.09610513]
    [clamp t= 2.89s] wall= -12.79mm v= -57.83mm/s  본체면 잔여  +4.71mm  bag_com=[ 0.21349756 -0.00090589  0.09611233]
    [clamp t= 3.06s] wall= -12.79mm v= -58.05mm/s  본체면 잔여  +4.71mm  bag_com=[ 0.21350195 -0.00089676  0.0961179 ]
    [clamp t= 3.23s] wall= -12.79mm v= -58.19mm/s  본체면 잔여  +4.71mm  bag_com=[ 0.21350493 -0.00089295  0.09612329]
    [clamp t= 3.40s] wall= -12.79mm v= -58.30mm/s  본체면 잔여  +4.71mm  bag_com=[ 0.21350677 -0.0008924   0.09612848]
    [clamp t= 3.57s] wall= -12.79mm v= -58.37mm/s  본체면 잔여  +4.71mm  bag_com=[ 0.21350802 -0.00089323  0.09613317]
    [clamp t= 3.74s] wall= -12.79mm v= -58.43mm/s  본체면 잔여  +4.71mm  bag_com=[ 0.21350905 -0.00089424  0.09613733]
    [clamp t= 3.91s] wall= -12.79mm v= -58.49mm/s  본체면 잔여  +4.71mm  bag_com=[ 0.2135096  -0.00089486  0.096141  ]
    [clamp t= 4.08s] wall= -12.79mm v= -58.55mm/s  본체면 잔여  +4.71mm  bag_com=[ 0.2135098  -0.00089448  0.09614396]
    [clamp t= 4.25s] wall= -12.79mm v= -58.60mm/s  본체면 잔여  +4.71mm  bag_com=[ 0.2135098  -0.00089369  0.09614646]
[phase] clamp    @done  wall=-12.79mm  (잔여: 플랜지면 -0.29mm / 본체면 4.71mm)  bag_com=[ 0.2135097  -0.00089322  0.09614711]
[clamp] 봉투 반력에 막혀 정지  (가드 -17.00mm, 최종 v=-58.62mm/s)
    [hold2 k=   0] tablet_z=+56.24mm bag_com=[ 0.21350972 -0.00089332  0.09614716]
    [hold2 k=  40] tablet_z=+56.24mm bag_com=[ 0.21350929 -0.00089253  0.09614959]
    [hold2 k=  80] tablet_z=+56.25mm bag_com=[ 0.2135085  -0.00089289  0.09615174]
[phase] hold2    @done  bag_com=[ 0.21350807 -0.00089239  0.0961526 ]  finger_z=0.1328  tablet_z=+56.25mm  tilt=2.0deg  bag_bottom=0.0523

[phase] 11 crush (2s, 400 step) — 크랭크 8.0 RPM (0.8378 rad/s) 연속 회전 ≈ 0.3 바퀴
[ctrl] crank torque clip: ±12.5 N·m (docs/Crusher.md §2-2), kv=5000 — velocity 제어
[crush] 시작 정제 크기 4.01 x 3.79 x 4.96 mm
    [crush t=  0.0s] crank=    +0.0deg ( 0.02 RPM)  wall=-12.79mm  정제  4.01x 3.79x 4.96mm
    [crush t=  0.1s] crank=    +0.0deg ( 0.02 RPM)  wall=-12.79mm  정제  4.01x 3.79x 4.96mm
    [crush t=  0.1s] crank=    +0.0deg ( 0.02 RPM)  wall=-12.79mm  정제  4.01x 3.79x 4.96mm
    [crush t=  0.2s] crank=    +0.0deg ( 0.02 RPM)  wall=-12.79mm  정제  4.01x 3.79x 4.96mm
    [crush t=  0.3s] crank=    +0.0deg ( 0.02 RPM)  wall=-12.79mm  정제  4.01x 3.79x 4.96mm
    [crush t=  0.3s] crank=    +0.0deg ( 0.02 RPM)  wall=-12.79mm  정제  4.01x 3.79x 4.96mm
    [crush t=  0.4s] crank=    +0.1deg ( 0.02 RPM)  wall=-12.79mm  정제  4.01x 3.79x 4.96mm
    [crush t=  0.5s] crank=    +0.1deg ( 0.02 RPM)  wall=-12.79mm  정제  4.01x 3.79x 4.96mm
    [crush t=  0.5s] crank=    +0.1deg ( 0.02 RPM)  wall=-12.79mm  정제  4.01x 3.79x 4.96mm
    [crush t=  0.6s] crank=    +0.1deg ( 0.02 RPM)  wall=-12.79mm  정제  4.01x 3.79x 4.96mm
    [crush t=  0.7s] crank=    +0.1deg ( 0.02 RPM)  wall=-12.79mm  정제  4.01x 3.79x 4.96mm
    [crush t=  0.7s] crank=    +0.1deg ( 0.02 RPM)  wall=-12.80mm  정제  4.01x 3.79x 4.96mm
    [crush t=  0.8s] crank=    +0.1deg ( 0.02 RPM)  wall=-12.80mm  정제  4.01x 3.79x 4.96mm
    [crush t=  0.8s] crank=    +0.1deg ( 0.02 RPM)  wall=-12.80mm  정제  4.01x 3.79x 4.96mm
    [crush t=  0.9s] crank=    +0.1deg ( 0.02 RPM)  wall=-12.80mm  정제  4.01x 3.79x 4.96mm
    [crush t=  1.0s] crank=    +0.1deg ( 0.02 RPM)  wall=-12.80mm  정제  4.01x 3.79x 4.96mm
    [crush t=  1.0s] crank=    +0.1deg ( 0.02 RPM)  wall=-12.80mm  정제  4.01x 3.79x 4.96mm
    [crush t=  1.1s] crank=    +0.2deg ( 0.02 RPM)  wall=-12.80mm  정제  4.01x 3.79x 4.96mm
    [crush t=  1.2s] crank=    +0.2deg ( 0.02 RPM)  wall=-12.80mm  정제  4.01x 3.79x 4.96mm
    [crush t=  1.2s] crank=    +0.2deg ( 0.02 RPM)  wall=-12.80mm  정제  4.01x 3.80x 4.96mm
    [crush t=  1.3s] crank=    +0.2deg ( 0.02 RPM)  wall=-12.80mm  정제  4.01x 3.80x 4.96mm
    [crush t=  1.4s] crank=    +0.2deg ( 0.02 RPM)  wall=-12.80mm  정제  4.01x 3.80x 4.96mm
    [crush t=  1.4s] crank=    +0.2deg ( 0.02 RPM)  wall=-12.80mm  정제  4.01x 3.80x 4.96mm
    [crush t=  1.5s] crank=    +0.2deg ( 0.02 RPM)  wall=-12.80mm  정제  4.01x 3.80x 4.96mm
    [crush t=  1.6s] crank=    +0.2deg ( 0.02 RPM)  wall=-12.80mm  정제  4.01x 3.80x 4.96mm
    [crush t=  1.6s] crank=    +0.2deg ( 0.02 RPM)  wall=-12.80mm  정제  4.01x 3.80x 4.96mm
    [crush t=  1.7s] crank=    +0.2deg ( 0.02 RPM)  wall=-12.80mm  정제  4.01x 3.80x 4.96mm
    [crush t=  1.8s] crank=    +0.3deg ( 0.02 RPM)  wall=-12.80mm  정제  4.01x 3.80x 4.96mm
    [crush t=  1.8s] crank=    +0.3deg ( 0.02 RPM)  wall=-12.80mm  정제  4.01x 3.80x 4.96mm
    [crush t=  1.9s] crank=    +0.3deg ( 0.02 RPM)  wall=-12.80mm  정제  4.01x 3.80x 4.96mm
    [crush t=  1.9s] crank=    +0.3deg ( 0.02 RPM)  wall=-12.80mm  정제  4.01x 3.80x 4.96mm
[phase] crush    @done  크랭크 +0.3deg (0.00 바퀴)  wall=-12.80mm
[crush] 정제 4.01x3.79x4.96 -> 4.01x3.80x4.96 mm  (변화 +0.00/+0.02/-0.00)
[crush] bag_com=[ 0.21350417 -0.00089487  0.09616514]  tilt=1.8deg  bag_bottom=0.0523

[RESULT] GRIP_OFFSET_MM=-28mm  Y_OFFSET_MM=+0.0mm  verdict=PASS  (삽입 성공, 걸림/붕괴 없음)
[RESULT] final_bottom_z=0.0523  wall_center_z=0.0510  오차=+1.3mm(+면 얕음/-면 깊음)
[RESULT] width_y=15.6mm(baseline 15.0mm)  height_z=88.7mm(baseline 90.7mm)
[SUMMARY] flange=ON mode=velocity v=8.0mm/s F=100N kp=5000 hold=1 wall=-12.79mm body_gap=+4.71mm stalled=Y drop=+0.1mm tilt=1.8deg width=15.6mm reach_err=+1.3mm verdict=PASS

[saved] overview -> C:\Crusher_isaacsim\Crusher_Genesis\Crusher_M0609_RG2_Tablet_Samplebag\RESULT_s_noL8\grip-28mm\full_workflow_grip-28mm_yoff+0.0mm_20260831_154833_overview.mp4
[saved] bagcam   -> C:\Crusher_isaacsim\Crusher_Genesis\Crusher_M0609_RG2_Tablet_Samplebag\RESULT_s_noL8\grip-28mm\full_workflow_grip-28mm_yoff+0.0mm_20260831_154833_bagcam.mp4
[saved] sideview -> C:\Crusher_isaacsim\Crusher_Genesis\Crusher_M0609_RG2_Tablet_Samplebag\RESULT_s_noL8\grip-28mm\full_workflow_grip-28mm_yoff+0.0mm_20260831_154833_sideview.mp4

[timing] build=9.4s  steps=229.7s (3292 steps, 69.8ms/step)  합계=239.1s
완료.
