============================================================
 Full workflow: tablet drop -> bag catch -> grasp -> lift -> Crusher slot insert (viewer=False)
============================================================
[mjcf] Left_Wall 반사 관성 armature=10.0kg (링크 질량 0.312kg + 랙/피니언/감속기/로터). 100N -> 9.7 m/s^2, kv 안정 한계 4125
[mjcf] Left_Wall 형상 교체: 옛 geom 12개(시각 1 + hull 11) -> 본체 hull 5개 + 플랜지 1개 + 시각 1개. 플랜지 = 충돌+시각. 중립 간격 플랜지 12.50mm / 본체 17.50mm
[fem_ipc_workarounds] FEMEntity.set_vertex_constraints 패치 완료 (IPC 커플러 버그 우회)
[38;5;226m[Genesis] [16:14:21] [WARNING] At least one of the meshes contain many faces (15432). Consider setting 'morph.decimate=True' to speed up collision detection and improve numerical stability.[0m
[38;5;226m[Genesis] [16:14:21] [WARNING] At least one of the meshes contain many faces (15762). Consider setting 'morph.decimate=True' to speed up collision detection and improve numerical stability.[0m
[38;5;226m[Genesis] [16:14:21] [WARNING] Mesh is not watertight. Falling back to convex hull for estimating inertial properties.[0m
[38;5;226m[Genesis] [16:14:21] [WARNING] Mesh is not watertight. Falling back to convex hull for estimating inertial properties.[0m
[38;5;226m[Genesis] [16:14:21] [WARNING] At least one of the meshes contain many faces (12522). Consider setting 'morph.decimate=True' to speed up collision detection and improve numerical stability.[0m
[38;5;226m[Genesis] [16:14:21] [WARNING] Mesh is not watertight. Falling back to convex hull for estimating inertial properties.[0m
[38;5;226m[Genesis] [16:14:21] [WARNING] Mesh is not watertight. Falling back to convex hull for estimating inertial properties.[0m
[38;5;226m[Genesis] [16:14:21] [WARNING] Mesh is not watertight. Falling back to convex hull for estimating inertial properties.[0m
[38;5;226m[Genesis] [16:14:21] [WARNING] Mesh is not watertight. Falling back to convex hull for estimating inertial properties.[0m
[38;5;226m[Genesis] [16:14:21] [WARNING] Mesh is not watertight. Falling back to convex hull for estimating inertial properties.[0m
[38;5;226m[Genesis] [16:14:22] [WARNING] Mesh is not watertight. Falling back to convex hull for estimating inertial properties.[0m
[38;5;226m[Genesis] [16:14:22] [WARNING] Mesh is not watertight. Falling back to convex hull for estimating inertial properties.[0m
[38;5;226m[Genesis] [16:14:22] [WARNING] Mesh is not watertight. Falling back to convex hull for estimating inertial properties.[0m
[38;5;226m[Genesis] [16:14:22] [WARNING] Mesh is not watertight. Falling back to convex hull for estimating inertial properties.[0m
[38;5;226m[Genesis] [16:14:22] [WARNING] Mesh is not watertight. Falling back to convex hull for estimating inertial properties.[0m
[38;5;226m[Genesis] [16:14:22] [WARNING] Mesh is not watertight. Falling back to convex hull for estimating inertial properties.[0m
[38;5;226m[Genesis] [16:14:22] [WARNING] Mesh is not watertight. Falling back to convex hull for estimating inertial properties.[0m
[38;5;226m[Genesis] [16:14:22] [WARNING] Mesh is not watertight. Falling back to convex hull for estimating inertial properties.[0m
[38;5;226m[Genesis] [16:14:22] [WARNING] Mesh is not watertight. Falling back to convex hull for estimating inertial properties.[0m
[38;5;226m[Genesis] [16:14:22] [WARNING] Mesh is not watertight. Falling back to convex hull for estimating inertial properties.[0m
[38;5;226m[Genesis] [16:14:22] [WARNING] At least one of the meshes contain many faces (27466). Consider setting 'morph.decimate=True' to speed up collision detection and improve numerical stability.[0m
[38;5;226m[Genesis] [16:14:22] [WARNING] Mesh is not watertight. Falling back to convex hull for estimating inertial properties.[0m
[38;5;226m[Genesis] [16:14:22] [WARNING] Mesh is not watertight. Falling back to convex hull for estimating inertial properties.[0m
[38;5;226m[Genesis] [16:14:22] [WARNING] Mesh is not watertight. Falling back to convex hull for estimating inertial properties.[0m
[38;5;226m[Genesis] [16:14:22] [WARNING] Mesh is not watertight. Falling back to convex hull for estimating inertial properties.[0m
[38;5;226m[Genesis] [16:14:22] [WARNING] Mesh is not watertight. Falling back to convex hull for estimating inertial properties.[0m

[build] scene.build() 시작...
[38;5;226m[Genesis] [16:14:22] [WARNING] Link 'L4_Motor2_Shaft_1' has dubious center of mass [x=0.000, y=-0.037, z=0.015] compared to the bounding box from geometry [x=(-0.018, 0.018), y=(-0.018, 0.018), z=(-0.000, 0.077)].[0m
[38;5;226m[Genesis] [16:14:22] [WARNING] Link 'M_Bottom_1' has dubious center of mass [x=0.166, y=0.030, z=-0.073] compared to the bounding box from geometry [x=(0.106, 0.155), y=(-0.011, 0.071), z=(-0.078, -0.068)].[0m
[38;5;226m[Genesis] [16:14:22] [WARNING] Link 'M_Back_1' has dubious center of mass [x=0.003, y=0.021, z=0.011] compared to the bounding box from geometry [x=(-0.035, -0.030), y=(-0.033, 0.076), z=(-0.005, 0.028)].[0m
[38;5;226m[Genesis] [16:14:22] [WARNING] Link 'M_Left1_1' has dubious center of mass [x=-0.025, y=-0.002, z=-0.014] compared to the bounding box from geometry [x=(-0.088, -0.032), y=(-0.005, -0.000), z=(-0.038, 0.010)].[0m
[38;5;226m[Genesis] [16:14:22] [WARNING] Link 'M_Right1_1' has dubious center of mass [x=-0.025, y=0.003, z=-0.014] compared to the bounding box from geometry [x=(-0.087, -0.033), y=(0.000, 0.005), z=(-0.038, 0.010)].[0m
[38;5;226m[Genesis] [16:14:22] [WARNING] Link 'M_Top_1' has dubious center of mass [x=-0.024, y=0.028, z=0.005] compared to the bounding box from geometry [x=(-0.088, -0.032), y=(-0.031, 0.088), z=(-0.000, 0.010)].[0m
[38;5;226m[Genesis] [16:14:22] [WARNING] Link 'M_LeftLink_1' has dubious center of mass [x=-0.002, y=0.005, z=0.046] compared to the bounding box from geometry [x=(-0.040, -0.035), y=(-0.005, 0.015), z=(-0.005, 0.095)].[0m
[38;5;226m[Genesis] [16:14:22] [WARNING] Link 'M_RightLink_1' has dubious center of mass [x=-0.002, y=-0.005, z=0.046] compared to the bounding box from geometry [x=(-0.040, -0.035), y=(-0.015, 0.005), z=(-0.005, 0.095)].[0m
[38;5;226m[Genesis] [16:14:22] [WARNING] Link 'M_LeftLink2_copy_1' has dubious center of mass [x=-0.005, y=-0.005, z=0.021] compared to the bounding box from geometry [x=(-0.044, -0.032), y=(-0.015, 0.005), z=(-0.000, 0.045)].[0m
[38;5;226m[Genesis] [16:14:22] [WARNING] Link 'link_2' has dubious center of mass [x=0.000, y=0.000, z=0.000] compared to the bounding box from geometry [x=(-0.068, 0.479), y=(-0.069, 0.069), z=(0.082, 0.274)].[0m
[38;5;226m[Genesis] [16:14:23] [WARNING] Constraint solver time constant should be greater than 2*substep_dt. timeconst is changed from `0.0002` to `0.01`). Decrease simulation timestep or increase timeconst to avoid altering the original value.[0m
[38;5;226m[Genesis] [16:14:23] [WARNING] Filtered out geometry pairs causing self-collision for the neutral configuration (qpos0): (91, 114), (104, 106). Consider tuning Morph option 'decompose_robot_error_threshold' or specify dedicated collision meshes. This behavior can be disabled by setting Morph option 'enable_neutral_collision=True'.[0m
C:\Users\simuser\miniconda3\envs\crusher_genesis\Lib\site-packages\quadrants\_test_tools\warnings_helper.py:11: UserWarning: cannot create weak reference to 'tuple' object. Template mapper caching disabled.
  warnings.warn(message)
[verify] L2_Left_Wall1_1 충돌 geom 6개 / 시각 geom 3개  (플랜지 접촉=ON, 기대 충돌 6개)
[build] 성공 (9.4s)
[bag] shape 고정: 714/714 정점(바닥+양측면), 입구는 자유
[slot] 간격축 = world Y (겹침 -12.5mm), 슬롯 길이축 = world X (겹침 +65.0mm)
[slot] gap_cx=0.2125 gap_cy=-0.0053 gap_width=12.5mm wall_top_z=0.0870
[slot] pocket(L1_Wall1_1) center=(0.1745,0.0330)
[ctrl] Left_Wall armature=10.0kg (런타임 API) — 유효 질량 10.31kg, 100N -> 9.7 m/s^2, kv 안정 한계 4125 (현재 500)
[ctrl] Left_Wall force clip: ±100 N (Motor2 ctrlrange, docs/Crusher.md §5) — 벽은 이 힘에서 균형지는 위치에 멈춘다
[bag] grip_strip verts near FINGER_MID: 76

[phase] 0 prep (1.0s) — 크랭크 0->-3.142rad(-180deg), Left_Wall 0->+6mm(개방)
[phase] prep     @done  crank=-3.000rad  wall=+5.43mm
    [drop k=   0] tablet_z=+409.71mm bag_com=[0.00646321 0.2561791  0.39925352]
    [drop k=  40] tablet_z=+404.60mm bag_com=[0.00646321 0.2561791  0.39925352]
    [drop k=  80] tablet_z=+393.39mm bag_com=[0.00646321 0.2561791  0.39925352]
    [drop k= 120] tablet_z=+381.17mm bag_com=[0.00646321 0.2561791  0.39925352]
[phase] drop     @done  bag_com=[0.00646321 0.2561791  0.39925352]  finger_z=0.4378  tablet_z=+371.51mm  tilt=0.8deg  bag_bottom=0.3543
[phase] settle   @done  bag_com=[0.00646321 0.2561791  0.39925352]  finger_z=0.4378  tablet_z=+361.68mm  tilt=0.8deg  bag_bottom=0.3543
[bag] shape 고정 해제 — 이제부터 순수 마찰 파지
[phase] close    @done  bag_com=[0.00642727 0.25570726 0.3987994 ]  finger_z=0.4360  tablet_z=+359.80mm  tilt=0.8deg  bag_bottom=0.3538
[phase] grasp    @done  bag_com=[0.00639092 0.25573024 0.39880443]  finger_z=0.4361  tablet_z=+357.67mm  tilt=0.8deg  bag_bottom=0.3538
[phase] lift     @done  bag_com=[0.00560663 0.25861207 0.52433544]  finger_z=0.5620  tablet_z=+482.89mm  tilt=1.1deg  bag_bottom=0.4790
[phase] hold     @done  bag_com=[0.00555522 0.25861007 0.52432054]  finger_z=0.5620  tablet_z=+482.85mm  tilt=1.2deg  bag_bottom=0.4790
[slot] wall_center_z=0.0510  insert_z(finger)=0.1330  hang=82mm
[slot] 봉투중심 보정 dy=+0.0mm -> finger_y=-0.0053 (봉투중심 y=-0.0053 = gap_cy -0.0053)
[slot] 봉투중심 보정 dx=-28.0mm -> finger_x=0.2405 (봉투중심 x=0.2125 = gap_cx 0.2125) — 실링이 측벽에 물린다
[sweep] Y_OFFSET_MM=+0.0mm -> target_xy=[ 0.24049766 -0.00527226]  (gap_cy=-0.0053)
[cam] side view 고정: pos=(np.float64(0.21249766187667846), np.float64(-0.5552722595214844), np.float64(0.169001227684021)) look=(np.float64(0.21249766187667846), np.float64(-0.005272259521484357), np.float64(0.169001227684021)) (gap_width=12.5mm, z범위 above=0.2870~insert=0.1330)

[ik] above-slot target=[ 0.24049766 -0.00527226  0.28700123]  arm_q=[-5.1308322e-01  4.4076106e-01  8.6771142e-01 -1.5257392e-05
  1.8327386e+00  4.1990781e+00]
    [above k=   0] tablet_z=+482.85mm bag_com=[0.00555514 0.25860986 0.52432036]
    [above k=  40] tablet_z=+481.32mm bag_com=[0.00945081 0.25765383 0.5229437 ]
    [above k=  80] tablet_z=+473.04mm bag_com=[0.03064143 0.24732892 0.514679  ]
    [above k= 120] tablet_z=+454.26mm bag_com=[0.07101914 0.22094029 0.49522606]
    [above k= 160] tablet_z=+425.86mm bag_com=[0.12006298 0.17951341 0.46125096]
    [above k= 200] tablet_z=+378.61mm bag_com=[0.15930016 0.12690052 0.4130561 ]
    [above k= 240] tablet_z=+326.54mm bag_com=[0.18083856 0.08287696 0.35849306]
    [above k= 280] tablet_z=+281.12mm bag_com=[0.20049837 0.04151887 0.30701184]
    [above k= 320] tablet_z=+245.37mm bag_com=[0.20976557 0.00957841 0.27005726]
    [above k= 360] tablet_z=+228.04mm bag_com=[ 0.21241465 -0.0061654   0.2527189 ]
[phase] above    @done  bag_com=[ 0.21273364 -0.00681057  0.24962743]  finger_z=0.2868  tablet_z=+224.89mm  tilt=5.9deg  bag_bottom=0.2043
[phase] aboveset @done  bag_com=[ 0.21286336 -0.00692614  0.2494731 ]  finger_z=0.2868  tablet_z=+223.38mm  tilt=5.8deg  bag_bottom=0.2043
[ik] insert target=[ 0.24049766 -0.00527226  0.13300123]  웨이포인트 41개(카테시안 직선)  arm_q=[-5.1307672e-01  4.2122841e-01  1.3185067e+00  8.6885811e-05
  1.4014757e+00  4.1990943e+00]
    [insert k=   0] tablet_z=+223.21mm bag_com=[ 0.2128125  -0.00692019  0.24931723]
    [insert k=  40] tablet_z=+221.41mm bag_com=[ 0.21286194 -0.00698051  0.2479515 ]
    [insert k=  80] tablet_z=+213.39mm bag_com=[ 0.21291208 -0.00717496  0.24028762]
    [insert k= 120] tablet_z=+196.79mm bag_com=[ 0.21291499 -0.00712254  0.2238686 ]
    [insert k= 160] tablet_z=+172.25mm bag_com=[ 0.21294226 -0.00589804  0.1998696 ]
    [insert k= 200] tablet_z=+151.47mm bag_com=[ 0.21301372 -0.00454148  0.17166638]
    [insert k= 240] tablet_z=+131.89mm bag_com=[ 0.21292524 -0.00639103  0.14367332]
    [insert k= 280] tablet_z=+112.60mm bag_com=[ 0.21294644 -0.00635107  0.12003853]
    [insert k= 320] tablet_z=+96.04mm bag_com=[ 0.21296059 -0.00729432  0.10408787]
    [insert k= 360] tablet_z=+83.29mm bag_com=[ 0.21297121 -0.00670864  0.09664171]
[phase] insert   @done  bag_com=[ 0.21298932 -0.00725085  0.09542731]  finger_z=0.1328  tablet_z=+69.66mm  tilt=6.2deg  bag_bottom=0.0503
[phase] settle2  @done  bag_com=[ 0.21301462 -0.00693712  0.09538163]  finger_z=0.1328  tablet_z=+54.93mm  tilt=6.0deg  bag_bottom=0.0503
[trim] TRIM_ROUNDS=0 — 생략(기본값). settle2 시점 bag_bottom 오차 +0.7mm 를 그대로 결과로 쓴다.
[trim] 최종 finger_z=0.1330  (초기 0.1330, 하한 0.1030)

[phase] 9 clamp (4.3s) — Left_Wall +6.0mm 에서 **속도지령** 8.0mm/s 로 계속 닫음 (docs §11-5), lead 20.0mm = 정지 시 100N, 가드 -17.0mm
    [clamp t= 0.00s] wall=  +6.00mm v=  -0.08mm/s  본체면 잔여 +23.50mm  bag_com=[ 0.21301477 -0.00694726  0.09538213]
    [clamp t= 0.17s] wall=  +5.29mm v=  -6.93mm/s  본체면 잔여 +22.79mm  bag_com=[ 0.2130214  -0.00702186  0.09537863]
    [clamp t= 0.34s] wall=  +4.00mm v=  -7.92mm/s  본체면 잔여 +21.50mm  bag_com=[ 0.2130245  -0.00701792  0.09537409]
    [clamp t= 0.51s] wall=  +2.64mm v=  -7.99mm/s  본체면 잔여 +20.14mm  bag_com=[ 0.21303065 -0.00701431  0.09536675]
    [clamp t= 0.68s] wall=  +1.28mm v=  -8.01mm/s  본체면 잔여 +18.78mm  bag_com=[ 0.21303818 -0.00656268  0.09533876]
    [clamp t= 0.85s] wall=  -0.08mm v=  -7.97mm/s  본체면 잔여 +17.42mm  bag_com=[ 0.2130586  -0.00585126  0.09530244]
    [clamp t= 1.02s] wall=  -1.44mm v=  -7.98mm/s  본체면 잔여 +16.06mm  bag_com=[ 0.21310219 -0.00509916  0.0952739 ]
    [clamp t= 1.19s] wall=  -2.79mm v=  -8.00mm/s  본체면 잔여 +14.71mm  bag_com=[ 0.21315597 -0.00440853  0.09525827]
    [clamp t= 1.36s] wall=  -4.15mm v=  -7.94mm/s  본체면 잔여 +13.35mm  bag_com=[ 0.21322277 -0.00365514  0.09526581]
    [clamp t= 1.53s] wall=  -5.50mm v=  -7.88mm/s  본체면 잔여 +12.00mm  bag_com=[ 0.21326618 -0.00288343  0.0953217 ]
    [clamp t= 1.70s] wall=  -6.84mm v=  -7.85mm/s  본체면 잔여 +10.66mm  bag_com=[ 0.21334288 -0.00219043  0.09540608]
    [clamp t= 1.87s] wall=  -8.15mm v=  +0.80mm/s  본체면 잔여  +9.35mm  bag_com=[ 0.21340834 -0.00197883  0.09551434]
    [clamp t= 2.04s] wall=  -8.36mm v=  -1.24mm/s  본체면 잔여  +9.14mm  bag_com=[ 0.2134268  -0.00191562  0.09553339]
    [clamp t= 2.21s] wall=  -8.51mm v=  -1.51mm/s  본체면 잔여  +8.99mm  bag_com=[ 0.21343866 -0.00187153  0.09556078]
    [clamp t= 2.38s] wall= -10.29mm v= -27.79mm/s  본체면 잔여  +7.21mm  bag_com=[ 0.21345896 -0.00157994  0.09569855]
    [clamp t= 2.55s] wall= -18.06mm v=  -5.40mm/s  본체면 잔여  -0.56mm  bag_com=[ 2.1358949e-01 -1.4679371e-04  9.6559122e-02]
    [clamp t= 2.72s] wall= -17.17mm v=  +2.32mm/s  본체면 잔여  +0.33mm  bag_com=[0.21371475 0.00025017 0.09647491]
    [clamp t= 2.89s] wall= -17.00mm v=  +0.55mm/s  본체면 잔여  +0.50mm  bag_com=[0.21374345 0.00037486 0.09642088]
    [clamp t= 3.06s] wall= -16.95mm v=  +0.21mm/s  본체면 잔여  +0.55mm  bag_com=[0.21375526 0.00043994 0.09638812]
    [clamp t= 3.23s] wall= -16.92mm v=  +0.10mm/s  본체면 잔여  +0.58mm  bag_com=[0.2137616  0.00048481 0.09636525]
    [clamp t= 3.40s] wall= -16.91mm v=  +0.05mm/s  본체면 잔여  +0.59mm  bag_com=[0.21376544 0.00052105 0.0963483 ]
    [clamp t= 3.57s] wall= -16.90mm v=  +0.04mm/s  본체면 잔여  +0.60mm  bag_com=[0.21376576 0.00054965 0.09633838]
    [clamp t= 3.74s] wall= -16.90mm v=  +0.02mm/s  본체면 잔여  +0.60mm  bag_com=[0.213761   0.00056682 0.09633876]
    [clamp t= 3.91s] wall= -16.90mm v=  +0.01mm/s  본체면 잔여  +0.60mm  bag_com=[0.21376096 0.00058716 0.09634582]
    [clamp t= 4.08s] wall= -16.90mm v=  +0.00mm/s  본체면 잔여  +0.60mm  bag_com=[0.21375194 0.00060084 0.0963689 ]
    [clamp t= 4.25s] wall= -16.90mm v=  -0.01mm/s  본체면 잔여  +0.60mm  bag_com=[0.21374822 0.00063176 0.09641109]
[phase] clamp    @done  wall=-16.90mm  (잔여: 플랜지면 -4.40mm / 본체면 0.60mm)  bag_com=[0.21371475 0.00059671 0.09644336]
[clamp] 봉투 반력에 막혀 정지  (가드 -17.00mm, 최종 v=-0.01mm/s)
    [hold2 k=   0] tablet_z=+59.50mm bag_com=[0.21371137 0.00059048 0.09644716]
    [hold2 k=  40] tablet_z=+59.52mm bag_com=[0.21376342 0.00070396 0.09650721]
    [hold2 k=  80] tablet_z=+59.53mm bag_com=[0.21381348 0.00081484 0.09651568]
[phase] hold2    @done  bag_com=[0.21382722 0.00084666 0.09651761]  finger_z=0.1327  tablet_z=+59.54mm  tilt=3.6deg  bag_bottom=0.0546

[phase] 11 crush (2s, 400 step) — 크랭크 8.0 RPM (0.8378 rad/s) 연속 회전 ≈ 0.3 바퀴
[ctrl] crank torque clip: ±12.5 N·m (docs/Crusher.md §2-2), kv=5000 — velocity 제어
[crush] 시작 정제 크기 4.97 x 3.17 x 4.83 mm
    [crush t=  0.0s] crank=    +0.0deg ( 0.02 RPM)  wall=-16.89mm  정제  4.97x 3.17x 4.83mm
    [crush t=  0.1s] crank=    +0.1deg ( 0.33 RPM)  wall=-16.89mm  정제  4.98x 3.17x 4.83mm
    [crush t=  0.1s] crank=    +0.3deg ( 0.64 RPM)  wall=-16.89mm  정제  4.99x 3.17x 4.82mm
    [crush t=  0.2s] crank=    +0.6deg ( 0.95 RPM)  wall=-16.90mm  정제  5.00x 3.17x 4.82mm
    [crush t=  0.3s] crank=    +1.0deg ( 1.26 RPM)  wall=-16.90mm  정제  5.02x 3.17x 4.81mm
    [crush t=  0.3s] crank=    +1.6deg ( 1.56 RPM)  wall=-16.90mm  정제  5.03x 3.17x 4.81mm
    [crush t=  0.4s] crank=    +2.2deg ( 1.87 RPM)  wall=-16.90mm  정제  5.04x 3.17x 4.80mm
    [crush t=  0.5s] crank=    +3.0deg ( 2.18 RPM)  wall=-16.90mm  정제  5.05x 3.17x 4.79mm
    [crush t=  0.5s] crank=    +4.0deg ( 2.49 RPM)  wall=-16.90mm  정제  5.06x 3.17x 4.79mm
    [crush t=  0.6s] crank=    +5.0deg ( 2.79 RPM)  wall=-16.90mm  정제  5.07x 3.17x 4.78mm
    [crush t=  0.7s] crank=    +6.1deg ( 3.10 RPM)  wall=-16.90mm  정제  5.08x 3.17x 4.77mm
    [crush t=  0.7s] crank=    +7.4deg ( 3.41 RPM)  wall=-16.90mm  정제  5.08x 3.17x 4.76mm
    [crush t=  0.8s] crank=    +8.8deg ( 3.71 RPM)  wall=-16.90mm  정제  5.09x 3.17x 4.75mm
    [crush t=  0.8s] crank=   +10.3deg ( 4.02 RPM)  wall=-16.90mm  정제  5.10x 3.17x 4.73mm
    [crush t=  0.9s] crank=   +12.0deg ( 4.32 RPM)  wall=-16.90mm  정제  5.10x 3.17x 4.72mm
    [crush t=  1.0s] crank=   +13.7deg ( 4.63 RPM)  wall=-16.90mm  정제  5.10x 3.17x 4.70mm
    [crush t=  1.0s] crank=   +15.6deg ( 4.93 RPM)  wall=-16.90mm  정제  5.11x 3.17x 4.69mm
    [crush t=  1.1s] crank=   +17.6deg ( 5.24 RPM)  wall=-16.91mm  정제  5.11x 3.17x 4.67mm
    [crush t=  1.2s] crank=   +19.7deg ( 5.54 RPM)  wall=-16.91mm  정제  5.11x 3.17x 4.65mm
    [crush t=  1.2s] crank=   +21.9deg ( 5.84 RPM)  wall=-16.91mm  정제  5.11x 3.18x 4.62mm
    [crush t=  1.3s] crank=   +24.2deg ( 6.15 RPM)  wall=-16.91mm  정제  5.11x 3.18x 4.60mm
    [crush t=  1.4s] crank=   +26.7deg ( 6.45 RPM)  wall=-16.91mm  정제  5.11x 3.18x 4.58mm
    [crush t=  1.4s] crank=   +29.3deg ( 6.75 RPM)  wall=-16.91mm  정제  5.13x 3.18x 4.56mm
    [crush t=  1.5s] crank=   +32.0deg ( 7.06 RPM)  wall=-16.91mm  정제  5.15x 3.18x 4.55mm
    [crush t=  1.6s] crank=   +34.8deg ( 7.36 RPM)  wall=-16.91mm  정제  5.16x 3.18x 4.54mm
    [crush t=  1.6s] crank=   +37.7deg ( 7.66 RPM)  wall=-16.91mm  정제  5.17x 3.18x 4.53mm
    [crush t=  1.7s] crank=   +40.8deg ( 7.96 RPM)  wall=-16.91mm  정제  5.18x 3.18x 4.52mm
    [crush t=  1.8s] crank=   +43.9deg ( 8.00 RPM)  wall=-16.92mm  정제  5.19x 3.19x 4.50mm
    [crush t=  1.8s] crank=   +47.0deg ( 8.00 RPM)  wall=-16.92mm  정제  5.20x 3.19x 4.49mm
    [crush t=  1.9s] crank=   +50.1deg ( 8.00 RPM)  wall=-16.92mm  정제  5.21x 3.19x 4.48mm
    [crush t=  1.9s] crank=   +53.2deg ( 8.00 RPM)  wall=-16.92mm  정제  5.22x 3.19x 4.46mm
[phase] crush    @done  크랭크 +55.4deg (0.15 바퀴)  wall=-16.92mm
[crush] 정제 4.97x3.17x4.83 -> 5.22x3.19x4.45 mm  (변화 +0.26/+0.03/-0.38)
[crush] bag_com=[0.21388881 0.00101301 0.09655973]  tilt=3.7deg  bag_bottom=0.0549

[RESULT] GRIP_OFFSET_MM=-28mm  Y_OFFSET_MM=+0.0mm  verdict=PASS  (삽입 성공, 걸림/붕괴 없음)
[RESULT] final_bottom_z=0.0549  wall_center_z=0.0510  오차=+3.8mm(+면 얕음/-면 깊음)
[RESULT] width_y=23.6mm(baseline 14.9mm)  height_z=85.0mm(baseline 90.7mm)
[SUMMARY] flange=ON mode=velocity v=8.0mm/s F=100N kp=5000 hold=1 wall=-16.90mm body_gap=+0.60mm stalled=Y drop=+0.3mm tilt=3.7deg width=23.6mm reach_err=+3.8mm verdict=PASS

[saved] overview -> C:\Crusher_isaacsim\Crusher_Genesis\Crusher_M0609_RG2_Tablet_Samplebag\RESULT_u_nokin\grip-28mm\full_workflow_grip-28mm_yoff+0.0mm_20260831_161415_overview.mp4
[saved] bagcam   -> C:\Crusher_isaacsim\Crusher_Genesis\Crusher_M0609_RG2_Tablet_Samplebag\RESULT_u_nokin\grip-28mm\full_workflow_grip-28mm_yoff+0.0mm_20260831_161415_bagcam.mp4
[saved] sideview -> C:\Crusher_isaacsim\Crusher_Genesis\Crusher_M0609_RG2_Tablet_Samplebag\RESULT_u_nokin\grip-28mm\full_workflow_grip-28mm_yoff+0.0mm_20260831_161415_sideview.mp4

[timing] build=9.4s  steps=267.1s (3292 steps, 81.1ms/step)  합계=276.5s
완료.
