============================================================
 Full workflow: tablet drop -> bag catch -> grasp -> lift -> Crusher slot insert (viewer=False)
============================================================
[mjcf] Left_Wall 반사 관성 armature=10.0kg (링크 질량 0.312kg + 랙/피니언/감속기/로터). 100N -> 9.7 m/s^2, kv 안정 한계 4125
[mjcf] Left_Wall 형상 교체: 옛 geom 12개(시각 1 + hull 11) -> 본체 hull 5개 + 플랜지 1개 + 시각 1개. 플랜지 = 충돌+시각. 중립 간격 플랜지 12.50mm / 본체 17.50mm
[fem_ipc_workarounds] FEMEntity.set_vertex_constraints 패치 완료 (IPC 커플러 버그 우회)
[38;5;226m[Genesis] [17:06:47] [WARNING] At least one of the meshes contain many faces (15432). Consider setting 'morph.decimate=True' to speed up collision detection and improve numerical stability.[0m
[38;5;226m[Genesis] [17:06:47] [WARNING] At least one of the meshes contain many faces (15762). Consider setting 'morph.decimate=True' to speed up collision detection and improve numerical stability.[0m
[38;5;226m[Genesis] [17:06:47] [WARNING] Mesh is not watertight. Falling back to convex hull for estimating inertial properties.[0m
[38;5;226m[Genesis] [17:06:47] [WARNING] Mesh is not watertight. Falling back to convex hull for estimating inertial properties.[0m
[38;5;226m[Genesis] [17:06:47] [WARNING] At least one of the meshes contain many faces (12522). Consider setting 'morph.decimate=True' to speed up collision detection and improve numerical stability.[0m
[38;5;226m[Genesis] [17:06:47] [WARNING] Mesh is not watertight. Falling back to convex hull for estimating inertial properties.[0m
[38;5;226m[Genesis] [17:06:47] [WARNING] Mesh is not watertight. Falling back to convex hull for estimating inertial properties.[0m
[38;5;226m[Genesis] [17:06:47] [WARNING] Mesh is not watertight. Falling back to convex hull for estimating inertial properties.[0m
[38;5;226m[Genesis] [17:06:47] [WARNING] Mesh is not watertight. Falling back to convex hull for estimating inertial properties.[0m
[38;5;226m[Genesis] [17:06:47] [WARNING] Mesh is not watertight. Falling back to convex hull for estimating inertial properties.[0m
[38;5;226m[Genesis] [17:06:47] [WARNING] Mesh is not watertight. Falling back to convex hull for estimating inertial properties.[0m
[38;5;226m[Genesis] [17:06:47] [WARNING] Mesh is not watertight. Falling back to convex hull for estimating inertial properties.[0m
[38;5;226m[Genesis] [17:06:47] [WARNING] Mesh is not watertight. Falling back to convex hull for estimating inertial properties.[0m
[38;5;226m[Genesis] [17:06:47] [WARNING] Mesh is not watertight. Falling back to convex hull for estimating inertial properties.[0m
[38;5;226m[Genesis] [17:06:47] [WARNING] Mesh is not watertight. Falling back to convex hull for estimating inertial properties.[0m
[38;5;226m[Genesis] [17:06:47] [WARNING] Mesh is not watertight. Falling back to convex hull for estimating inertial properties.[0m
[38;5;226m[Genesis] [17:06:47] [WARNING] Mesh is not watertight. Falling back to convex hull for estimating inertial properties.[0m
[38;5;226m[Genesis] [17:06:47] [WARNING] Mesh is not watertight. Falling back to convex hull for estimating inertial properties.[0m
[38;5;226m[Genesis] [17:06:48] [WARNING] Mesh is not watertight. Falling back to convex hull for estimating inertial properties.[0m
[38;5;226m[Genesis] [17:06:48] [WARNING] Mesh is not watertight. Falling back to convex hull for estimating inertial properties.[0m
[38;5;226m[Genesis] [17:06:48] [WARNING] At least one of the meshes contain many faces (27466). Consider setting 'morph.decimate=True' to speed up collision detection and improve numerical stability.[0m
[38;5;226m[Genesis] [17:06:48] [WARNING] Mesh is not watertight. Falling back to convex hull for estimating inertial properties.[0m
[38;5;226m[Genesis] [17:06:48] [WARNING] Mesh is not watertight. Falling back to convex hull for estimating inertial properties.[0m
[38;5;226m[Genesis] [17:06:48] [WARNING] Mesh is not watertight. Falling back to convex hull for estimating inertial properties.[0m
[38;5;226m[Genesis] [17:06:48] [WARNING] Mesh is not watertight. Falling back to convex hull for estimating inertial properties.[0m
[38;5;226m[Genesis] [17:06:48] [WARNING] Mesh is not watertight. Falling back to convex hull for estimating inertial properties.[0m

[build] scene.build() 시작...
[38;5;226m[Genesis] [17:06:48] [WARNING] Link 'L4_Motor2_Shaft_1' has dubious center of mass [x=0.000, y=-0.037, z=0.015] compared to the bounding box from geometry [x=(-0.018, 0.018), y=(-0.018, 0.018), z=(-0.000, 0.077)].[0m
[38;5;226m[Genesis] [17:06:48] [WARNING] Link 'M_Bottom_1' has dubious center of mass [x=0.166, y=0.030, z=-0.073] compared to the bounding box from geometry [x=(0.106, 0.155), y=(-0.011, 0.071), z=(-0.078, -0.068)].[0m
[38;5;226m[Genesis] [17:06:48] [WARNING] Link 'M_Back_1' has dubious center of mass [x=0.003, y=0.021, z=0.011] compared to the bounding box from geometry [x=(-0.035, -0.030), y=(-0.033, 0.076), z=(-0.005, 0.028)].[0m
[38;5;226m[Genesis] [17:06:48] [WARNING] Link 'M_Left1_1' has dubious center of mass [x=-0.025, y=-0.002, z=-0.014] compared to the bounding box from geometry [x=(-0.088, -0.032), y=(-0.005, -0.000), z=(-0.038, 0.010)].[0m
[38;5;226m[Genesis] [17:06:48] [WARNING] Link 'M_Right1_1' has dubious center of mass [x=-0.025, y=0.003, z=-0.014] compared to the bounding box from geometry [x=(-0.087, -0.033), y=(0.000, 0.005), z=(-0.038, 0.010)].[0m
[38;5;226m[Genesis] [17:06:48] [WARNING] Link 'M_Top_1' has dubious center of mass [x=-0.024, y=0.028, z=0.005] compared to the bounding box from geometry [x=(-0.088, -0.032), y=(-0.031, 0.088), z=(-0.000, 0.010)].[0m
[38;5;226m[Genesis] [17:06:48] [WARNING] Link 'M_LeftLink_1' has dubious center of mass [x=-0.002, y=0.005, z=0.046] compared to the bounding box from geometry [x=(-0.040, -0.035), y=(-0.005, 0.015), z=(-0.005, 0.095)].[0m
[38;5;226m[Genesis] [17:06:48] [WARNING] Link 'M_RightLink_1' has dubious center of mass [x=-0.002, y=-0.005, z=0.046] compared to the bounding box from geometry [x=(-0.040, -0.035), y=(-0.015, 0.005), z=(-0.005, 0.095)].[0m
[38;5;226m[Genesis] [17:06:48] [WARNING] Link 'M_LeftLink2_copy_1' has dubious center of mass [x=-0.005, y=-0.005, z=0.021] compared to the bounding box from geometry [x=(-0.044, -0.032), y=(-0.015, 0.005), z=(-0.000, 0.045)].[0m
[38;5;226m[Genesis] [17:06:48] [WARNING] Link 'link_2' has dubious center of mass [x=0.000, y=0.000, z=0.000] compared to the bounding box from geometry [x=(-0.068, 0.479), y=(-0.069, 0.069), z=(0.082, 0.274)].[0m
[38;5;226m[Genesis] [17:06:49] [WARNING] Constraint solver time constant should be greater than 2*substep_dt. timeconst is changed from `0.0002` to `0.01`). Decrease simulation timestep or increase timeconst to avoid altering the original value.[0m
[38;5;226m[Genesis] [17:06:49] [WARNING] Filtered out geometry pairs causing self-collision for the neutral configuration (qpos0): (91, 114), (104, 106). Consider tuning Morph option 'decompose_robot_error_threshold' or specify dedicated collision meshes. This behavior can be disabled by setting Morph option 'enable_neutral_collision=True'.[0m
C:\Users\simuser\miniconda3\envs\crusher_genesis\Lib\site-packages\quadrants\_test_tools\warnings_helper.py:11: UserWarning: cannot create weak reference to 'tuple' object. Template mapper caching disabled.
  warnings.warn(message)
[verify] L2_Left_Wall1_1 충돌 geom 6개 / 시각 geom 3개  (플랜지 접촉=ON, 기대 충돌 6개)
[build] 성공 (9.5s)
[bag] shape 고정: 714/714 정점(바닥+양측면), 입구는 자유
[slot] 간격축 = world Y (겹침 -12.5mm), 슬롯 길이축 = world X (겹침 +65.0mm)
[slot] gap_cx=0.2125 gap_cy=-0.0053 gap_width=12.5mm wall_top_z=0.0870
[slot] pocket(L1_Wall1_1) center=(0.1745,0.0330)
[ctrl] Left_Wall armature=10.0kg (런타임 API) — 유효 질량 10.31kg, 100N -> 9.7 m/s^2, kv 안정 한계 4125 (현재 500)
[ctrl] Left_Wall force clip: ±100 N (Motor2 ctrlrange, docs/Crusher.md §5) — 벽은 이 힘에서 균형지는 위치에 멈춘다
[bag] grip_strip verts near FINGER_MID: 76
[38;5;226m[Genesis] [17:06:58] [WARNING] fps=30 is not reachable with dt=0.005. Recording at fps=28.57142857142857 instead.[0m
[38;5;226m[Genesis] [17:06:58] [WARNING] fps=30 is not reachable with dt=0.005. Recording at fps=28.57142857142857 instead.[0m
[38;5;226m[Genesis] [17:06:58] [WARNING] fps=30 is not reachable with dt=0.005. Recording at fps=28.57142857142857 instead.[0m

[phase] 0 prep (1.0s) — 크랭크 0->-3.142rad(-180deg), Left_Wall 0->+6mm(개방)
[phase] prep     @done  crank=-3.000rad  wall=+5.43mm
    [drop k=   0] tablet_z=+392.07mm bag_com=[0.00646321 0.2561791  0.39925352]
    [drop k=  40] tablet_z=+364.89mm bag_com=[0.00646321 0.2561791  0.39925352]
    [drop k=  80] tablet_z=+359.44mm bag_com=[0.00646321 0.2561791  0.39925352]
    [drop k= 120] tablet_z=+357.57mm bag_com=[0.00646321 0.2561791  0.39925352]
[phase] drop     @done  bag_com=[0.00646321 0.2561791  0.39925352]  finger_z=0.4378  tablet_z=+357.22mm  tilt=0.8deg  bag_bottom=0.3543
[phase] settle   @done  bag_com=[0.00646321 0.2561791  0.39925352]  finger_z=0.4378  tablet_z=+357.01mm  tilt=0.8deg  bag_bottom=0.3543
[bag] shape 고정 해제 — 이제부터 순수 마찰 파지
[phase] close    @done  bag_com=[0.00645498 0.25564784 0.3988029 ]  finger_z=0.4360  tablet_z=+356.88mm  tilt=0.8deg  bag_bottom=0.3538
[phase] grasp    @done  bag_com=[0.00641789 0.2556811  0.39880714]  finger_z=0.4361  tablet_z=+356.89mm  tilt=0.5deg  bag_bottom=0.3538
[phase] lift     @done  bag_com=[0.00565945 0.25871775 0.5243724 ]  finger_z=0.5620  tablet_z=+482.47mm  tilt=1.2deg  bag_bottom=0.4791
[phase] hold     @done  bag_com=[0.0056297  0.25863892 0.52436167]  finger_z=0.5620  tablet_z=+482.42mm  tilt=1.3deg  bag_bottom=0.4791
[slot] wall_center_z=0.0510  insert_z(finger)=0.1330  hang=82mm
[slot] 봉투중심 보정 dy=+0.0mm -> finger_y=-0.0053 (봉투중심 y=-0.0053 = gap_cy -0.0053)
[slot] 봉투중심 보정 dx=-28.0mm -> finger_x=0.2405 (봉투중심 x=0.2125 = gap_cx 0.2125) — 실링이 측벽에 물린다
[sweep] Y_OFFSET_MM=+0.0mm -> target_xy=[ 0.24049766 -0.00527226]  (gap_cy=-0.0053)
[cam] side view 고정: pos=(np.float64(0.21249766187667846), np.float64(-0.5552722595214844), np.float64(0.169001227684021)) look=(np.float64(0.21249766187667846), np.float64(-0.005272259521484357), np.float64(0.169001227684021)) (gap_width=12.5mm, z범위 above=0.2870~insert=0.1330)

[ik] above-slot target=[ 0.24049766 -0.00527226  0.28700123]  arm_q=[-5.1308715e-01  4.4076455e-01  8.6770654e-01 -7.3486008e-06
  1.8327444e+00  4.1990762e+00]
    [above k=   0] tablet_z=+482.42mm bag_com=[0.00562989 0.25863862 0.5243616 ]
    [above k=  40] tablet_z=+481.20mm bag_com=[0.0095495  0.25769123 0.5230055 ]
    [above k=  80] tablet_z=+473.02mm bag_com=[0.03068714 0.247577   0.5147218 ]
    [above k= 120] tablet_z=+453.82mm bag_com=[0.07118794 0.22117315 0.49525502]
    [above k= 160] tablet_z=+419.95mm bag_com=[0.11854332 0.17854667 0.46113792]
    [above k= 200] tablet_z=+373.66mm bag_com=[0.15946099 0.12678424 0.41313124]
    [above k= 240] tablet_z=+329.49mm bag_com=[0.1824391  0.08060482 0.3582596 ]
    [above k= 280] tablet_z=+289.88mm bag_com=[0.20521879 0.03078175 0.3076404 ]
    [above k= 320] tablet_z=+261.77mm bag_com=[0.2093491  0.01173491 0.27026567]
    [above k= 360] tablet_z=+246.96mm bag_com=[ 0.21233249 -0.00628631  0.25276905]
[phase] above    @done  bag_com=[ 0.21263899 -0.00731683  0.24970123]  finger_z=0.2868  tablet_z=+231.37mm  tilt=6.2deg  bag_bottom=0.2043
[phase] aboveset @done  bag_com=[ 0.21278681 -0.00700605  0.24951454]  finger_z=0.2868  tablet_z=+208.01mm  tilt=5.8deg  bag_bottom=0.2043
[ik] insert target=[ 0.24049766 -0.00527226  0.13300123]  웨이포인트 41개(카테시안 직선)  arm_q=[-5.1307923e-01  4.2122993e-01  1.3185047e+00  9.2059810e-05
  1.4014789e+00  4.1990910e+00]
    [insert k=   0] tablet_z=+207.84mm bag_com=[ 0.2127368  -0.00699839  0.24935685]
    [insert k=  40] tablet_z=+206.44mm bag_com=[ 0.21278903 -0.00701767  0.24798791]
    [insert k=  80] tablet_z=+198.72mm bag_com=[ 0.21283773 -0.00703364  0.24031167]
    [insert k= 120] tablet_z=+182.33mm bag_com=[ 0.21284947 -0.00718368  0.2239047 ]
    [insert k= 160] tablet_z=+158.37mm bag_com=[ 0.21280445 -0.00717578  0.19999897]
    [insert k= 200] tablet_z=+132.39mm bag_com=[ 0.21287782 -0.00631592  0.17174405]
    [insert k= 240] tablet_z=+103.12mm bag_com=[ 0.21284732 -0.00735077  0.14375223]
    [insert k= 280] tablet_z=+78.78mm bag_com=[ 0.21292543 -0.00567329  0.12001628]
    [insert k= 320] tablet_z=+62.73mm bag_com=[ 0.2129121  -0.00738571  0.10410552]
    [insert k= 360] tablet_z=+55.19mm bag_com=[ 0.21292922 -0.0069037   0.09665778]
[phase] insert   @done  bag_com=[ 0.21293698 -0.0068783   0.09541894]  finger_z=0.1328  tablet_z=+53.69mm  tilt=5.9deg  bag_bottom=0.0503
[phase] settle2  @done  bag_com=[ 0.2129589  -0.00695761  0.09539767]  finger_z=0.1328  tablet_z=+53.69mm  tilt=6.0deg  bag_bottom=0.0503
[trim] TRIM_ROUNDS=0 — 생략(기본값). settle2 시점 bag_bottom 오차 +0.7mm 를 그대로 결과로 쓴다.
[trim] 최종 finger_z=0.1330  (초기 0.1330, 하한 0.1030)

[phase] 9 clamp (4.3s) — Left_Wall +6.0mm 에서 **속도지령** 8.0mm/s 로 계속 닫음 (docs §11-5), lead 20.0mm = 정지 시 100N, 가드 -17.0mm
    [clamp t= 0.00s] wall=  +5.96mm v=  +0.08mm/s  본체면 잔여 +23.46mm  bag_com=[ 0.21295889 -0.00695762  0.09539767]
    [clamp t= 0.17s] wall=  +4.61mm v=  +2.73mm/s  본체면 잔여 +22.11mm  bag_com=[ 0.21295895 -0.00695584  0.09539516]
    [clamp t= 0.34s] wall=  +3.27mm v=  +5.38mm/s  본체면 잔여 +20.77mm  bag_com=[ 0.21296377 -0.00695471  0.09538926]
    [clamp t= 0.51s] wall=  +1.92mm v=  +8.04mm/s  본체면 잔여 +19.42mm  bag_com=[ 0.21297169 -0.00679764  0.09537166]
    [clamp t= 0.68s] wall=  +0.57mm v= +10.69mm/s  본체면 잔여 +18.07mm  bag_com=[ 0.21297795 -0.0061954   0.09534248]
    [clamp t= 0.85s] wall=  -0.77mm v= +13.36mm/s  본체면 잔여 +16.73mm  bag_com=[ 0.21301116 -0.00541051  0.09530737]
    [clamp t= 1.02s] wall=  -2.12mm v= +16.01mm/s  본체면 잔여 +15.38mm  bag_com=[ 0.21305941 -0.00468492  0.09529023]
    [clamp t= 1.19s] wall=  -3.47mm v= +18.67mm/s  본체면 잔여 +14.03mm  bag_com=[ 0.2131206 -0.0039848  0.0952886]
    [clamp t= 1.36s] wall=  -4.81mm v= +21.35mm/s  본체면 잔여 +12.69mm  bag_com=[ 0.21317129 -0.00321154  0.09532266]
    [clamp t= 1.53s] wall=  -6.16mm v= +24.04mm/s  본체면 잔여 +11.34mm  bag_com=[ 0.21322732 -0.00238992  0.09539852]
    [clamp t= 1.70s] wall=  -7.51mm v= +26.04mm/s  본체면 잔여  +9.99mm  bag_com=[ 0.21331702 -0.00192882  0.09549605]
    [clamp t= 1.87s] wall=  -8.82mm v= +36.62mm/s  본체면 잔여  +8.68mm  bag_com=[ 0.21334825 -0.00163585  0.09558869]
    [clamp t= 2.04s] wall= -10.28mm v= +15.01mm/s  본체면 잔여  +7.22mm  bag_com=[ 0.21336222 -0.00144759  0.09573492]
    [clamp t= 2.21s] wall= -11.78mm v= -12.05mm/s  본체면 잔여  +5.72mm  bag_com=[ 0.21340062 -0.00122305  0.09587651]
    [clamp t= 2.38s] wall= -12.74mm v= -47.98mm/s  본체면 잔여  +4.76mm  bag_com=[ 0.2134287  -0.00097555  0.0959911 ]
    [clamp t= 2.55s] wall= -12.78mm v= -56.46mm/s  본체면 잔여  +4.72mm  bag_com=[ 0.21343274 -0.00093675  0.09600902]
    [clamp t= 2.72s] wall= -12.79mm v= -57.98mm/s  본체면 잔여  +4.71mm  bag_com=[ 0.21343513 -0.0009216   0.096016  ]
    [clamp t= 2.89s] wall= -12.79mm v= -58.65mm/s  본체면 잔여  +4.71mm  bag_com=[ 0.21343842 -0.00090763  0.09602608]
    [clamp t= 3.06s] wall= -12.79mm v= -59.00mm/s  본체면 잔여  +4.71mm  bag_com=[ 0.21344554 -0.00089013  0.09604248]
    [clamp t= 3.23s] wall= -12.80mm v= -59.01mm/s  본체면 잔여  +4.70mm  bag_com=[ 0.21345545 -0.00086877  0.0960616 ]
    [clamp t= 3.40s] wall= -12.79mm v= -58.97mm/s  본체면 잔여  +4.71mm  bag_com=[ 0.21346319 -0.00084715  0.09607116]
    [clamp t= 3.57s] wall= -12.79mm v= -58.96mm/s  본체면 잔여  +4.71mm  bag_com=[ 0.21346875 -0.00083292  0.09607776]
    [clamp t= 3.74s] wall= -12.79mm v= -58.96mm/s  본체면 잔여  +4.71mm  bag_com=[ 0.21347257 -0.0008242   0.09608378]
    [clamp t= 3.91s] wall= -12.79mm v= -58.96mm/s  본체면 잔여  +4.71mm  bag_com=[ 0.21347561 -0.00081724  0.09608874]
    [clamp t= 4.08s] wall= -12.79mm v= -58.97mm/s  본체면 잔여  +4.71mm  bag_com=[ 0.21347785 -0.0008133   0.09609358]
    [clamp t= 4.25s] wall= -12.79mm v= -59.00mm/s  본체면 잔여  +4.71mm  bag_com=[ 0.21347941 -0.00081173  0.09609821]
[phase] clamp    @done  wall=-12.80mm  (잔여: 플랜지면 -0.30mm / 본체면 4.70mm)  bag_com=[ 0.21347977 -0.0008115   0.09609973]
[clamp] 봉투 반력에 막혀 정지  (가드 -17.00mm, 최종 v=-59.00mm/s)
    [hold2 k=   0] tablet_z=+55.72mm bag_com=[ 0.21347986 -0.00081148  0.09609985]
    [hold2 k=  40] tablet_z=+55.72mm bag_com=[ 0.213481   -0.00081092  0.09610453]
    [hold2 k=  80] tablet_z=+55.73mm bag_com=[ 0.2134817  -0.00081126  0.09610844]
[phase] hold2    @done  bag_com=[ 0.21348214 -0.00081151  0.09611026]  finger_z=0.1328  tablet_z=+55.73mm  tilt=2.2deg  bag_bottom=0.0523

[phase] 11 crush (60s, 12000 step) — 크랭크 8.0 RPM (0.8378 rad/s) 연속 회전 ≈ 8.0 바퀴
[ctrl] crank torque clip: ±12.5 N·m (docs/Crusher.md §2-2), kv=5000 — velocity 제어
[crush] 시작 정제 크기 5.03 x 3.80 x 3.92 mm
    [crush t=  0.0s] crank=    +0.0deg ( 0.02 RPM)  wall=-13.48mm  정제  5.03x 3.80x 3.92mm
    [crush t=  2.0s] crank=   +55.6deg ( 8.00 RPM)  wall=-16.85mm  정제  5.22x 3.35x 4.08mm
    [crush t=  4.0s] crank=  +151.6deg ( 7.82 RPM)  wall=-16.86mm  정제  6.73x 0.25x 4.45mm
    [crush t=  6.0s] crank=  +242.6deg ( 8.00 RPM)  wall=-16.91mm  정제  5.19x 3.33x 4.06mm
    [crush t=  8.0s] crank=  +338.5deg ( 8.00 RPM)  wall=-16.95mm  정제  5.19x 3.37x 4.05mm
    [crush t= 10.0s] crank=  +434.5deg ( 8.00 RPM)  wall=-16.99mm  정제  5.18x 3.30x 4.11mm
    [crush t= 12.0s] crank=  +530.3deg ( 7.84 RPM)  wall=-17.02mm  정제  6.23x 0.36x 4.20mm
