============================================================
 Full workflow: tablet drop -> bag catch -> grasp -> lift -> Crusher slot insert (viewer=False)
============================================================
[mjcf] Left_Wall 반사 관성 armature=10.0kg (링크 질량 0.312kg + 랙/피니언/감속기/로터). 100N -> 9.7 m/s^2, kv 안정 한계 4125
[mjcf] Left_Wall 형상 교체: 옛 geom 12개(시각 1 + hull 11) -> 본체 hull 5개 + 플랜지 1개 + 시각 1개. 플랜지 = 충돌+시각. 중립 간격 플랜지 12.50mm / 본체 17.50mm
[fem_ipc_workarounds] FEMEntity.set_vertex_constraints 패치 완료 (IPC 커플러 버그 우회)
[mjcf] 회수장치 턱 충돌메시 6개를 볼록껍질로 교체 (non-watertight -> IPC 투입 가능)
[38;5;226m[Genesis] [19:46:25] [WARNING] At least one of the meshes contain many faces (15432). Consider setting 'morph.decimate=True' to speed up collision detection and improve numerical stability.[0m
[38;5;226m[Genesis] [19:46:25] [WARNING] At least one of the meshes contain many faces (15762). Consider setting 'morph.decimate=True' to speed up collision detection and improve numerical stability.[0m
[38;5;226m[Genesis] [19:46:25] [WARNING] Mesh is not watertight. Falling back to convex hull for estimating inertial properties.[0m
[38;5;226m[Genesis] [19:46:25] [WARNING] Mesh is not watertight. Falling back to convex hull for estimating inertial properties.[0m
[38;5;226m[Genesis] [19:46:25] [WARNING] At least one of the meshes contain many faces (12522). Consider setting 'morph.decimate=True' to speed up collision detection and improve numerical stability.[0m
[38;5;226m[Genesis] [19:46:25] [WARNING] Mesh is not watertight. Falling back to convex hull for estimating inertial properties.[0m
[38;5;226m[Genesis] [19:46:25] [WARNING] Mesh is not watertight. Falling back to convex hull for estimating inertial properties.[0m
[38;5;226m[Genesis] [19:46:25] [WARNING] Mesh is not watertight. Falling back to convex hull for estimating inertial properties.[0m
[38;5;226m[Genesis] [19:46:25] [WARNING] Mesh is not watertight. Falling back to convex hull for estimating inertial properties.[0m
[38;5;226m[Genesis] [19:46:25] [WARNING] Mesh is not watertight. Falling back to convex hull for estimating inertial properties.[0m
[38;5;226m[Genesis] [19:46:25] [WARNING] Mesh is not watertight. Falling back to convex hull for estimating inertial properties.[0m
[38;5;226m[Genesis] [19:46:25] [WARNING] Mesh is not watertight. Falling back to convex hull for estimating inertial properties.[0m
[38;5;226m[Genesis] [19:46:25] [WARNING] Mesh is not watertight. Falling back to convex hull for estimating inertial properties.[0m
[38;5;226m[Genesis] [19:46:25] [WARNING] Mesh is not watertight. Falling back to convex hull for estimating inertial properties.[0m
[38;5;226m[Genesis] [19:46:25] [WARNING] Mesh is not watertight. Falling back to convex hull for estimating inertial properties.[0m
[38;5;226m[Genesis] [19:46:25] [WARNING] Mesh is not watertight. Falling back to convex hull for estimating inertial properties.[0m
[38;5;226m[Genesis] [19:46:25] [WARNING] Mesh is not watertight. Falling back to convex hull for estimating inertial properties.[0m
[38;5;226m[Genesis] [19:46:25] [WARNING] Mesh is not watertight. Falling back to convex hull for estimating inertial properties.[0m
[38;5;226m[Genesis] [19:46:26] [WARNING] Mesh is not watertight. Falling back to convex hull for estimating inertial properties.[0m
[38;5;226m[Genesis] [19:46:26] [WARNING] Mesh is not watertight. Falling back to convex hull for estimating inertial properties.[0m
[38;5;226m[Genesis] [19:46:26] [WARNING] At least one of the meshes contain many faces (27466). Consider setting 'morph.decimate=True' to speed up collision detection and improve numerical stability.[0m
[38;5;226m[Genesis] [19:46:26] [WARNING] Mesh is not watertight. Falling back to convex hull for estimating inertial properties.[0m
[38;5;226m[Genesis] [19:46:26] [WARNING] Mesh is not watertight. Falling back to convex hull for estimating inertial properties.[0m
[38;5;226m[Genesis] [19:46:26] [WARNING] Mesh is not watertight. Falling back to convex hull for estimating inertial properties.[0m
[38;5;226m[Genesis] [19:46:26] [WARNING] Mesh is not watertight. Falling back to convex hull for estimating inertial properties.[0m
[38;5;226m[Genesis] [19:46:26] [WARNING] Mesh is not watertight. Falling back to convex hull for estimating inertial properties.[0m

[build] scene.build() 시작...
[38;5;226m[Genesis] [19:46:26] [WARNING] Link 'L4_Motor2_Shaft_1' has dubious center of mass [x=0.000, y=-0.037, z=0.015] compared to the bounding box from geometry [x=(-0.018, 0.018), y=(-0.018, 0.018), z=(-0.000, 0.077)].[0m
[38;5;226m[Genesis] [19:46:26] [WARNING] Link 'M_Bottom_1' has dubious center of mass [x=0.166, y=0.030, z=-0.073] compared to the bounding box from geometry [x=(0.106, 0.155), y=(-0.011, 0.071), z=(-0.078, -0.068)].[0m
[38;5;226m[Genesis] [19:46:26] [WARNING] Link 'M_Back_1' has dubious center of mass [x=0.003, y=0.021, z=0.011] compared to the bounding box from geometry [x=(-0.035, -0.030), y=(-0.033, 0.076), z=(-0.005, 0.028)].[0m
[38;5;226m[Genesis] [19:46:26] [WARNING] Link 'M_Left1_1' has dubious center of mass [x=-0.025, y=-0.002, z=-0.014] compared to the bounding box from geometry [x=(-0.088, -0.032), y=(-0.005, -0.000), z=(-0.038, 0.010)].[0m
[38;5;226m[Genesis] [19:46:26] [WARNING] Link 'M_Right1_1' has dubious center of mass [x=-0.025, y=0.003, z=-0.014] compared to the bounding box from geometry [x=(-0.087, -0.033), y=(0.000, 0.005), z=(-0.038, 0.010)].[0m
[38;5;226m[Genesis] [19:46:26] [WARNING] Link 'M_Top_1' has dubious center of mass [x=-0.024, y=0.028, z=0.005] compared to the bounding box from geometry [x=(-0.088, -0.032), y=(-0.031, 0.088), z=(-0.000, 0.010)].[0m
[38;5;226m[Genesis] [19:46:26] [WARNING] Link 'M_LeftLink_1' has dubious center of mass [x=-0.002, y=0.005, z=0.046] compared to the bounding box from geometry [x=(-0.040, -0.035), y=(-0.005, 0.015), z=(-0.005, 0.095)].[0m
[38;5;226m[Genesis] [19:46:26] [WARNING] Link 'M_RightLink_1' has dubious center of mass [x=-0.002, y=-0.005, z=0.046] compared to the bounding box from geometry [x=(-0.040, -0.035), y=(-0.015, 0.005), z=(-0.005, 0.095)].[0m
[38;5;226m[Genesis] [19:46:26] [WARNING] Link 'M_LeftLink2_copy_1' has dubious center of mass [x=-0.005, y=-0.005, z=0.021] compared to the bounding box from geometry [x=(-0.044, -0.032), y=(-0.015, 0.005), z=(-0.000, 0.045)].[0m
[38;5;226m[Genesis] [19:46:26] [WARNING] Link 'link_2' has dubious center of mass [x=0.000, y=0.000, z=0.000] compared to the bounding box from geometry [x=(-0.068, 0.479), y=(-0.069, 0.069), z=(0.082, 0.274)].[0m
[38;5;226m[Genesis] [19:46:26] [WARNING] Constraint solver time constant should be greater than 2*substep_dt. timeconst is changed from `0.0002` to `0.01`). Decrease simulation timestep or increase timeconst to avoid altering the original value.[0m
[38;5;226m[Genesis] [19:46:27] [WARNING] Filtered out geometry pairs causing self-collision for the neutral configuration (qpos0): (107, 109). Consider tuning Morph option 'decompose_robot_error_threshold' or specify dedicated collision meshes. This behavior can be disabled by setting Morph option 'enable_neutral_collision=True'.[0m
C:\Users\simuser\miniconda3\envs\crusher_genesis\Lib\site-packages\quadrants\_test_tools\warnings_helper.py:11: UserWarning: cannot create weak reference to 'tuple' object. Template mapper caching disabled.
  warnings.warn(message)
[verify] L2_Left_Wall1_1 충돌 geom 6개 / 시각 geom 3개  (플랜지 접촉=ON, 기대 충돌 6개)
[build] 성공 (9.4s)
[bag] shape 고정: 246/714 정점(바닥+양측면), 입구는 자유
[slot] 간격축 = world X (겹침 -12.5mm), 슬롯 길이축 = world Y (겹침 +65.0mm)
[slot] gap_cx=-0.3300 gap_cy=-0.0473 gap_width=12.5mm wall_top_z=0.0864
[slot] pocket(L1_Wall1_1) center=(-0.3683,-0.0853)
[recover] 샤프트 '회전_31' dof=1 (q=0 닫힘 / q=pi 열림, 라쳇 때문에 닫을 땐 pi->2pi)
[ctrl] Left_Wall armature=10.0kg (런타임 API) — 유효 질량 10.31kg, 100N -> 9.7 m/s^2, kv 안정 한계 4125 (현재 500)
[ctrl] Left_Wall force clip: ±100 N (Motor2 ctrlrange, docs/Crusher.md §5) — 벽은 이 힘에서 균형지는 위치에 멈춘다
[bag] grip_strip verts near FINGER_MID: 76
[38;5;226m[Genesis] [19:46:36] [WARNING] fps=30 is not reachable with dt=0.005. Recording at fps=28.57142857142857 instead.[0m
[38;5;226m[Genesis] [19:46:36] [WARNING] fps=30 is not reachable with dt=0.005. Recording at fps=28.57142857142857 instead.[0m
[38;5;226m[Genesis] [19:46:36] [WARNING] fps=30 is not reachable with dt=0.005. Recording at fps=28.57142857142857 instead.[0m

[phase] 0 prep (1.0s) — 크랭크 0->-3.142rad(-180deg), Left_Wall 0->+6mm(개방)
[phase] prep     @done  crank=-3.000rad  wall=+5.43mm
    [drop k=   0] tablet_z=+384.86mm bag_com=[-0.12655555 -0.6158233   0.39898157]
    [drop k=  40] tablet_z=+383.54mm bag_com=[-0.12655567 -0.6158234   0.3989815 ]
    [drop k=  80] tablet_z=+377.52mm bag_com=[-0.12655783 -0.6158233   0.39898163]
    [drop k= 120] tablet_z=+371.27mm bag_com=[-0.12655604 -0.6158235   0.39898163]
[phase] drop     @done  bag_com=[-0.12655732 -0.6158235   0.39898163]  finger_z=0.4378  tablet_z=+363.69mm  tilt=1.2deg  bag_bottom=0.3543
[phase] settle   @done  bag_com=[-0.12655386 -0.6158237   0.39898157]  finger_z=0.4378  tablet_z=+359.04mm  tilt=0.5deg  bag_bottom=0.3543
[bag] shape 고정 해제 — 이제부터 순수 마찰 파지
[phase] close    @done  bag_com=[-0.12609181 -0.6158321   0.398797  ]  finger_z=0.4361  tablet_z=+357.73mm  tilt=0.9deg  bag_bottom=0.3538
[phase] grasp    @done  bag_com=[-0.12605496 -0.61587185  0.3988026 ]  finger_z=0.4361  tablet_z=+357.30mm  tilt=0.5deg  bag_bottom=0.3538
[phase] lift     @done  bag_com=[-0.12941302 -0.6165073   0.52433723]  finger_z=0.5620  tablet_z=+482.86mm  tilt=1.2deg  bag_bottom=0.4790
[phase] hold     @done  bag_com=[-0.1291346  -0.6165343   0.52431226]  finger_z=0.5620  tablet_z=+482.43mm  tilt=1.2deg  bag_bottom=0.4790
[slot] wall_center_z=0.0504  insert_z(finger)=0.1324  hang=82mm
[slot] 봉투중심 보정 dy=+28.0mm -> finger_y=-0.0753 (봉투중심 y=-0.0473 = gap_cy -0.0473)
[slot] 봉투중심 보정 dx=-28.0mm -> finger_x=-0.3020 (봉투중심 x=-0.3300 = gap_cx -0.3300) — 실링이 측벽에 물린다
[sweep] Y_OFFSET_MM=+0.0mm -> target_xy=[-0.30202774 -0.07530234]  (gap_cy=-0.0473)
[cam] side view 고정: pos=(np.float64(-0.33002774047851563), np.float64(-0.5973023381233216), np.float64(0.168431227684021)) look=(np.float64(-0.33002774047851563), np.float64(-0.04730233812332152), np.float64(0.168431227684021)) (gap_width=12.5mm, z범위 above=0.2864~insert=0.1324)

[ik] above-slot target=[-0.30202774 -0.07530234  0.28643123]  arm_q=[1.5112094e+00 5.9203809e-01 6.3057876e-01 8.2565390e-04 1.9188048e+00
 1.5112568e+00]
    [above k=   0] tablet_z=+482.43mm bag_com=[-0.1291333  -0.61653453  0.5243121 ]
    [above k=  40] tablet_z=+481.11mm bag_com=[-0.12624775 -0.6137718   0.52302784]
    [above k=  80] tablet_z=+473.38mm bag_com=[-0.10510687 -0.59593904  0.5151493 ]
    [above k= 120] tablet_z=+454.71mm bag_com=[-0.06666043 -0.5482964   0.4959498 ]
    [above k= 160] tablet_z=+422.07mm bag_com=[-0.02853707 -0.45669252  0.46249455]
    [above k= 200] tablet_z=+378.65mm bag_com=[-0.01888398 -0.33704042  0.41646138]
    [above k= 240] tablet_z=+324.48mm bag_com=[-0.08683512 -0.20553851  0.3595081 ]
    [above k= 280] tablet_z=+273.24mm bag_com=[-0.16777574 -0.11674596  0.30839983]
    [above k= 320] tablet_z=+234.88mm bag_com=[-0.25034064 -0.06778442  0.26983464]
    [above k= 360] tablet_z=+217.25mm bag_com=[-0.3052441  -0.05188482  0.2524764 ]
[phase] above    @done  bag_com=[-0.30198908 -0.04787965  0.24861829]  finger_z=0.2862  tablet_z=+213.43mm  tilt=2.5deg  bag_bottom=0.2035
[phase] aboveset @done  bag_com=[-0.30339    -0.04783146  0.2486583 ]  finger_z=0.2862  tablet_z=+212.75mm  tilt=3.7deg  bag_bottom=0.2035
[ik] insert target=[-0.30202774 -0.07530234  0.13243123]  웨이포인트 41개(카테시안 직선)  arm_q=[1.5112631e+00 5.3522736e-01 1.1469229e+00 7.7391317e-04 1.4592637e+00
 1.5109730e+00]
    [insert k=   0] tablet_z=+212.46mm bag_com=[-0.30340877 -0.04785883  0.2485009 ]
    [insert k=  40] tablet_z=+209.91mm bag_com=[-0.30432042 -0.0478607   0.24717973]
    [insert k=  80] tablet_z=+201.01mm bag_com=[-0.30410203 -0.04778409  0.23951134]
    [insert k= 120] tablet_z=+184.21mm bag_com=[-0.30406782 -0.04776986  0.22310792]
    [insert k= 160] tablet_z=+160.94mm bag_com=[-0.30310372 -0.04774623  0.19914186]
    [insert k= 200] tablet_z=+132.51mm bag_com=[-0.30392987 -0.04773501  0.17103203]
    [insert k= 240] tablet_z=+104.32mm bag_com=[-0.30395538 -0.04775611  0.14297268]
    [insert k= 280] tablet_z=+93.20mm bag_com=[-0.29328802 -0.04920578  0.12597889]
    [insert k= 320] tablet_z=+91.09mm bag_com=[-0.29038277 -0.05096113  0.11683313]
    [insert k= 360] tablet_z=+90.05mm bag_com=[-0.28980753 -0.05136688  0.11167344]
[phase] insert   @done  bag_com=[-0.28933886 -0.05152763  0.11041016]  finger_z=0.1322  tablet_z=+89.75mm  tilt=8.9deg  bag_bottom=0.0805
[phase] settle2  @done  bag_com=[-0.2889028  -0.05184221  0.1100006 ]  finger_z=0.1322  tablet_z=+89.79mm  tilt=7.6deg  bag_bottom=0.0797
[trim] TRIM_ROUNDS=0 — 생략(기본값). settle2 시점 bag_bottom 오차 +29.3mm 를 그대로 결과로 쓴다.
[trim] 최종 finger_z=0.1324  (초기 0.1324, 하한 0.1024)

[phase] 9 clamp (2.0s) — Left_Wall +6.0mm -> -12.0mm (실링부 압착)
Traceback (most recent call last):
  File "C:\Crusher_isaacsim\Crusher_Genesis\Crusher_M0609_RG2_Tablet_Samplebag\full_workflow.py", line 2424, in <module>
    main(use_viewer=os.environ.get("VIEWER") == "1")
    ~~~~^^^^^^^^^^^^^^^^^^^^^^^^^^^^^^^^^^^^^^^^^^^^
  File "C:\Crusher_isaacsim\Crusher_Genesis\Crusher_M0609_RG2_Tablet_Samplebag\full_workflow.py", line 2045, in main
    _q_cmd = max(_q_cmd - _v_step, CLAMP_TARGET)
                 ^^^^^^
UnboundLocalError: cannot access local variable '_q_cmd' where it is not associated with a value

[38;5;9m[Genesis] [19:49:59] [ERROR] UnboundLocalError: cannot access local variable '_q_cmd' where it is not associated with a value[0m
