============================================================
 Full workflow: tablet drop -> bag catch -> grasp -> lift -> Crusher slot insert (viewer=False)
============================================================
[mjcf] Left_Wall 반사 관성 armature=10.0kg (링크 질량 0.312kg + 랙/피니언/감속기/로터). 100N -> 9.7 m/s^2, kv 안정 한계 4125
[mjcf] Left_Wall 형상 교체: 옛 geom 12개(시각 1 + hull 11) -> 본체 hull 5개 + 플랜지 1개 + 시각 1개. 플랜지 = **시각 전용(접촉 제외)**. 중립 간격 플랜지 12.50mm / 본체 17.50mm
[fem_ipc_workarounds] FEMEntity.set_vertex_constraints 패치 완료 (IPC 커플러 버그 우회)
[mjcf] 회수장치 턱 충돌메시 6개를 볼록껍질로 교체 (non-watertight -> IPC 투입 가능)
[38;5;226m[Genesis] [19:51:05] [WARNING] At least one of the meshes contain many faces (15432). Consider setting 'morph.decimate=True' to speed up collision detection and improve numerical stability.[0m
[38;5;226m[Genesis] [19:51:06] [WARNING] At least one of the meshes contain many faces (15762). Consider setting 'morph.decimate=True' to speed up collision detection and improve numerical stability.[0m
[38;5;226m[Genesis] [19:51:06] [WARNING] Mesh is not watertight. Falling back to convex hull for estimating inertial properties.[0m
[38;5;226m[Genesis] [19:51:06] [WARNING] Mesh is not watertight. Falling back to convex hull for estimating inertial properties.[0m
[38;5;226m[Genesis] [19:51:06] [WARNING] At least one of the meshes contain many faces (12522). Consider setting 'morph.decimate=True' to speed up collision detection and improve numerical stability.[0m
[38;5;226m[Genesis] [19:51:06] [WARNING] Mesh is not watertight. Falling back to convex hull for estimating inertial properties.[0m
[38;5;226m[Genesis] [19:51:06] [WARNING] Mesh is not watertight. Falling back to convex hull for estimating inertial properties.[0m
[38;5;226m[Genesis] [19:51:06] [WARNING] Mesh is not watertight. Falling back to convex hull for estimating inertial properties.[0m
[38;5;226m[Genesis] [19:51:06] [WARNING] Mesh is not watertight. Falling back to convex hull for estimating inertial properties.[0m
[38;5;226m[Genesis] [19:51:06] [WARNING] Mesh is not watertight. Falling back to convex hull for estimating inertial properties.[0m
[38;5;226m[Genesis] [19:51:06] [WARNING] Mesh is not watertight. Falling back to convex hull for estimating inertial properties.[0m
[38;5;226m[Genesis] [19:51:06] [WARNING] Mesh is not watertight. Falling back to convex hull for estimating inertial properties.[0m
[38;5;226m[Genesis] [19:51:06] [WARNING] Mesh is not watertight. Falling back to convex hull for estimating inertial properties.[0m
[38;5;226m[Genesis] [19:51:06] [WARNING] Mesh is not watertight. Falling back to convex hull for estimating inertial properties.[0m
[38;5;226m[Genesis] [19:51:06] [WARNING] Mesh is not watertight. Falling back to convex hull for estimating inertial properties.[0m
[38;5;226m[Genesis] [19:51:06] [WARNING] Mesh is not watertight. Falling back to convex hull for estimating inertial properties.[0m
[38;5;226m[Genesis] [19:51:06] [WARNING] Mesh is not watertight. Falling back to convex hull for estimating inertial properties.[0m
[38;5;226m[Genesis] [19:51:06] [WARNING] Mesh is not watertight. Falling back to convex hull for estimating inertial properties.[0m
[38;5;226m[Genesis] [19:51:06] [WARNING] Mesh is not watertight. Falling back to convex hull for estimating inertial properties.[0m
[38;5;226m[Genesis] [19:51:06] [WARNING] Mesh is not watertight. Falling back to convex hull for estimating inertial properties.[0m
[38;5;226m[Genesis] [19:51:06] [WARNING] At least one of the meshes contain many faces (27466). Consider setting 'morph.decimate=True' to speed up collision detection and improve numerical stability.[0m
[38;5;226m[Genesis] [19:51:06] [WARNING] Mesh is not watertight. Falling back to convex hull for estimating inertial properties.[0m
[38;5;226m[Genesis] [19:51:06] [WARNING] Mesh is not watertight. Falling back to convex hull for estimating inertial properties.[0m
[38;5;226m[Genesis] [19:51:06] [WARNING] Mesh is not watertight. Falling back to convex hull for estimating inertial properties.[0m
[38;5;226m[Genesis] [19:51:06] [WARNING] Mesh is not watertight. Falling back to convex hull for estimating inertial properties.[0m
[38;5;226m[Genesis] [19:51:06] [WARNING] Mesh is not watertight. Falling back to convex hull for estimating inertial properties.[0m

[build] scene.build() 시작...
[38;5;226m[Genesis] [19:51:07] [WARNING] Link 'L4_Motor2_Shaft_1' has dubious center of mass [x=0.000, y=-0.037, z=0.015] compared to the bounding box from geometry [x=(-0.018, 0.018), y=(-0.018, 0.018), z=(-0.000, 0.077)].[0m
[38;5;226m[Genesis] [19:51:07] [WARNING] Link 'M_Bottom_1' has dubious center of mass [x=0.166, y=0.030, z=-0.073] compared to the bounding box from geometry [x=(0.106, 0.155), y=(-0.011, 0.071), z=(-0.078, -0.068)].[0m
[38;5;226m[Genesis] [19:51:07] [WARNING] Link 'M_Back_1' has dubious center of mass [x=0.003, y=0.021, z=0.011] compared to the bounding box from geometry [x=(-0.035, -0.030), y=(-0.033, 0.076), z=(-0.005, 0.028)].[0m
[38;5;226m[Genesis] [19:51:07] [WARNING] Link 'M_Left1_1' has dubious center of mass [x=-0.025, y=-0.002, z=-0.014] compared to the bounding box from geometry [x=(-0.088, -0.032), y=(-0.005, -0.000), z=(-0.038, 0.010)].[0m
[38;5;226m[Genesis] [19:51:07] [WARNING] Link 'M_Right1_1' has dubious center of mass [x=-0.025, y=0.003, z=-0.014] compared to the bounding box from geometry [x=(-0.087, -0.033), y=(0.000, 0.005), z=(-0.038, 0.010)].[0m
[38;5;226m[Genesis] [19:51:07] [WARNING] Link 'M_Top_1' has dubious center of mass [x=-0.024, y=0.028, z=0.005] compared to the bounding box from geometry [x=(-0.088, -0.032), y=(-0.031, 0.088), z=(-0.000, 0.010)].[0m
[38;5;226m[Genesis] [19:51:07] [WARNING] Link 'M_LeftLink_1' has dubious center of mass [x=-0.002, y=0.005, z=0.046] compared to the bounding box from geometry [x=(-0.040, -0.035), y=(-0.005, 0.015), z=(-0.005, 0.095)].[0m
[38;5;226m[Genesis] [19:51:07] [WARNING] Link 'M_RightLink_1' has dubious center of mass [x=-0.002, y=-0.005, z=0.046] compared to the bounding box from geometry [x=(-0.040, -0.035), y=(-0.015, 0.005), z=(-0.005, 0.095)].[0m
[38;5;226m[Genesis] [19:51:07] [WARNING] Link 'M_LeftLink2_copy_1' has dubious center of mass [x=-0.005, y=-0.005, z=0.021] compared to the bounding box from geometry [x=(-0.044, -0.032), y=(-0.015, 0.005), z=(-0.000, 0.045)].[0m
[38;5;226m[Genesis] [19:51:07] [WARNING] Link 'link_2' has dubious center of mass [x=0.000, y=0.000, z=0.000] compared to the bounding box from geometry [x=(-0.068, 0.479), y=(-0.069, 0.069), z=(0.082, 0.274)].[0m
[38;5;226m[Genesis] [19:51:07] [WARNING] Constraint solver time constant should be greater than 2*substep_dt. timeconst is changed from `0.0002` to `0.01`). Decrease simulation timestep or increase timeconst to avoid altering the original value.[0m
[38;5;226m[Genesis] [19:51:08] [WARNING] Filtered out geometry pairs causing self-collision for the neutral configuration (qpos0): (90, 113), (103, 105). Consider tuning Morph option 'decompose_robot_error_threshold' or specify dedicated collision meshes. This behavior can be disabled by setting Morph option 'enable_neutral_collision=True'.[0m
C:\Users\simuser\miniconda3\envs\crusher_genesis\Lib\site-packages\quadrants\_test_tools\warnings_helper.py:11: UserWarning: cannot create weak reference to 'tuple' object. Template mapper caching disabled.
  warnings.warn(message)
[verify] L2_Left_Wall1_1 충돌 geom 5개 / 시각 geom 3개  (플랜지 접촉=OFF, 기대 충돌 5개)
[build] 성공 (9.3s)
[bag] shape 고정: 714/714 정점(바닥+양측면), 입구는 자유
[slot] 간격축 = world Y (겹침 -12.5mm), 슬롯 길이축 = world X (겹침 +65.0mm)
[slot] gap_cx=0.2125 gap_cy=-0.0053 gap_width=12.5mm wall_top_z=0.0870
[slot] pocket(L1_Wall1_1) center=(0.1745,0.0330)
[recover] 샤프트 '회전_31' dof=1 (q=0 닫힘 / q=pi 열림, 라쳇 때문에 닫을 땐 pi->2pi)
[ctrl] Left_Wall armature=10.0kg (런타임 API) — 유효 질량 10.31kg, 100N -> 9.7 m/s^2, kv 안정 한계 4125 (현재 500)
[ctrl] Left_Wall force clip: ±100 N (Motor2 ctrlrange, docs/Crusher.md §5) — 벽은 이 힘에서 균형지는 위치에 멈춘다
[bag] grip_strip verts near FINGER_MID: 76
[38;5;226m[Genesis] [19:51:16] [WARNING] fps=30 is not reachable with dt=0.005. Recording at fps=28.57142857142857 instead.[0m
[38;5;226m[Genesis] [19:51:16] [WARNING] fps=30 is not reachable with dt=0.005. Recording at fps=28.57142857142857 instead.[0m
[38;5;226m[Genesis] [19:51:16] [WARNING] fps=30 is not reachable with dt=0.005. Recording at fps=28.57142857142857 instead.[0m

[phase] 0 prep (1.0s) — 크랭크 0->-3.142rad(-180deg), Left_Wall 0->+6mm(개방)
[phase] prep     @done  crank=-3.000rad  wall=+5.43mm
    [drop k=   0] tablet_z=+420.34mm bag_com=[0.00646321 0.2561791  0.39925352]
    [drop k=  40] tablet_z=+420.34mm bag_com=[0.00646321 0.2561791  0.39925352]
    [drop k=  80] tablet_z=+420.34mm bag_com=[0.00646321 0.2561791  0.39925352]
    [drop k= 120] tablet_z=+417.05mm bag_com=[0.00646321 0.2561791  0.39925352]
[phase] drop     @done  bag_com=[0.00646321 0.2561791  0.39925352]  finger_z=0.4378  tablet_z=+413.90mm  tilt=0.8deg  bag_bottom=0.3543
[phase] settle   @done  bag_com=[0.00646321 0.2561791  0.39925352]  finger_z=0.4378  tablet_z=+411.54mm  tilt=0.8deg  bag_bottom=0.3543
[bag] shape 고정 해제 — 이제부터 순수 마찰 파지
[phase] close    @done  bag_com=[0.00647169 0.255772   0.3987983 ]  finger_z=0.4360  tablet_z=+411.36mm  tilt=0.7deg  bag_bottom=0.3538
[phase] grasp    @done  bag_com=[0.00643639 0.2557647  0.39880055]  finger_z=0.4361  tablet_z=+411.01mm  tilt=0.8deg  bag_bottom=0.3538
[phase] lift     @done  bag_com=[0.00557362 0.25904843 0.5242874 ]  finger_z=0.5620  tablet_z=+528.03mm  tilt=1.0deg  bag_bottom=0.4789
[phase] hold     @done  bag_com=[0.00560673 0.25889635 0.52430683]  finger_z=0.5620  tablet_z=+526.24mm  tilt=1.1deg  bag_bottom=0.4790
[slot] wall_center_z=0.0510  insert_z(finger)=0.1330  hang=82mm
[slot] 봉투중심 보정 dy=+0.0mm -> finger_y=-0.0053 (봉투중심 y=-0.0053 = gap_cy -0.0053)
[slot] 봉투중심 보정 dx=-28.0mm -> finger_x=0.2405 (봉투중심 x=0.2125 = gap_cx 0.2125) — 실링이 측벽에 물린다
[sweep] Y_OFFSET_MM=+0.0mm -> target_xy=[ 0.24049766 -0.00527226]  (gap_cy=-0.0053)
[cam] side view 고정: pos=(np.float64(0.21249766187667846), np.float64(-0.5552722595214844), np.float64(0.169001227684021)) look=(np.float64(0.21249766187667846), np.float64(-0.005272259521484357), np.float64(0.169001227684021)) (gap_width=12.5mm, z범위 above=0.2870~insert=0.1330)

[ik] above-slot target=[ 0.24049766 -0.00527226  0.28700123]  arm_q=[-5.1309001e-01  4.4076708e-01  8.6770284e-01 -1.2530945e-06
  1.8327484e+00  4.1990747e+00]
    [above k=   0] tablet_z=+526.24mm bag_com=[0.00560674 0.25889632 0.52430683]
    [above k=  40] tablet_z=+524.34mm bag_com=[0.00927435 0.2570556  0.5229549 ]
    [above k=  80] tablet_z=+515.14mm bag_com=[0.03054865 0.24519195 0.51464266]
    [above k= 120] tablet_z=+496.50mm bag_com=[0.0704819  0.21971937 0.495181  ]
    [above k= 160] tablet_z=+462.52mm bag_com=[0.11187126 0.17548217 0.46142936]
    [above k= 200] tablet_z=+413.91mm bag_com=[0.16491991 0.12657352 0.4137345 ]
    [above k= 240] tablet_z=+359.45mm bag_com=[0.18793112 0.07546262 0.35826945]
    [above k= 280] tablet_z=+309.90mm bag_com=[0.20263779 0.03473314 0.30714813]
    [above k= 320] tablet_z=+272.98mm bag_com=[0.20955679 0.00784583 0.27049568]
    [above k= 360] tablet_z=+256.18mm bag_com=[ 0.21190019 -0.00172807  0.25298372]
[phase] above    @done  bag_com=[ 0.21263355 -0.00915206  0.24985589]  finger_z=0.2868  tablet_z=+252.66mm  tilt=7.4deg  bag_bottom=0.2044
[phase] aboveset @done  bag_com=[ 0.2126959  -0.00926984  0.24976668]  finger_z=0.2868  tablet_z=+252.50mm  tilt=7.6deg  bag_bottom=0.2044
[ik] insert target=[ 0.24049766 -0.00527226  0.13300123]  웨이포인트 41개(카테시안 직선)  arm_q=[-5.1309121e-01  4.2123896e-01  1.3184922e+00  1.1612639e-04
  1.4014959e+00  4.1990743e+00]
    [insert k=   0] tablet_z=+252.32mm bag_com=[ 0.2126516  -0.00923267  0.24961253]
    [insert k=  40] tablet_z=+250.99mm bag_com=[ 0.2125755  -0.00841187  0.24824816]
    [insert k=  80] tablet_z=+243.63mm bag_com=[ 0.21232462 -0.006004    0.24087633]
    [insert k= 120] tablet_z=+227.29mm bag_com=[ 0.21253505 -0.0020754   0.22467345]
    [insert k= 160] tablet_z=+203.10mm bag_com=[ 0.21277228 -0.00187209  0.20031841]
    [insert k= 200] tablet_z=+175.29mm bag_com=[ 0.21247661 -0.00317668  0.17224959]
    [insert k= 240] tablet_z=+146.54mm bag_com=[ 0.21245605 -0.00241682  0.14435552]
    [insert k= 280] tablet_z=+122.28mm bag_com=[ 0.2126176  -0.00149172  0.12077859]
    [insert k= 320] tablet_z=+107.24mm bag_com=[ 0.21252042 -0.00155558  0.10510844]
    [insert k= 360] tablet_z=+96.16mm bag_com=[ 0.21251363 -0.00817231  0.09700515]
[phase] insert   @done  bag_com=[ 0.21256463 -0.00731096  0.09565613]  finger_z=0.1328  tablet_z=+86.71mm  tilt=6.1deg  bag_bottom=0.0504
[phase] settle2  @done  bag_com=[ 0.21259175 -0.00723771  0.09560902]  finger_z=0.1328  tablet_z=+83.19mm  tilt=6.1deg  bag_bottom=0.0504
[trim] TRIM_ROUNDS=0 — 생략(기본값). settle2 시점 bag_bottom 오차 +0.6mm 를 그대로 결과로 쓴다.
[trim] 최종 finger_z=0.1330  (초기 0.1330, 하한 0.1030)

[phase] 9 clamp (4.3s) — Left_Wall +6.0mm 에서 **속도지령** 8.0mm/s 로 계속 닫음 (docs §11-5), lead 20.0mm = 정지 시 100N, 가드 -17.0mm
    [clamp t= 0.00s] wall=  +5.96mm v=  +0.08mm/s  본체면 잔여 +23.46mm  bag_com=[ 0.21259178 -0.00723767  0.09560899]
    [clamp t= 0.17s] wall=  +4.61mm v=  +2.73mm/s  본체면 잔여 +22.11mm  bag_com=[ 0.21260716 -0.00721305  0.09558684]
    [clamp t= 0.34s] wall=  +3.27mm v=  +5.39mm/s  본체면 잔여 +20.77mm  bag_com=[ 0.21262114 -0.00719276  0.0955655 ]
    [clamp t= 0.51s] wall=  +1.92mm v=  +8.03mm/s  본체면 잔여 +19.42mm  bag_com=[ 0.21263354 -0.00700166  0.09554005]
    [clamp t= 0.68s] wall=  +0.57mm v= +10.69mm/s  본체면 잔여 +18.07mm  bag_com=[ 0.21265346 -0.00641349  0.09548583]
    [clamp t= 0.85s] wall=  -0.77mm v= +13.34mm/s  본체면 잔여 +16.73mm  bag_com=[ 0.21267527 -0.00598535  0.09546092]
    [clamp t= 1.02s] wall=  -2.12mm v= +15.99mm/s  본체면 잔여 +15.38mm  bag_com=[ 0.21270885 -0.00540079  0.09542083]
    [clamp t= 1.19s] wall=  -3.47mm v= +18.63mm/s  본체면 잔여 +14.03mm  bag_com=[ 0.2127493  -0.00496281  0.09539642]
    [clamp t= 1.36s] wall=  -4.81mm v= +21.30mm/s  본체면 잔여 +12.69mm  bag_com=[ 0.21280129 -0.00439088  0.09536806]
    [clamp t= 1.53s] wall=  -6.16mm v= +23.94mm/s  본체면 잔여 +11.34mm  bag_com=[ 0.21285084 -0.00393049  0.09535357]
    [clamp t= 1.70s] wall=  -7.51mm v= +26.61mm/s  본체면 잔여  +9.99mm  bag_com=[ 0.21290235 -0.00347614  0.09535448]
    [clamp t= 1.87s] wall=  -8.85mm v= +29.29mm/s  본체면 잔여  +8.65mm  bag_com=[ 0.21291018 -0.00309091  0.09537643]
    [clamp t= 2.04s] wall= -10.20mm v= +31.94mm/s  본체면 잔여  +7.30mm  bag_com=[ 0.21291927 -0.00261404  0.09542465]
    [clamp t= 2.21s] wall= -11.55mm v= +34.82mm/s  본체면 잔여  +5.95mm  bag_com=[ 0.21292903 -0.00228396  0.09548575]
    [clamp t= 2.38s] wall= -12.82mm v= +51.38mm/s  본체면 잔여  +4.68mm  bag_com=[ 0.21292903 -0.00214172  0.0955378 ]
    [clamp t= 2.55s] wall= -13.86mm v=+115.14mm/s  본체면 잔여  +3.64mm  bag_com=[ 0.21293023 -0.00194232  0.09562633]
    [clamp t= 2.72s] wall= -14.46mm v=+207.49mm/s  본체면 잔여  +3.04mm  bag_com=[ 0.212942   -0.00202106  0.0956523 ]
    [clamp t= 2.89s] wall= -14.50mm v=+200.40mm/s  본체면 잔여  +3.00mm  bag_com=[ 0.21293922 -0.0020395   0.09565207]
    [clamp t= 3.06s] wall= -14.50mm v=+199.42mm/s  본체면 잔여  +3.00mm  bag_com=[ 0.21293642 -0.00204777  0.09565324]
    [clamp t= 3.23s] wall= -14.51mm v=+198.46mm/s  본체면 잔여  +2.99mm  bag_com=[ 0.21293095 -0.00207077  0.09565683]
    [clamp t= 3.40s] wall= -14.51mm v=+197.54mm/s  본체면 잔여  +2.99mm  bag_com=[ 0.212926   -0.00209368  0.09566335]
    [clamp t= 3.57s] wall= -14.52mm v=+196.65mm/s  본체면 잔여  +2.98mm  bag_com=[ 0.2129198  -0.00214813  0.095675  ]
    [clamp t= 3.74s] wall= -14.52mm v=+196.01mm/s  본체면 잔여  +2.98mm  bag_com=[ 0.21291448 -0.00218356  0.09568777]
    [clamp t= 3.91s] wall= -14.52mm v=+195.51mm/s  본체면 잔여  +2.98mm  bag_com=[ 0.21291119 -0.00219617  0.09570199]
    [clamp t= 4.08s] wall= -14.52mm v=+195.07mm/s  본체면 잔여  +2.98mm  bag_com=[ 0.21290761 -0.00220401  0.09571684]
    [clamp t= 4.25s] wall= -14.53mm v=+194.64mm/s  본체면 잔여  +2.97mm  bag_com=[ 0.21290511 -0.00221898  0.09572838]
[phase] clamp    @done  wall=-14.53mm  (잔여: 플랜지면(비접촉) -2.03mm / 본체면 2.97mm)  bag_com=[ 0.21289948 -0.00228733  0.09573979]
[clamp] 봉투 반력에 막혀 정지  (가드 -17.00mm, 최종 v=+194.32mm/s)
    [hold2 k=   0] tablet_z=+57.82mm bag_com=[ 0.21289952 -0.00228758  0.09573992]
    [hold2 k=  40] tablet_z=+57.79mm bag_com=[ 0.21289633 -0.00231726  0.09575938]
    [hold2 k=  80] tablet_z=+57.75mm bag_com=[ 0.21289729 -0.0023358   0.09577715]
[phase] hold2    @done  bag_com=[ 0.21289669 -0.00234199  0.09578243]  finger_z=0.1328  tablet_z=+57.73mm  tilt=0.7deg  bag_bottom=0.0507

[phase] 11 crush (15s, 3000 step) — 크랭크 8.0 RPM (0.8378 rad/s) 연속 회전 ≈ 2.0 바퀴
[ctrl] crank torque clip: ±12.5 N·m (docs/Crusher.md §2-2), kv=5000 — velocity 제어
[crush] 시작 정제 크기 4.92 x 3.16 x 4.93 mm
    [crush t=  0.0s] crank=    +0.0deg ( 0.02 RPM)  wall=-13.59mm  정제  4.94x 3.15x 4.95mm
    [crush t=  0.5s] crank=    +3.7deg ( 2.39 RPM)  wall=-12.90mm  정제  4.76x 3.45x 4.88mm
    [crush t=  1.0s] crank=   +14.4deg ( 4.74 RPM)  wall=-13.24mm  정제  4.76x 3.30x 5.05mm
    [crush t=  1.5s] crank=   +32.2deg ( 7.08 RPM)  wall=-13.24mm  정제  4.66x 3.34x 5.06mm
    [crush t=  2.0s] crank=   +55.6deg ( 8.00 RPM)  wall=-12.91mm  정제  4.48x 3.56x 5.05mm
    [crush t=  2.5s] crank=   +79.6deg ( 8.00 RPM)  wall=-12.83mm  정제  4.34x 3.61x 5.07mm
    [crush t=  3.0s] crank=  +103.6deg ( 8.00 RPM)  wall=-12.83mm  정제  4.31x 3.59x 5.07mm
    [crush t=  3.5s] crank=  +127.6deg ( 8.00 RPM)  wall=-12.84mm  정제  4.30x 3.57x 5.07mm
    [crush t=  4.0s] crank=  +151.5deg ( 7.67 RPM)  wall=-12.92mm  정제  5.78x 0.08x 7.09mm
    [crush t=  4.5s] crank=  +169.9deg ( 4.85 RPM)  wall=-13.56mm  정제  5.60x 0.12x 6.70mm
    [crush t=  5.0s] crank=  +185.1deg ( 6.11 RPM)  wall=-13.55mm  정제  5.43x 0.11x 6.43mm
    [crush t=  5.5s] crank=  +207.9deg ( 8.00 RPM)  wall=-13.54mm  정제  5.44x 0.33x 6.29mm
    [crush t=  6.0s] crank=  +231.9deg ( 8.00 RPM)  wall=-13.50mm  정제  4.47x 3.24x 5.33mm
    [crush t=  6.5s] crank=  +255.9deg ( 8.00 RPM)  wall=-13.47mm  정제  4.42x 3.31x 5.26mm
    [crush t=  7.0s] crank=  +279.9deg ( 8.00 RPM)  wall=-13.45mm  정제  4.33x 3.40x 5.22mm
    [crush t=  7.5s] crank=  +303.9deg ( 8.00 RPM)  wall=-13.43mm  정제  4.27x 3.43x 5.13mm
    [crush t=  8.0s] crank=  +327.9deg ( 8.00 RPM)  wall=-13.42mm  정제  4.24x 3.46x 5.07mm
    [crush t=  8.5s] crank=  +351.9deg ( 8.00 RPM)  wall=-13.41mm  정제  4.21x 3.49x 5.04mm
    [crush t=  9.0s] crank=  +375.9deg ( 8.00 RPM)  wall=-13.40mm  정제  4.20x 3.51x 5.03mm
    [crush t=  9.5s] crank=  +399.9deg ( 8.00 RPM)  wall=-13.40mm  정제  4.18x 3.53x 5.02mm
    [crush t= 10.0s] crank=  +423.9deg ( 8.00 RPM)  wall=-13.41mm  정제  4.16x 3.54x 5.02mm
    [crush t= 10.5s] crank=  +447.9deg ( 8.00 RPM)  wall=-13.42mm  정제  4.15x 3.56x 5.02mm
    [crush t= 11.0s] crank=  +471.9deg ( 8.00 RPM)  wall=-13.43mm  정제  4.14x 3.57x 5.01mm
    [crush t= 11.5s] crank=  +495.9deg ( 8.00 RPM)  wall=-13.43mm  정제  4.16x 3.50x 5.01mm
    [crush t= 12.0s] crank=  +519.9deg ( 7.97 RPM)  wall=-13.51mm  정제  5.38x 0.07x 5.68mm
    [crush t= 12.5s] crank=  +543.6deg ( 8.01 RPM)  wall=-13.53mm  정제  5.24x 0.09x 5.50mm
    [crush t= 13.0s] crank=  +567.6deg ( 8.00 RPM)  wall=-13.55mm  정제  6.03x 0.79x 5.86mm
    [crush t= 13.5s] crank=  +591.6deg ( 8.00 RPM)  wall=-13.50mm  정제  4.27x 3.31x 5.20mm
    [crush t= 14.0s] crank=  +615.6deg ( 8.00 RPM)  wall=-13.47mm  정제  4.26x 3.45x 5.13mm
    [crush t= 14.5s] crank=  +639.6deg ( 8.00 RPM)  wall=-13.45mm  정제  4.26x 3.51x 5.07mm
[phase] crush    @done  크랭크 +663.4deg (1.84 바퀴)  wall=-13.44mm
[crush] 정제 4.92x3.16x4.93 -> 4.26x3.54x5.04 mm  (변화 -0.66/+0.38/+0.10)
[crush] bag_com=[ 0.2130185  -0.00220878  0.09530307]  tilt=1.2deg  bag_bottom=0.0498

[recover] 물림 중심 world=(-0.0565, -0.2750)  봉투하단 z=0.2005 (F_Top 상면 -10mm)  finger z=0.2825  손목 +90deg
[recover] IK 도달오차  진입 20.0mm / 물림 20.1mm  (허용 15mm)
[recover] **도달 불가 — 이송 생략**

[RESULT] GRIP_OFFSET_MM=-28mm  Y_OFFSET_MM=+0.0mm  verdict=PASS  (삽입 성공, 걸림/붕괴 없음)
[RESULT] final_bottom_z=0.0498  wall_center_z=0.0510  오차=-1.2mm(+면 얕음/-면 깊음)
[RESULT] width_y=17.2mm(baseline 15.5mm)  height_z=90.8mm(baseline 90.7mm)
[SUMMARY] flange=OFF mode=velocity v=8.0mm/s F=100N kp=5000 hold=1 wall=-14.53mm body_gap=+2.97mm stalled=Y drop=-0.8mm tilt=1.2deg width=17.2mm reach_err=-1.2mm verdict=PASS

[saved] overview -> C:\Crusher_isaacsim\Crusher_Genesis\Crusher_M0609_RG2_Tablet_Samplebag\RESULT_z_recover\grip-28mm\full_workflow_grip-28mm_yoff+0.0mm_20260831_195059_overview.mp4
[saved] bagcam   -> C:\Crusher_isaacsim\Crusher_Genesis\Crusher_M0609_RG2_Tablet_Samplebag\RESULT_z_recover\grip-28mm\full_workflow_grip-28mm_yoff+0.0mm_20260831_195059_bagcam.mp4
[saved] sideview -> C:\Crusher_isaacsim\Crusher_Genesis\Crusher_M0609_RG2_Tablet_Samplebag\RESULT_z_recover\grip-28mm\full_workflow_grip-28mm_yoff+0.0mm_20260831_195059_sideview.mp4

[timing] build=9.3s  steps=597.0s (5892 steps, 101.3ms/step)  합계=606.3s
완료.
