[run ] base         IPC=0 BAG=0 SET=0 ...
       -> 6.902 RPM (추종률 86.3%)
[run ] ipc          IPC=1 BAG=0 SET=0 ...
       -> 6.945 RPM (추종률 86.8%)
[run ] ipc_bag      IPC=1 BAG=1 SET=0 ...
       -> 6.945 RPM (추종률 86.8%)
[run ] ipc_set      IPC=1 BAG=0 SET=1 ...
       -> 0.024 RPM (추종률 0.3%)
[run ] ipc_bag_set  IPC=1 BAG=1 SET=1 ...
       -> 0.024 RPM (추종률 0.3%)

==========================================================================
환경             IPC  BAG  SET        RPM      추종률    회전(deg)
--------------------------------------------------------------------------
base             0    0    0      6.902    86.3%      27.80
ipc              1    0    0      6.945    86.8%      28.30
ipc_bag          1    1    0      6.945    86.8%      28.30
ipc_set          1    0    1      0.024     0.3%       0.30
ipc_bag_set      1    1    1      0.024     0.3%       0.30
==========================================================================
지령 0.8378 rad/s = 8.0 RPM   (dt=5e-3, substeps=1)
