[stage] STAGE=clamp:crush -> clamp..crush (CLAMP_ONLY=1)
============================================================
 Full workflow: tablet drop -> bag catch -> grasp -> lift -> Crusher slot insert (viewer=False)
============================================================
[mjcf] Left_Wall 반사 관성 armature=10.0kg (링크 질량 0.312kg + 랙/피니언/감속기/로터). 100N -> 9.7 m/s^2, kv 안정 한계 4125
[mjcf] CLAMP_ONLY + CRUSH_LIVE — impact plate 를 접촉에 **남긴다**(때리는 면). 빌드 겹침은 봉투를 슬롯 위로 띄워 스폰해 피한다.
[mjcf] Left_Wall 형상 교체: 옛 geom 12개(시각 1 + hull 11) -> 본체 hull 5개 + 플랜지 1개 + 시각 1개. 플랜지 = **시각 전용(접촉 제외)**. 중립 간격 플랜지 12.50mm / 본체 17.50mm
[seed] gs.init(seed=0) — RRTConnect 경로 재현 고정
[fem_ipc_workarounds] FEMEntity.set_vertex_constraints 패치 완료 (IPC 커플러 버그 우회)
[plate] Base.step 실측 판: 750x800x30mm, D6.0 구멍 15x16=240개 (피치 50 여백 25) -> 31692 faces, euler=-478 (=2-2x240)
[38;5;226m[Genesis] [23:45:38] [WARNING] Mesh is not watertight. Falling back to convex hull for estimating inertial properties.[0m
[38;5;226m[Genesis] [23:45:39] [WARNING] At least one of the meshes contain many faces (15432). Consider setting 'morph.decimate=True' to speed up collision detection and improve numerical stability.[0m
[38;5;226m[Genesis] [23:45:39] [WARNING] At least one of the meshes contain many faces (15762). Consider setting 'morph.decimate=True' to speed up collision detection and improve numerical stability.[0m
[38;5;226m[Genesis] [23:45:39] [WARNING] Mesh is not watertight. Falling back to convex hull for estimating inertial properties.[0m
[38;5;226m[Genesis] [23:45:40] [WARNING] Mesh is not watertight. Falling back to convex hull for estimating inertial properties.[0m
[38;5;226m[Genesis] [23:45:40] [WARNING] At least one of the meshes contain many faces (12522). Consider setting 'morph.decimate=True' to speed up collision detection and improve numerical stability.[0m
[suction] 조 range 하한 -3.0mm 로 제한 (2개 조인트) -> C:\Users\simuser\AppData\Local\Temp\suction_fw_0ctsq58t\bdc4e8edd13b.xml
[38;5;226m[Genesis] [23:45:40] [WARNING] Mesh is not watertight. Falling back to convex hull for estimating inertial properties.[0m
[38;5;226m[Genesis] [23:45:40] [WARNING] Mesh is not watertight. Falling back to convex hull for estimating inertial properties.[0m
[38;5;226m[Genesis] [23:45:40] [WARNING] Mesh is not watertight. Falling back to convex hull for estimating inertial properties.[0m
[38;5;226m[Genesis] [23:45:40] [WARNING] Mesh is not watertight. Falling back to convex hull for estimating inertial properties.[0m
[38;5;226m[Genesis] [23:45:40] [WARNING] Mesh is not watertight. Falling back to convex hull for estimating inertial properties.[0m
[38;5;226m[Genesis] [23:45:40] [WARNING] Mesh is not watertight. Falling back to convex hull for estimating inertial properties.[0m
[38;5;226m[Genesis] [23:45:40] [WARNING] Mesh is not watertight. Falling back to convex hull for estimating inertial properties.[0m
[38;5;226m[Genesis] [23:45:40] [WARNING] Mesh is not watertight. Falling back to convex hull for estimating inertial properties.[0m
[38;5;226m[Genesis] [23:45:40] [WARNING] Mesh is not watertight. Falling back to convex hull for estimating inertial properties.[0m
[38;5;226m[Genesis] [23:45:40] [WARNING] Mesh is not watertight. Falling back to convex hull for estimating inertial properties.[0m
[38;5;226m[Genesis] [23:45:40] [WARNING] Mesh is not watertight. Falling back to convex hull for estimating inertial properties.[0m
[38;5;226m[Genesis] [23:45:40] [WARNING] Mesh is not watertight. Falling back to convex hull for estimating inertial properties.[0m
[38;5;226m[Genesis] [23:45:40] [WARNING] Mesh is not watertight. Falling back to convex hull for estimating inertial properties.[0m
[38;5;226m[Genesis] [23:45:40] [WARNING] Mesh is not watertight. Falling back to convex hull for estimating inertial properties.[0m
[38;5;226m[Genesis] [23:45:40] [WARNING] Mesh is not watertight. Falling back to convex hull for estimating inertial properties.[0m
[38;5;226m[Genesis] [23:45:40] [WARNING] At least one of the meshes contain many faces (27466). Consider setting 'morph.decimate=True' to speed up collision detection and improve numerical stability.[0m
[38;5;226m[Genesis] [23:45:40] [WARNING] Mesh is not watertight. Falling back to convex hull for estimating inertial properties.[0m
[38;5;226m[Genesis] [23:45:40] [WARNING] Mesh is not watertight. Falling back to convex hull for estimating inertial properties.[0m
[38;5;226m[Genesis] [23:45:40] [WARNING] Mesh is not watertight. Falling back to convex hull for estimating inertial properties.[0m
[38;5;226m[Genesis] [23:45:40] [WARNING] Mesh is not watertight. Falling back to convex hull for estimating inertial properties.[0m
[38;5;226m[Genesis] [23:45:40] [WARNING] Mesh is not watertight. Falling back to convex hull for estimating inertial properties.[0m
[clamp_only] 봉투를 슬롯에 직접 스폰: pos=[ 0.2125 -0.0053  0.196 ] (기본 (np.float64(0.0064632100000000005), np.float64(0.2561799), np.float64(0.39925346))) — 슬롯 중심 (0.2125,-0.0053), bag_bottom 목표 0.0510
[stage] CRUSH_LIVE — 충돌판을 피해 100mm 띄워 스폰했다. prep 으로 크랭크를 -180deg 로 물린 뒤 SPC 로 슬롯에 내린다.
[tablet] SKIP_TABLET=1 — 정제 제외, 봉투(FEM.Cloth)+IPC 만 검증
[grain] 봉투 내부 후보 12375점 (여유 1.80mm 이상)
[grain] 500알 등록  R=0.50mm 1알=0.785mg 총=0.393g  d_hat/R=0.20  최소간격=1.40mm  WHEN=start
[grain] 봉투 내부 생성  x[191.2,233.7] y[-6.5,-4.1] z[152.8,241.0]mm  벽 여유 1.80mm 이상

[build] scene.build() 시작...
[38;5;226m[Genesis] [23:45:43] [WARNING] Link 'L4_Motor2_Shaft_1' has dubious center of mass [x=0.000, y=-0.037, z=0.015] compared to the bounding box from geometry [x=(-0.018, 0.018), y=(-0.018, 0.018), z=(-0.000, 0.077)].[0m
[38;5;226m[Genesis] [23:45:43] [WARNING] Link 'M_Bottom_1' has dubious center of mass [x=0.166, y=0.030, z=-0.073] compared to the bounding box from geometry [x=(0.106, 0.155), y=(-0.011, 0.071), z=(-0.078, -0.068)].[0m
[38;5;226m[Genesis] [23:45:43] [WARNING] Link 'M_Back_1' has dubious center of mass [x=0.003, y=0.021, z=0.011] compared to the bounding box from geometry [x=(-0.035, -0.030), y=(-0.033, 0.076), z=(-0.005, 0.028)].[0m
[38;5;226m[Genesis] [23:45:43] [WARNING] Link 'M_Left1_1' has dubious center of mass [x=-0.025, y=-0.002, z=-0.014] compared to the bounding box from geometry [x=(-0.088, -0.032), y=(-0.005, -0.000), z=(-0.038, 0.010)].[0m
[38;5;226m[Genesis] [23:45:43] [WARNING] Link 'M_Right1_1' has dubious center of mass [x=-0.025, y=0.003, z=-0.014] compared to the bounding box from geometry [x=(-0.087, -0.033), y=(0.000, 0.005), z=(-0.038, 0.010)].[0m
[38;5;226m[Genesis] [23:45:43] [WARNING] Link 'M_Top_1' has dubious center of mass [x=-0.024, y=0.028, z=0.005] compared to the bounding box from geometry [x=(-0.088, -0.032), y=(-0.031, 0.088), z=(-0.000, 0.010)].[0m
[38;5;226m[Genesis] [23:45:43] [WARNING] Link 'M_LeftLink_1' has dubious center of mass [x=-0.002, y=0.005, z=0.046] compared to the bounding box from geometry [x=(-0.040, -0.035), y=(-0.005, 0.015), z=(-0.005, 0.095)].[0m
[38;5;226m[Genesis] [23:45:43] [WARNING] Link 'M_RightLink_1' has dubious center of mass [x=-0.002, y=-0.005, z=0.046] compared to the bounding box from geometry [x=(-0.040, -0.035), y=(-0.015, 0.005), z=(-0.005, 0.095)].[0m
[38;5;226m[Genesis] [23:45:43] [WARNING] Link 'M_LeftLink2_copy_1' has dubious center of mass [x=-0.005, y=-0.005, z=0.021] compared to the bounding box from geometry [x=(-0.044, -0.032), y=(-0.015, 0.005), z=(-0.000, 0.045)].[0m
[38;5;226m[Genesis] [23:45:43] [WARNING] Link 'link_2' has dubious center of mass [x=0.000, y=0.000, z=0.000] compared to the bounding box from geometry [x=(-0.068, 0.479), y=(-0.069, 0.069), z=(0.082, 0.274)].[0m
[38;5;226m[Genesis] [23:45:43] [WARNING] Neutral robot position (qpos0) exceeds joint limits.[0m
[38;5;226m[Genesis] [23:45:43] [WARNING] Constraint solver time constant should be greater than 2*substep_dt. timeconst is changed from `0.0002` to `0.01`). Decrease simulation timestep or increase timeconst to avoid altering the original value.[0m
[38;5;226m[Genesis] [23:45:44] [WARNING] Filtered out geometry pairs causing self-collision for the neutral configuration (qpos0): (90, 113), (103, 105). Consider tuning Morph option 'decompose_robot_error_threshold' or specify dedicated collision meshes. This behavior can be disabled by setting Morph option 'enable_neutral_collision=True'.[0m
[fem_ipc_workarounds] SoftPositionConstraint 배선 완료 — 천 1개 (strength_rate=10000.0, 정점은 전부 꺼진 상태)
C:\Users\simuser\miniconda3\envs\crusher_genesis\Lib\site-packages\quadrants\_test_tools\warnings_helper.py:11: UserWarning: cannot create weak reference to 'tuple' object. Template mapper caching disabled.
  warnings.warn(message)
[verify] L2_Left_Wall1_1 충돌 geom 5개 / 시각 geom 3개  (플랜지 접촉=OFF, 기대 충돌 5개)
[build] 성공 (9.8s)
[grain] 봉투 안에서 출발 — 구속 없음, 첫 스텝부터 자유
[grain] 초기 간격 검증: 낟알-봉투 최소 1.91mm (요구 1.60mm)  위반 0/500  OK
[bag dbg] 선택 246개 (바닥 102 + 측면 168), x폭 64.0mm y폭 6.0mm z폭 90.0mm
[bag] shape 고정(SPC k=10000): 246/714 정점(바닥+양측면), 입구는 자유
[slot] 간격축 = world Y (겹침 -12.5mm), 슬롯 길이축 = world X (겹침 +65.0mm)
[slot] gap_cx=0.2125 gap_cy=-0.0053 gap_width=12.5mm wall_top_z=0.0870
[slot] pocket(L1_Wall1_1) center=(0.1745,0.0330)
[suction] LSM 후방 +100mm  (LSM-NK174218-1204_100MM__1_Dummy_1)  PD 로 유지
[suction] 그리퍼 개방 -50mm  (L_E-SMLG9H-100-ES10_1_1_L_E-SMLG9H-100-ES10_2_1)  PD 로 유지
[ctrl] Left_Wall armature=10.0kg (런타임 API) — 유효 질량 10.31kg, 100N -> 9.7 m/s^2, kv 안정 한계 4125 (현재 500)
[ctrl] Left_Wall force clip: ±100 N (Motor2 ctrlrange, docs/Crusher.md §5) — 벽은 이 힘에서 균형지는 위치에 멈춘다
[bag] grip_strip verts near FINGER_MID: 0
[38;5;226m[Genesis] [23:45:53] [WARNING] fps=30 is not reachable with dt=0.005. Recording at fps=28.57142857142857 instead.[0m
[38;5;226m[Genesis] [23:45:53] [WARNING] fps=30 is not reachable with dt=0.005. Recording at fps=28.57142857142857 instead.[0m
[38;5;226m[Genesis] [23:45:53] [WARNING] fps=30 is not reachable with dt=0.005. Recording at fps=28.57142857142857 instead.[0m
[grain] @0 prep           담김  500/500  봉투 z=[151.0,241.0]mm

[phase] 0 prep (1.0s) — 크랭크 0->-3.142rad(-180deg), Left_Wall 0->+6mm(개방)
[phase] prep     @done  crank=-3.000rad  wall=+5.43mm
[grain] @0b lower         담김  500/500  봉투 z=[151.0,241.0]mm
[stage] 봉투 하강 100mm (400스텝, 50mm/s) — SPC 로 슬롯에 넣는다 (바닥 목표 0.0510)
[stage] 하강 완료 bag_com=[ 0.21249712 -0.00527381  0.09599814]  bottom=0.0510 (목표 0.0510, 오차 -0.0mm)  폭 6.0mm 높이 90.0mm
[phase] drop     @skip  (CLAMP_ONLY)
[phase] settle   @skip  (CLAMP_ONLY)
[phase] close    @skip  (CLAMP_ONLY)
[phase] grasp    @skip  (CLAMP_ONLY)
[phase] lift     @skip  (CLAMP_ONLY)
[phase] hold     @skip  (CLAMP_ONLY)
[slot] wall_center_z=0.0510  insert_z(finger)=0.1330  hang=82mm
[slot] 봉투중심 보정 dy=+0.0mm -> finger_y=-0.0053 (봉투중심 y=-0.0053 = gap_cy -0.0053)
[slot] 봉투중심 보정 dx=-28.0mm -> finger_x=0.2405 (봉투중심 x=0.2125 = gap_cx 0.2125) — 실링이 측벽에 물린다
[sweep] Y_OFFSET_MM=+0.0mm -> target_xy=[ 0.24049766 -0.00527226]  (gap_cy=-0.0053)
[cam] side view 고정: pos=(np.float64(0.21249766187667846), np.float64(-0.5552722595214844), np.float64(0.169001227684021)) look=(np.float64(0.21249766187667846), np.float64(-0.005272259521484357), np.float64(0.169001227684021)) (gap_width=12.5mm, z범위 above=0.2870~insert=0.1330)

[ik] above-slot target=[ 0.24049766 -0.00527226  0.28700123]  arm_q=[-5.1325041e-01  4.4090718e-01  8.6750549e-01  3.3082906e-04
  1.8329884e+00  4.1989994e+00]
[phase] above    @skip  (CLAMP_ONLY)
[phase] aboveset @skip  (CLAMP_ONLY)
[ik] insert target=[ 0.24049766 -0.00527226  0.13300123]  웨이포인트 41개(카테시안 직선)  arm_q=[-5.1323801e-01  4.2134684e-01  1.3183427e+00  4.1361811e-04
  1.4017031e+00  4.1988778e+00]
[phase] insert   @skip  (CLAMP_ONLY)
[phase] settle2  @skip  (CLAMP_ONLY)
[trim] TRIM_ROUNDS=0 — 생략(기본값). settle2 시점 bag_bottom 오차 +0.0mm 를 그대로 결과로 쓴다.
[trim] 최종 finger_z=0.1330  (초기 0.1330, 하한 0.1030)
[clamp_only] _SPAWN_HI — 바닥+측면 246정점 SPC 유지(그리퍼 대체). 분쇄 시작 직전에 해제한다.
[clamp_only] settle 후 bag_com=[ 0.21249768 -0.00527259  0.09599774]  tilt=0.4deg  bag_bottom=0.0510 (목표 0.0510, 오차 -0.0mm)  폭 6.0mm 높이 90.0mm
[grain] @9 clamp          담김  500/500  봉투 z=[51.0,141.0]mm

[phase] 9 clamp (4.3s) — Left_Wall +6.0mm 에서 **속도지령** 8.0mm/s 로 계속 닫음 (docs §11-5), lead 20.0mm = 정지 시 100N, 가드 -17.0mm
    [clamp t= 0.00s] wall=  +5.96mm v=  +0.08mm/s  본체면 잔여 +23.46mm  bag_com=[ 0.21296686 -0.00314181  0.09602073]
    [clamp t= 0.17s] wall=  +4.61mm v=  +2.85mm/s  본체면 잔여 +22.11mm  bag_com=[ 0.21298134 -0.0030414   0.0960254 ]
    [clamp t= 0.34s] wall=  +3.27mm v=  +5.38mm/s  본체면 잔여 +20.77mm  bag_com=[ 0.21297894 -0.00303934  0.0960229 ]
    [clamp t= 0.51s] wall=  +1.92mm v=  +7.89mm/s  본체면 잔여 +19.42mm  bag_com=[ 0.21297613 -0.00304139  0.09602091]
    [clamp t= 0.68s] wall=  +0.57mm v= +10.67mm/s  본체면 잔여 +18.07mm  bag_com=[ 0.21297252 -0.00304578  0.09602051]
    [clamp t= 0.85s] wall=  -0.77mm v= +13.35mm/s  본체면 잔여 +16.73mm  bag_com=[ 0.2129679  -0.00305085  0.09602   ]
    [clamp t= 1.02s] wall=  -2.12mm v= +16.00mm/s  본체면 잔여 +15.38mm  bag_com=[ 0.21296334 -0.0030618   0.09601948]
    [clamp t= 1.19s] wall=  -3.47mm v= +18.58mm/s  본체면 잔여 +14.03mm  bag_com=[ 0.2129618  -0.00307526  0.09601612]
    [clamp t= 1.36s] wall=  -4.81mm v= +21.31mm/s  본체면 잔여 +12.69mm  bag_com=[ 0.21296087 -0.00307648  0.0960159 ]
    [clamp t= 1.53s] wall=  -6.16mm v= +23.90mm/s  본체면 잔여 +11.34mm  bag_com=[ 0.2129603  -0.0030873   0.09601568]
    [clamp t= 1.70s] wall=  -7.51mm v= +26.56mm/s  본체면 잔여  +9.99mm  bag_com=[ 0.21296012 -0.00309359  0.09601386]
    [clamp t= 1.87s] wall=  -8.82mm v= +36.47mm/s  본체면 잔여  +8.68mm  bag_com=[ 0.21296012 -0.00309352  0.09601283]
    [clamp t= 2.04s] wall= -10.00mm v= +71.91mm/s  본체면 잔여  +7.50mm  bag_com=[ 0.21296158 -0.00309323  0.09601304]
    [clamp t= 2.21s] wall= -11.17mm v=+110.46mm/s  본체면 잔여  +6.33mm  bag_com=[ 0.2129631  -0.00305332  0.09601329]
    [clamp t= 2.38s] wall= -12.35mm v=+146.98mm/s  본체면 잔여  +5.15mm  bag_com=[ 0.21296251 -0.00295797  0.09601324]
    [clamp t= 2.55s] wall= -13.54mm v=+179.80mm/s  본체면 잔여  +3.96mm  bag_com=[ 0.21296145 -0.00288634  0.09601316]
    [clamp t= 2.72s] wall= -14.51mm v=+198.07mm/s  본체면 잔여  +2.99mm  bag_com=[ 0.21295965 -0.00283285  0.09601019]
    [clamp t= 2.89s] wall= -14.54mm v=+192.79mm/s  본체면 잔여  +2.96mm  bag_com=[ 0.21295914 -0.00283292  0.09600747]
    [clamp t= 3.06s] wall= -14.55mm v=+189.33mm/s  본체면 잔여  +2.95mm  bag_com=[ 0.21295941 -0.00282808  0.09600605]
    [clamp t= 3.23s] wall= -14.56mm v=+187.02mm/s  본체면 잔여  +2.94mm  bag_com=[ 0.21295968 -0.0028277   0.0960048 ]
    [clamp t= 3.40s] wall= -14.57mm v=+185.55mm/s  본체면 잔여  +2.93mm  bag_com=[ 0.21295966 -0.00284035  0.0960037 ]
    [clamp t= 3.57s] wall= -14.58mm v=+184.66mm/s  본체면 잔여  +2.92mm  bag_com=[ 0.21296003 -0.00286553  0.09600274]
    [clamp t= 3.74s] wall= -14.58mm v=+184.01mm/s  본체면 잔여  +2.92mm  bag_com=[ 0.21296033 -0.002874    0.096002  ]
    [clamp t= 3.91s] wall= -14.58mm v=+183.58mm/s  본체면 잔여  +2.92mm  bag_com=[ 0.21296087 -0.00287355  0.09599946]
    [clamp t= 4.08s] wall= -14.58mm v=+183.26mm/s  본체면 잔여  +2.92mm  bag_com=[ 0.21296157 -0.00287322  0.09599823]
    [clamp t= 4.25s] wall= -14.58mm v=+183.01mm/s  본체면 잔여  +2.92mm  bag_com=[ 0.21296215 -0.00287296  0.09599766]
[phase] clamp    @done  wall=-14.59mm  (잔여: 플랜지면(비접촉) -2.09mm / 본체면 2.91mm)  bag_com=[ 0.21296248 -0.00287287  0.09599745]
[clamp] 봉투 반력에 막혀 정지  (가드 -17.00mm, 최종 v=+182.95mm/s)
    [hold2 k=   0] tablet_z=+nanmm bag_com=[ 0.21296251 -0.00287287  0.09599744]
    [hold2 k=  40] tablet_z=+nanmm bag_com=[ 0.21296296 -0.00288301  0.09599358]
    [hold2 k=  80] tablet_z=+nanmm bag_com=[ 0.21296318 -0.00289143  0.09598963]
[phase] hold2    @done  bag_com=[ 0.21296306 -0.00289346  0.09598929]  finger_z=0.1328  tablet_z=+nanmm  tilt=4.1deg  bag_bottom=0.0507
[crush] 봉투 SPC 해제 — 고정은 Left_Wall 압착 + 그리퍼가 담당한다
[grain] @11 crush         담김  500/500  봉투 z=[50.7,141.1]mm

[phase] 11 crush (60s, 12000 step) — 크랭크 8.0 RPM (0.8378 rad/s) 연속 회전 ≈ 8.0 바퀴
[ctrl] crank torque clip: ±12.5 N·m (docs/Crusher.md §2-2), kv=5000 — velocity 제어
[crush] 시작 정제 크기 nan x nan x nan mm
[crush] 계측 ON — 관절 8dof, 커플링 링크 11개, 낟알 500알  매 1스텝 / 전량 5스텝 / 봉투정점 10스텝
    [crush t=  0.0s] crank=    +0.0deg ( 0.02 RPM, τ=+12.50N·m)  wall=-13.50mm (F= -100.0N)    낟알 |f|최대   0.158mN 접촉 500알 bbox [46.4  3.4  7. ]mm
    [crush t=  1.0s] crank=   +14.4deg ( 4.74 RPM, τ=+12.50N·m)  wall=-12.82mm (F=  -13.4N)    낟알 |f|최대   0.014mN 접촉 500알 bbox [44.1  4.7 17.6]mm
    [crush t=  2.0s] crank=   +55.6deg ( 8.00 RPM, τ= +0.33N·m)  wall=-12.82mm (F=  -13.4N)    낟알 |f|최대   0.012mN 접촉 500알 bbox [43.9  4.4 15.7]mm
    [crush t=  3.0s] crank=  +103.6deg ( 8.00 RPM, τ= +0.48N·m)  wall=-12.80mm (F=  -13.5N)    낟알 |f|최대   0.011mN 접촉 500알 bbox [43.7  4.3 16. ]mm
    [crush t=  4.0s] crank=  +151.1deg ( 7.36 RPM, τ=+12.50N·m)  wall=-12.69mm (F=  -13.9N)    낟알 |f|최대   0.010mN 접촉 500알 bbox [45.4  1.6 17.5]mm
    [crush t=  5.0s] crank=  +195.9deg ( 8.02 RPM, τ= -9.49N·m)  wall=-12.39mm (F=  -15.6N)    낟알 |f|최대   0.011mN 접촉 500알 bbox [47.9  1.2 19.9]mm
    [crush t=  6.0s] crank=  +244.0deg ( 8.00 RPM, τ= +0.50N·m)  wall=-12.58mm (F=  -14.6N)    낟알 |f|최대   0.018mN 접촉 498알 bbox [47.1  3.3 19.9]mm
    [crush t=  7.0s] crank=  +291.9deg ( 8.00 RPM, τ= +0.34N·m)  wall=-12.70mm (F=  -13.9N)    낟알 |f|최대   0.011mN 접촉 500알 bbox [46.3  3.5 19.5]mm
    [crush t=  8.0s] crank=  +339.9deg ( 8.00 RPM, τ= +0.26N·m)  wall=-12.76mm (F=  -13.7N)    낟알 |f|최대   0.010mN 접촉 500알 bbox [45.7  3.4 18.7]mm
    [crush t=  9.0s] crank=  +387.9deg ( 8.00 RPM, τ= +0.27N·m)  wall=-12.74mm (F=  -13.8N)    낟알 |f|최대   0.010mN 접촉 500알 bbox [45.2  3.4 18.4]mm
    [crush t= 10.0s] crank=  +435.9deg ( 8.00 RPM, τ= +0.38N·m)  wall=-12.72mm (F=  -13.9N)    낟알 |f|최대   0.011mN 접촉 500알 bbox [45.1  3.3 18.4]mm
    [crush t= 11.0s] crank=  +483.9deg ( 8.00 RPM, τ= +0.55N·m)  wall=-12.71mm (F=  -14.0N)    낟알 |f|최대   0.012mN 접촉 500알 bbox [45.2  3.4 18.2]mm
    [crush t= 12.0s] crank=  +530.8deg ( 7.81 RPM, τ=+12.50N·m)  wall=-12.48mm (F=  -15.5N)    낟알 |f|최대   0.012mN 접촉 500알 bbox [47.6  1.5 19. ]mm
    [crush t= 13.0s] crank=  +578.8deg ( 8.00 RPM, τ= -0.15N·m)  wall=-12.27mm (F=  -16.2N)    낟알 |f|최대   0.016mN 접촉 500알 bbox [49.   1.2 21.6]mm
    [crush t= 14.0s] crank=  +626.8deg ( 8.00 RPM, τ= +0.42N·m)  wall=-12.35mm (F=  -15.7N)    낟알 |f|최대   0.015mN 접촉 500알 bbox [48.7  2.9 19. ]mm
    [crush t= 15.0s] crank=  +674.8deg ( 8.00 RPM, τ= +0.29N·m)  wall=-12.50mm (F=  -15.0N)    낟알 |f|최대   0.015mN 접촉 500알 bbox [47.8  3.  18.7]mm
    [crush t= 16.0s] crank=  +722.8deg ( 8.00 RPM, τ= +0.25N·m)  wall=-12.65mm (F=  -14.2N)    낟알 |f|최대   0.009mN 접촉 500알 bbox [46.9  2.9 18.4]mm
    [crush t= 17.0s] crank=  +770.8deg ( 8.00 RPM, τ= +0.31N·m)  wall=-12.69mm (F=  -14.0N)    낟알 |f|최대   0.011mN 접촉 500알 bbox [46.4  3.  18.4]mm
    [crush t= 18.0s] crank=  +818.8deg ( 8.00 RPM, τ= +0.46N·m)  wall=-12.70mm (F=  -14.0N)    낟알 |f|최대   0.011mN 접촉 500알 bbox [46.2  2.9 18.2]mm
    [crush t= 19.0s] crank=  +866.8deg ( 7.96 RPM, τ=+12.50N·m)  wall=-12.68mm (F=  -14.2N)    낟알 |f|최대   0.011mN 접촉 500알 bbox [46.4  1.9 18.4]mm
    [crush t= 20.0s] crank=  +914.4deg ( 8.01 RPM, τ= -5.64N·m)  wall=-12.22mm (F=  -16.4N)    낟알 |f|최대   0.009mN 접촉 500알 bbox [48.8  1.2 21.1]mm
    [crush t= 21.0s] crank=  +962.4deg ( 8.00 RPM, τ= +0.51N·m)  wall=-12.33mm (F=  -15.8N)    낟알 |f|최대   0.023mN 접촉 500알 bbox [48.8  2.7 20.4]mm
    [crush t= 22.0s] crank= +1010.4deg ( 8.00 RPM, τ= +0.34N·m)  wall=-12.48mm (F=  -15.0N)    낟알 |f|최대   0.015mN 접촉 500알 bbox [48.2  2.9 19.2]mm
    [crush t= 23.0s] crank= +1058.4deg ( 8.00 RPM, τ= +0.26N·m)  wall=-12.61mm (F=  -14.3N)    낟알 |f|최대   0.012mN 접촉 500알 bbox [47.3  2.9 18.6]mm
    [crush t= 24.0s] crank= +1106.4deg ( 8.00 RPM, τ= +0.27N·m)  wall=-12.69mm (F=  -14.0N)    낟알 |f|최대   0.011mN 접촉 500알 bbox [46.7  2.9 18.6]mm
    [crush t= 25.0s] crank= +1154.4deg ( 8.00 RPM, τ= +0.37N·m)  wall=-12.70mm (F=  -14.0N)    낟알 |f|최대   0.012mN 접촉 500알 bbox [46.3  2.9 18.6]mm
    [crush t= 26.0s] crank= +1202.4deg ( 8.00 RPM, τ= +0.56N·m)  wall=-12.70mm (F=  -14.0N)    낟알 |f|최대   0.012mN 접촉 500알 bbox [46.1  2.9 18.6]mm
    [crush t= 27.0s] crank= +1250.2deg ( 7.99 RPM, τ= +6.33N·m)  wall=-12.49mm (F=  -15.2N)    낟알 |f|최대   0.008mN 접촉 500알 bbox [48.   1.5 19.9]mm
    [crush t= 28.0s] crank= +1298.3deg ( 8.00 RPM, τ= +0.07N·m)  wall=-12.32mm (F=  -15.9N)    낟알 |f|최대   0.021mN 접촉 498알 bbox [49.3  1.3 20.1]mm
    [crush t= 29.0s] crank= +1346.3deg ( 8.00 RPM, τ= +0.42N·m)  wall=-12.43mm (F=  -15.3N)    낟알 |f|최대   0.013mN 접촉 500알 bbox [48.8  2.9 19.8]mm
    [crush t= 30.0s] crank= +1394.3deg ( 8.00 RPM, τ= +0.28N·m)  wall=-12.56mm (F=  -14.6N)    낟알 |f|최대   0.011mN 접촉 500알 bbox [48.   2.9 19.7]mm
    [crush t= 31.0s] crank= +1442.3deg ( 8.00 RPM, τ= +0.25N·m)  wall=-12.67mm (F=  -14.1N)    낟알 |f|최대   0.009mN 접촉 500알 bbox [47.3  2.9 19.6]mm
    [crush t= 32.0s] crank= +1490.3deg ( 8.00 RPM, τ= +0.31N·m)  wall=-12.69mm (F=  -14.0N)    낟알 |f|최대   0.013mN 접촉 500알 bbox [46.9  2.9 19.6]mm
    [crush t= 33.0s] crank= +1538.3deg ( 8.00 RPM, τ= +0.47N·m)  wall=-12.69mm (F=  -14.1N)    낟알 |f|최대   0.011mN 접촉 500알 bbox [46.6  2.9 19.6]mm
    [crush t= 34.0s] crank= +1586.2deg ( 7.98 RPM, τ= +9.09N·m)  wall=-12.68mm (F=  -14.2N)    낟알 |f|최대   0.013mN 접촉 500알 bbox [47.   1.9 19.5]mm
    [crush t= 35.0s] crank= +1634.2deg ( 8.01 RPM, τ= -5.23N·m)  wall=-12.30mm (F=  -16.1N)    낟알 |f|최대   0.009mN 접촉 500알 bbox [48.7  1.2 20.7]mm
    [crush t= 36.0s] crank= +1682.2deg ( 8.00 RPM, τ= +0.50N·m)  wall=-12.46mm (F=  -15.1N)    낟알 |f|최대   0.037mN 접촉 498알 bbox [48.5  2.8 20.2]mm
    [crush t= 37.0s] crank= +1730.2deg ( 8.00 RPM, τ= +0.34N·m)  wall=-12.61mm (F=  -14.4N)    낟알 |f|최대   0.013mN 접촉 500알 bbox [47.9  2.9 19.9]mm
    [crush t= 38.0s] crank= +1778.2deg ( 8.00 RPM, τ= +0.26N·m)  wall=-12.66mm (F=  -14.2N)    낟알 |f|최대   0.010mN 접촉 500알 bbox [47.5  2.9 19.8]mm
    [crush t= 39.0s] crank= +1826.2deg ( 8.00 RPM, τ= +0.27N·m)  wall=-12.67mm (F=  -14.2N)    낟알 |f|최대   0.013mN 접촉 500알 bbox [46.9  2.9 20.1]mm
    [crush t= 40.0s] crank= +1874.2deg ( 8.00 RPM, τ= +0.38N·m)  wall=-12.67mm (F=  -14.2N)    낟알 |f|최대   0.012mN 접촉 500알 bbox [46.8  2.9 20.1]mm
    [crush t= 41.0s] crank= +1922.2deg ( 8.00 RPM, τ= +0.55N·m)  wall=-12.67mm (F=  -14.2N)    낟알 |f|최대   0.011mN 접촉 500알 bbox [46.5  2.9 20. ]mm
    [crush t= 42.0s] crank= +1970.1deg ( 7.99 RPM, τ= +6.33N·m)  wall=-12.49mm (F=  -15.2N)    낟알 |f|최대   0.012mN 접촉 500알 bbox [48.2  1.5 20.6]mm
    [crush t= 43.0s] crank= +2018.1deg ( 8.00 RPM, τ= +0.34N·m)  wall=-12.39mm (F=  -15.4N)    낟알 |f|최대   0.015mN 접촉 499알 bbox [49.   1.4 20.1]mm
    [crush t= 44.0s] crank= +2066.1deg ( 8.00 RPM, τ= +0.42N·m)  wall=-12.57mm (F=  -14.6N)    낟알 |f|최대   0.013mN 접촉 500알 bbox [48.1  2.9 19.6]mm
    [crush t= 45.0s] crank= +2114.1deg ( 8.00 RPM, τ= +0.29N·m)  wall=-12.64mm (F=  -14.3N)    낟알 |f|최대   0.011mN 접촉 500알 bbox [47.6  2.9 19.5]mm
    [crush t= 46.0s] crank= +2162.1deg ( 8.00 RPM, τ= +0.25N·m)  wall=-12.65mm (F=  -14.3N)    낟알 |f|최대   0.011mN 접촉 500알 bbox [47.3  2.9 19.2]mm
    [crush t= 47.0s] crank= +2210.1deg ( 8.00 RPM, τ= +0.31N·m)  wall=-12.65mm (F=  -14.3N)    낟알 |f|최대   0.009mN 접촉 500알 bbox [47.   2.9 19.4]mm
    [crush t= 48.0s] crank= +2258.1deg ( 8.00 RPM, τ= +0.46N·m)  wall=-12.65mm (F=  -14.3N)    낟알 |f|최대   0.013mN 접촉 500알 bbox [46.9  2.9 19.3]mm
    [crush t= 49.0s] crank= +2306.1deg ( 7.99 RPM, τ= +6.06N·m)  wall=-12.64mm (F=  -14.4N)    낟알 |f|최대   0.015mN 접촉 500알 bbox [47.1  1.8 19.4]mm
    [crush t= 50.0s] crank= +2354.0deg ( 8.01 RPM, τ= -4.86N·m)  wall=-12.30mm (F=  -16.2N)    낟알 |f|최대   0.010mN 접촉 500알 bbox [48.7  1.2 21.4]mm
    [crush t= 51.0s] crank= +2402.1deg ( 8.00 RPM, τ= +0.51N·m)  wall=-12.51mm (F=  -14.8N)    낟알 |f|최대   0.027mN 접촉 500알 bbox [48.5  2.7 20. ]mm
    [crush t= 52.0s] crank= +2450.1deg ( 8.00 RPM, τ= +0.34N·m)  wall=-12.61mm (F=  -14.4N)    낟알 |f|최대   0.011mN 접촉 500알 bbox [48.   2.8 19.6]mm
    [crush t= 53.0s] crank= +2498.1deg ( 8.00 RPM, τ= +0.26N·m)  wall=-12.61mm (F=  -14.5N)    낟알 |f|최대   0.014mN 접촉 500알 bbox [47.7  2.9 19.5]mm
    [crush t= 54.0s] crank= +2546.1deg ( 8.00 RPM, τ= +0.27N·m)  wall=-12.60mm (F=  -14.5N)    낟알 |f|최대   0.011mN 접촉 500알 bbox [47.2  2.9 19.7]mm
    [crush t= 55.0s] crank= +2594.0deg ( 8.00 RPM, τ= +0.38N·m)  wall=-12.59mm (F=  -14.5N)    낟알 |f|최대   0.011mN 접촉 500알 bbox [47.   2.9 19.7]mm
    [crush t= 56.0s] crank= +2642.0deg ( 8.00 RPM, τ= +0.56N·m)  wall=-12.59mm (F=  -14.6N)    낟알 |f|최대   0.012mN 접촉 500알 bbox [46.9  2.9 19.7]mm
    [crush t= 57.0s] crank= +2690.0deg ( 7.99 RPM, τ= +6.27N·m)  wall=-12.43mm (F=  -15.4N)    낟알 |f|최대   0.012mN 접촉 500알 bbox [48.2  1.5 20.5]mm
    [crush t= 58.0s] crank= +2738.0deg ( 8.00 RPM, τ= +0.51N·m)  wall=-12.27mm (F=  -16.1N)    낟알 |f|최대   0.019mN 접촉 500알 bbox [49.7  1.9 19.5]mm
    [crush t= 59.0s] crank= +2786.0deg ( 8.00 RPM, τ= +0.42N·m)  wall=-12.46mm (F=  -15.1N)    낟알 |f|최대   0.013mN 접촉 500알 bbox [48.6  3.  19. ]mm
[phase] crush    @done  크랭크 +2833.8deg (7.87 바퀴)  wall=-12.54mm
[crush] 정제 nanxnanxnan -> nanxnanxnan mm  (변화 +nan/+nan/+nan)
[crush] bag_com=[0.23147121 0.00371657 0.10366046]  tilt=11.9deg  bag_bottom=0.0513

[saved] C:\Crusher_isaacsim\Crusher_Genesis\Crusher_M0609_RG2_Tablet_Samplebag\RESULT_crush_grain2\grip-28mm\crush_grip-28mm_yoff+0.0mm_20260910_234533.npz  (60.1 MB, 12000점)
[crush] 채널: bagv_pos(1200, 714, 3)  dof_cf(12000, 8)  dof_f(12000, 8)  dof_q(12000, 8)  dof_v(12000, 8)  fld_dbag(2400, 500)  fld_f(2400, 500, 3)  fld_nn(2400, 500)  fld_pos(2400, 500, 3)  fld_vel(2400, 500, 3)  link_F(12000, 11, 3)  link_T(12000, 11, 3)
[RESULT] 벽 반력(control_force)  평균   -14.65 N   최대 |100.00| N   (상한 100 N)
[RESULT] 크랭크 토크           평균   +1.320 N·m  최대 |12.500| N·m (상한 12.5 N·m)
[RESULT] IPC->강체 커플링 반력 상위 링크 (최대 |F| N):
           L8_Link3_Shaft_1             최대 23927.682  평균 2526.489
           L2_Left_Wall1_1              최대  952.755  평균   27.663
           f1_finger_tip                최대    7.021  평균    0.518
           f2_finger_tip                최대    5.817  평균    0.498
           box_baselink                 최대    0.000  평균    0.000
[RESULT] 낟알 반력(1알)  평균 0.0077 mN  95% 0.0082 mN  최대 0.1480 mN (= 자중 0.0077 mN 의 19.2 배)
[RESULT] 낟알 접촉 중  평균 500알 / 최대 500알   운동에너지 최대 48.445 uJ   속도 최대 1023.6 mm/s
[RESULT] 낟알 더미 bbox [46.39  3.43  6.97] -> [48.02  3.03 18.86] mm (변화 [ 1.63 -0.41 11.88])
[RESULT] 최근접 낟알 간격 중앙값 1.097 -> 1.099 mm (2R+d_hat = 1.100 mm)
[grain] @14 grain 판정      담김  500/500  봉투 z=[51.3,156.0]mm

[RESULT] grain(start) 담김 500/500알 (0.393g / 0.393g)  누출(바닥아래) 0  입구위 0  옆(xy밖) 0
[RESULT] 낟알-봉투 최근접(mm) 5/50/95%: [1.79  2.617 3.394]
[RESULT] 단계별 잔류: 0=500  0b=500  9=500  11=500  14=500
[saved] C:\Crusher_isaacsim\Crusher_Genesis\Crusher_M0609_RG2_Tablet_Samplebag\RESULT_crush_grain2\grip-28mm\grain_grip-28mm_yoff+0.0mm_20260910_234533.npz

[RESULT] GRIP_OFFSET_MM=-28mm  Y_OFFSET_MM=+0.0mm  verdict=PASS  (삽입 성공, 걸림/붕괴 없음)
[RESULT] final_bottom_z=0.0513  wall_center_z=0.0510  오차=+0.3mm(+면 얕음/-면 깊음)
[RESULT] width_y=25.2mm(baseline 6.0mm)  height_z=104.6mm(baseline 90.0mm)
[SUMMARY] flange=OFF mode=velocity v=8.0mm/s F=100N kp=5000 hold=1 wall=-14.59mm body_gap=+2.91mm stalled=Y drop=+0.6mm tilt=11.9deg width=25.2mm reach_err=+0.3mm verdict=PASS
[grain] @종료               담김  500/500  봉투 z=[51.3,156.0]mm

==================================================================
단계                           벽시계       스텝     ms/스텝      비중
------------------------------------------------------------------
[cost] setup                 0.0s        0      nan    0.0%
[cost] 0 prep               68.1s      200    340.6    4.1%
[cost] 0b lower            269.5s      500    539.0   16.4%
[cost] 9 clamp             142.5s      962    148.1    8.7%
[cost] 11 crush           1161.6s    12000     96.8   70.8%
[cost] 14 grain 판정           0.0s        0      nan    0.0%
==================================================================
[cost] 합계                 1641.8s    13662

[saved] overview -> C:\Crusher_isaacsim\Crusher_Genesis\Crusher_M0609_RG2_Tablet_Samplebag\RESULT_crush_grain2\grip-28mm\full_workflow_grip-28mm_yoff+0.0mm_20260910_234533_overview.mp4
[saved] bagcam   -> C:\Crusher_isaacsim\Crusher_Genesis\Crusher_M0609_RG2_Tablet_Samplebag\RESULT_crush_grain2\grip-28mm\full_workflow_grip-28mm_yoff+0.0mm_20260910_234533_bagcam.mp4
[saved] sideview -> C:\Crusher_isaacsim\Crusher_Genesis\Crusher_M0609_RG2_Tablet_Samplebag\RESULT_crush_grain2\grip-28mm\full_workflow_grip-28mm_yoff+0.0mm_20260910_234533_sideview.mp4

[timing] build=9.8s  steps=1642.2s (13662 steps, 120.2ms/step)  합계=1652.1s
완료.
