[stage] STAGE=clamp:crush -> clamp..crush (CLAMP_ONLY=1)
============================================================
 Full workflow: tablet drop -> bag catch -> grasp -> lift -> Crusher slot insert (viewer=False)
============================================================
[mjcf] Left_Wall 반사 관성 armature=10.0kg (링크 질량 0.312kg + 랙/피니언/감속기/로터). 100N -> 9.7 m/s^2, kv 안정 한계 4125
[mjcf] CLAMP_ONLY + CRUSH_LIVE — impact plate 를 접촉에 **남긴다**(때리는 면). 빌드 겹침은 봉투를 슬롯 위로 띄워 스폰해 피한다.
[mjcf] Left_Wall 형상 교체: 옛 geom 12개(시각 1 + hull 11) -> 본체 hull 5개 + 플랜지 1개 + 시각 1개. 플랜지 = **시각 전용(접촉 제외)**. 중립 간격 플랜지 12.50mm / 본체 17.50mm
[seed] gs.init(seed=0) — RRTConnect 경로 재현 고정
[fem_ipc_workarounds] FEMEntity.set_vertex_constraints 패치 완료 (IPC 커플러 버그 우회)
[plate] Base.step 실측 판: 750x800x30mm, D6.0 구멍 15x16=240개 (피치 50 여백 25) -> 31692 faces, euler=-478 (=2-2x240)
[38;5;226m[Genesis] [23:17:58] [WARNING] Mesh is not watertight. Falling back to convex hull for estimating inertial properties.[0m
[38;5;226m[Genesis] [23:18:00] [WARNING] At least one of the meshes contain many faces (15432). Consider setting 'morph.decimate=True' to speed up collision detection and improve numerical stability.[0m
[38;5;226m[Genesis] [23:18:00] [WARNING] At least one of the meshes contain many faces (15762). Consider setting 'morph.decimate=True' to speed up collision detection and improve numerical stability.[0m
[38;5;226m[Genesis] [23:18:00] [WARNING] Mesh is not watertight. Falling back to convex hull for estimating inertial properties.[0m
[38;5;226m[Genesis] [23:18:00] [WARNING] Mesh is not watertight. Falling back to convex hull for estimating inertial properties.[0m
[38;5;226m[Genesis] [23:18:00] [WARNING] At least one of the meshes contain many faces (12522). Consider setting 'morph.decimate=True' to speed up collision detection and improve numerical stability.[0m
[suction] 조 range 하한 -3.0mm 로 제한 (2개 조인트) -> C:\Users\simuser\AppData\Local\Temp\suction_fw_v8z1aaf9\bdc4e8edd13b.xml
[38;5;226m[Genesis] [23:18:00] [WARNING] Mesh is not watertight. Falling back to convex hull for estimating inertial properties.[0m
[38;5;226m[Genesis] [23:18:00] [WARNING] Mesh is not watertight. Falling back to convex hull for estimating inertial properties.[0m
[38;5;226m[Genesis] [23:18:00] [WARNING] Mesh is not watertight. Falling back to convex hull for estimating inertial properties.[0m
[38;5;226m[Genesis] [23:18:00] [WARNING] Mesh is not watertight. Falling back to convex hull for estimating inertial properties.[0m
[38;5;226m[Genesis] [23:18:00] [WARNING] Mesh is not watertight. Falling back to convex hull for estimating inertial properties.[0m
[38;5;226m[Genesis] [23:18:00] [WARNING] Mesh is not watertight. Falling back to convex hull for estimating inertial properties.[0m
[38;5;226m[Genesis] [23:18:00] [WARNING] Mesh is not watertight. Falling back to convex hull for estimating inertial properties.[0m
[38;5;226m[Genesis] [23:18:00] [WARNING] Mesh is not watertight. Falling back to convex hull for estimating inertial properties.[0m
[38;5;226m[Genesis] [23:18:00] [WARNING] Mesh is not watertight. Falling back to convex hull for estimating inertial properties.[0m
[38;5;226m[Genesis] [23:18:00] [WARNING] Mesh is not watertight. Falling back to convex hull for estimating inertial properties.[0m
[38;5;226m[Genesis] [23:18:00] [WARNING] Mesh is not watertight. Falling back to convex hull for estimating inertial properties.[0m
[38;5;226m[Genesis] [23:18:00] [WARNING] Mesh is not watertight. Falling back to convex hull for estimating inertial properties.[0m
[38;5;226m[Genesis] [23:18:00] [WARNING] Mesh is not watertight. Falling back to convex hull for estimating inertial properties.[0m
[38;5;226m[Genesis] [23:18:00] [WARNING] Mesh is not watertight. Falling back to convex hull for estimating inertial properties.[0m
[38;5;226m[Genesis] [23:18:00] [WARNING] Mesh is not watertight. Falling back to convex hull for estimating inertial properties.[0m
[38;5;226m[Genesis] [23:18:01] [WARNING] At least one of the meshes contain many faces (27466). Consider setting 'morph.decimate=True' to speed up collision detection and improve numerical stability.[0m
[38;5;226m[Genesis] [23:18:01] [WARNING] Mesh is not watertight. Falling back to convex hull for estimating inertial properties.[0m
[38;5;226m[Genesis] [23:18:01] [WARNING] Mesh is not watertight. Falling back to convex hull for estimating inertial properties.[0m
[38;5;226m[Genesis] [23:18:01] [WARNING] Mesh is not watertight. Falling back to convex hull for estimating inertial properties.[0m
[38;5;226m[Genesis] [23:18:01] [WARNING] Mesh is not watertight. Falling back to convex hull for estimating inertial properties.[0m
[38;5;226m[Genesis] [23:18:01] [WARNING] Mesh is not watertight. Falling back to convex hull for estimating inertial properties.[0m
[clamp_only] 봉투를 슬롯에 직접 스폰: pos=[ 0.2125 -0.0053  0.196 ] (기본 (np.float64(0.0064632100000000005), np.float64(0.2561799), np.float64(0.39925346))) — 슬롯 중심 (0.2125,-0.0053), bag_bottom 목표 0.0510
[stage] CRUSH_LIVE — 충돌판을 피해 100mm 띄워 스폰했다. prep 으로 크랭크를 -180deg 로 물린 뒤 SPC 로 슬롯에 내린다.
[tablet] SKIP_TABLET=1 — 정제 제외, 봉투(FEM.Cloth)+IPC 만 검증
[grain] 봉투 내부 후보 12375점 (여유 1.80mm 이상)
[grain] 500알 등록  R=0.50mm 1알=0.785mg 총=0.393g  d_hat/R=0.20  최소간격=1.40mm  WHEN=start
[grain] 봉투 내부 생성  x[191.2,233.7] y[-6.5,-4.1] z[152.8,241.0]mm  벽 여유 1.80mm 이상

[build] scene.build() 시작...
[38;5;226m[Genesis] [23:18:03] [WARNING] Link 'L4_Motor2_Shaft_1' has dubious center of mass [x=0.000, y=-0.037, z=0.015] compared to the bounding box from geometry [x=(-0.018, 0.018), y=(-0.018, 0.018), z=(-0.000, 0.077)].[0m
[38;5;226m[Genesis] [23:18:03] [WARNING] Link 'M_Bottom_1' has dubious center of mass [x=0.166, y=0.030, z=-0.073] compared to the bounding box from geometry [x=(0.106, 0.155), y=(-0.011, 0.071), z=(-0.078, -0.068)].[0m
[38;5;226m[Genesis] [23:18:03] [WARNING] Link 'M_Back_1' has dubious center of mass [x=0.003, y=0.021, z=0.011] compared to the bounding box from geometry [x=(-0.035, -0.030), y=(-0.033, 0.076), z=(-0.005, 0.028)].[0m
[38;5;226m[Genesis] [23:18:03] [WARNING] Link 'M_Left1_1' has dubious center of mass [x=-0.025, y=-0.002, z=-0.014] compared to the bounding box from geometry [x=(-0.088, -0.032), y=(-0.005, -0.000), z=(-0.038, 0.010)].[0m
[38;5;226m[Genesis] [23:18:03] [WARNING] Link 'M_Right1_1' has dubious center of mass [x=-0.025, y=0.003, z=-0.014] compared to the bounding box from geometry [x=(-0.087, -0.033), y=(0.000, 0.005), z=(-0.038, 0.010)].[0m
[38;5;226m[Genesis] [23:18:03] [WARNING] Link 'M_Top_1' has dubious center of mass [x=-0.024, y=0.028, z=0.005] compared to the bounding box from geometry [x=(-0.088, -0.032), y=(-0.031, 0.088), z=(-0.000, 0.010)].[0m
[38;5;226m[Genesis] [23:18:03] [WARNING] Link 'M_LeftLink_1' has dubious center of mass [x=-0.002, y=0.005, z=0.046] compared to the bounding box from geometry [x=(-0.040, -0.035), y=(-0.005, 0.015), z=(-0.005, 0.095)].[0m
[38;5;226m[Genesis] [23:18:03] [WARNING] Link 'M_RightLink_1' has dubious center of mass [x=-0.002, y=-0.005, z=0.046] compared to the bounding box from geometry [x=(-0.040, -0.035), y=(-0.015, 0.005), z=(-0.005, 0.095)].[0m
[38;5;226m[Genesis] [23:18:03] [WARNING] Link 'M_LeftLink2_copy_1' has dubious center of mass [x=-0.005, y=-0.005, z=0.021] compared to the bounding box from geometry [x=(-0.044, -0.032), y=(-0.015, 0.005), z=(-0.000, 0.045)].[0m
[38;5;226m[Genesis] [23:18:03] [WARNING] Link 'link_2' has dubious center of mass [x=0.000, y=0.000, z=0.000] compared to the bounding box from geometry [x=(-0.068, 0.479), y=(-0.069, 0.069), z=(0.082, 0.274)].[0m
[38;5;226m[Genesis] [23:18:03] [WARNING] Neutral robot position (qpos0) exceeds joint limits.[0m
[38;5;226m[Genesis] [23:18:03] [WARNING] Constraint solver time constant should be greater than 2*substep_dt. timeconst is changed from `0.0002` to `0.01`). Decrease simulation timestep or increase timeconst to avoid altering the original value.[0m
[38;5;226m[Genesis] [23:18:04] [WARNING] Filtered out geometry pairs causing self-collision for the neutral configuration (qpos0): (90, 113), (103, 105). Consider tuning Morph option 'decompose_robot_error_threshold' or specify dedicated collision meshes. This behavior can be disabled by setting Morph option 'enable_neutral_collision=True'.[0m
[fem_ipc_workarounds] SoftPositionConstraint 배선 완료 — 천 1개 (strength_rate=10000.0, 정점은 전부 꺼진 상태)
C:\Users\simuser\miniconda3\envs\crusher_genesis\Lib\site-packages\quadrants\_test_tools\warnings_helper.py:11: UserWarning: cannot create weak reference to 'tuple' object. Template mapper caching disabled.
  warnings.warn(message)
[verify] L2_Left_Wall1_1 충돌 geom 5개 / 시각 geom 3개  (플랜지 접촉=OFF, 기대 충돌 5개)
[build] 성공 (9.7s)
[grain] 봉투 안에서 출발 — 구속 없음, 첫 스텝부터 자유
[grain] 초기 간격 검증: 낟알-봉투 최소 1.91mm (요구 1.60mm)  위반 0/500  OK
[bag dbg] 선택 246개 (바닥 102 + 측면 168), x폭 64.0mm y폭 6.0mm z폭 90.0mm
[bag] shape 고정(SPC k=10000): 246/714 정점(바닥+양측면), 입구는 자유
[slot] 간격축 = world Y (겹침 -12.5mm), 슬롯 길이축 = world X (겹침 +65.0mm)
[slot] gap_cx=0.2125 gap_cy=-0.0053 gap_width=12.5mm wall_top_z=0.0870
[slot] pocket(L1_Wall1_1) center=(0.1745,0.0330)
[suction] LSM 후방 +100mm  (LSM-NK174218-1204_100MM__1_Dummy_1)  PD 로 유지
[suction] 그리퍼 개방 -50mm  (L_E-SMLG9H-100-ES10_1_1_L_E-SMLG9H-100-ES10_2_1)  PD 로 유지
[ctrl] Left_Wall armature=10.0kg (런타임 API) — 유효 질량 10.31kg, 100N -> 9.7 m/s^2, kv 안정 한계 4125 (현재 500)
[ctrl] Left_Wall force clip: ±100 N (Motor2 ctrlrange, docs/Crusher.md §5) — 벽은 이 힘에서 균형지는 위치에 멈춘다
[bag] grip_strip verts near FINGER_MID: 0
[38;5;226m[Genesis] [23:18:13] [WARNING] fps=30 is not reachable with dt=0.005. Recording at fps=28.57142857142857 instead.[0m
[38;5;226m[Genesis] [23:18:13] [WARNING] fps=30 is not reachable with dt=0.005. Recording at fps=28.57142857142857 instead.[0m
[38;5;226m[Genesis] [23:18:13] [WARNING] fps=30 is not reachable with dt=0.005. Recording at fps=28.57142857142857 instead.[0m
[grain] @0 prep           담김  500/500  봉투 z=[151.0,241.0]mm

[phase] 0 prep (1.0s) — 크랭크 0->-3.142rad(-180deg), Left_Wall 0->+6mm(개방)
[phase] prep     @done  crank=-3.000rad  wall=+5.44mm
[grain] @0b lower         담김  500/500  봉투 z=[151.0,241.0]mm
[stage] 봉투 하강 100mm (400스텝, 50mm/s) — SPC 로 슬롯에 넣는다 (바닥 목표 0.0510)
[stage] 하강 완료 bag_com=[ 0.21249662 -0.00527383  0.0959994 ]  bottom=0.0510 (목표 0.0510, 오차 -0.0mm)  폭 6.0mm 높이 90.0mm
[phase] drop     @skip  (CLAMP_ONLY)
[phase] settle   @skip  (CLAMP_ONLY)
[phase] close    @skip  (CLAMP_ONLY)
[phase] grasp    @skip  (CLAMP_ONLY)
[phase] lift     @skip  (CLAMP_ONLY)
[phase] hold     @skip  (CLAMP_ONLY)
[slot] wall_center_z=0.0510  insert_z(finger)=0.1330  hang=82mm
[slot] 봉투중심 보정 dy=+0.0mm -> finger_y=-0.0053 (봉투중심 y=-0.0053 = gap_cy -0.0053)
[slot] 봉투중심 보정 dx=-28.0mm -> finger_x=0.2405 (봉투중심 x=0.2125 = gap_cx 0.2125) — 실링이 측벽에 물린다
[sweep] Y_OFFSET_MM=+0.0mm -> target_xy=[ 0.24049766 -0.00527226]  (gap_cy=-0.0053)
[cam] side view 고정: pos=(np.float64(0.21249766187667846), np.float64(-0.5552722595214844), np.float64(0.169001227684021)) look=(np.float64(0.21249766187667846), np.float64(-0.005272259521484357), np.float64(0.169001227684021)) (gap_width=12.5mm, z범위 above=0.2870~insert=0.1330)

[ik] above-slot target=[ 0.24049766 -0.00527226  0.28700123]  arm_q=[-5.1325041e-01  4.4090718e-01  8.6750549e-01  3.3082906e-04
  1.8329884e+00  4.1989994e+00]
[phase] above    @skip  (CLAMP_ONLY)
[phase] aboveset @skip  (CLAMP_ONLY)
[ik] insert target=[ 0.24049766 -0.00527226  0.13300123]  웨이포인트 41개(카테시안 직선)  arm_q=[-5.1323801e-01  4.2134684e-01  1.3183427e+00  4.1361811e-04
  1.4017031e+00  4.1988778e+00]
[phase] insert   @skip  (CLAMP_ONLY)
[phase] settle2  @skip  (CLAMP_ONLY)
[trim] TRIM_ROUNDS=0 — 생략(기본값). settle2 시점 bag_bottom 오차 +0.0mm 를 그대로 결과로 쓴다.
[trim] 최종 finger_z=0.1330  (초기 0.1330, 하한 0.1030)
[clamp_only] 정점 구속 없음 — 봉투는 포켓 안에 자유롭게 놓인다
[clamp_only] settle 후 bag_com=[ 0.20293793 -0.02066451  0.08518947]  tilt=14.6deg  bag_bottom=0.0395 (목표 0.0510, 오차 -11.5mm)  폭 43.0mm 높이 91.2mm
[grain] @9 clamp          담김  500/500  봉투 z=[39.5,130.8]mm

[phase] 9 clamp (4.3s) — Left_Wall +6.0mm 에서 **속도지령** 8.0mm/s 로 계속 닫음 (docs §11-5), lead 20.0mm = 정지 시 100N, 가드 -17.0mm
    [clamp t= 0.00s] wall=  +5.96mm v=  +0.08mm/s  본체면 잔여 +23.46mm  bag_com=[ 0.20293924 -0.02067995  0.08514264]
    [clamp t= 0.17s] wall=  +4.62mm v=  +3.27mm/s  본체면 잔여 +22.12mm  bag_com=[ 0.20288146 -0.0207145   0.08505088]
    [clamp t= 0.34s] wall=  +3.27mm v=  +5.82mm/s  본체면 잔여 +20.77mm  bag_com=[ 0.2027007  -0.02072003  0.08487813]
    [clamp t= 0.51s] wall=  +1.92mm v=  +8.77mm/s  본체면 잔여 +19.42mm  bag_com=[ 0.2025621  -0.02078272  0.0847328 ]
    [clamp t= 0.68s] wall=  +0.57mm v= +10.82mm/s  본체면 잔여 +18.07mm  bag_com=[ 0.20238249 -0.02071483  0.08456046]
    [clamp t= 0.85s] wall=  -0.77mm v= +13.10mm/s  본체면 잔여 +16.73mm  bag_com=[ 0.20242676 -0.02039761  0.08454809]
    [clamp t= 1.02s] wall=  -2.12mm v= +15.98mm/s  본체면 잔여 +15.38mm  bag_com=[ 0.20246437 -0.01983331  0.08464423]
    [clamp t= 1.19s] wall=  -3.47mm v= +18.47mm/s  본체면 잔여 +14.03mm  bag_com=[ 0.20251262 -0.01906982  0.08471832]
    [clamp t= 1.36s] wall=  -4.82mm v= +20.71mm/s  본체면 잔여 +12.68mm  bag_com=[ 0.20276147 -0.01826884  0.08472136]
    [clamp t= 1.53s] wall=  -6.16mm v= +23.74mm/s  본체면 잔여 +11.34mm  bag_com=[ 0.20291986 -0.01763879  0.08475398]
    [clamp t= 1.70s] wall=  -7.51mm v= +26.30mm/s  본체면 잔여  +9.99mm  bag_com=[ 0.20302655 -0.01650042  0.08476327]
    [clamp t= 1.87s] wall=  -8.86mm v= +28.79mm/s  본체면 잔여  +8.64mm  bag_com=[ 0.20329279 -0.01546291  0.0847635 ]
    [clamp t= 2.04s] wall= -10.20mm v= +31.28mm/s  본체면 잔여  +7.30mm  bag_com=[ 0.20363575 -0.01416578  0.08476996]
    [clamp t= 2.21s] wall= -11.55mm v= +33.99mm/s  본체면 잔여  +5.95mm  bag_com=[ 0.2040456  -0.0127917   0.08471411]
    [clamp t= 2.38s] wall= -13.24mm v= -32.82mm/s  본체면 잔여  +4.26mm  bag_com=[ 0.20422934 -0.01225634  0.08471654]
    [clamp t= 2.55s] wall= -15.41mm v=-193.11mm/s  본체면 잔여  +2.09mm  bag_com=[ 0.20455116 -0.01201195  0.08478953]
    [clamp t= 2.72s] wall= -17.04mm v=-308.48mm/s  본체면 잔여  +0.46mm  bag_com=[ 0.20486192 -0.01142625  0.08485942]
    [clamp t= 2.89s] wall= -16.66mm v=-231.03mm/s  본체면 잔여  +0.84mm  bag_com=[ 0.20497765 -0.01137982  0.08497192]
    [clamp t= 3.06s] wall= -16.57mm v=-214.17mm/s  본체면 잔여  +0.93mm  bag_com=[ 0.2058125  -0.01003149  0.08472285]
    [clamp t= 3.23s] wall= -16.58mm v=-216.95mm/s  본체면 잔여  +0.92mm  bag_com=[ 0.20616192 -0.00967208  0.08470576]
    [clamp t= 3.40s] wall= -16.59mm v=-218.88mm/s  본체면 잔여  +0.91mm  bag_com=[ 0.20661506 -0.00937906  0.08464648]
    [clamp t= 3.57s] wall= -16.60mm v=-219.43mm/s  본체면 잔여  +0.90mm  bag_com=[ 0.20687434 -0.0092972   0.08463271]
    [clamp t= 3.74s] wall= -16.60mm v=-219.79mm/s  본체면 잔여  +0.90mm  bag_com=[ 0.20702721 -0.00930812  0.08457316]
    [clamp t= 3.91s] wall= -16.60mm v=-219.97mm/s  본체면 잔여  +0.90mm  bag_com=[ 0.20717014 -0.00933713  0.08453424]
    [clamp t= 4.08s] wall= -16.60mm v=-220.12mm/s  본체면 잔여  +0.90mm  bag_com=[ 0.20725152 -0.00938442  0.08449653]
    [clamp t= 4.25s] wall= -16.60mm v=-220.10mm/s  본체면 잔여  +0.90mm  bag_com=[ 0.20728192 -0.00943028  0.08447425]
[phase] clamp    @done  wall=-16.60mm  (잔여: 플랜지면(비접촉) -4.10mm / 본체면 0.90mm)  bag_com=[ 0.20728303 -0.00943958  0.08447212]
[clamp] 봉투 반력에 막혀 정지  (가드 -17.00mm, 최종 v=-220.13mm/s)
    [hold2 k=   0] tablet_z=+nanmm bag_com=[ 0.20728305 -0.00943968  0.0844721 ]
    [hold2 k=  40] tablet_z=+nanmm bag_com=[ 0.20735869 -0.00946091  0.08441944]
    [hold2 k=  80] tablet_z=+nanmm bag_com=[ 0.2073929  -0.00952139  0.08439107]
[phase] hold2    @done  bag_com=[ 0.2073955  -0.00953663  0.08438361]  finger_z=0.1328  tablet_z=+nanmm  tilt=3.9deg  bag_bottom=0.0390
[grain] @11 crush         담김  500/500  봉투 z=[39.0,129.7]mm

[phase] 11 crush (60s, 12000 step) — 크랭크 8.0 RPM (0.8378 rad/s) 연속 회전 ≈ 8.0 바퀴
[ctrl] crank torque clip: ±12.5 N·m (docs/Crusher.md §2-2), kv=5000 — velocity 제어
[crush] 시작 정제 크기 nan x nan x nan mm
[crush] 계측 ON — 관절 8dof, 커플링 링크 11개, 낟알 500알  매 1스텝 / 전량 5스텝 / 봉투정점 10스텝
    [crush t=  0.0s] crank=    +0.0deg ( 0.02 RPM, τ=+12.50N·m)  wall=-19.28mm (F= +100.0N)    낟알 |f|최대   0.010mN 접촉 500알 bbox [44.  10.9  4.4]mm
    [crush t=  1.0s] crank=   +14.4deg ( 4.74 RPM, τ=+12.50N·m)  wall=-11559.70mm (F= +100.0N)    낟알 |f|최대   0.012mN 접촉 500알 bbox [47.8 43.   2.1]mm
    [crush t=  2.0s] crank=   +55.6deg ( 8.00 RPM, τ= +0.32N·m)  wall=-15474.99mm (F= +100.0N)    낟알 |f|최대   0.013mN 접촉 500알 bbox [48.  43.3  1.8]mm
