============================================================
 Full workflow: tablet drop -> bag catch -> grasp -> lift -> Crusher slot insert (viewer=False)
============================================================
[fem_ipc_workarounds] FEMEntity.set_vertex_constraints 패치 완료 (IPC 커플러 버그 우회)
[38;5;226m[Genesis] [15:33:27] [WARNING] At least one of the meshes contain many faces (27466). Consider setting 'morph.decimate=True' to speed up collision detection and improve numerical stability.[0m

[build] scene.build() 시작...
[38;5;226m[Genesis] [15:33:27] [WARNING] Link 'L4_Motor2_Shaft_1' has dubious center of mass [x=0.000, y=-0.037, z=0.015] compared to the bounding box from geometry [x=(-0.018, 0.018), y=(-0.018, 0.018), z=(-0.000, 0.077)].[0m
[38;5;226m[Genesis] [15:33:27] [WARNING] Link 'link_2' has dubious center of mass [x=0.000, y=0.000, z=0.000] compared to the bounding box from geometry [x=(-0.068, 0.479), y=(-0.069, 0.069), z=(0.082, 0.274)].[0m
[38;5;226m[Genesis] [15:33:28] [WARNING] Constraint solver time constant should be greater than 2*substep_dt. timeconst is changed from `0.0002` to `0.01`). Decrease simulation timestep or increase timeconst to avoid altering the original value.[0m
C:\Users\simuser\miniconda3\envs\crusher_genesis\Lib\site-packages\quadrants\_test_tools\warnings_helper.py:11: UserWarning: cannot create weak reference to 'tuple' object. Template mapper caching disabled.
  warnings.warn(message)
C:\Users\simuser\miniconda3\envs\crusher_genesis\Lib\site-packages\quadrants\lang\ast\ast_transformers\call_transformer.py:245: DeprecationWarning: keyword.__init__ got an unexpected keyword argument 'ctx'. Support for arbitrary keyword arguments is deprecated and will be removed in Python 3.15.
  kwarg_node = ast.keyword(
[build] 성공
[bag] shape 고정: 375/771 정점(바닥+양측면), 입구는 자유
[slot] gap_cx=-0.3303 gap_cy=-0.0473 gap_width=12.0mm wall_top_z=0.0864
[slot] pocket(L1_Wall1_1) center=(-0.3683,-0.0853)
[bag] grip_strip verts near FINGER_MID: 91

[phase] 0 prep (1.0s) — 크랭크 0->-3.142rad(-180deg), Left_Wall 0->+6mm(개방)
[phase] prep     @done  crank=-3.000rad  wall=+5.43mm
    [drop k=   0] tablet_z=+438.66mm bag_com=[-0.12659402 -0.6166936   0.39840984]
    [drop k=  40] tablet_z=+431.79mm bag_com=[-0.126593   -0.6166935   0.39840963]
    [drop k=  80] tablet_z=+427.46mm bag_com=[-0.12659027 -0.6166936   0.39840963]
    [drop k= 120] tablet_z=+418.14mm bag_com=[-0.1265918  -0.61669403  0.39840963]
[phase] drop     @done  bag_com=[-0.12659337 -0.61669403  0.39840963]  finger_z=0.4355  tablet_z=+411.92mm
[phase] settle   @done  bag_com=[-0.1265935  -0.61669403  0.39840963]  finger_z=0.4355  tablet_z=+400.38mm
[bag] shape 고정 해제 — 이제부터 순수 마찰 파지
[phase] close    @done  bag_com=[-0.12421448 -0.61731815  0.39766034]  finger_z=0.4314  tablet_z=+399.67mm
[phase] grasp    @done  bag_com=[-0.12632737 -0.6177483   0.3976913 ]  finger_z=0.4314  tablet_z=+390.91mm
[phase] lift     @done  bag_com=[-0.12936662 -0.6211768   0.52221197]  finger_z=0.5573  tablet_z=+511.39mm
[phase] hold     @done  bag_com=[-0.12808305 -0.6209569   0.52246064]  finger_z=0.5573  tablet_z=+485.95mm
[slot] wall_center_z=0.0504  insert_z(finger)=0.1024  margin=52mm

[ik] above-slot target=[-0.33027777 -0.04730234  0.28643123]  arm_q=[ 1.6530156   0.71890014  0.42308557 -0.26477498  2.0062091   1.5416768 ]
    [above k=   0] tablet_z=+485.69mm bag_com=[-0.12770396 -0.6206352   0.5221932 ]
    [above k=  40] tablet_z=+474.79mm bag_com=[-0.08582076 -0.5842233   0.5113783 ]
    [above k=  80] tablet_z=+468.51mm bag_com=[-0.04589069 -0.5335758   0.4962538 ]
    [above k= 120] tablet_z=+458.04mm bag_com=[-0.02423012 -0.47347164  0.4769269 ]
    [above k= 160] tablet_z=+440.77mm bag_com=[-0.00930407 -0.4023912   0.45497113]
    [above k= 200] tablet_z=+414.01mm bag_com=[-0.01717389 -0.32816583  0.42854363]
    [above k= 240] tablet_z=+384.28mm bag_com=[-0.0404235  -0.25300807  0.3989319 ]
    [above k= 280] tablet_z=+350.87mm bag_com=[-0.08431362 -0.18091194  0.3660143 ]
    [above k= 320] tablet_z=+316.29mm bag_com=[-0.13828342 -0.11595048  0.33165222]
    [above k= 360] tablet_z=+270.78mm bag_com=[-0.22289377 -0.06299622  0.29163125]
[phase] above    @done  bag_com=[-0.29821956 -0.0230962   0.254478  ]  finger_z=0.2862  tablet_z=+231.99mm
[ik] insert target=[-0.33027777 -0.04730234  0.10243123]  arm_q=[ 1.6529589   0.6276174   1.0914063  -0.24116032  1.4465487   1.6859541 ]
    [insert k=   0] tablet_z=+230.64mm bag_com=[-0.29968917 -0.02278932  0.2536008 ]
    [insert k=  40] tablet_z=+209.32mm bag_com=[-0.30704528 -0.01830735  0.23516707]
    [insert k=  80] tablet_z=+194.15mm bag_com=[-0.3037614  -0.01368643  0.21818163]
    [insert k= 120] tablet_z=+179.84mm bag_com=[-0.3049186  -0.01076185  0.20022479]
    [insert k= 160] tablet_z=+164.60mm bag_com=[-0.30512702 -0.00891258  0.18205887]
    [insert k= 200] tablet_z=+148.87mm bag_com=[-0.3046172  -0.00822863  0.16352189]
    [insert k= 240] tablet_z=+134.45mm bag_com=[-0.3052046  -0.00879831  0.1448086 ]
    [insert k= 280] tablet_z=+114.00mm bag_com=[-0.30491307 -0.01082133  0.1256768 ]
    [insert k= 320] tablet_z=+98.07mm bag_com=[-0.3014652  -0.01338276  0.10729145]
    [insert k= 360] tablet_z=+81.58mm bag_com=[-0.2954554  -0.01749088  0.09073014]
[phase] insert   @done  bag_com=[-0.28941157 -0.02280301  0.08007185]  finger_z=0.1023  tablet_z=+74.53mm
[phase] settle2  @done  bag_com=[-0.28464603 -0.0230746   0.08524913]  finger_z=0.1022  tablet_z=+78.69mm

[phase] 9 clamp (2.0s) — Left_Wall +6.0mm -> -5.0mm (실링부 압착)
[phase] clamp    @done  wall=-4.48mm  bag_com=[-0.28653467 -0.024182    0.07968499]
    [release k=   0] tablet_z=+63.89mm bag_com=[-0.286542   -0.02418043  0.07968566]
    [release k=  40] tablet_z=+61.57mm bag_com=[-0.28648275 -0.02477904  0.07595398]
    [release k=  80] tablet_z=+59.78mm bag_com=[-0.28517526 -0.02369472  0.0746426 ]
[phase] release  @done  bag_com=[-0.28518575 -0.02361214  0.07459183]  finger_z=0.1064  tablet_z=+59.55mm

[saved] overview -> C:\Crusher_isaacsim\Crusher_Genesis\Crusher_M0609_RG2_Tablet_Samplebag\RESULT\full_workflow_20260716_153322_overview.mp4
[saved] bagcam   -> C:\Crusher_isaacsim\Crusher_Genesis\Crusher_M0609_RG2_Tablet_Samplebag\RESULT\full_workflow_20260716_153322_bagcam.mp4
완료.
