============================================================
 Full workflow: tablet drop -> bag catch -> grasp -> lift -> Crusher slot insert (viewer=False)
============================================================
[38;5;226m[Genesis] [14:26:57] [WARNING] At least one of the meshes contain many faces (27466). Consider setting 'morph.decimate=True' to speed up collision detection and improve numerical stability.[0m

[build] scene.build() 시작...
[38;5;226m[Genesis] [14:26:57] [WARNING] Link 'L4_Motor2_Shaft_1' has dubious center of mass [x=0.000, y=-0.037, z=0.015] compared to the bounding box from geometry [x=(-0.018, 0.018), y=(-0.018, 0.018), z=(-0.000, 0.077)].[0m
[38;5;226m[Genesis] [14:26:57] [WARNING] Link 'link_2' has dubious center of mass [x=0.000, y=0.000, z=0.000] compared to the bounding box from geometry [x=(-0.068, 0.479), y=(-0.069, 0.069), z=(0.082, 0.274)].[0m
[38;5;226m[Genesis] [14:26:58] [WARNING] Constraint solver time constant should be greater than 2*substep_dt. timeconst is changed from `0.0002` to `0.01`). Decrease simulation timestep or increase timeconst to avoid altering the original value.[0m
C:\Users\simuser\miniconda3\envs\crusher_genesis\Lib\site-packages\quadrants\_test_tools\warnings_helper.py:11: UserWarning: cannot create weak reference to 'tuple' object. Template mapper caching disabled.
  warnings.warn(message)
C:\Users\simuser\miniconda3\envs\crusher_genesis\Lib\site-packages\quadrants\lang\ast\ast_transformers\call_transformer.py:245: DeprecationWarning: keyword.__init__ got an unexpected keyword argument 'ctx'. Support for arbitrary keyword arguments is deprecated and will be removed in Python 3.15.
  kwarg_node = ast.keyword(
[build] 성공
[slot] gap_cx=-0.3303 gap_cy=-0.0473 gap_width=12.0mm wall_top_z=0.0864
[bag] grip_strip verts near FINGER_MID: 103

[phase] 0 prep (1.0s) — 크랭크 0->-3.142rad(-180deg), Left_Wall 0->+6mm(개방)
[phase] prep     @done  crank=-3.000rad  wall=+5.43mm
    [drop k=   0] tablet_z=+388.78mm bag_com=[-0.09833945 -0.6474698   0.4313868 ]
    [drop k=  40] tablet_z=+388.50mm bag_com=[-0.09829502 -0.6479427   0.43131968]
    [drop k=  80] tablet_z=+388.49mm bag_com=[-0.09816724 -0.65115625  0.43102917]
    [drop k= 120] tablet_z=+388.49mm bag_com=[-0.09856009 -0.6581111   0.42922235]
[phase] drop     @done  bag_com=[-0.09847517 -0.6619851   0.42700276]  finger_z=0.4377  tablet_z=+388.49mm
[phase] settle   @done  bag_com=[-0.1036237  -0.66569614  0.41566968]  finger_z=0.4377  tablet_z=+388.69mm
[phase] close    @done  bag_com=[-0.11444348 -0.66098267  0.39444754]  finger_z=0.4361  tablet_z=+388.82mm
[phase] grasp    @done  bag_com=[-0.11915239 -0.66014373  0.3896814 ]  finger_z=0.4361  tablet_z=+388.73mm
[phase] lift     @done  bag_com=[-0.11907913 -0.66028494  0.38938817]  finger_z=0.5621  tablet_z=+388.69mm
[phase] hold     @done  bag_com=[-0.11910839 -0.6603069   0.38938895]  finger_z=0.5621  tablet_z=+388.49mm

[ik] above-slot target=[-0.33027777 -0.04730234  0.3       ]  arm_q=[-1.4921676 -1.5258543  0.9720754  2.6934664  2.560991   2.840613 ]
    [above k=   0] tablet_z=+388.49mm bag_com=[-0.11910839 -0.6603069   0.38938895]
    [above k=  40] tablet_z=+388.49mm bag_com=[-0.11910838 -0.6603069   0.38938898]
    [above k=  80] tablet_z=+388.49mm bag_com=[-0.11910844 -0.6603069   0.38938898]
    [above k= 120] tablet_z=+388.49mm bag_com=[-0.11910852 -0.6603071   0.38938895]
    [above k= 160] tablet_z=+388.49mm bag_com=[-0.1191086  -0.6603071   0.38938895]
[phase] above    @done  bag_com=[-0.1191086  -0.66030717  0.3893889 ]  finger_z=0.1603  tablet_z=+388.49mm
[ik] insert target=[-0.33027777 -0.04730234  0.15      ]  arm_q=[-1.4922419 -1.8668965  1.2560298  2.7279496  2.509129   2.8824427]
    [insert k=   0] tablet_z=+388.49mm bag_com=[-0.11910862 -0.6603072   0.3893889 ]
    [insert k=  40] tablet_z=+388.49mm bag_com=[-0.11910876 -0.6603072   0.3893889 ]
    [insert k=  80] tablet_z=+388.49mm bag_com=[-0.11910888 -0.6603073   0.3893889 ]
    [insert k= 120] tablet_z=+388.49mm bag_com=[-0.11910903 -0.66030735  0.3893889 ]
    [insert k= 160] tablet_z=+388.49mm bag_com=[-0.11910911 -0.6603074   0.38938886]
[phase] insert   @done  bag_com=[-0.11910927 -0.6603076   0.38938886]  finger_z=0.0103  tablet_z=+388.49mm
[phase] settle2  @done  bag_com=[-0.1191476  -0.66031796  0.3893881 ]  finger_z=0.0103  tablet_z=+388.49mm

[saved] overview -> C:\Crusher_isaacsim\Crusher_Genesis\Crusher_M0609_RG2_Tablet_Samplebag\RESULT\full_workflow_20260715_142652_overview.mp4
[saved] bagcam   -> C:\Crusher_isaacsim\Crusher_Genesis\Crusher_M0609_RG2_Tablet_Samplebag\RESULT\full_workflow_20260715_142652_bagcam.mp4
완료.
