[cfg] GRIP_OFFSET_MM=0 (봉투 폭 정중앙)  CLOTH_THICK_MM=0.1  CLOTH_E=4.0e6
============================================================
 Full workflow: tablet drop -> bag catch -> grasp -> lift -> Crusher slot insert (viewer=False)
============================================================
[fem_ipc_workarounds] FEMEntity.set_vertex_constraints 패치 완료 (IPC 커플러 버그 우회)
[38;5;226m[Genesis] [15:08:31] [WARNING] At least one of the meshes contain many faces (15432). Consider setting 'morph.decimate=True' to speed up collision detection and improve numerical stability.[0m
[38;5;226m[Genesis] [15:08:31] [WARNING] At least one of the meshes contain many faces (15762). Consider setting 'morph.decimate=True' to speed up collision detection and improve numerical stability.[0m
[38;5;226m[Genesis] [15:08:31] [WARNING] Mesh is not watertight. Falling back to convex hull for estimating inertial properties.[0m
[38;5;226m[Genesis] [15:08:31] [WARNING] Mesh is not watertight. Falling back to convex hull for estimating inertial properties.[0m
[38;5;226m[Genesis] [15:08:31] [WARNING] At least one of the meshes contain many faces (12522). Consider setting 'morph.decimate=True' to speed up collision detection and improve numerical stability.[0m
[38;5;226m[Genesis] [15:08:31] [WARNING] Mesh is not watertight. Falling back to convex hull for estimating inertial properties.[0m
[38;5;226m[Genesis] [15:08:31] [WARNING] Mesh is not watertight. Falling back to convex hull for estimating inertial properties.[0m
[38;5;226m[Genesis] [15:08:31] [WARNING] Mesh is not watertight. Falling back to convex hull for estimating inertial properties.[0m
[38;5;226m[Genesis] [15:08:31] [WARNING] Mesh is not watertight. Falling back to convex hull for estimating inertial properties.[0m
[38;5;226m[Genesis] [15:08:31] [WARNING] Mesh is not watertight. Falling back to convex hull for estimating inertial properties.[0m
[38;5;226m[Genesis] [15:08:31] [WARNING] Mesh is not watertight. Falling back to convex hull for estimating inertial properties.[0m
[38;5;226m[Genesis] [15:08:31] [WARNING] Mesh is not watertight. Falling back to convex hull for estimating inertial properties.[0m
[38;5;226m[Genesis] [15:08:31] [WARNING] Mesh is not watertight. Falling back to convex hull for estimating inertial properties.[0m
[38;5;226m[Genesis] [15:08:31] [WARNING] Mesh is not watertight. Falling back to convex hull for estimating inertial properties.[0m
[38;5;226m[Genesis] [15:08:31] [WARNING] Mesh is not watertight. Falling back to convex hull for estimating inertial properties.[0m
[38;5;226m[Genesis] [15:08:31] [WARNING] Mesh is not watertight. Falling back to convex hull for estimating inertial properties.[0m
[38;5;226m[Genesis] [15:08:31] [WARNING] Mesh is not watertight. Falling back to convex hull for estimating inertial properties.[0m
[38;5;226m[Genesis] [15:08:31] [WARNING] Mesh is not watertight. Falling back to convex hull for estimating inertial properties.[0m
[38;5;226m[Genesis] [15:08:31] [WARNING] Mesh is not watertight. Falling back to convex hull for estimating inertial properties.[0m
[38;5;226m[Genesis] [15:08:31] [WARNING] Mesh is not watertight. Falling back to convex hull for estimating inertial properties.[0m
[38;5;226m[Genesis] [15:08:31] [WARNING] At least one of the meshes contain many faces (27466). Consider setting 'morph.decimate=True' to speed up collision detection and improve numerical stability.[0m
[38;5;226m[Genesis] [15:08:32] [WARNING] Mesh is not watertight. Falling back to convex hull for estimating inertial properties.[0m
[38;5;226m[Genesis] [15:08:32] [WARNING] Mesh is not watertight. Falling back to convex hull for estimating inertial properties.[0m
[38;5;226m[Genesis] [15:08:32] [WARNING] Mesh is not watertight. Falling back to convex hull for estimating inertial properties.[0m
[38;5;226m[Genesis] [15:08:32] [WARNING] Mesh is not watertight. Falling back to convex hull for estimating inertial properties.[0m
[38;5;226m[Genesis] [15:08:32] [WARNING] Mesh is not watertight. Falling back to convex hull for estimating inertial properties.[0m

[build] scene.build() 시작...
[38;5;226m[Genesis] [15:08:32] [WARNING] Link 'L4_Motor2_Shaft_1' has dubious center of mass [x=0.000, y=-0.037, z=0.015] compared to the bounding box from geometry [x=(-0.018, 0.018), y=(-0.018, 0.018), z=(-0.000, 0.077)].[0m
[38;5;226m[Genesis] [15:08:32] [WARNING] Link 'M_Bottom_1' has dubious center of mass [x=0.166, y=0.030, z=-0.073] compared to the bounding box from geometry [x=(0.106, 0.155), y=(-0.011, 0.071), z=(-0.078, -0.068)].[0m
[38;5;226m[Genesis] [15:08:32] [WARNING] Link 'M_Back_1' has dubious center of mass [x=0.003, y=0.021, z=0.011] compared to the bounding box from geometry [x=(-0.035, -0.030), y=(-0.033, 0.076), z=(-0.005, 0.028)].[0m
[38;5;226m[Genesis] [15:08:32] [WARNING] Link 'M_Left1_1' has dubious center of mass [x=-0.025, y=-0.002, z=-0.014] compared to the bounding box from geometry [x=(-0.088, -0.032), y=(-0.005, -0.000), z=(-0.038, 0.010)].[0m
[38;5;226m[Genesis] [15:08:32] [WARNING] Link 'M_Right1_1' has dubious center of mass [x=-0.025, y=0.003, z=-0.014] compared to the bounding box from geometry [x=(-0.087, -0.033), y=(0.000, 0.005), z=(-0.038, 0.010)].[0m
[38;5;226m[Genesis] [15:08:32] [WARNING] Link 'M_Top_1' has dubious center of mass [x=-0.024, y=0.028, z=0.005] compared to the bounding box from geometry [x=(-0.088, -0.032), y=(-0.031, 0.088), z=(-0.000, 0.010)].[0m
[38;5;226m[Genesis] [15:08:32] [WARNING] Link 'M_LeftLink_1' has dubious center of mass [x=-0.002, y=0.005, z=0.046] compared to the bounding box from geometry [x=(-0.040, -0.035), y=(-0.005, 0.015), z=(-0.005, 0.095)].[0m
[38;5;226m[Genesis] [15:08:32] [WARNING] Link 'M_RightLink_1' has dubious center of mass [x=-0.002, y=-0.005, z=0.046] compared to the bounding box from geometry [x=(-0.040, -0.035), y=(-0.015, 0.005), z=(-0.005, 0.095)].[0m
[38;5;226m[Genesis] [15:08:32] [WARNING] Link 'M_LeftLink2_copy_1' has dubious center of mass [x=-0.005, y=-0.005, z=0.021] compared to the bounding box from geometry [x=(-0.044, -0.032), y=(-0.015, 0.005), z=(-0.000, 0.045)].[0m
[38;5;226m[Genesis] [15:08:32] [WARNING] Link 'link_2' has dubious center of mass [x=0.000, y=0.000, z=0.000] compared to the bounding box from geometry [x=(-0.068, 0.479), y=(-0.069, 0.069), z=(0.082, 0.274)].[0m
[38;5;226m[Genesis] [15:08:33] [WARNING] Constraint solver time constant should be greater than 2*substep_dt. timeconst is changed from `0.0002` to `0.01`). Decrease simulation timestep or increase timeconst to avoid altering the original value.[0m
[38;5;226m[Genesis] [15:08:35] [WARNING] Filtered out geometry pairs causing self-collision for the neutral configuration (qpos0): (112, 114). Consider tuning Morph option 'decompose_robot_error_threshold' or specify dedicated collision meshes. This behavior can be disabled by setting Morph option 'enable_neutral_collision=True'.[0m
C:\Users\simuser\miniconda3\envs\crusher_genesis\Lib\site-packages\quadrants\lang\ast\ast_transformers\call_transformer.py:245: DeprecationWarning: keyword.__init__ got an unexpected keyword argument 'ctx'. Support for arbitrary keyword arguments is deprecated and will be removed in Python 3.15.
  kwarg_node = ast.keyword(
C:\Users\simuser\miniconda3\envs\crusher_genesis\Lib\site-packages\quadrants\_test_tools\warnings_helper.py:11: UserWarning: cannot create weak reference to 'tuple' object. Template mapper caching disabled.
  warnings.warn(message)
[build] 성공 (51.4s)
[bag] shape 고정: 375/771 정점(바닥+양측면), 입구는 자유
[slot] gap_cx=-0.3303 gap_cy=-0.0473 gap_width=12.0mm wall_top_z=0.0864
[slot] pocket(L1_Wall1_1) center=(-0.3683,-0.0853)
[bag] grip_strip verts near FINGER_MID: 118
[38;5;226m[Genesis] [15:09:24] [WARNING] fps=30 is not reachable with dt=0.005. Recording at fps=28.57142857142857 instead.[0m
[38;5;226m[Genesis] [15:09:24] [WARNING] fps=30 is not reachable with dt=0.005. Recording at fps=28.57142857142857 instead.[0m
[38;5;226m[Genesis] [15:09:24] [WARNING] fps=30 is not reachable with dt=0.005. Recording at fps=28.57142857142857 instead.[0m
C:\Users\simuser\miniconda3\envs\crusher_genesis\Lib\site-packages\quadrants\lang\ast\ast_transformers\call_transformer.py:245: DeprecationWarning: keyword.__init__ got an unexpected keyword argument 'ctx'. Support for arbitrary keyword arguments is deprecated and will be removed in Python 3.15.
  kwarg_node = ast.keyword(
C:\Users\simuser\miniconda3\envs\crusher_genesis\Lib\site-packages\quadrants\lang\ast\ast_transformers\function_def_transformer.py:715: DeprecationWarning: ast.Str is deprecated and will be removed in Python 3.14; use ast.Constant instead
  return index == 0 and isinstance(stmt, ast.Expr) and isinstance(stmt.value, (ast.Constant, ast.Str))

[phase] 0 prep (1.0s) — 크랭크 0->-3.142rad(-180deg), Left_Wall 0->+6mm(개방)
[phase] prep     @done  crank=-3.000rad  wall=+5.43mm
    [drop k=   0] tablet_z=+423.84mm bag_com=[-0.12469036 -0.6446758   0.39746687]
    [drop k=  40] tablet_z=+409.40mm bag_com=[-0.12670358 -0.64485544  0.3981452 ]
    [drop k=  80] tablet_z=+355.14mm bag_com=[-0.12683058 -0.6448547   0.3981457 ]
    [drop k= 120] tablet_z=+354.78mm bag_com=[-0.12869042 -0.6448597   0.39799225]
[phase] drop     @done  bag_com=[-0.12822634 -0.6448563   0.3980451 ]  finger_z=0.4378  tablet_z=+354.78mm  tilt=3.8deg  bag_bottom=0.3551
[phase] settle   @done  bag_com=[-0.1286789  -0.64485604  0.39797974]  finger_z=0.4378  tablet_z=+354.78mm  tilt=3.9deg  bag_bottom=0.3551
[bag] shape 고정 해제 — 이제부터 순수 마찰 파지
[phase] close    @done  bag_com=[-0.12487126 -0.645022    0.39713958]  finger_z=0.4361  tablet_z=+354.78mm  tilt=3.6deg  bag_bottom=0.3529
[phase] grasp    @done  bag_com=[-0.12453993 -0.6450261   0.39711162]  finger_z=0.4361  tablet_z=+354.78mm  tilt=3.0deg  bag_bottom=0.3529
[phase] lift     @done  bag_com=[-0.1226908  -0.64243406  0.397077  ]  finger_z=0.5620  tablet_z=+354.78mm  tilt=1.8deg  bag_bottom=0.3529
[phase] hold     @done  bag_com=[-0.12296983 -0.64244044  0.39707297]  finger_z=0.5620  tablet_z=+354.78mm  tilt=0.4deg  bag_bottom=0.3529
[slot] wall_center_z=0.0504  insert_z(finger)=0.1324  hang=82mm
[slot] 봉투중심 보정 dy=+0.0mm -> finger_y=-0.0473 (봉투중심 y=-0.0473 = gap_cy -0.0473)
[sweep] Y_OFFSET_MM=+0.0mm -> target_xy=[-0.33027777 -0.04730234]  (gap_cy=-0.0473)
[cam] side view 고정: pos=(np.float64(-0.3302777709960938), np.float64(-0.597302336215973), np.float64(0.168431227684021)) look=(np.float64(-0.3302777709960938), np.float64(-0.047302336215972886), np.float64(0.168431227684021)) (gap_width=12.0mm, z범위 above=0.2864~insert=0.1324)

[ik] above-slot target=[-0.33027777 -0.04730234  0.28643123]  arm_q=[1.5609126e+00 7.1452153e-01 4.1810983e-01 7.8807492e-04 2.0088882e+00
 1.5614920e+00]
    [above k=   0] tablet_z=+354.78mm bag_com=[-0.12296717 -0.64244044  0.397073  ]
    [above k=  40] tablet_z=+354.78mm bag_com=[-0.12301002 -0.642441    0.39707303]
    [above k=  80] tablet_z=+354.78mm bag_com=[-0.12300116 -0.6424409   0.39707303]
    [above k= 120] tablet_z=+354.78mm bag_com=[-0.12300234 -0.6424409   0.39707303]
    [above k= 160] tablet_z=+354.78mm bag_com=[-0.12300239 -0.6424409   0.39707303]
    [above k= 200] tablet_z=+354.78mm bag_com=[-0.12300231 -0.6424409   0.39707303]
    [above k= 240] tablet_z=+354.78mm bag_com=[-0.12300237 -0.6424409   0.39707303]
    [above k= 280] tablet_z=+354.78mm bag_com=[-0.12300236 -0.6424409   0.39707303]
    [above k= 320] tablet_z=+354.78mm bag_com=[-0.12300237 -0.6424409   0.39707303]
    [above k= 360] tablet_z=+354.78mm bag_com=[-0.12300239 -0.6424409   0.39707303]
[phase] above    @done  bag_com=[-0.1230024  -0.6424409   0.39707303]  finger_z=0.2863  tablet_z=+354.78mm  tilt=1.3deg  bag_bottom=0.3529
[phase] aboveset @done  bag_com=[-0.12300245 -0.64244086  0.39707303]  finger_z=0.2863  tablet_z=+354.78mm  tilt=1.3deg  bag_bottom=0.3529
[ik] insert target=[-0.33027777 -0.04730234  0.13243123]  웨이포인트 41개(카테시안 직선)  arm_q=[1.5610212e+00 6.1003065e-01 1.0266888e+00 4.0876414e-04 1.5046735e+00
 1.5607899e+00]
    [insert k=   0] tablet_z=+354.78mm bag_com=[-0.12300245 -0.64244086  0.39707303]
    [insert k=  40] tablet_z=+354.78mm bag_com=[-0.12300245 -0.64244086  0.39707303]
    [insert k=  80] tablet_z=+354.78mm bag_com=[-0.12300246 -0.64244086  0.39707303]
    [insert k= 120] tablet_z=+354.78mm bag_com=[-0.12300248 -0.64244086  0.39707303]
    [insert k= 160] tablet_z=+354.78mm bag_com=[-0.12300248 -0.64244086  0.39707303]
    [insert k= 200] tablet_z=+354.78mm bag_com=[-0.12300249 -0.64244086  0.39707303]
    [insert k= 240] tablet_z=+354.78mm bag_com=[-0.12300248 -0.64244086  0.39707303]
    [insert k= 280] tablet_z=+354.78mm bag_com=[-0.12300249 -0.64244086  0.39707303]
    [insert k= 320] tablet_z=+354.78mm bag_com=[-0.12300249 -0.64244086  0.39707303]
    [insert k= 360] tablet_z=+354.78mm bag_com=[-0.12300251 -0.64244086  0.39707303]
[phase] insert   @done  bag_com=[-0.12300251 -0.64244086  0.39707303]  finger_z=0.1322  tablet_z=+354.78mm  tilt=1.3deg  bag_bottom=0.3529
[phase] settle2  @done  bag_com=[-0.12300254 -0.6424408   0.39707303]  finger_z=0.1322  tablet_z=+354.78mm  tilt=1.3deg  bag_bottom=0.3529
[trim] TRIM_ROUNDS=0 — 생략(기본값). settle2 시점 bag_bottom 오차 +302.5mm 를 그대로 결과로 쓴다.
[trim] 최종 finger_z=0.1324  (초기 0.1324, 하한 0.1024)

[phase] 9 clamp (2.0s) — Left_Wall +6.0mm -> -5.0mm (실링부 압착)
[phase] clamp    @done  wall=-4.48mm  bag_com=[-0.12300261 -0.6424408   0.39707303]
    [release k=   0] tablet_z=+354.78mm bag_com=[-0.12300261 -0.6424408   0.39707303]
    [release k=  40] tablet_z=+354.78mm bag_com=[-0.12300263 -0.6424408   0.39707303]
    [release k=  80] tablet_z=+354.78mm bag_com=[-0.12300263 -0.6424408   0.39707303]
[phase] release  @done  bag_com=[-0.12300263 -0.6424408   0.39707303]  finger_z=0.1339  tablet_z=+354.78mm  tilt=1.3deg  bag_bottom=0.3529

[RESULT] GRIP_OFFSET_MM=+0mm  Y_OFFSET_MM=+0.0mm  verdict=FAIL  (미도달(bag_bottom_z=0.3529 vs wall_center_z=0.0504, diff=302.5mm>15mm))
[RESULT] final_bottom_z=0.3529  wall_center_z=0.0504  오차=+302.5mm(+면 얕음/-면 깊음)
[RESULT] width_y=64.1mm(baseline 64.1mm)  height_z=90.0mm(baseline 90.0mm)

[saved] overview -> C:\Crusher_isaacsim\Crusher_Genesis\Crusher_M0609_RG2_Tablet_Samplebag\RESULT\grip+00mm\full_workflow_grip+0mm_yoff+0.0mm_20260825_150821_overview.mp4
[saved] bagcam   -> C:\Crusher_isaacsim\Crusher_Genesis\Crusher_M0609_RG2_Tablet_Samplebag\RESULT\grip+00mm\full_workflow_grip+0mm_yoff+0.0mm_20260825_150821_bagcam.mp4
[saved] sideview -> C:\Crusher_isaacsim\Crusher_Genesis\Crusher_M0609_RG2_Tablet_Samplebag\RESULT\grip+00mm\full_workflow_grip+0mm_yoff+0.0mm_20260825_150821_sideview.mp4

[timing] build=51.4s  steps=257.3s (2430 steps, 105.9ms/step)  합계=308.7s
완료.
