============================================================
 Full workflow: tablet drop -> bag catch -> grasp -> lift -> Crusher slot insert (viewer=False)
============================================================
[fem_ipc_workarounds] FEMEntity.set_vertex_constraints 패치 완료 (IPC 커플러 버그 우회)
[38;5;226m[Genesis] [15:35:20] [WARNING] At least one of the meshes contain many faces (27466). Consider setting 'morph.decimate=True' to speed up collision detection and improve numerical stability.[0m

[build] scene.build() 시작...
[38;5;226m[Genesis] [15:35:20] [WARNING] Link 'L4_Motor2_Shaft_1' has dubious center of mass [x=0.000, y=-0.037, z=0.015] compared to the bounding box from geometry [x=(-0.018, 0.018), y=(-0.018, 0.018), z=(-0.000, 0.077)].[0m
[38;5;226m[Genesis] [15:35:21] [WARNING] Link 'ServoShaft_1' has dubious mass 0.039 compared to the estimate from geometry 6189182.429 given material density 1500.[0m
[38;5;226m[Genesis] [15:35:21] [WARNING] Link 'ServoShaft_1' has dubious inertia [ixx=5.543e-06,iyy=4.626e-06,izz=3.183e-06] compared to the estimate from geometry [ixx=4.280e+00,iyy=5.115e+00,izz=6.647e+00] given material density 1500.000.[0m
[38;5;226m[Genesis] [15:35:21] [WARNING] Link 'link_2' has dubious center of mass [x=0.000, y=0.000, z=0.000] compared to the bounding box from geometry [x=(-0.068, 0.479), y=(-0.069, 0.069), z=(0.082, 0.274)].[0m
[38;5;226m[Genesis] [15:35:22] [WARNING] Constraint solver time constant should be greater than 2*substep_dt. timeconst is changed from `0.0002` to `0.01`). Decrease simulation timestep or increase timeconst to avoid altering the original value.[0m
C:\Users\simuser\miniconda3\envs\crusher_genesis\Lib\site-packages\quadrants\_test_tools\warnings_helper.py:11: UserWarning: cannot create weak reference to 'tuple' object. Template mapper caching disabled.
  warnings.warn(message)
C:\Users\simuser\miniconda3\envs\crusher_genesis\Lib\site-packages\quadrants\lang\ast\ast_transformers\call_transformer.py:245: DeprecationWarning: keyword.__init__ got an unexpected keyword argument 'ctx'. Support for arbitrary keyword arguments is deprecated and will be removed in Python 3.15.
  kwarg_node = ast.keyword(
[build] 성공
[bag] shape 고정: 375/771 정점(바닥+양측면), 입구는 자유
[slot] gap_cx=-0.3303 gap_cy=-0.0473 gap_width=12.0mm wall_top_z=0.0864
[slot] pocket(L1_Wall1_1) center=(-0.3683,-0.0853)
[bag] grip_strip verts near FINGER_MID: 91

[phase] 0 prep (1.0s) — 크랭크 0->-3.142rad(-180deg), Left_Wall 0->+6mm(개방)
[phase] prep     @done  crank=-3.000rad  wall=+5.43mm
    [drop k=   0] tablet_z=+397.81mm bag_com=[-0.12664172 -0.6167335   0.39840984]
    [drop k=  40] tablet_z=+396.16mm bag_com=[-0.12663867 -0.61673355  0.39840963]
    [drop k=  80] tablet_z=+391.80mm bag_com=[-0.12664215 -0.6167336   0.39840984]
    [drop k= 120] tablet_z=+382.35mm bag_com=[-0.12664106 -0.6167333   0.39840963]
[phase] drop     @done  bag_com=[-0.1266382  -0.6167332   0.39840963]  finger_z=0.4355  tablet_z=+375.17mm
[phase] settle   @done  bag_com=[-0.12663916 -0.6167331   0.39840966]  finger_z=0.4355  tablet_z=+369.09mm
[bag] shape 고정 해제 — 이제부터 순수 마찰 파지
[phase] close    @done  bag_com=[-0.1244212  -0.617363    0.39769945]  finger_z=0.4314  tablet_z=+367.83mm
[phase] grasp    @done  bag_com=[-0.12519461 -0.61758775  0.39771426]  finger_z=0.4314  tablet_z=+367.47mm
[phase] lift     @done  bag_com=[-0.12948218 -0.6212478   0.5222533 ]  finger_z=0.5573  tablet_z=+489.07mm
[phase] hold     @done  bag_com=[-0.12862983 -0.6209972   0.5225306 ]  finger_z=0.5573  tablet_z=+482.53mm
[slot] wall_center_z=0.0504  insert_z(finger)=0.1024  margin=52mm
[sweep] Y_OFFSET_MM=+1.5mm -> target_xy=[-0.33027777 -0.04580234]  (gap_cy=-0.0473)

[ik] above-slot target=[-0.33027777 -0.04580234  0.28643123]  arm_q=[ 1.6527935   0.72680944  0.4088002  -0.26550773  2.0122721   1.539492  ]
    [above k=   0] tablet_z=+482.37mm bag_com=[-0.12826945 -0.62066925  0.52228576]
    [above k=  40] tablet_z=+471.50mm bag_com=[-0.08735734 -0.5850101   0.51149094]
    [above k=  80] tablet_z=+463.78mm bag_com=[-0.04602942 -0.53316253  0.49674532]
    [above k= 120] tablet_z=+453.45mm bag_com=[-0.02157731 -0.47241873  0.47762215]
    [above k= 160] tablet_z=+435.52mm bag_com=[-0.00930386 -0.40207088  0.4552751 ]
    [above k= 200] tablet_z=+409.43mm bag_com=[-0.01719271 -0.32770586  0.4288414 ]
    [above k= 240] tablet_z=+380.08mm bag_com=[-0.04145547 -0.25223252  0.39916542]
    [above k= 280] tablet_z=+347.70mm bag_com=[-0.08341935 -0.17981187  0.366446  ]
    [above k= 320] tablet_z=+312.44mm bag_com=[-0.1376147 -0.1147804  0.3319857]
    [above k= 360] tablet_z=+270.94mm bag_com=[-0.21874523 -0.06101366  0.29220247]
[phase] above    @done  bag_com=[-0.30296528 -0.02196751  0.2529325 ]  finger_z=0.2862  tablet_z=+226.61mm
[ik] insert target=[-0.33027777 -0.04580234  0.10243123]  arm_q=[ 1.6527234   0.6315517   1.0848515  -0.24102363  1.4489963   1.6849359 ]
    [insert k=   0] tablet_z=+225.22mm bag_com=[-0.30459747 -0.02179211  0.25220165]
    [insert k=  40] tablet_z=+205.61mm bag_com=[-0.30361587 -0.01627276  0.23567005]
    [insert k=  80] tablet_z=+187.64mm bag_com=[-0.30435404 -0.01228139  0.21809357]
    [insert k= 120] tablet_z=+172.88mm bag_com=[-0.30526927 -0.00919771  0.20031032]
    [insert k= 160] tablet_z=+157.92mm bag_com=[-0.3047294  -0.00723647  0.18218905]
    [insert k= 200] tablet_z=+141.73mm bag_com=[-0.3044204  -0.00662585  0.16363554]
    [insert k= 240] tablet_z=+127.08mm bag_com=[-0.30473018 -0.00721846  0.1449335 ]
    [insert k= 280] tablet_z=+107.12mm bag_com=[-0.3042072  -0.00898612  0.12594382]
    [insert k= 320] tablet_z=+90.86mm bag_com=[-0.30177075 -0.01183726  0.10730268]
    [insert k= 360] tablet_z=+75.90mm bag_com=[-0.29568002 -0.0159047   0.09070177]
[phase] insert   @done  bag_com=[-0.28931287 -0.02145786  0.08003049]  finger_z=0.1023  tablet_z=+69.00mm
[phase] settle2  @done  bag_com=[-0.2851162  -0.02160099  0.08429015]  finger_z=0.1022  tablet_z=+74.54mm

[phase] 9 clamp (2.0s) — Left_Wall +6.0mm -> -5.0mm (실링부 압착)
[phase] clamp    @done  wall=-4.48mm  bag_com=[-0.28654736 -0.02279265  0.07963436]
    [release k=   0] tablet_z=+64.32mm bag_com=[-0.2865546  -0.02279095  0.07963476]
    [release k=  40] tablet_z=+62.90mm bag_com=[-0.28653783 -0.02323919  0.07650976]
    [release k=  80] tablet_z=+60.87mm bag_com=[-0.2856572  -0.0224013   0.07443812]
[phase] release  @done  bag_com=[-0.28553593 -0.02230712  0.07428116]  finger_z=0.1064  tablet_z=+60.69mm

[RESULT] Y_OFFSET_MM=+1.5mm  verdict=PASS  (삽입 성공, 걸림/붕괴 없음)
[RESULT] final_bottom_z=0.0340  wall_center_z=0.0504  width_y=76.0mm(baseline 60.6mm)  height_z=78.0mm(baseline 92.8mm)

[saved] overview -> C:\Crusher_isaacsim\Crusher_Genesis\Crusher_M0609_RG2_Tablet_Samplebag\RESULT\full_workflow_yoff+1.5mm_20260724_153513_overview.mp4
[saved] bagcam   -> C:\Crusher_isaacsim\Crusher_Genesis\Crusher_M0609_RG2_Tablet_Samplebag\RESULT\full_workflow_yoff+1.5mm_20260724_153513_bagcam.mp4
완료.
