[cfg] 실배치 + 벽 마찰 0.8 + 로봇 계속 파지 + CLAMP=-8.5
============================================================
 Full workflow: tablet drop -> bag catch -> grasp -> lift -> Crusher slot insert (viewer=False)
============================================================
[mjcf] Left_Wall 형상 교체: 옛 geom 12개(시각 1 + hull 11) -> 본체 hull 5개 + 플랜지 1개 + 시각 1개. 중립 간격 플랜지 12.50mm / 본체 17.50mm
[fem_ipc_workarounds] FEMEntity.set_vertex_constraints 패치 완료 (IPC 커플러 버그 우회)
[38;5;226m[Genesis] [22:43:22] [WARNING] At least one of the meshes contain many faces (15432). Consider setting 'morph.decimate=True' to speed up collision detection and improve numerical stability.[0m
[38;5;226m[Genesis] [22:43:22] [WARNING] At least one of the meshes contain many faces (15762). Consider setting 'morph.decimate=True' to speed up collision detection and improve numerical stability.[0m
[38;5;226m[Genesis] [22:43:22] [WARNING] Mesh is not watertight. Falling back to convex hull for estimating inertial properties.[0m
[38;5;226m[Genesis] [22:43:22] [WARNING] Mesh is not watertight. Falling back to convex hull for estimating inertial properties.[0m
[38;5;226m[Genesis] [22:43:22] [WARNING] At least one of the meshes contain many faces (12522). Consider setting 'morph.decimate=True' to speed up collision detection and improve numerical stability.[0m
[38;5;226m[Genesis] [22:43:23] [WARNING] Mesh is not watertight. Falling back to convex hull for estimating inertial properties.[0m
[38;5;226m[Genesis] [22:43:23] [WARNING] Mesh is not watertight. Falling back to convex hull for estimating inertial properties.[0m
[38;5;226m[Genesis] [22:43:23] [WARNING] Mesh is not watertight. Falling back to convex hull for estimating inertial properties.[0m
[38;5;226m[Genesis] [22:43:23] [WARNING] Mesh is not watertight. Falling back to convex hull for estimating inertial properties.[0m
[38;5;226m[Genesis] [22:43:23] [WARNING] Mesh is not watertight. Falling back to convex hull for estimating inertial properties.[0m
[38;5;226m[Genesis] [22:43:23] [WARNING] Mesh is not watertight. Falling back to convex hull for estimating inertial properties.[0m
[38;5;226m[Genesis] [22:43:23] [WARNING] Mesh is not watertight. Falling back to convex hull for estimating inertial properties.[0m
[38;5;226m[Genesis] [22:43:23] [WARNING] Mesh is not watertight. Falling back to convex hull for estimating inertial properties.[0m
[38;5;226m[Genesis] [22:43:23] [WARNING] Mesh is not watertight. Falling back to convex hull for estimating inertial properties.[0m
[38;5;226m[Genesis] [22:43:23] [WARNING] Mesh is not watertight. Falling back to convex hull for estimating inertial properties.[0m
[38;5;226m[Genesis] [22:43:23] [WARNING] Mesh is not watertight. Falling back to convex hull for estimating inertial properties.[0m
[38;5;226m[Genesis] [22:43:23] [WARNING] Mesh is not watertight. Falling back to convex hull for estimating inertial properties.[0m
[38;5;226m[Genesis] [22:43:23] [WARNING] Mesh is not watertight. Falling back to convex hull for estimating inertial properties.[0m
[38;5;226m[Genesis] [22:43:23] [WARNING] Mesh is not watertight. Falling back to convex hull for estimating inertial properties.[0m
[38;5;226m[Genesis] [22:43:23] [WARNING] Mesh is not watertight. Falling back to convex hull for estimating inertial properties.[0m
[38;5;226m[Genesis] [22:43:23] [WARNING] At least one of the meshes contain many faces (27466). Consider setting 'morph.decimate=True' to speed up collision detection and improve numerical stability.[0m
[38;5;226m[Genesis] [22:43:23] [WARNING] Mesh is not watertight. Falling back to convex hull for estimating inertial properties.[0m
[38;5;226m[Genesis] [22:43:23] [WARNING] Mesh is not watertight. Falling back to convex hull for estimating inertial properties.[0m
[38;5;226m[Genesis] [22:43:23] [WARNING] Mesh is not watertight. Falling back to convex hull for estimating inertial properties.[0m
[38;5;226m[Genesis] [22:43:23] [WARNING] Mesh is not watertight. Falling back to convex hull for estimating inertial properties.[0m
[38;5;226m[Genesis] [22:43:23] [WARNING] Mesh is not watertight. Falling back to convex hull for estimating inertial properties.[0m

[build] scene.build() 시작...
[38;5;226m[Genesis] [22:43:23] [WARNING] Link 'L4_Motor2_Shaft_1' has dubious center of mass [x=0.000, y=-0.037, z=0.015] compared to the bounding box from geometry [x=(-0.018, 0.018), y=(-0.018, 0.018), z=(-0.000, 0.077)].[0m
[38;5;226m[Genesis] [22:43:23] [WARNING] Link 'M_Bottom_1' has dubious center of mass [x=0.166, y=0.030, z=-0.073] compared to the bounding box from geometry [x=(0.106, 0.155), y=(-0.011, 0.071), z=(-0.078, -0.068)].[0m
[38;5;226m[Genesis] [22:43:23] [WARNING] Link 'M_Back_1' has dubious center of mass [x=0.003, y=0.021, z=0.011] compared to the bounding box from geometry [x=(-0.035, -0.030), y=(-0.033, 0.076), z=(-0.005, 0.028)].[0m
[38;5;226m[Genesis] [22:43:23] [WARNING] Link 'M_Left1_1' has dubious center of mass [x=-0.025, y=-0.002, z=-0.014] compared to the bounding box from geometry [x=(-0.088, -0.032), y=(-0.005, -0.000), z=(-0.038, 0.010)].[0m
[38;5;226m[Genesis] [22:43:23] [WARNING] Link 'M_Right1_1' has dubious center of mass [x=-0.025, y=0.003, z=-0.014] compared to the bounding box from geometry [x=(-0.087, -0.033), y=(0.000, 0.005), z=(-0.038, 0.010)].[0m
[38;5;226m[Genesis] [22:43:23] [WARNING] Link 'M_Top_1' has dubious center of mass [x=-0.024, y=0.028, z=0.005] compared to the bounding box from geometry [x=(-0.088, -0.032), y=(-0.031, 0.088), z=(-0.000, 0.010)].[0m
[38;5;226m[Genesis] [22:43:23] [WARNING] Link 'M_LeftLink_1' has dubious center of mass [x=-0.002, y=0.005, z=0.046] compared to the bounding box from geometry [x=(-0.040, -0.035), y=(-0.005, 0.015), z=(-0.005, 0.095)].[0m
[38;5;226m[Genesis] [22:43:23] [WARNING] Link 'M_RightLink_1' has dubious center of mass [x=-0.002, y=-0.005, z=0.046] compared to the bounding box from geometry [x=(-0.040, -0.035), y=(-0.015, 0.005), z=(-0.005, 0.095)].[0m
[38;5;226m[Genesis] [22:43:23] [WARNING] Link 'M_LeftLink2_copy_1' has dubious center of mass [x=-0.005, y=-0.005, z=0.021] compared to the bounding box from geometry [x=(-0.044, -0.032), y=(-0.015, 0.005), z=(-0.000, 0.045)].[0m
[38;5;226m[Genesis] [22:43:23] [WARNING] Link 'link_2' has dubious center of mass [x=0.000, y=0.000, z=0.000] compared to the bounding box from geometry [x=(-0.068, 0.479), y=(-0.069, 0.069), z=(0.082, 0.274)].[0m
[38;5;226m[Genesis] [22:43:24] [WARNING] Constraint solver time constant should be greater than 2*substep_dt. timeconst is changed from `0.0002` to `0.01`). Decrease simulation timestep or increase timeconst to avoid altering the original value.[0m
[38;5;226m[Genesis] [22:43:25] [WARNING] Filtered out geometry pairs causing self-collision for the neutral configuration (qpos0): (91, 114), (104, 106). Consider tuning Morph option 'decompose_robot_error_threshold' or specify dedicated collision meshes. This behavior can be disabled by setting Morph option 'enable_neutral_collision=True'.[0m
C:\Users\simuser\miniconda3\envs\crusher_genesis\Lib\site-packages\quadrants\_test_tools\warnings_helper.py:11: UserWarning: cannot create weak reference to 'tuple' object. Template mapper caching disabled.
  warnings.warn(message)
[build] 성공 (9.4s)
[bag] shape 고정: 714/714 정점(바닥+양측면), 입구는 자유
[slot] 간격축 = world Y (겹침 -12.5mm), 슬롯 길이축 = world X (겹침 +65.0mm)
[slot] gap_cx=0.2125 gap_cy=-0.0053 gap_width=12.5mm wall_top_z=0.0870
[slot] pocket(L1_Wall1_1) center=(0.1745,0.0330)
[ctrl] Left_Wall force clip: ±100 N (Motor2 ctrlrange, docs/Crusher.md §5) — 벽은 이 힘에서 균형지는 위치에 멈춘다
[bag] grip_strip verts near FINGER_MID: 110
[38;5;226m[Genesis] [22:43:33] [WARNING] fps=30 is not reachable with dt=0.005. Recording at fps=28.57142857142857 instead.[0m
[38;5;226m[Genesis] [22:43:33] [WARNING] fps=30 is not reachable with dt=0.005. Recording at fps=28.57142857142857 instead.[0m
[38;5;226m[Genesis] [22:43:33] [WARNING] fps=30 is not reachable with dt=0.005. Recording at fps=28.57142857142857 instead.[0m

[phase] 0 prep (1.0s) — 크랭크 0->-3.142rad(-180deg), Left_Wall 0->+6mm(개방)
[phase] prep     @done  crank=-3.000rad  wall=+5.43mm
    [drop k=   0] tablet_z=+420.06mm bag_com=[-0.02153677  0.2561791   0.39925352]
    [drop k=  40] tablet_z=+417.80mm bag_com=[-0.02153677  0.2561791   0.39925352]
    [drop k=  80] tablet_z=+410.94mm bag_com=[-0.02153677  0.2561791   0.39925352]
    [drop k= 120] tablet_z=+402.37mm bag_com=[-0.02153677  0.2561791   0.39925352]
[phase] drop     @done  bag_com=[-0.02153677  0.2561791   0.39925352]  finger_z=0.4378  tablet_z=+397.25mm  tilt=0.8deg  bag_bottom=0.3543
[phase] settle   @done  bag_com=[-0.02153677  0.2561791   0.39925352]  finger_z=0.4378  tablet_z=+378.18mm  tilt=0.8deg  bag_bottom=0.3543
[bag] shape 고정 해제 — 이제부터 순수 마찰 파지
[phase] close    @done  bag_com=[-0.02156403  0.2561867   0.3987872 ]  finger_z=0.4361  tablet_z=+369.54mm  tilt=0.5deg  bag_bottom=0.3538
[phase] grasp    @done  bag_com=[-0.02156379  0.25618902  0.39878884]  finger_z=0.4361  tablet_z=+361.68mm  tilt=0.0deg  bag_bottom=0.3538
[phase] lift     @done  bag_com=[-0.02168027  0.2562553   0.52453184]  finger_z=0.5620  tablet_z=+482.93mm  tilt=1.1deg  bag_bottom=0.4795
[phase] hold     @done  bag_com=[-0.02167426  0.25618142  0.52452517]  finger_z=0.5620  tablet_z=+482.84mm  tilt=1.1deg  bag_bottom=0.4795
[slot] wall_center_z=0.0510  insert_z(finger)=0.1330  hang=82mm
[slot] 봉투중심 보정 dy=+0.0mm -> finger_y=-0.0053 (봉투중심 y=-0.0053 = gap_cy -0.0053)
[sweep] Y_OFFSET_MM=+0.0mm -> target_xy=[ 0.21249766 -0.00527226]  (gap_cy=-0.0053)
[cam] side view 고정: pos=(np.float64(0.21249766187667846), np.float64(-0.5552722595214844), np.float64(0.169001227684021)) look=(np.float64(0.21249766187667846), np.float64(-0.005272259521484357), np.float64(0.169001227684021)) (gap_width=12.5mm, z범위 above=0.2870~insert=0.1330)

[ik] above-slot target=[ 0.21249766 -0.00527226  0.28700123]  arm_q=[-5.4032189e-01  3.6859065e-01  9.7256643e-01  1.5914300e-04
  1.8001490e+00  4.1718802e+00]
    [above k=   0] tablet_z=+482.83mm bag_com=[-0.02167405  0.25618038  0.5245251 ]
    [above k=  40] tablet_z=+481.36mm bag_com=[-0.01792596  0.25543895  0.5231128 ]
    [above k=  80] tablet_z=+473.13mm bag_com=[0.00253914 0.2495697  0.5148802 ]
    [above k= 120] tablet_z=+453.37mm bag_com=[0.04350211 0.23276742 0.4951146 ]
    [above k= 160] tablet_z=+419.36mm bag_com=[0.09571911 0.19930361 0.4607035 ]
    [above k= 200] tablet_z=+372.42mm bag_com=[0.14329949 0.15268949 0.41298172]
    [above k= 240] tablet_z=+318.57mm bag_com=[0.18110348 0.10062817 0.35781968]
    [above k= 280] tablet_z=+271.77mm bag_com=[0.20308404 0.05042343 0.30634904]
    [above k= 320] tablet_z=+240.71mm bag_com=[0.21113002 0.01429381 0.26971817]
    [above k= 360] tablet_z=+224.57mm bag_com=[ 0.21258673 -0.00240031  0.252412  ]
[phase] above    @done  bag_com=[ 0.21271066 -0.00531582  0.24951881]  finger_z=0.2868  tablet_z=+215.23mm  tilt=0.9deg  bag_bottom=0.2045
[phase] aboveset @done  bag_com=[ 0.21270339 -0.00522376  0.24950576]  finger_z=0.2868  tablet_z=+207.64mm  tilt=1.2deg  bag_bottom=0.2044
[ik] insert target=[ 0.21249766 -0.00527226  0.13300123]  웨이포인트 41개(카테시안 직선)  arm_q=[-5.4031938e-01  3.6165661e-01  1.4038900e+00  2.7466883e-04
  1.3757620e+00  4.1718125e+00]
    [insert k=   0] tablet_z=+207.45mm bag_com=[ 0.21266074 -0.00521749  0.24932152]
    [insert k=  40] tablet_z=+206.12mm bag_com=[ 0.21267444 -0.00517372  0.24798234]
    [insert k=  80] tablet_z=+198.46mm bag_com=[ 0.2127184  -0.00512445  0.24031708]
    [insert k= 120] tablet_z=+182.06mm bag_com=[ 0.21271294 -0.00505461  0.2239084 ]
    [insert k= 160] tablet_z=+158.14mm bag_com=[ 0.21271509 -0.00506467  0.19998066]
    [insert k= 200] tablet_z=+130.20mm bag_com=[ 0.21271303 -0.00505656  0.17181024]
    [insert k= 240] tablet_z=+102.27mm bag_com=[ 0.21271947 -0.00509646  0.14375304]
    [insert k= 280] tablet_z=+84.52mm bag_com=[ 0.2127805  -0.00847724  0.1220268 ]
    [insert k= 320] tablet_z=+62.61mm bag_com=[ 0.21284501 -0.00696763  0.10422158]
    [insert k= 360] tablet_z=+55.14mm bag_com=[ 0.21284875 -0.00701795  0.09682076]
[phase] insert   @done  bag_com=[ 0.21284501 -0.00704908  0.0955941 ]  finger_z=0.1328  tablet_z=+53.71mm  tilt=2.4deg  bag_bottom=0.0505
[phase] settle2  @done  bag_com=[ 0.21284223 -0.00704918  0.09559005]  finger_z=0.1328  tablet_z=+53.66mm  tilt=2.4deg  bag_bottom=0.0505
[trim] TRIM_ROUNDS=0 — 생략(기본값). settle2 시점 bag_bottom 오차 +0.5mm 를 그대로 결과로 쓴다.
[trim] 최종 finger_z=0.1330  (초기 0.1330, 하한 0.1030)

[phase] 9 clamp (2.0s) — Left_Wall +6.0mm -> -8.5mm (실링부 압착)
[phase] clamp    @done  wall=-8.41mm  (잔여: 플랜지면 4.09mm / 본체면 9.09mm)  bag_com=[ 0.2128597  -0.00314735  0.09568846]
    [release k=   0] tablet_z=+54.10mm bag_com=[ 0.21286145 -0.00314363  0.09568743]
    [release k=  40] tablet_z=+55.55mm bag_com=[ 0.21245545 -0.0010716   0.09613394]
    [release k=  80] tablet_z=+53.17mm bag_com=[0.2006083  0.35570955 0.02934605]
[phase] release  @done  bag_com=[0.19024628 0.3507829  0.0127764 ]  finger_z=0.1345  tablet_z=+23.65mm  tilt=73.1deg  bag_bottom=0.0011

[RESULT] GRIP_OFFSET_MM=+0mm  Y_OFFSET_MM=+0.0mm  verdict=FAIL  (미도달(bag_bottom_z=0.0011 vs wall_center_z=0.0510, diff=49.9mm>15mm))
[RESULT] final_bottom_z=0.0011  wall_center_z=0.0510  오차=-49.9mm(+면 얕음/-면 깊음)
[RESULT] width_y=108.0mm(baseline 6.1mm)  height_z=27.3mm(baseline 90.1mm)

[saved] overview -> C:\Crusher_isaacsim\Crusher_Genesis\Crusher_M0609_RG2_Tablet_Samplebag\RESULT\grip+00mm\full_workflow_grip+0mm_yoff+0.0mm_20260828_224316_overview.mp4
[saved] bagcam   -> C:\Crusher_isaacsim\Crusher_Genesis\Crusher_M0609_RG2_Tablet_Samplebag\RESULT\grip+00mm\full_workflow_grip+0mm_yoff+0.0mm_20260828_224316_bagcam.mp4
[saved] sideview -> C:\Crusher_isaacsim\Crusher_Genesis\Crusher_M0609_RG2_Tablet_Samplebag\RESULT\grip+00mm\full_workflow_grip+0mm_yoff+0.0mm_20260828_224316_sideview.mp4

[timing] build=9.4s  steps=323.3s (2430 steps, 133.0ms/step)  합계=332.7s
완료.
