============================================================
 Full workflow: tablet drop -> bag catch -> grasp -> lift -> Crusher slot insert (viewer=False)
============================================================
[fem_ipc_workarounds] FEMEntity.set_vertex_constraints 패치 완료 (IPC 커플러 버그 우회)
[38;5;226m[Genesis] [18:12:33] [WARNING] At least one of the meshes contain many faces (27466). Consider setting 'morph.decimate=True' to speed up collision detection and improve numerical stability.[0m

[build] scene.build() 시작...
[38;5;226m[Genesis] [18:12:34] [WARNING] Link 'L4_Motor2_Shaft_1' has dubious center of mass [x=0.000, y=-0.037, z=0.015] compared to the bounding box from geometry [x=(-0.018, 0.018), y=(-0.018, 0.018), z=(-0.000, 0.077)].[0m
[38;5;226m[Genesis] [18:12:34] [WARNING] Link 'ServoShaft_1' has dubious mass 0.039 compared to the estimate from geometry 6189182.429 given material density 1500.[0m
[38;5;226m[Genesis] [18:12:34] [WARNING] Link 'ServoShaft_1' has dubious inertia [ixx=5.543e-06,iyy=4.626e-06,izz=3.183e-06] compared to the estimate from geometry [ixx=4.280e+00,iyy=5.115e+00,izz=6.647e+00] given material density 1500.000.[0m
[38;5;226m[Genesis] [18:12:34] [WARNING] Link 'link_2' has dubious center of mass [x=0.000, y=0.000, z=0.000] compared to the bounding box from geometry [x=(-0.068, 0.479), y=(-0.069, 0.069), z=(0.082, 0.274)].[0m
[38;5;226m[Genesis] [18:12:35] [WARNING] Constraint solver time constant should be greater than 2*substep_dt. timeconst is changed from `0.0002` to `0.01`). Decrease simulation timestep or increase timeconst to avoid altering the original value.[0m
C:\Users\simuser\miniconda3\envs\crusher_genesis\Lib\site-packages\quadrants\_test_tools\warnings_helper.py:11: UserWarning: cannot create weak reference to 'tuple' object. Template mapper caching disabled.
  warnings.warn(message)
C:\Users\simuser\miniconda3\envs\crusher_genesis\Lib\site-packages\quadrants\lang\ast\ast_transformers\call_transformer.py:245: DeprecationWarning: keyword.__init__ got an unexpected keyword argument 'ctx'. Support for arbitrary keyword arguments is deprecated and will be removed in Python 3.15.
  kwarg_node = ast.keyword(
[build] 성공
[bag] shape 고정: 375/771 정점(바닥+양측면), 입구는 자유
[slot] gap_cx=-0.3303 gap_cy=-0.0473 gap_width=12.0mm wall_top_z=0.0864
[slot] pocket(L1_Wall1_1) center=(-0.3683,-0.0853)
[bag] grip_strip verts near FINGER_MID: 91

[phase] 0 prep (1.0s) — 크랭크 0->-3.142rad(-180deg), Left_Wall 0->+6mm(개방)
[phase] prep     @done  crank=-3.000rad  wall=+5.43mm
    [drop k=   0] tablet_z=+438.04mm bag_com=[-0.12659355 -0.61669946  0.39840963]
    [drop k=  40] tablet_z=+435.68mm bag_com=[-0.12659332 -0.61669934  0.39840963]
    [drop k=  80] tablet_z=+430.26mm bag_com=[-0.12658967 -0.61669916  0.39840963]
    [drop k= 120] tablet_z=+414.40mm bag_com=[-0.12659226 -0.6166985   0.39840963]
[phase] drop     @done  bag_com=[-0.12659137 -0.6166983   0.39840963]  finger_z=0.4355  tablet_z=+408.40mm
[phase] settle   @done  bag_com=[-0.12659188 -0.61669743  0.39840952]  finger_z=0.4355  tablet_z=+393.64mm
[bag] shape 고정 해제 — 이제부터 순수 마찰 파지
[phase] close    @done  bag_com=[-0.12414161 -0.617321    0.3976624 ]  finger_z=0.4314  tablet_z=+392.48mm
[phase] grasp    @done  bag_com=[-0.12622337 -0.61774606  0.39770618]  finger_z=0.4314  tablet_z=+389.88mm
[phase] lift     @done  bag_com=[-0.1294153  -0.62113345  0.52223957]  finger_z=0.5573  tablet_z=+511.30mm
[phase] hold     @done  bag_com=[-0.12834004 -0.6210752   0.52242815]  finger_z=0.5573  tablet_z=+483.09mm
[slot] wall_center_z=0.0504  insert_z(finger)=0.1024  margin=52mm
[sweep] Y_OFFSET_MM=+1.0mm -> target_xy=[-0.33027777 -0.04630234]  (gap_cy=-0.0473)

[ik] above-slot target=[-0.33027777 -0.04630234  0.28643123]  arm_q=[ 1.6528869   0.7243172   0.4133059  -0.26531982  2.0104828   1.540733  ]
    [above k=   0] tablet_z=+482.83mm bag_com=[-0.12797831 -0.6207568   0.5221698 ]
    [above k=  40] tablet_z=+473.09mm bag_com=[-0.08493914 -0.5839085   0.51146173]
    [above k=  80] tablet_z=+459.03mm bag_com=[-0.0459092  -0.53350693  0.49651122]
    [above k= 120] tablet_z=+439.80mm bag_com=[-0.02160909 -0.47216234  0.4776404 ]
    [above k= 160] tablet_z=+417.57mm bag_com=[-0.00998394 -0.4022875   0.45510998]
    [above k= 200] tablet_z=+391.86mm bag_com=[-0.01742302 -0.3280315   0.42865556]
    [above k= 240] tablet_z=+362.33mm bag_com=[-0.04045051 -0.25253376  0.39912578]
    [above k= 280] tablet_z=+329.09mm bag_com=[-0.0851232  -0.18047011  0.36603856]
    [above k= 320] tablet_z=+294.55mm bag_com=[-0.14061777 -0.11528     0.33099556]
    [above k= 360] tablet_z=+255.88mm bag_com=[-0.21772633 -0.06149364  0.29228908]
[phase] above    @done  bag_com=[-0.30151236 -0.02241549  0.2532252 ]  finger_z=0.2862  tablet_z=+217.66mm
[ik] insert target=[-0.33027777 -0.04630234  0.10243123]  arm_q=[ 1.6528339   0.63032037  1.0869129  -0.24111772  1.4483569   1.6858473 ]
    [insert k=   0] tablet_z=+216.30mm bag_com=[-0.3031907  -0.02217096  0.25245315]
    [insert k=  40] tablet_z=+198.24mm bag_com=[-0.304831   -0.01692639  0.23546249]
    [insert k=  80] tablet_z=+179.68mm bag_com=[-0.30752367 -0.01353323  0.21765533]
    [insert k= 120] tablet_z=+163.99mm bag_com=[-0.3021432  -0.00937641  0.20064807]
    [insert k= 160] tablet_z=+148.99mm bag_com=[-0.3038135  -0.00766334  0.18223795]
    [insert k= 200] tablet_z=+127.04mm bag_com=[-0.3046013  -0.00720843  0.16355346]
    [insert k= 240] tablet_z=+107.79mm bag_com=[-0.3045525  -0.00792539  0.14467375]
    [insert k= 280] tablet_z=+88.57mm bag_com=[-0.30482042 -0.00985104  0.12564918]
    [insert k= 320] tablet_z=+71.23mm bag_com=[-0.30209303 -0.01241765  0.10718893]
    [insert k= 360] tablet_z=+57.19mm bag_com=[-0.29559174 -0.01649906  0.09065466]
[phase] insert   @done  bag_com=[-0.28924727 -0.02203218  0.07988934]  finger_z=0.1023  tablet_z=+51.72mm
[phase] settle2  @done  bag_com=[-0.28470364 -0.02219721  0.08472095]  finger_z=0.1022  tablet_z=+64.39mm

[phase] 9 clamp (2.0s) — Left_Wall +6.0mm -> -5.0mm (실링부 압착)
[phase] clamp    @done  wall=-4.49mm  bag_com=[-0.2864739  -0.02335998  0.07957162]
    [release k=   0] tablet_z=+53.83mm bag_com=[-0.28648078 -0.02335783  0.07957322]
    [release k=  40] tablet_z=+48.03mm bag_com=[-0.28683746 -0.02390904  0.07593913]
    [release k=  80] tablet_z=+47.75mm bag_com=[-0.28571323 -0.02276387  0.07451048]
[phase] release  @done  bag_com=[-0.28545406 -0.02260203  0.07430354]  finger_z=0.1064  tablet_z=+47.58mm

[RESULT] Y_OFFSET_MM=+1.0mm  verdict=PASS  (삽입 성공, 걸림/붕괴 없음)
[RESULT] final_bottom_z=0.0340  wall_center_z=0.0504  width_y=75.9mm(baseline 60.8mm)  height_z=77.7mm(baseline 93.0mm)

[saved] overview -> C:\Crusher_isaacsim\Crusher_Genesis\Crusher_M0609_RG2_Tablet_Samplebag\RESULT\full_workflow_yoff+1.0mm_20260723_181227_overview.mp4
[saved] bagcam   -> C:\Crusher_isaacsim\Crusher_Genesis\Crusher_M0609_RG2_Tablet_Samplebag\RESULT\full_workflow_yoff+1.0mm_20260723_181227_bagcam.mp4
완료.
