[cfg] GRIP_OFFSET_MM=0 (중앙파지) / CLAMP_TARGET=-10.4mm (잔여 1.60mm = 필름2겹 2.00mm 를 20% 압축) / 두께 1.0mm
============================================================
 Full workflow: tablet drop -> bag catch -> grasp -> lift -> Crusher slot insert (viewer=False)
============================================================
[fem_ipc_workarounds] FEMEntity.set_vertex_constraints 패치 완료 (IPC 커플러 버그 우회)
[38;5;226m[Genesis] [16:44:14] [WARNING] At least one of the meshes contain many faces (15432). Consider setting 'morph.decimate=True' to speed up collision detection and improve numerical stability.[0m
[38;5;226m[Genesis] [16:44:14] [WARNING] At least one of the meshes contain many faces (15762). Consider setting 'morph.decimate=True' to speed up collision detection and improve numerical stability.[0m
[38;5;226m[Genesis] [16:44:14] [WARNING] Mesh is not watertight. Falling back to convex hull for estimating inertial properties.[0m
[38;5;226m[Genesis] [16:44:14] [WARNING] Mesh is not watertight. Falling back to convex hull for estimating inertial properties.[0m
[38;5;226m[Genesis] [16:44:14] [WARNING] At least one of the meshes contain many faces (12522). Consider setting 'morph.decimate=True' to speed up collision detection and improve numerical stability.[0m
[38;5;226m[Genesis] [16:44:14] [WARNING] Mesh is not watertight. Falling back to convex hull for estimating inertial properties.[0m
[38;5;226m[Genesis] [16:44:14] [WARNING] Mesh is not watertight. Falling back to convex hull for estimating inertial properties.[0m
[38;5;226m[Genesis] [16:44:14] [WARNING] Mesh is not watertight. Falling back to convex hull for estimating inertial properties.[0m
[38;5;226m[Genesis] [16:44:14] [WARNING] Mesh is not watertight. Falling back to convex hull for estimating inertial properties.[0m
[38;5;226m[Genesis] [16:44:14] [WARNING] Mesh is not watertight. Falling back to convex hull for estimating inertial properties.[0m
[38;5;226m[Genesis] [16:44:14] [WARNING] Mesh is not watertight. Falling back to convex hull for estimating inertial properties.[0m
[38;5;226m[Genesis] [16:44:14] [WARNING] Mesh is not watertight. Falling back to convex hull for estimating inertial properties.[0m
[38;5;226m[Genesis] [16:44:14] [WARNING] Mesh is not watertight. Falling back to convex hull for estimating inertial properties.[0m
[38;5;226m[Genesis] [16:44:14] [WARNING] Mesh is not watertight. Falling back to convex hull for estimating inertial properties.[0m
[38;5;226m[Genesis] [16:44:14] [WARNING] Mesh is not watertight. Falling back to convex hull for estimating inertial properties.[0m
[38;5;226m[Genesis] [16:44:14] [WARNING] Mesh is not watertight. Falling back to convex hull for estimating inertial properties.[0m
[38;5;226m[Genesis] [16:44:14] [WARNING] Mesh is not watertight. Falling back to convex hull for estimating inertial properties.[0m
[38;5;226m[Genesis] [16:44:14] [WARNING] Mesh is not watertight. Falling back to convex hull for estimating inertial properties.[0m
[38;5;226m[Genesis] [16:44:14] [WARNING] Mesh is not watertight. Falling back to convex hull for estimating inertial properties.[0m
[38;5;226m[Genesis] [16:44:14] [WARNING] Mesh is not watertight. Falling back to convex hull for estimating inertial properties.[0m
[38;5;226m[Genesis] [16:44:14] [WARNING] At least one of the meshes contain many faces (27466). Consider setting 'morph.decimate=True' to speed up collision detection and improve numerical stability.[0m
[38;5;226m[Genesis] [16:44:15] [WARNING] Mesh is not watertight. Falling back to convex hull for estimating inertial properties.[0m
[38;5;226m[Genesis] [16:44:15] [WARNING] Mesh is not watertight. Falling back to convex hull for estimating inertial properties.[0m
[38;5;226m[Genesis] [16:44:15] [WARNING] Mesh is not watertight. Falling back to convex hull for estimating inertial properties.[0m
[38;5;226m[Genesis] [16:44:15] [WARNING] Mesh is not watertight. Falling back to convex hull for estimating inertial properties.[0m
[38;5;226m[Genesis] [16:44:15] [WARNING] Mesh is not watertight. Falling back to convex hull for estimating inertial properties.[0m

[build] scene.build() 시작...
[38;5;226m[Genesis] [16:44:15] [WARNING] Link 'L4_Motor2_Shaft_1' has dubious center of mass [x=0.000, y=-0.037, z=0.015] compared to the bounding box from geometry [x=(-0.018, 0.018), y=(-0.018, 0.018), z=(-0.000, 0.077)].[0m
[38;5;226m[Genesis] [16:44:15] [WARNING] Link 'M_Bottom_1' has dubious center of mass [x=0.166, y=0.030, z=-0.073] compared to the bounding box from geometry [x=(0.106, 0.155), y=(-0.011, 0.071), z=(-0.078, -0.068)].[0m
[38;5;226m[Genesis] [16:44:15] [WARNING] Link 'M_Back_1' has dubious center of mass [x=0.003, y=0.021, z=0.011] compared to the bounding box from geometry [x=(-0.035, -0.030), y=(-0.033, 0.076), z=(-0.005, 0.028)].[0m
[38;5;226m[Genesis] [16:44:15] [WARNING] Link 'M_Left1_1' has dubious center of mass [x=-0.025, y=-0.002, z=-0.014] compared to the bounding box from geometry [x=(-0.088, -0.032), y=(-0.005, -0.000), z=(-0.038, 0.010)].[0m
[38;5;226m[Genesis] [16:44:15] [WARNING] Link 'M_Right1_1' has dubious center of mass [x=-0.025, y=0.003, z=-0.014] compared to the bounding box from geometry [x=(-0.087, -0.033), y=(0.000, 0.005), z=(-0.038, 0.010)].[0m
[38;5;226m[Genesis] [16:44:15] [WARNING] Link 'M_Top_1' has dubious center of mass [x=-0.024, y=0.028, z=0.005] compared to the bounding box from geometry [x=(-0.088, -0.032), y=(-0.031, 0.088), z=(-0.000, 0.010)].[0m
[38;5;226m[Genesis] [16:44:15] [WARNING] Link 'M_LeftLink_1' has dubious center of mass [x=-0.002, y=0.005, z=0.046] compared to the bounding box from geometry [x=(-0.040, -0.035), y=(-0.005, 0.015), z=(-0.005, 0.095)].[0m
[38;5;226m[Genesis] [16:44:15] [WARNING] Link 'M_RightLink_1' has dubious center of mass [x=-0.002, y=-0.005, z=0.046] compared to the bounding box from geometry [x=(-0.040, -0.035), y=(-0.015, 0.005), z=(-0.005, 0.095)].[0m
[38;5;226m[Genesis] [16:44:15] [WARNING] Link 'M_LeftLink2_copy_1' has dubious center of mass [x=-0.005, y=-0.005, z=0.021] compared to the bounding box from geometry [x=(-0.044, -0.032), y=(-0.015, 0.005), z=(-0.000, 0.045)].[0m
[38;5;226m[Genesis] [16:44:15] [WARNING] Link 'link_2' has dubious center of mass [x=0.000, y=0.000, z=0.000] compared to the bounding box from geometry [x=(-0.068, 0.479), y=(-0.069, 0.069), z=(0.082, 0.274)].[0m
[38;5;226m[Genesis] [16:44:15] [WARNING] Constraint solver time constant should be greater than 2*substep_dt. timeconst is changed from `0.0002` to `0.01`). Decrease simulation timestep or increase timeconst to avoid altering the original value.[0m
[38;5;226m[Genesis] [16:44:16] [WARNING] Filtered out geometry pairs causing self-collision for the neutral configuration (qpos0): (112, 114). Consider tuning Morph option 'decompose_robot_error_threshold' or specify dedicated collision meshes. This behavior can be disabled by setting Morph option 'enable_neutral_collision=True'.[0m
C:\Users\simuser\miniconda3\envs\crusher_genesis\Lib\site-packages\quadrants\_test_tools\warnings_helper.py:11: UserWarning: cannot create weak reference to 'tuple' object. Template mapper caching disabled.
  warnings.warn(message)
[build] 성공 (11.1s)
[bag] shape 고정: 375/771 정점(바닥+양측면), 입구는 자유
[slot] gap_cx=-0.3303 gap_cy=-0.0473 gap_width=12.0mm wall_top_z=0.0864
[slot] pocket(L1_Wall1_1) center=(-0.3683,-0.0853)
[bag] grip_strip verts near FINGER_MID: 118
[38;5;226m[Genesis] [16:44:26] [WARNING] fps=30 is not reachable with dt=0.005. Recording at fps=28.57142857142857 instead.[0m
[38;5;226m[Genesis] [16:44:26] [WARNING] fps=30 is not reachable with dt=0.005. Recording at fps=28.57142857142857 instead.[0m
[38;5;226m[Genesis] [16:44:26] [WARNING] fps=30 is not reachable with dt=0.005. Recording at fps=28.57142857142857 instead.[0m

[phase] 0 prep (1.0s) — 크랭크 0->-3.142rad(-180deg), Left_Wall 0->+6mm(개방)
[phase] prep     @done  crank=-3.000rad  wall=+5.43mm
    [drop k=   0] tablet_z=+441.66mm bag_com=[-0.12652975 -0.6446975   0.39859143]
    [drop k=  40] tablet_z=+439.15mm bag_com=[-0.12653396 -0.6446977   0.39859137]
    [drop k=  80] tablet_z=+434.09mm bag_com=[-0.12653162 -0.6446975   0.39859143]
    [drop k= 120] tablet_z=+421.93mm bag_com=[-0.12652974 -0.6446974   0.39859143]
[phase] drop     @done  bag_com=[-0.12653449 -0.6446974   0.39859143]  finger_z=0.4378  tablet_z=+416.85mm  tilt=0.4deg  bag_bottom=0.3551
[phase] settle   @done  bag_com=[-0.12653159 -0.6446975   0.39859143]  finger_z=0.4378  tablet_z=+400.49mm  tilt=1.6deg  bag_bottom=0.3551
[bag] shape 고정 해제 — 이제부터 순수 마찰 파지
[phase] close    @done  bag_com=[-0.12653995 -0.6447038   0.3979081 ]  finger_z=0.4361  tablet_z=+396.47mm  tilt=0.8deg  bag_bottom=0.3538
[phase] grasp    @done  bag_com=[-0.12653889 -0.64470136  0.39790866]  finger_z=0.4361  tablet_z=+396.01mm  tilt=1.0deg  bag_bottom=0.3538
[phase] lift     @done  bag_com=[-0.12679325 -0.6446073   0.52365726]  finger_z=0.5620  tablet_z=+521.77mm  tilt=3.0deg  bag_bottom=0.4795
[phase] hold     @done  bag_com=[-0.12681773 -0.64458954  0.52365005]  finger_z=0.5620  tablet_z=+521.26mm  tilt=2.6deg  bag_bottom=0.4794
[slot] wall_center_z=0.0504  insert_z(finger)=0.1324  hang=82mm
[slot] 봉투중심 보정 dy=+0.0mm -> finger_y=-0.0473 (봉투중심 y=-0.0473 = gap_cy -0.0473)
[sweep] Y_OFFSET_MM=+0.0mm -> target_xy=[-0.33027777 -0.04730234]  (gap_cy=-0.0473)
[cam] side view 고정: pos=(np.float64(-0.3302777709960938), np.float64(-0.597302336215973), np.float64(0.168431227684021)) look=(np.float64(-0.3302777709960938), np.float64(-0.047302336215972886), np.float64(0.168431227684021)) (gap_width=12.0mm, z범위 above=0.2864~insert=0.1324)

[ik] above-slot target=[-0.33027777 -0.04730234  0.28643123]  arm_q=[1.5607833e+00 7.1452636e-01 4.1809356e-01 1.1119042e-03 2.0089016e+00
 1.5614988e+00]
    [above k=   0] tablet_z=+521.25mm bag_com=[-0.12681882 -0.6445892   0.52365017]
    [above k=  40] tablet_z=+519.77mm bag_com=[-0.12293681 -0.6416124   0.52237993]
    [above k=  80] tablet_z=+512.07mm bag_com=[-0.1009023  -0.62304664  0.5148994 ]
    [above k= 120] tablet_z=+493.58mm bag_com=[-0.06065352 -0.57258624  0.4966093 ]
    [above k= 160] tablet_z=+460.78mm bag_com=[-0.02589343 -0.4764959   0.46394533]
    [above k= 200] tablet_z=+413.46mm bag_com=[-0.03148296 -0.3431857   0.4168593 ]
    [above k= 240] tablet_z=+357.40mm bag_com=[-0.09569517 -0.21003474  0.3613024 ]
    [above k= 280] tablet_z=+304.44mm bag_com=[-0.19478397 -0.11527708  0.30839586]
    [above k= 320] tablet_z=+265.69mm bag_com=[-0.27982247 -0.06726247  0.26975146]
    [above k= 360] tablet_z=+246.69mm bag_com=[-0.32260117 -0.05059258  0.25112274]
[phase] above    @done  bag_com=[-0.33019903 -0.04820336  0.24799252]  finger_z=0.2863  tablet_z=+243.63mm  tilt=2.4deg  bag_bottom=0.2038
[phase] aboveset @done  bag_com=[-0.33076537 -0.04819623  0.24799451]  finger_z=0.2863  tablet_z=+242.65mm  tilt=2.6deg  bag_bottom=0.2037
[ik] insert target=[-0.33027777 -0.04730234  0.13243123]  웨이포인트 41개(카테시안 직선)  arm_q=[1.5609163e+00 6.1003011e-01 1.0266837e+00 6.4938475e-04 1.5046811e+00
 1.5606695e+00]
    [insert k=   0] tablet_z=+242.45mm bag_com=[-0.33076793 -0.04822237  0.24782096]
    [insert k=  40] tablet_z=+240.89mm bag_com=[-0.33076257 -0.04816117  0.24647564]
    [insert k=  80] tablet_z=+232.01mm bag_com=[-0.33076388 -0.04807394  0.23878376]
    [insert k= 120] tablet_z=+215.26mm bag_com=[-0.33075985 -0.04807178  0.22237581]
    [insert k= 160] tablet_z=+191.73mm bag_com=[-0.33083367 -0.04810239  0.1984555 ]
    [insert k= 200] tablet_z=+162.74mm bag_com=[-0.3307995  -0.04807325  0.17028114]
    [insert k= 240] tablet_z=+133.76mm bag_com=[-0.3309134  -0.04806793  0.14222625]
    [insert k= 280] tablet_z=+109.14mm bag_com=[-0.33039623 -0.04806194  0.11860198]
    [insert k= 320] tablet_z=+92.53mm bag_com=[-0.33055517 -0.04806605  0.10262251]
    [insert k= 360] tablet_z=+84.02mm bag_com=[-0.33052844 -0.04806114  0.09522015]
[phase] insert   @done  bag_com=[-0.3305164  -0.04806397  0.09399269]  finger_z=0.1322  tablet_z=+82.46mm  tilt=2.5deg  bag_bottom=0.0497
[phase] settle2  @done  bag_com=[-0.33050832 -0.04806075  0.09399057]  finger_z=0.1322  tablet_z=+81.73mm  tilt=2.5deg  bag_bottom=0.0497
[trim] TRIM_ROUNDS=0 — 생략(기본값). settle2 시점 bag_bottom 오차 +0.7mm 를 그대로 결과로 쓴다.
[trim] 최종 finger_z=0.1324  (초기 0.1324, 하한 0.1024)

[phase] 9 clamp (2.0s) — Left_Wall +6.0mm -> -10.4mm (실링부 압착)
[phase] clamp    @done  wall=-9.21mm  bag_com=[-0.33270374 -0.04808815  0.09413416]
    [release k=   0] tablet_z=+78.59mm bag_com=[-0.33271617 -0.04808746  0.09414365]
