[cfg] GRIP_OFFSET_MM=0 / CLAMP_TARGET=-12.0mm (완전폐쇄 지령) / WALL_FORCE_LIM=100N (Motor2 사양, 정지점 결정)
============================================================
 Full workflow: tablet drop -> bag catch -> grasp -> lift -> Crusher slot insert (viewer=False)
============================================================
[fem_ipc_workarounds] FEMEntity.set_vertex_constraints 패치 완료 (IPC 커플러 버그 우회)
[38;5;226m[Genesis] [17:43:23] [WARNING] At least one of the meshes contain many faces (15432). Consider setting 'morph.decimate=True' to speed up collision detection and improve numerical stability.[0m
[38;5;226m[Genesis] [17:43:23] [WARNING] At least one of the meshes contain many faces (15762). Consider setting 'morph.decimate=True' to speed up collision detection and improve numerical stability.[0m
[38;5;226m[Genesis] [17:43:23] [WARNING] Mesh is not watertight. Falling back to convex hull for estimating inertial properties.[0m
[38;5;226m[Genesis] [17:43:23] [WARNING] Mesh is not watertight. Falling back to convex hull for estimating inertial properties.[0m
[38;5;226m[Genesis] [17:43:23] [WARNING] At least one of the meshes contain many faces (12522). Consider setting 'morph.decimate=True' to speed up collision detection and improve numerical stability.[0m
[38;5;226m[Genesis] [17:43:23] [WARNING] Mesh is not watertight. Falling back to convex hull for estimating inertial properties.[0m
[38;5;226m[Genesis] [17:43:23] [WARNING] Mesh is not watertight. Falling back to convex hull for estimating inertial properties.[0m
[38;5;226m[Genesis] [17:43:23] [WARNING] Mesh is not watertight. Falling back to convex hull for estimating inertial properties.[0m
[38;5;226m[Genesis] [17:43:23] [WARNING] Mesh is not watertight. Falling back to convex hull for estimating inertial properties.[0m
[38;5;226m[Genesis] [17:43:23] [WARNING] Mesh is not watertight. Falling back to convex hull for estimating inertial properties.[0m
[38;5;226m[Genesis] [17:43:23] [WARNING] Mesh is not watertight. Falling back to convex hull for estimating inertial properties.[0m
[38;5;226m[Genesis] [17:43:23] [WARNING] Mesh is not watertight. Falling back to convex hull for estimating inertial properties.[0m
[38;5;226m[Genesis] [17:43:23] [WARNING] Mesh is not watertight. Falling back to convex hull for estimating inertial properties.[0m
[38;5;226m[Genesis] [17:43:23] [WARNING] Mesh is not watertight. Falling back to convex hull for estimating inertial properties.[0m
[38;5;226m[Genesis] [17:43:23] [WARNING] Mesh is not watertight. Falling back to convex hull for estimating inertial properties.[0m
[38;5;226m[Genesis] [17:43:23] [WARNING] Mesh is not watertight. Falling back to convex hull for estimating inertial properties.[0m
[38;5;226m[Genesis] [17:43:23] [WARNING] Mesh is not watertight. Falling back to convex hull for estimating inertial properties.[0m
[38;5;226m[Genesis] [17:43:23] [WARNING] Mesh is not watertight. Falling back to convex hull for estimating inertial properties.[0m
[38;5;226m[Genesis] [17:43:23] [WARNING] Mesh is not watertight. Falling back to convex hull for estimating inertial properties.[0m
[38;5;226m[Genesis] [17:43:23] [WARNING] Mesh is not watertight. Falling back to convex hull for estimating inertial properties.[0m
[38;5;226m[Genesis] [17:43:23] [WARNING] At least one of the meshes contain many faces (27466). Consider setting 'morph.decimate=True' to speed up collision detection and improve numerical stability.[0m
[38;5;226m[Genesis] [17:43:24] [WARNING] Mesh is not watertight. Falling back to convex hull for estimating inertial properties.[0m
[38;5;226m[Genesis] [17:43:24] [WARNING] Mesh is not watertight. Falling back to convex hull for estimating inertial properties.[0m
[38;5;226m[Genesis] [17:43:24] [WARNING] Mesh is not watertight. Falling back to convex hull for estimating inertial properties.[0m
[38;5;226m[Genesis] [17:43:24] [WARNING] Mesh is not watertight. Falling back to convex hull for estimating inertial properties.[0m
[38;5;226m[Genesis] [17:43:24] [WARNING] Mesh is not watertight. Falling back to convex hull for estimating inertial properties.[0m

[build] scene.build() 시작...
[38;5;226m[Genesis] [17:43:24] [WARNING] Link 'L4_Motor2_Shaft_1' has dubious center of mass [x=0.000, y=-0.037, z=0.015] compared to the bounding box from geometry [x=(-0.018, 0.018), y=(-0.018, 0.018), z=(-0.000, 0.077)].[0m
[38;5;226m[Genesis] [17:43:24] [WARNING] Link 'M_Bottom_1' has dubious center of mass [x=0.166, y=0.030, z=-0.073] compared to the bounding box from geometry [x=(0.106, 0.155), y=(-0.011, 0.071), z=(-0.078, -0.068)].[0m
[38;5;226m[Genesis] [17:43:24] [WARNING] Link 'M_Back_1' has dubious center of mass [x=0.003, y=0.021, z=0.011] compared to the bounding box from geometry [x=(-0.035, -0.030), y=(-0.033, 0.076), z=(-0.005, 0.028)].[0m
[38;5;226m[Genesis] [17:43:24] [WARNING] Link 'M_Left1_1' has dubious center of mass [x=-0.025, y=-0.002, z=-0.014] compared to the bounding box from geometry [x=(-0.088, -0.032), y=(-0.005, -0.000), z=(-0.038, 0.010)].[0m
[38;5;226m[Genesis] [17:43:24] [WARNING] Link 'M_Right1_1' has dubious center of mass [x=-0.025, y=0.003, z=-0.014] compared to the bounding box from geometry [x=(-0.087, -0.033), y=(0.000, 0.005), z=(-0.038, 0.010)].[0m
[38;5;226m[Genesis] [17:43:24] [WARNING] Link 'M_Top_1' has dubious center of mass [x=-0.024, y=0.028, z=0.005] compared to the bounding box from geometry [x=(-0.088, -0.032), y=(-0.031, 0.088), z=(-0.000, 0.010)].[0m
[38;5;226m[Genesis] [17:43:24] [WARNING] Link 'M_LeftLink_1' has dubious center of mass [x=-0.002, y=0.005, z=0.046] compared to the bounding box from geometry [x=(-0.040, -0.035), y=(-0.005, 0.015), z=(-0.005, 0.095)].[0m
[38;5;226m[Genesis] [17:43:24] [WARNING] Link 'M_RightLink_1' has dubious center of mass [x=-0.002, y=-0.005, z=0.046] compared to the bounding box from geometry [x=(-0.040, -0.035), y=(-0.015, 0.005), z=(-0.005, 0.095)].[0m
[38;5;226m[Genesis] [17:43:24] [WARNING] Link 'M_LeftLink2_copy_1' has dubious center of mass [x=-0.005, y=-0.005, z=0.021] compared to the bounding box from geometry [x=(-0.044, -0.032), y=(-0.015, 0.005), z=(-0.000, 0.045)].[0m
[38;5;226m[Genesis] [17:43:24] [WARNING] Link 'link_2' has dubious center of mass [x=0.000, y=0.000, z=0.000] compared to the bounding box from geometry [x=(-0.068, 0.479), y=(-0.069, 0.069), z=(0.082, 0.274)].[0m
[38;5;226m[Genesis] [17:43:24] [WARNING] Constraint solver time constant should be greater than 2*substep_dt. timeconst is changed from `0.0002` to `0.01`). Decrease simulation timestep or increase timeconst to avoid altering the original value.[0m
[38;5;226m[Genesis] [17:43:25] [WARNING] Filtered out geometry pairs causing self-collision for the neutral configuration (qpos0): (112, 114). Consider tuning Morph option 'decompose_robot_error_threshold' or specify dedicated collision meshes. This behavior can be disabled by setting Morph option 'enable_neutral_collision=True'.[0m
C:\Users\simuser\miniconda3\envs\crusher_genesis\Lib\site-packages\quadrants\_test_tools\warnings_helper.py:11: UserWarning: cannot create weak reference to 'tuple' object. Template mapper caching disabled.
  warnings.warn(message)
[build] 성공 (9.8s)
[bag] shape 고정: 375/771 정점(바닥+양측면), 입구는 자유
[slot] gap_cx=-0.3303 gap_cy=-0.0473 gap_width=12.0mm wall_top_z=0.0864
[slot] pocket(L1_Wall1_1) center=(-0.3683,-0.0853)
[ctrl] Left_Wall force clip: ±100 N (Motor2 ctrlrange, docs/Crusher.md §5) — 벽은 이 힘에서 균형지는 위치에 멈춘다
[bag] grip_strip verts near FINGER_MID: 118
[38;5;226m[Genesis] [17:43:34] [WARNING] fps=30 is not reachable with dt=0.005. Recording at fps=28.57142857142857 instead.[0m
[38;5;226m[Genesis] [17:43:34] [WARNING] fps=30 is not reachable with dt=0.005. Recording at fps=28.57142857142857 instead.[0m
[38;5;226m[Genesis] [17:43:34] [WARNING] fps=30 is not reachable with dt=0.005. Recording at fps=28.57142857142857 instead.[0m

[phase] 0 prep (1.0s) — 크랭크 0->-3.142rad(-180deg), Left_Wall 0->+6mm(개방)
[phase] prep     @done  crank=-3.000rad  wall=+5.43mm
    [drop k=   0] tablet_z=+433.46mm bag_com=[-0.12654373 -0.6446919   0.39859164]
    [drop k=  40] tablet_z=+427.37mm bag_com=[-0.12653935 -0.64469194  0.39859143]
    [drop k=  80] tablet_z=+423.83mm bag_com=[-0.12654005 -0.64469194  0.39859143]
    [drop k= 120] tablet_z=+415.90mm bag_com=[-0.12653913 -0.64469194  0.39859143]
[phase] drop     @done  bag_com=[-0.12653883 -0.6446921   0.39859143]  finger_z=0.4378  tablet_z=+406.32mm  tilt=0.5deg  bag_bottom=0.3551
[phase] settle   @done  bag_com=[-0.12653941 -0.64469194  0.39859143]  finger_z=0.4378  tablet_z=+389.84mm  tilt=0.1deg  bag_bottom=0.3551
[bag] shape 고정 해제 — 이제부터 순수 마찰 파지
[phase] close    @done  bag_com=[-0.12656716 -0.6447017   0.39790773]  finger_z=0.4361  tablet_z=+372.05mm  tilt=1.0deg  bag_bottom=0.3538
[phase] grasp    @done  bag_com=[-0.12657723 -0.64470017  0.39790857]  finger_z=0.4361  tablet_z=+357.42mm  tilt=0.9deg  bag_bottom=0.3538
[phase] lift     @done  bag_com=[-0.12652005 -0.64460695  0.5236396 ]  finger_z=0.5620  tablet_z=+483.07mm  tilt=2.7deg  bag_bottom=0.4795
[phase] hold     @done  bag_com=[-0.12662318 -0.644583    0.5236319 ]  finger_z=0.5620  tablet_z=+483.06mm  tilt=3.0deg  bag_bottom=0.4794
[slot] wall_center_z=0.0504  insert_z(finger)=0.1324  hang=82mm
[slot] 봉투중심 보정 dy=+0.0mm -> finger_y=-0.0473 (봉투중심 y=-0.0473 = gap_cy -0.0473)
[sweep] Y_OFFSET_MM=+0.0mm -> target_xy=[-0.33027777 -0.04730234]  (gap_cy=-0.0473)
[cam] side view 고정: pos=(np.float64(-0.3302777709960938), np.float64(-0.597302336215973), np.float64(0.168431227684021)) look=(np.float64(-0.3302777709960938), np.float64(-0.047302336215972886), np.float64(0.168431227684021)) (gap_width=12.0mm, z범위 above=0.2864~insert=0.1324)

[ik] above-slot target=[-0.33027777 -0.04730234  0.28643123]  arm_q=[1.5608526e+00 7.1452558e-01 4.1809884e-01 9.4129425e-04 2.0088959e+00
 1.5614948e+00]
    [above k=   0] tablet_z=+483.06mm bag_com=[-0.12662299 -0.6445827   0.52363175]
    [above k=  40] tablet_z=+481.78mm bag_com=[-0.1227172  -0.6416038   0.52235574]
    [above k=  80] tablet_z=+474.52mm bag_com=[-0.10055159 -0.62299156  0.51486844]
    [above k= 120] tablet_z=+455.99mm bag_com=[-0.06067477 -0.5725785   0.49658537]
    [above k= 160] tablet_z=+423.33mm bag_com=[-0.02506459 -0.47647893  0.4639282 ]
    [above k= 200] tablet_z=+375.95mm bag_com=[-0.03024196 -0.3431861   0.41691846]
    [above k= 240] tablet_z=+320.49mm bag_com=[-0.0962256  -0.21001092  0.36125776]
    [above k= 280] tablet_z=+267.59mm bag_com=[-0.19463812 -0.11526576  0.30837378]
    [above k= 320] tablet_z=+228.67mm bag_com=[-0.27948707 -0.06724053  0.26972294]
    [above k= 360] tablet_z=+210.01mm bag_com=[-0.3232378  -0.05056648  0.25109747]
[phase] above    @done  bag_com=[-0.33017236 -0.04817427  0.24796845]  finger_z=0.2863  tablet_z=+206.87mm  tilt=2.5deg  bag_bottom=0.2037
[phase] aboveset @done  bag_com=[-0.3300358  -0.04814776  0.24796125]  finger_z=0.2863  tablet_z=+206.86mm  tilt=2.5deg  bag_bottom=0.2037
[ik] insert target=[-0.33027777 -0.04730234  0.13243123]  웨이포인트 41개(카테시안 직선)  arm_q=[1.5609452e+00 6.1003029e-01 1.0266852e+00 5.8457180e-04 1.5046792e+00
 1.5607027e+00]
    [insert k=   0] tablet_z=+206.69mm bag_com=[-0.3300409  -0.04817295  0.24778698]
    [insert k=  40] tablet_z=+205.34mm bag_com=[-0.33003297 -0.04810772  0.24644066]
    [insert k=  80] tablet_z=+197.62mm bag_com=[-0.33003443 -0.04801598  0.23874663]
    [insert k= 120] tablet_z=+181.19mm bag_com=[-0.3300937  -0.04800656  0.22233553]
    [insert k= 160] tablet_z=+157.39mm bag_com=[-0.3301147  -0.04800402  0.19840883]
    [insert k= 200] tablet_z=+129.26mm bag_com=[-0.33011556 -0.0479978   0.17023826]
    [insert k= 240] tablet_z=+101.37mm bag_com=[-0.33012918 -0.0479877   0.14218159]
    [insert k= 280] tablet_z=+77.65mm bag_com=[-0.33004645 -0.04798202  0.1185661 ]
    [insert k= 320] tablet_z=+61.65mm bag_com=[-0.330036   -0.04797477  0.10258327]
    [insert k= 360] tablet_z=+54.28mm bag_com=[-0.3299627  -0.04796838  0.09518252]
[phase] insert   @done  bag_com=[-0.3299233  -0.04796625  0.09395488]  finger_z=0.1322  tablet_z=+53.05mm  tilt=2.5deg  bag_bottom=0.0496
[phase] settle2  @done  bag_com=[-0.32991943 -0.04794841  0.0939497 ]  finger_z=0.1322  tablet_z=+52.92mm  tilt=2.5deg  bag_bottom=0.0496
[trim] TRIM_ROUNDS=0 — 생략(기본값). settle2 시점 bag_bottom 오차 +0.8mm 를 그대로 결과로 쓴다.
[trim] 최종 finger_z=0.1324  (초기 0.1324, 하한 0.1024)

[phase] 9 clamp (2.0s) — Left_Wall +6.0mm -> -12.0mm (실링부 압착)
[phase] clamp    @done  wall=-4.97mm  (잔여 간격 7.03mm = 봉투 실효 압착 두께)  bag_com=[-0.33157548 -0.04787359  0.0938614 ]
    [release k=   0] tablet_z=+52.78mm bag_com=[-0.33162147 -0.04787292  0.09386734]
    [release k=  40] tablet_z=+52.83mm bag_com=[-0.33252966 -0.04784986  0.09386046]
    [release k=  80] tablet_z=+52.65mm bag_com=[-0.33437246 -0.04777135  0.09346059]
[phase] release  @done  bag_com=[-0.33453473 -0.04772951  0.09335771]  finger_z=0.1339  tablet_z=+52.59mm  tilt=6.9deg  bag_bottom=0.0492

[RESULT] GRIP_OFFSET_MM=+0mm  Y_OFFSET_MM=+0.0mm  verdict=PASS  (삽입 성공, 걸림/붕괴 없음)
[RESULT] final_bottom_z=0.0492  wall_center_z=0.0504  오차=-1.2mm(+면 얕음/-면 깊음)
[RESULT] width_y=67.5mm(baseline 64.1mm)  height_z=90.1mm(baseline 90.2mm)

[saved] overview -> C:\Crusher_isaacsim\Crusher_Genesis\Crusher_M0609_RG2_Tablet_Samplebag\RESULT\grip+00mm\full_workflow_grip+0mm_yoff+0.0mm_20260825_174316_overview.mp4
[saved] bagcam   -> C:\Crusher_isaacsim\Crusher_Genesis\Crusher_M0609_RG2_Tablet_Samplebag\RESULT\grip+00mm\full_workflow_grip+0mm_yoff+0.0mm_20260825_174316_bagcam.mp4
[saved] sideview -> C:\Crusher_isaacsim\Crusher_Genesis\Crusher_M0609_RG2_Tablet_Samplebag\RESULT\grip+00mm\full_workflow_grip+0mm_yoff+0.0mm_20260825_174316_sideview.mp4

[timing] build=9.8s  steps=257.6s (2430 steps, 106.0ms/step)  합계=267.4s
완료.
