============================================================
 Full workflow: tablet drop -> bag catch -> grasp -> lift -> Crusher slot insert (viewer=False)
============================================================
[fem_ipc_workarounds] FEMEntity.set_vertex_constraints 패치 완료 (IPC 커플러 버그 우회)
[38;5;226m[Genesis] [17:18:26] [WARNING] At least one of the meshes contain many faces (27466). Consider setting 'morph.decimate=True' to speed up collision detection and improve numerical stability.[0m

[build] scene.build() 시작...
[38;5;226m[Genesis] [17:18:27] [WARNING] Link 'L4_Motor2_Shaft_1' has dubious center of mass [x=0.000, y=-0.037, z=0.015] compared to the bounding box from geometry [x=(-0.018, 0.018), y=(-0.018, 0.018), z=(-0.000, 0.077)].[0m
[38;5;226m[Genesis] [17:18:27] [WARNING] Link 'ServoShaft_1' has dubious mass 0.039 compared to the estimate from geometry 6189182.429 given material density 1500.[0m
[38;5;226m[Genesis] [17:18:27] [WARNING] Link 'ServoShaft_1' has dubious inertia [ixx=5.543e-06,iyy=4.626e-06,izz=3.183e-06] compared to the estimate from geometry [ixx=4.280e+00,iyy=5.115e+00,izz=6.647e+00] given material density 1500.000.[0m
[38;5;226m[Genesis] [17:18:27] [WARNING] Link 'link_2' has dubious center of mass [x=0.000, y=0.000, z=0.000] compared to the bounding box from geometry [x=(-0.068, 0.479), y=(-0.069, 0.069), z=(0.082, 0.274)].[0m
[38;5;226m[Genesis] [17:18:28] [WARNING] Constraint solver time constant should be greater than 2*substep_dt. timeconst is changed from `0.0002` to `0.01`). Decrease simulation timestep or increase timeconst to avoid altering the original value.[0m
C:\Users\simuser\miniconda3\envs\crusher_genesis\Lib\site-packages\quadrants\_test_tools\warnings_helper.py:11: UserWarning: cannot create weak reference to 'tuple' object. Template mapper caching disabled.
  warnings.warn(message)
C:\Users\simuser\miniconda3\envs\crusher_genesis\Lib\site-packages\quadrants\lang\ast\ast_transformers\call_transformer.py:245: DeprecationWarning: keyword.__init__ got an unexpected keyword argument 'ctx'. Support for arbitrary keyword arguments is deprecated and will be removed in Python 3.15.
  kwarg_node = ast.keyword(
[build] 성공
[bag] shape 고정: 375/771 정점(바닥+양측면), 입구는 자유
[slot] gap_cx=-0.3303 gap_cy=-0.0473 gap_width=12.0mm wall_top_z=0.0864
[slot] pocket(L1_Wall1_1) center=(-0.3683,-0.0853)
[bag] grip_strip verts near FINGER_MID: 91

[phase] 0 prep (1.0s) — 크랭크 0->-3.142rad(-180deg), Left_Wall 0->+6mm(개방)
[phase] prep     @done  crank=-3.000rad  wall=+5.43mm
    [drop k=   0] tablet_z=+442.39mm bag_com=[-0.12659003 -0.6166897   0.39840963]
    [drop k=  40] tablet_z=+439.13mm bag_com=[-0.12659018 -0.6166897   0.39840963]
    [drop k=  80] tablet_z=+430.06mm bag_com=[-0.12659256 -0.61669034  0.39840963]
    [drop k= 120] tablet_z=+419.17mm bag_com=[-0.12658967 -0.61669046  0.39840963]
[phase] drop     @done  bag_com=[-0.1265907  -0.6166905   0.39840963]  finger_z=0.4355  tablet_z=+411.31mm
[phase] settle   @done  bag_com=[-0.12659344 -0.61669046  0.39840984]  finger_z=0.4355  tablet_z=+396.45mm
[bag] shape 고정 해제 — 이제부터 순수 마찰 파지
[phase] close    @done  bag_com=[-0.12432831 -0.6172832   0.39768043]  finger_z=0.4314  tablet_z=+393.19mm
[phase] grasp    @done  bag_com=[-0.12502107 -0.617496    0.39767987]  finger_z=0.4314  tablet_z=+392.94mm
[phase] lift     @done  bag_com=[-0.12993364 -0.6211969   0.52225786]  finger_z=0.5573  tablet_z=+515.07mm
[phase] hold     @done  bag_com=[-0.12973142 -0.6214658   0.5223075 ]  finger_z=0.5573  tablet_z=+492.09mm
[slot] wall_center_z=0.0504  insert_z(finger)=0.1024  margin=52mm
[sweep] Y_OFFSET_MM=-2.0mm -> target_xy=[-0.33027777 -0.04930234]  (gap_cy=-0.0473)

[ik] above-slot target=[-0.33027777 -0.04930234  0.28643123]  arm_q=[ 1.6532978  0.7086571  0.4415066 -0.2638074  1.9985294  1.5449493]
    [above k=   0] tablet_z=+491.84mm bag_com=[-0.12939262 -0.6211652   0.5220592 ]
    [above k=  40] tablet_z=+480.71mm bag_com=[-0.08728893 -0.58454597  0.51115346]
    [above k=  80] tablet_z=+472.24mm bag_com=[-0.05034568 -0.53445995  0.49580705]
    [above k= 120] tablet_z=+461.16mm bag_com=[-0.02250993 -0.47261634  0.47681916]
    [above k= 160] tablet_z=+443.11mm bag_com=[-0.01051762 -0.40281245  0.45442855]
    [above k= 200] tablet_z=+417.02mm bag_com=[-0.01800814 -0.3290025   0.4279181 ]
    [above k= 240] tablet_z=+387.44mm bag_com=[-0.04364116 -0.25422582  0.39809445]
    [above k= 280] tablet_z=+355.37mm bag_com=[-0.08504905 -0.18229936  0.36550686]
    [above k= 320] tablet_z=+318.16mm bag_com=[-0.14390817 -0.1176962   0.33004022]
    [above k= 360] tablet_z=+276.75mm bag_com=[-0.21669656 -0.06384321  0.29242742]
[phase] above    @done  bag_com=[-0.30367637 -0.02547899  0.25274047]  finger_z=0.2862  tablet_z=+231.10mm
[ik] insert target=[-0.33027777 -0.04930234  0.10243123]  arm_q=[ 1.6533079   0.6224162   1.1000661  -0.24140798  1.4434341   1.6877984 ]
    [insert k=   0] tablet_z=+229.93mm bag_com=[-0.3052147  -0.02529571  0.25203282]
    [insert k=  40] tablet_z=+212.79mm bag_com=[-0.30517322 -0.02014693  0.23518488]
    [insert k=  80] tablet_z=+196.23mm bag_com=[-0.30522525 -0.01622255  0.21763474]
    [insert k= 120] tablet_z=+180.51mm bag_com=[-0.30566162 -0.01314906  0.1998841 ]
    [insert k= 160] tablet_z=+164.98mm bag_com=[-0.3051335  -0.01128538  0.18166311]
    [insert k= 200] tablet_z=+149.76mm bag_com=[-0.30524188 -0.0106674   0.16312478]
    [insert k= 240] tablet_z=+134.43mm bag_com=[-0.30568683 -0.01115395  0.14447127]
    [insert k= 280] tablet_z=+114.76mm bag_com=[-0.3049085  -0.01300058  0.12545705]
    [insert k= 320] tablet_z=+99.26mm bag_com=[-0.29999897 -0.01537992  0.10749448]
    [insert k= 360] tablet_z=+81.24mm bag_com=[-0.29483163 -0.01970894  0.0907204 ]
[phase] insert   @done  bag_com=[-0.2892233  -0.02482566  0.08008447]  finger_z=0.1023  tablet_z=+73.88mm
[phase] settle2  @done  bag_com=[-0.2843025  -0.02488127  0.08598644]  finger_z=0.1022  tablet_z=+78.98mm

[phase] 9 clamp (2.0s) — Left_Wall +6.0mm -> -5.0mm (실링부 압착)
[phase] clamp    @done  wall=-4.48mm  bag_com=[-0.2864606  -0.0259418   0.07988428]
    [release k=   0] tablet_z=+66.74mm bag_com=[-0.28647122 -0.02594016  0.07988068]
    [release k=  40] tablet_z=+65.65mm bag_com=[-0.2864335  -0.02644497  0.07625258]
    [release k=  80] tablet_z=+63.26mm bag_com=[-0.2848773  -0.02550933  0.07513136]
[phase] release  @done  bag_com=[-0.2848391  -0.0252797   0.07476785]  finger_z=0.1065  tablet_z=+62.76mm

[RESULT] Y_OFFSET_MM=-2.0mm  verdict=PASS  (삽입 성공, 걸림/붕괴 없음)
[RESULT] final_bottom_z=0.0360  wall_center_z=0.0504  width_y=75.9mm(baseline 59.8mm)  height_z=76.0mm(baseline 93.0mm)

[saved] overview -> C:\Crusher_isaacsim\Crusher_Genesis\Crusher_M0609_RG2_Tablet_Samplebag\RESULT\full_workflow_yoff-2.0mm_20260723_171820_overview.mp4
[saved] bagcam   -> C:\Crusher_isaacsim\Crusher_Genesis\Crusher_M0609_RG2_Tablet_Samplebag\RESULT\full_workflow_yoff-2.0mm_20260723_171820_bagcam.mp4
완료.
