[cfg] BAG=sealslab3mm(실링3.0mm, 자기거리2.278mm) / CLOTH_THICK=1.0mm E=4.0e5 / 압착면box / CLAMP=-12mm / 100N
============================================================
 Full workflow: tablet drop -> bag catch -> grasp -> lift -> Crusher slot insert (viewer=False)
============================================================
[mjcf] Left_Wall 압착면 box 추가: 단차 5.00mm 를 높이 72.0mm x 폭 65.0mm 전체에 메움 -> 압착 간격이 전 높이에서 12.00mm 로 균일
[fem_ipc_workarounds] FEMEntity.set_vertex_constraints 패치 완료 (IPC 커플러 버그 우회)
[38;5;226m[Genesis] [18:35:30] [WARNING] At least one of the meshes contain many faces (15432). Consider setting 'morph.decimate=True' to speed up collision detection and improve numerical stability.[0m
[38;5;226m[Genesis] [18:35:30] [WARNING] At least one of the meshes contain many faces (15762). Consider setting 'morph.decimate=True' to speed up collision detection and improve numerical stability.[0m
[38;5;226m[Genesis] [18:35:30] [WARNING] Mesh is not watertight. Falling back to convex hull for estimating inertial properties.[0m
[38;5;226m[Genesis] [18:35:30] [WARNING] Mesh is not watertight. Falling back to convex hull for estimating inertial properties.[0m
[38;5;226m[Genesis] [18:35:30] [WARNING] At least one of the meshes contain many faces (12522). Consider setting 'morph.decimate=True' to speed up collision detection and improve numerical stability.[0m
[38;5;226m[Genesis] [18:35:30] [WARNING] Mesh is not watertight. Falling back to convex hull for estimating inertial properties.[0m
[38;5;226m[Genesis] [18:35:30] [WARNING] Mesh is not watertight. Falling back to convex hull for estimating inertial properties.[0m
[38;5;226m[Genesis] [18:35:30] [WARNING] Mesh is not watertight. Falling back to convex hull for estimating inertial properties.[0m
[38;5;226m[Genesis] [18:35:30] [WARNING] Mesh is not watertight. Falling back to convex hull for estimating inertial properties.[0m
[38;5;226m[Genesis] [18:35:30] [WARNING] Mesh is not watertight. Falling back to convex hull for estimating inertial properties.[0m
[38;5;226m[Genesis] [18:35:30] [WARNING] Mesh is not watertight. Falling back to convex hull for estimating inertial properties.[0m
[38;5;226m[Genesis] [18:35:30] [WARNING] Mesh is not watertight. Falling back to convex hull for estimating inertial properties.[0m
[38;5;226m[Genesis] [18:35:30] [WARNING] Mesh is not watertight. Falling back to convex hull for estimating inertial properties.[0m
[38;5;226m[Genesis] [18:35:30] [WARNING] Mesh is not watertight. Falling back to convex hull for estimating inertial properties.[0m
[38;5;226m[Genesis] [18:35:30] [WARNING] Mesh is not watertight. Falling back to convex hull for estimating inertial properties.[0m
[38;5;226m[Genesis] [18:35:30] [WARNING] Mesh is not watertight. Falling back to convex hull for estimating inertial properties.[0m
[38;5;226m[Genesis] [18:35:30] [WARNING] Mesh is not watertight. Falling back to convex hull for estimating inertial properties.[0m
[38;5;226m[Genesis] [18:35:30] [WARNING] Mesh is not watertight. Falling back to convex hull for estimating inertial properties.[0m
[38;5;226m[Genesis] [18:35:31] [WARNING] Mesh is not watertight. Falling back to convex hull for estimating inertial properties.[0m
[38;5;226m[Genesis] [18:35:31] [WARNING] Mesh is not watertight. Falling back to convex hull for estimating inertial properties.[0m
[38;5;226m[Genesis] [18:35:31] [WARNING] At least one of the meshes contain many faces (27466). Consider setting 'morph.decimate=True' to speed up collision detection and improve numerical stability.[0m
[38;5;226m[Genesis] [18:35:31] [WARNING] Mesh is not watertight. Falling back to convex hull for estimating inertial properties.[0m
[38;5;226m[Genesis] [18:35:31] [WARNING] Mesh is not watertight. Falling back to convex hull for estimating inertial properties.[0m
[38;5;226m[Genesis] [18:35:31] [WARNING] Mesh is not watertight. Falling back to convex hull for estimating inertial properties.[0m
[38;5;226m[Genesis] [18:35:31] [WARNING] Mesh is not watertight. Falling back to convex hull for estimating inertial properties.[0m
[38;5;226m[Genesis] [18:35:31] [WARNING] Mesh is not watertight. Falling back to convex hull for estimating inertial properties.[0m

[build] scene.build() 시작...
[38;5;226m[Genesis] [18:35:31] [WARNING] Link 'L4_Motor2_Shaft_1' has dubious center of mass [x=0.000, y=-0.037, z=0.015] compared to the bounding box from geometry [x=(-0.018, 0.018), y=(-0.018, 0.018), z=(-0.000, 0.077)].[0m
[38;5;226m[Genesis] [18:35:31] [WARNING] Link 'M_Bottom_1' has dubious center of mass [x=0.166, y=0.030, z=-0.073] compared to the bounding box from geometry [x=(0.106, 0.155), y=(-0.011, 0.071), z=(-0.078, -0.068)].[0m
[38;5;226m[Genesis] [18:35:31] [WARNING] Link 'M_Back_1' has dubious center of mass [x=0.003, y=0.021, z=0.011] compared to the bounding box from geometry [x=(-0.035, -0.030), y=(-0.033, 0.076), z=(-0.005, 0.028)].[0m
[38;5;226m[Genesis] [18:35:31] [WARNING] Link 'M_Left1_1' has dubious center of mass [x=-0.025, y=-0.002, z=-0.014] compared to the bounding box from geometry [x=(-0.088, -0.032), y=(-0.005, -0.000), z=(-0.038, 0.010)].[0m
[38;5;226m[Genesis] [18:35:31] [WARNING] Link 'M_Right1_1' has dubious center of mass [x=-0.025, y=0.003, z=-0.014] compared to the bounding box from geometry [x=(-0.087, -0.033), y=(0.000, 0.005), z=(-0.038, 0.010)].[0m
[38;5;226m[Genesis] [18:35:31] [WARNING] Link 'M_Top_1' has dubious center of mass [x=-0.024, y=0.028, z=0.005] compared to the bounding box from geometry [x=(-0.088, -0.032), y=(-0.031, 0.088), z=(-0.000, 0.010)].[0m
[38;5;226m[Genesis] [18:35:31] [WARNING] Link 'M_LeftLink_1' has dubious center of mass [x=-0.002, y=0.005, z=0.046] compared to the bounding box from geometry [x=(-0.040, -0.035), y=(-0.005, 0.015), z=(-0.005, 0.095)].[0m
[38;5;226m[Genesis] [18:35:31] [WARNING] Link 'M_RightLink_1' has dubious center of mass [x=-0.002, y=-0.005, z=0.046] compared to the bounding box from geometry [x=(-0.040, -0.035), y=(-0.015, 0.005), z=(-0.005, 0.095)].[0m
[38;5;226m[Genesis] [18:35:31] [WARNING] Link 'M_LeftLink2_copy_1' has dubious center of mass [x=-0.005, y=-0.005, z=0.021] compared to the bounding box from geometry [x=(-0.044, -0.032), y=(-0.015, 0.005), z=(-0.000, 0.045)].[0m
[38;5;226m[Genesis] [18:35:31] [WARNING] Link 'link_2' has dubious center of mass [x=0.000, y=0.000, z=0.000] compared to the bounding box from geometry [x=(-0.068, 0.479), y=(-0.069, 0.069), z=(0.082, 0.274)].[0m
[38;5;226m[Genesis] [18:35:32] [WARNING] Constraint solver time constant should be greater than 2*substep_dt. timeconst is changed from `0.0002` to `0.01`). Decrease simulation timestep or increase timeconst to avoid altering the original value.[0m
[38;5;226m[Genesis] [18:35:32] [WARNING] Filtered out geometry pairs causing self-collision for the neutral configuration (qpos0): (113, 115). Consider tuning Morph option 'decompose_robot_error_threshold' or specify dedicated collision meshes. This behavior can be disabled by setting Morph option 'enable_neutral_collision=True'.[0m
C:\Users\simuser\miniconda3\envs\crusher_genesis\Lib\site-packages\quadrants\_test_tools\warnings_helper.py:11: UserWarning: cannot create weak reference to 'tuple' object. Template mapper caching disabled.
  warnings.warn(message)
[build] 성공 (10.2s)
[bag] shape 고정: 246/714 정점(바닥+양측면), 입구는 자유
[slot] gap_cx=-0.3303 gap_cy=-0.0473 gap_width=12.0mm wall_top_z=0.0864
[slot] pocket(L1_Wall1_1) center=(-0.3683,-0.0853)
[ctrl] Left_Wall force clip: ±100 N (Motor2 ctrlrange, docs/Crusher.md §5) — 벽은 이 힘에서 균형지는 위치에 멈춘다
[bag] grip_strip verts near FINGER_MID: 110
[38;5;226m[Genesis] [18:35:42] [WARNING] fps=30 is not reachable with dt=0.005. Recording at fps=28.57142857142857 instead.[0m
[38;5;226m[Genesis] [18:35:42] [WARNING] fps=30 is not reachable with dt=0.005. Recording at fps=28.57142857142857 instead.[0m
[38;5;226m[Genesis] [18:35:42] [WARNING] fps=30 is not reachable with dt=0.005. Recording at fps=28.57142857142857 instead.[0m

[phase] 0 prep (1.0s) — 크랭크 0->-3.142rad(-180deg), Left_Wall 0->+6mm(개방)
[phase] prep     @done  crank=-3.000rad  wall=+5.43mm
    [drop k=   0] tablet_z=+439.03mm bag_com=[-0.12652332 -0.6438202   0.39898118]
    [drop k=  40] tablet_z=+437.86mm bag_com=[-0.12652107 -0.64381886  0.3989812 ]
    [drop k=  80] tablet_z=+434.48mm bag_com=[-0.12652673 -0.6438172   0.39898148]
    [drop k= 120] tablet_z=+414.72mm bag_com=[-0.12652574 -0.64381725  0.39898163]
[phase] drop     @done  bag_com=[-0.12652446 -0.6438161   0.39898163]  finger_z=0.4378  tablet_z=+404.84mm  tilt=1.2deg  bag_bottom=0.3543
[phase] settle   @done  bag_com=[-0.12652086 -0.64381635  0.39898178]  finger_z=0.4378  tablet_z=+387.84mm  tilt=0.1deg  bag_bottom=0.3543
[bag] shape 고정 해제 — 이제부터 순수 마찰 파지
[phase] close    @done  bag_com=[-0.12654002 -0.64381367  0.39878252]  finger_z=0.4361  tablet_z=+384.81mm  tilt=1.6deg  bag_bottom=0.3538
[phase] grasp    @done  bag_com=[-0.12654528 -0.64381206  0.39878392]  finger_z=0.4361  tablet_z=+384.14mm  tilt=1.1deg  bag_bottom=0.3538
[phase] lift     @done  bag_com=[-0.12675388 -0.64374226  0.52452683]  finger_z=0.5620  tablet_z=+508.39mm  tilt=1.6deg  bag_bottom=0.4795
[phase] hold     @done  bag_com=[-0.12664782 -0.6437356   0.5245199 ]  finger_z=0.5620  tablet_z=+507.83mm  tilt=1.5deg  bag_bottom=0.4794
[slot] wall_center_z=0.0504  insert_z(finger)=0.1324  hang=82mm
[slot] 봉투중심 보정 dy=+0.0mm -> finger_y=-0.0473 (봉투중심 y=-0.0473 = gap_cy -0.0473)
[sweep] Y_OFFSET_MM=+0.0mm -> target_xy=[-0.33027777 -0.04730234]  (gap_cy=-0.0473)
[cam] side view 고정: pos=(np.float64(-0.3302777709960938), np.float64(-0.597302336215973), np.float64(0.168431227684021)) look=(np.float64(-0.3302777709960938), np.float64(-0.047302336215972886), np.float64(0.168431227684021)) (gap_width=12.0mm, z범위 above=0.2864~insert=0.1324)

[ik] above-slot target=[-0.33027777 -0.04730234  0.28643123]  arm_q=[1.5608288e+00 7.1452892e-01 4.1809082e-01 9.9988654e-04 2.0089011e+00
 1.5614961e+00]
    [above k=   0] tablet_z=+507.83mm bag_com=[-0.12664428 -0.64373547  0.5245198 ]
    [above k=  40] tablet_z=+506.33mm bag_com=[-0.12295159 -0.64076996  0.52324915]
    [above k=  80] tablet_z=+498.75mm bag_com=[-0.10184681 -0.6222197   0.5158224 ]
    [above k= 120] tablet_z=+480.42mm bag_com=[-0.06343889 -0.57218814  0.4977158 ]
    [above k= 160] tablet_z=+447.64mm bag_com=[-0.02505438 -0.47577423  0.46482652]
    [above k= 200] tablet_z=+399.77mm bag_com=[-0.03022217 -0.3425154   0.41780218]
    [above k= 240] tablet_z=+344.33mm bag_com=[-0.09263136 -0.20967221  0.36247647]
    [above k= 280] tablet_z=+291.68mm bag_com=[-0.18942374 -0.11453041  0.30981925]
    [above k= 320] tablet_z=+252.26mm bag_com=[-0.27709773 -0.06646713  0.27070138]
    [above k= 360] tablet_z=+233.55mm bag_com=[-0.3242089  -0.04995649  0.2520327 ]
[phase] above    @done  bag_com=[-0.33010596 -0.04749442  0.24885802]  finger_z=0.2863  tablet_z=+230.20mm  tilt=1.6deg  bag_bottom=0.2037
[phase] aboveset @done  bag_com=[-0.3302037  -0.04748283  0.24884388]  finger_z=0.2863  tablet_z=+229.12mm  tilt=1.5deg  bag_bottom=0.2037
[ik] insert target=[-0.33027777 -0.04730234  0.13243123]  웨이포인트 41개(카테시안 직선)  arm_q=[1.5609347e+00 6.1003011e-01 1.0266845e+00 6.0739252e-04 1.5046798e+00
 1.5606906e+00]
    [insert k=   0] tablet_z=+228.85mm bag_com=[-0.33020306 -0.04750855  0.24866919]
    [insert k=  40] tablet_z=+227.24mm bag_com=[-0.33019283 -0.04744769  0.24732234]
    [insert k=  80] tablet_z=+218.38mm bag_com=[-0.3301335  -0.04736264  0.23962943]
    [insert k= 120] tablet_z=+201.58mm bag_com=[-0.33013916 -0.04736294  0.22322032]
    [insert k= 160] tablet_z=+177.44mm bag_com=[-0.3301202  -0.04735942  0.19929188]
    [insert k= 200] tablet_z=+148.52mm bag_com=[-0.3301252  -0.04735896  0.1711221 ]
    [insert k= 240] tablet_z=+120.09mm bag_com=[-0.33008733 -0.04742599  0.14306833]
    [insert k= 280] tablet_z=+96.37mm bag_com=[-0.33012632 -0.04735949  0.11944713]
    [insert k= 320] tablet_z=+80.29mm bag_com=[-0.33010083 -0.04735473  0.10346566]
    [insert k= 360] tablet_z=+71.88mm bag_com=[-0.33006856 -0.04735067  0.09606428]
[phase] insert   @done  bag_com=[-0.33005232 -0.04735152  0.09483628]  finger_z=0.1322  tablet_z=+70.27mm  tilt=1.5deg  bag_bottom=0.0497
[phase] settle2  @done  bag_com=[-0.33002105 -0.04734647  0.09483273]  finger_z=0.1322  tablet_z=+69.59mm  tilt=1.6deg  bag_bottom=0.0497
[trim] TRIM_ROUNDS=0 — 생략(기본값). settle2 시점 bag_bottom 오차 +0.7mm 를 그대로 결과로 쓴다.
[trim] 최종 finger_z=0.1324  (초기 0.1324, 하한 0.1024)

[phase] 9 clamp (2.0s) — Left_Wall +6.0mm -> -12.0mm (실링부 압착)
[phase] clamp    @done  wall=-7.31mm  (잔여 간격 4.69mm = 봉투 실효 압착 두께)  bag_com=[-0.3324596  -0.04734173  0.09484811]
    [release k=   0] tablet_z=+69.14mm bag_com=[-0.33246458 -0.04734194  0.09485038]
    [release k=  40] tablet_z=+69.46mm bag_com=[-0.33158308 -0.04735756  0.09486825]
    [release k=  80] tablet_z=+69.43mm bag_com=[-0.33354568 -0.04731745  0.09508438]
[phase] release  @done  bag_com=[-0.33354732 -0.04731363  0.09508763]  finger_z=0.1339  tablet_z=+69.43mm  tilt=0.7deg  bag_bottom=0.0484

[RESULT] GRIP_OFFSET_MM=+0mm  Y_OFFSET_MM=+0.0mm  verdict=PASS  (삽입 성공, 걸림/붕괴 없음)
[RESULT] final_bottom_z=0.0484  wall_center_z=0.0504  오차=-2.0mm(+면 얕음/-면 깊음)
[RESULT] width_y=64.5mm(baseline 64.3mm)  height_z=92.1mm(baseline 90.1mm)

[saved] overview -> C:\Crusher_isaacsim\Crusher_Genesis\Crusher_M0609_RG2_Tablet_Samplebag\RESULT\grip+00mm\full_workflow_grip+0mm_yoff+0.0mm_20260825_183523_overview.mp4
[saved] bagcam   -> C:\Crusher_isaacsim\Crusher_Genesis\Crusher_M0609_RG2_Tablet_Samplebag\RESULT\grip+00mm\full_workflow_grip+0mm_yoff+0.0mm_20260825_183523_bagcam.mp4
[saved] sideview -> C:\Crusher_isaacsim\Crusher_Genesis\Crusher_M0609_RG2_Tablet_Samplebag\RESULT\grip+00mm\full_workflow_grip+0mm_yoff+0.0mm_20260825_183523_sideview.mp4

[timing] build=10.2s  steps=258.8s (2430 steps, 106.5ms/step)  합계=269.0s
완료.
