============================================================
 Full workflow: tablet drop -> bag catch -> grasp -> lift -> Crusher slot insert (viewer=False)
============================================================
[mjcf] Left_Wall 형상 교체: 옛 geom 12개(시각 1 + hull 11) -> 본체 hull 5개 + 플랜지 1개 + 시각 1개. 중립 간격 플랜지 12.50mm / 본체 17.50mm
[fem_ipc_workarounds] FEMEntity.set_vertex_constraints 패치 완료 (IPC 커플러 버그 우회)
[38;5;226m[Genesis] [04:24:17] [WARNING] At least one of the meshes contain many faces (15432). Consider setting 'morph.decimate=True' to speed up collision detection and improve numerical stability.[0m
[38;5;226m[Genesis] [04:24:17] [WARNING] At least one of the meshes contain many faces (15762). Consider setting 'morph.decimate=True' to speed up collision detection and improve numerical stability.[0m
[38;5;226m[Genesis] [04:24:17] [WARNING] Mesh is not watertight. Falling back to convex hull for estimating inertial properties.[0m
[38;5;226m[Genesis] [04:24:17] [WARNING] Mesh is not watertight. Falling back to convex hull for estimating inertial properties.[0m
[38;5;226m[Genesis] [04:24:17] [WARNING] At least one of the meshes contain many faces (12522). Consider setting 'morph.decimate=True' to speed up collision detection and improve numerical stability.[0m
[38;5;226m[Genesis] [04:24:18] [WARNING] Mesh is not watertight. Falling back to convex hull for estimating inertial properties.[0m
[38;5;226m[Genesis] [04:24:18] [WARNING] Mesh is not watertight. Falling back to convex hull for estimating inertial properties.[0m
[38;5;226m[Genesis] [04:24:18] [WARNING] Mesh is not watertight. Falling back to convex hull for estimating inertial properties.[0m
[38;5;226m[Genesis] [04:24:18] [WARNING] Mesh is not watertight. Falling back to convex hull for estimating inertial properties.[0m
[38;5;226m[Genesis] [04:24:18] [WARNING] Mesh is not watertight. Falling back to convex hull for estimating inertial properties.[0m
[38;5;226m[Genesis] [04:24:18] [WARNING] Mesh is not watertight. Falling back to convex hull for estimating inertial properties.[0m
[38;5;226m[Genesis] [04:24:18] [WARNING] Mesh is not watertight. Falling back to convex hull for estimating inertial properties.[0m
[38;5;226m[Genesis] [04:24:18] [WARNING] Mesh is not watertight. Falling back to convex hull for estimating inertial properties.[0m
[38;5;226m[Genesis] [04:24:18] [WARNING] Mesh is not watertight. Falling back to convex hull for estimating inertial properties.[0m
[38;5;226m[Genesis] [04:24:18] [WARNING] Mesh is not watertight. Falling back to convex hull for estimating inertial properties.[0m
[38;5;226m[Genesis] [04:24:18] [WARNING] Mesh is not watertight. Falling back to convex hull for estimating inertial properties.[0m
[38;5;226m[Genesis] [04:24:18] [WARNING] Mesh is not watertight. Falling back to convex hull for estimating inertial properties.[0m
[38;5;226m[Genesis] [04:24:18] [WARNING] Mesh is not watertight. Falling back to convex hull for estimating inertial properties.[0m
[38;5;226m[Genesis] [04:24:18] [WARNING] Mesh is not watertight. Falling back to convex hull for estimating inertial properties.[0m
[38;5;226m[Genesis] [04:24:18] [WARNING] Mesh is not watertight. Falling back to convex hull for estimating inertial properties.[0m
[38;5;226m[Genesis] [04:24:18] [WARNING] At least one of the meshes contain many faces (27466). Consider setting 'morph.decimate=True' to speed up collision detection and improve numerical stability.[0m
[38;5;226m[Genesis] [04:24:18] [WARNING] Mesh is not watertight. Falling back to convex hull for estimating inertial properties.[0m
[38;5;226m[Genesis] [04:24:18] [WARNING] Mesh is not watertight. Falling back to convex hull for estimating inertial properties.[0m
[38;5;226m[Genesis] [04:24:18] [WARNING] Mesh is not watertight. Falling back to convex hull for estimating inertial properties.[0m
[38;5;226m[Genesis] [04:24:18] [WARNING] Mesh is not watertight. Falling back to convex hull for estimating inertial properties.[0m
[38;5;226m[Genesis] [04:24:18] [WARNING] Mesh is not watertight. Falling back to convex hull for estimating inertial properties.[0m

[build] scene.build() 시작...
[38;5;226m[Genesis] [04:24:19] [WARNING] Link 'L4_Motor2_Shaft_1' has dubious center of mass [x=0.000, y=-0.037, z=0.015] compared to the bounding box from geometry [x=(-0.018, 0.018), y=(-0.018, 0.018), z=(-0.000, 0.077)].[0m
[38;5;226m[Genesis] [04:24:19] [WARNING] Link 'M_Bottom_1' has dubious center of mass [x=0.166, y=0.030, z=-0.073] compared to the bounding box from geometry [x=(0.106, 0.155), y=(-0.011, 0.071), z=(-0.078, -0.068)].[0m
[38;5;226m[Genesis] [04:24:19] [WARNING] Link 'M_Back_1' has dubious center of mass [x=0.003, y=0.021, z=0.011] compared to the bounding box from geometry [x=(-0.035, -0.030), y=(-0.033, 0.076), z=(-0.005, 0.028)].[0m
[38;5;226m[Genesis] [04:24:19] [WARNING] Link 'M_Left1_1' has dubious center of mass [x=-0.025, y=-0.002, z=-0.014] compared to the bounding box from geometry [x=(-0.088, -0.032), y=(-0.005, -0.000), z=(-0.038, 0.010)].[0m
[38;5;226m[Genesis] [04:24:19] [WARNING] Link 'M_Right1_1' has dubious center of mass [x=-0.025, y=0.003, z=-0.014] compared to the bounding box from geometry [x=(-0.087, -0.033), y=(0.000, 0.005), z=(-0.038, 0.010)].[0m
[38;5;226m[Genesis] [04:24:19] [WARNING] Link 'M_Top_1' has dubious center of mass [x=-0.024, y=0.028, z=0.005] compared to the bounding box from geometry [x=(-0.088, -0.032), y=(-0.031, 0.088), z=(-0.000, 0.010)].[0m
[38;5;226m[Genesis] [04:24:19] [WARNING] Link 'M_LeftLink_1' has dubious center of mass [x=-0.002, y=0.005, z=0.046] compared to the bounding box from geometry [x=(-0.040, -0.035), y=(-0.005, 0.015), z=(-0.005, 0.095)].[0m
[38;5;226m[Genesis] [04:24:19] [WARNING] Link 'M_RightLink_1' has dubious center of mass [x=-0.002, y=-0.005, z=0.046] compared to the bounding box from geometry [x=(-0.040, -0.035), y=(-0.015, 0.005), z=(-0.005, 0.095)].[0m
[38;5;226m[Genesis] [04:24:19] [WARNING] Link 'M_LeftLink2_copy_1' has dubious center of mass [x=-0.005, y=-0.005, z=0.021] compared to the bounding box from geometry [x=(-0.044, -0.032), y=(-0.015, 0.005), z=(-0.000, 0.045)].[0m
[38;5;226m[Genesis] [04:24:19] [WARNING] Link 'link_2' has dubious center of mass [x=0.000, y=0.000, z=0.000] compared to the bounding box from geometry [x=(-0.068, 0.479), y=(-0.069, 0.069), z=(0.082, 0.274)].[0m
[38;5;226m[Genesis] [04:24:20] [WARNING] Constraint solver time constant should be greater than 2*substep_dt. timeconst is changed from `0.0002` to `0.01`). Decrease simulation timestep or increase timeconst to avoid altering the original value.[0m
[38;5;226m[Genesis] [04:24:20] [WARNING] Filtered out geometry pairs causing self-collision for the neutral configuration (qpos0): (107, 109). Consider tuning Morph option 'decompose_robot_error_threshold' or specify dedicated collision meshes. This behavior can be disabled by setting Morph option 'enable_neutral_collision=True'.[0m
C:\Users\user\AppData\Local\Programs\Python\Python311\Lib\site-packages\quadrants\_test_tools\warnings_helper.py:11: UserWarning: cannot create weak reference to 'tuple' object. Template mapper caching disabled.
  warnings.warn(message)
[build] 성공 (16.4s)
[bag] shape 고정: 246/714 정점(바닥+양측면), 입구는 자유
[slot] gap_cx=-0.3300 gap_cy=-0.0473 gap_width=12.5mm wall_top_z=0.0864
[slot] pocket(L1_Wall1_1) center=(-0.3683,-0.0853)
[ctrl] Left_Wall force clip: ±100 N (Motor2 ctrlrange, docs/Crusher.md §5) — 벽은 이 힘에서 균형지는 위치에 멈춘다
[bag] grip_strip verts near FINGER_MID: 76
[38;5;226m[Genesis] [04:24:36] [WARNING] fps=30 is not reachable with dt=0.005. Recording at fps=28.57142857142857 instead.[0m
[38;5;226m[Genesis] [04:24:36] [WARNING] fps=30 is not reachable with dt=0.005. Recording at fps=28.57142857142857 instead.[0m
[38;5;226m[Genesis] [04:24:36] [WARNING] fps=30 is not reachable with dt=0.005. Recording at fps=28.57142857142857 instead.[0m

[phase] 0 prep (1.0s) — 크랭크 0->-3.142rad(-180deg), Left_Wall 0->+6mm(개방)
[phase] prep     @done  crank=-3.000rad  wall=+5.43mm
    [drop k=   0] tablet_z=+409.33mm bag_com=[-0.1266069 -0.6158434  0.3989815]
    [drop k=  40] tablet_z=+407.22mm bag_com=[-0.12660515 -0.615843    0.39898142]
    [drop k=  80] tablet_z=+387.61mm bag_com=[-0.1266074  -0.6158425   0.39898172]
    [drop k= 120] tablet_z=+368.32mm bag_com=[-0.12660372 -0.61584103  0.39898142]
[phase] drop     @done  bag_com=[-0.12660477 -0.6158407   0.39898163]  finger_z=0.4378  tablet_z=+366.22mm  tilt=0.7deg  bag_bottom=0.3543
[phase] settle   @done  bag_com=[-0.1266043 -0.6158386  0.3989816]  finger_z=0.4378  tablet_z=+359.99mm  tilt=1.2deg  bag_bottom=0.3543
[bag] shape 고정 해제 — 이제부터 순수 마찰 파지
[phase] close    @done  bag_com=[-0.12614554 -0.6158618   0.39880115]  finger_z=0.4361  tablet_z=+359.26mm  tilt=0.7deg  bag_bottom=0.3538
[phase] grasp    @done  bag_com=[-0.12622753 -0.61589503  0.39880472]  finger_z=0.4361  tablet_z=+357.43mm  tilt=0.7deg  bag_bottom=0.3538
[phase] lift     @done  bag_com=[-0.12983906 -0.6165368   0.52439654]  finger_z=0.5620  tablet_z=+482.43mm  tilt=1.4deg  bag_bottom=0.4792
[phase] hold     @done  bag_com=[-0.12911445 -0.6165322   0.524344  ]  finger_z=0.5620  tablet_z=+482.37mm  tilt=1.2deg  bag_bottom=0.4791
[slot] wall_center_z=0.0504  insert_z(finger)=0.1324  hang=82mm
[slot] 봉투중심 보정 dy=+28.0mm -> finger_y=-0.0753 (봉투중심 y=-0.0473 = gap_cy -0.0473)
[sweep] Y_OFFSET_MM=+0.0mm -> target_xy=[-0.33002774 -0.07530234]  (gap_cy=-0.0473)
[cam] side view 고정: pos=(np.float64(-0.33002774047851563), np.float64(-0.5973023381233216), np.float64(0.168431227684021)) look=(np.float64(-0.33002774047851563), np.float64(-0.04730233812332152), np.float64(0.168431227684021)) (gap_width=12.5mm, z범위 above=0.2864~insert=0.1324)

[ik] above-slot target=[-0.33002774 -0.07530234  0.28643123]  arm_q=[1.5598630e+00 5.8956242e-01 6.3463879e-01 8.6065196e-04 1.9171984e+00
 1.5599837e+00]
    [above k=   0] tablet_z=+482.37mm bag_com=[-0.12911332 -0.6165322   0.5243437 ]
    [above k=  40] tablet_z=+481.11mm bag_com=[-0.12622397 -0.6136734   0.5230574 ]
    [above k=  80] tablet_z=+473.29mm bag_com=[-0.10513993 -0.59528446  0.5151607 ]
    [above k= 120] tablet_z=+456.73mm bag_com=[-0.07308151 -0.5500767   0.496791  ]
    [above k= 160] tablet_z=+426.35mm bag_com=[-0.05135002 -0.46172753  0.4660005 ]
    [above k= 200] tablet_z=+382.38mm bag_com=[-0.05999565 -0.35146016  0.42066216]
    [above k= 240] tablet_z=+327.45mm bag_com=[-0.09875946 -0.20613271  0.3631071 ]
    [above k= 280] tablet_z=+273.76mm bag_com=[-0.18971981 -0.11080686  0.30836377]
    [above k= 320] tablet_z=+235.70mm bag_com=[-0.27418053 -0.066111    0.26989013]
    [above k= 360] tablet_z=+218.10mm bag_com=[-0.33259708 -0.05182261  0.25228173]
[phase] above    @done  bag_com=[-0.33099544 -0.04808944  0.24852295]  finger_z=0.2862  tablet_z=+214.35mm  tilt=2.1deg  bag_bottom=0.2032
[phase] aboveset @done  bag_com=[-0.33202115 -0.04791445  0.24865413]  finger_z=0.2862  tablet_z=+213.43mm  tilt=4.0deg  bag_bottom=0.2035
[ik] insert target=[-0.33002774 -0.07530234  0.13243123]  웨이포인트 41개(카테시안 직선)  arm_q=[1.5599340e+00 5.3341097e-01 1.1497788e+00 7.7093038e-04 1.4582068e+00
 1.5596435e+00]
    [insert k=   0] tablet_z=+213.27mm bag_com=[-0.33201474 -0.04793547  0.24849848]
    [insert k=  40] tablet_z=+211.73mm bag_com=[-0.3320763  -0.04792849  0.24713264]
    [insert k=  80] tablet_z=+204.02mm bag_com=[-0.3321154  -0.04787881  0.23946548]
    [insert k= 120] tablet_z=+187.42mm bag_com=[-0.33224726 -0.04785364  0.22308768]
    [insert k= 160] tablet_z=+163.68mm bag_com=[-0.3325927  -0.04785219  0.19919257]
    [insert k= 200] tablet_z=+135.63mm bag_com=[-0.3319311  -0.04783025  0.17098054]
    [insert k= 240] tablet_z=+107.52mm bag_com=[-0.33175877 -0.04781468  0.14292257]
    [insert k= 280] tablet_z=+89.49mm bag_com=[-0.32704285 -0.0483951   0.12319461]
    [insert k= 320] tablet_z=+67.38mm bag_com=[-0.32826534 -0.04794409  0.10328643]
    [insert k= 360] tablet_z=+59.60mm bag_com=[-0.3289566  -0.04791852  0.09585051]
[phase] insert   @done  bag_com=[-0.32899046 -0.04793508  0.09461412]  finger_z=0.1322  tablet_z=+58.19mm  tilt=2.9deg  bag_bottom=0.0494
[phase] settle2  @done  bag_com=[-0.3289294  -0.04795941  0.09460285]  finger_z=0.1322  tablet_z=+57.71mm  tilt=3.0deg  bag_bottom=0.0494
[trim] TRIM_ROUNDS=0 — 생략(기본값). settle2 시점 bag_bottom 오차 +1.0mm 를 그대로 결과로 쓴다.
[trim] 최종 finger_z=0.1324  (초기 0.1324, 하한 0.1024)

[phase] 9 clamp (2.0s) — Left_Wall +6.0mm -> -12.0mm (실링부 압착)
[phase] clamp    @done  wall=-8.25mm  (잔여: 플랜지면 4.25mm / 본체면 9.25mm)  bag_com=[-0.33194053 -0.04793158  0.09471926]
    [release k=   0] tablet_z=+54.54mm bag_com=[-0.33194402 -0.04793252  0.09471862]
    [release k=  40] tablet_z=+54.23mm bag_com=[-0.33309105 -0.04802417  0.09484207]
    [release k=  80] tablet_z=+53.24mm bag_com=[-0.33536518 -0.0479813   0.09462018]
[phase] release  @done  bag_com=[-0.3355868  -0.04797478  0.09452172]  finger_z=0.1339  tablet_z=+53.14mm  tilt=6.1deg  bag_bottom=0.0494

[RESULT] GRIP_OFFSET_MM=-28mm  Y_OFFSET_MM=+0.0mm  verdict=PASS  (삽입 성공, 걸림/붕괴 없음)
[RESULT] final_bottom_z=0.0494  wall_center_z=0.0504  오차=-1.0mm(+면 얕음/-면 깊음)
[RESULT] width_y=65.1mm(baseline 64.7mm)  height_z=90.5mm(baseline 90.7mm)

[saved] overview -> C:\Users\user\Desktop\Crusher_IsaacSim\Crusher_Genesis\Crusher_M0609_RG2_Tablet_Samplebag\RESULT\grip-28mm\full_workflow_grip-28mm_yoff+0.0mm_20260826_042407_overview.mp4
[saved] bagcam   -> C:\Users\user\Desktop\Crusher_IsaacSim\Crusher_Genesis\Crusher_M0609_RG2_Tablet_Samplebag\RESULT\grip-28mm\full_workflow_grip-28mm_yoff+0.0mm_20260826_042407_bagcam.mp4
[saved] sideview -> C:\Users\user\Desktop\Crusher_IsaacSim\Crusher_Genesis\Crusher_M0609_RG2_Tablet_Samplebag\RESULT\grip-28mm\full_workflow_grip-28mm_yoff+0.0mm_20260826_042407_sideview.mp4

[timing] build=16.4s  steps=250.4s (2430 steps, 103.1ms/step)  합계=266.8s
완료.
