[cfg] 변인분리: 봉투를 기존(실링없음 6mm 균일)으로 되돌리고 압착면 box 는 유지 -> box 가 build 를 깨는지 확인
============================================================
 Full workflow: tablet drop -> bag catch -> grasp -> lift -> Crusher slot insert (viewer=False)
============================================================
[mjcf] Left_Wall 압착면 box 추가: 단차 5.00mm 를 높이 72.0mm x 폭 65.0mm 전체에 메움 -> 압착 간격이 전 높이에서 12.00mm 로 균일
[fem_ipc_workarounds] FEMEntity.set_vertex_constraints 패치 완료 (IPC 커플러 버그 우회)
[38;5;226m[Genesis] [18:12:03] [WARNING] At least one of the meshes contain many faces (15432). Consider setting 'morph.decimate=True' to speed up collision detection and improve numerical stability.[0m
[38;5;226m[Genesis] [18:12:03] [WARNING] At least one of the meshes contain many faces (15762). Consider setting 'morph.decimate=True' to speed up collision detection and improve numerical stability.[0m
[38;5;226m[Genesis] [18:12:03] [WARNING] Mesh is not watertight. Falling back to convex hull for estimating inertial properties.[0m
[38;5;226m[Genesis] [18:12:04] [WARNING] Mesh is not watertight. Falling back to convex hull for estimating inertial properties.[0m
[38;5;226m[Genesis] [18:12:04] [WARNING] At least one of the meshes contain many faces (12522). Consider setting 'morph.decimate=True' to speed up collision detection and improve numerical stability.[0m
[38;5;226m[Genesis] [18:12:04] [WARNING] Mesh is not watertight. Falling back to convex hull for estimating inertial properties.[0m
[38;5;226m[Genesis] [18:12:04] [WARNING] Mesh is not watertight. Falling back to convex hull for estimating inertial properties.[0m
[38;5;226m[Genesis] [18:12:04] [WARNING] Mesh is not watertight. Falling back to convex hull for estimating inertial properties.[0m
[38;5;226m[Genesis] [18:12:04] [WARNING] Mesh is not watertight. Falling back to convex hull for estimating inertial properties.[0m
[38;5;226m[Genesis] [18:12:04] [WARNING] Mesh is not watertight. Falling back to convex hull for estimating inertial properties.[0m
[38;5;226m[Genesis] [18:12:04] [WARNING] Mesh is not watertight. Falling back to convex hull for estimating inertial properties.[0m
[38;5;226m[Genesis] [18:12:04] [WARNING] Mesh is not watertight. Falling back to convex hull for estimating inertial properties.[0m
[38;5;226m[Genesis] [18:12:04] [WARNING] Mesh is not watertight. Falling back to convex hull for estimating inertial properties.[0m
[38;5;226m[Genesis] [18:12:04] [WARNING] Mesh is not watertight. Falling back to convex hull for estimating inertial properties.[0m
[38;5;226m[Genesis] [18:12:04] [WARNING] Mesh is not watertight. Falling back to convex hull for estimating inertial properties.[0m
[38;5;226m[Genesis] [18:12:04] [WARNING] Mesh is not watertight. Falling back to convex hull for estimating inertial properties.[0m
[38;5;226m[Genesis] [18:12:04] [WARNING] Mesh is not watertight. Falling back to convex hull for estimating inertial properties.[0m
[38;5;226m[Genesis] [18:12:04] [WARNING] Mesh is not watertight. Falling back to convex hull for estimating inertial properties.[0m
[38;5;226m[Genesis] [18:12:04] [WARNING] Mesh is not watertight. Falling back to convex hull for estimating inertial properties.[0m
[38;5;226m[Genesis] [18:12:04] [WARNING] Mesh is not watertight. Falling back to convex hull for estimating inertial properties.[0m
[38;5;226m[Genesis] [18:12:04] [WARNING] At least one of the meshes contain many faces (27466). Consider setting 'morph.decimate=True' to speed up collision detection and improve numerical stability.[0m
[38;5;226m[Genesis] [18:12:04] [WARNING] Mesh is not watertight. Falling back to convex hull for estimating inertial properties.[0m
[38;5;226m[Genesis] [18:12:04] [WARNING] Mesh is not watertight. Falling back to convex hull for estimating inertial properties.[0m
[38;5;226m[Genesis] [18:12:04] [WARNING] Mesh is not watertight. Falling back to convex hull for estimating inertial properties.[0m
[38;5;226m[Genesis] [18:12:04] [WARNING] Mesh is not watertight. Falling back to convex hull for estimating inertial properties.[0m
[38;5;226m[Genesis] [18:12:04] [WARNING] Mesh is not watertight. Falling back to convex hull for estimating inertial properties.[0m

[build] scene.build() 시작...
[38;5;226m[Genesis] [18:12:05] [WARNING] Link 'L4_Motor2_Shaft_1' has dubious center of mass [x=0.000, y=-0.037, z=0.015] compared to the bounding box from geometry [x=(-0.018, 0.018), y=(-0.018, 0.018), z=(-0.000, 0.077)].[0m
[38;5;226m[Genesis] [18:12:05] [WARNING] Link 'M_Bottom_1' has dubious center of mass [x=0.166, y=0.030, z=-0.073] compared to the bounding box from geometry [x=(0.106, 0.155), y=(-0.011, 0.071), z=(-0.078, -0.068)].[0m
[38;5;226m[Genesis] [18:12:05] [WARNING] Link 'M_Back_1' has dubious center of mass [x=0.003, y=0.021, z=0.011] compared to the bounding box from geometry [x=(-0.035, -0.030), y=(-0.033, 0.076), z=(-0.005, 0.028)].[0m
[38;5;226m[Genesis] [18:12:05] [WARNING] Link 'M_Left1_1' has dubious center of mass [x=-0.025, y=-0.002, z=-0.014] compared to the bounding box from geometry [x=(-0.088, -0.032), y=(-0.005, -0.000), z=(-0.038, 0.010)].[0m
[38;5;226m[Genesis] [18:12:05] [WARNING] Link 'M_Right1_1' has dubious center of mass [x=-0.025, y=0.003, z=-0.014] compared to the bounding box from geometry [x=(-0.087, -0.033), y=(0.000, 0.005), z=(-0.038, 0.010)].[0m
[38;5;226m[Genesis] [18:12:05] [WARNING] Link 'M_Top_1' has dubious center of mass [x=-0.024, y=0.028, z=0.005] compared to the bounding box from geometry [x=(-0.088, -0.032), y=(-0.031, 0.088), z=(-0.000, 0.010)].[0m
[38;5;226m[Genesis] [18:12:05] [WARNING] Link 'M_LeftLink_1' has dubious center of mass [x=-0.002, y=0.005, z=0.046] compared to the bounding box from geometry [x=(-0.040, -0.035), y=(-0.005, 0.015), z=(-0.005, 0.095)].[0m
[38;5;226m[Genesis] [18:12:05] [WARNING] Link 'M_RightLink_1' has dubious center of mass [x=-0.002, y=-0.005, z=0.046] compared to the bounding box from geometry [x=(-0.040, -0.035), y=(-0.015, 0.005), z=(-0.005, 0.095)].[0m
[38;5;226m[Genesis] [18:12:05] [WARNING] Link 'M_LeftLink2_copy_1' has dubious center of mass [x=-0.005, y=-0.005, z=0.021] compared to the bounding box from geometry [x=(-0.044, -0.032), y=(-0.015, 0.005), z=(-0.000, 0.045)].[0m
[38;5;226m[Genesis] [18:12:05] [WARNING] Link 'link_2' has dubious center of mass [x=0.000, y=0.000, z=0.000] compared to the bounding box from geometry [x=(-0.068, 0.479), y=(-0.069, 0.069), z=(0.082, 0.274)].[0m
[38;5;226m[Genesis] [18:12:05] [WARNING] Constraint solver time constant should be greater than 2*substep_dt. timeconst is changed from `0.0002` to `0.01`). Decrease simulation timestep or increase timeconst to avoid altering the original value.[0m
[38;5;226m[Genesis] [18:12:06] [WARNING] Filtered out geometry pairs causing self-collision for the neutral configuration (qpos0): (113, 115). Consider tuning Morph option 'decompose_robot_error_threshold' or specify dedicated collision meshes. This behavior can be disabled by setting Morph option 'enable_neutral_collision=True'.[0m
C:\Users\simuser\miniconda3\envs\crusher_genesis\Lib\site-packages\quadrants\_test_tools\warnings_helper.py:11: UserWarning: cannot create weak reference to 'tuple' object. Template mapper caching disabled.
  warnings.warn(message)
[build] 성공 (9.8s)
[bag] shape 고정: 375/771 정점(바닥+양측면), 입구는 자유
[slot] gap_cx=-0.3303 gap_cy=-0.0473 gap_width=12.0mm wall_top_z=0.0864
[slot] pocket(L1_Wall1_1) center=(-0.3683,-0.0853)
[ctrl] Left_Wall force clip: ±100 N (Motor2 ctrlrange, docs/Crusher.md §5) — 벽은 이 힘에서 균형지는 위치에 멈춘다
[bag] grip_strip verts near FINGER_MID: 118
[38;5;226m[Genesis] [18:12:15] [WARNING] fps=30 is not reachable with dt=0.005. Recording at fps=28.57142857142857 instead.[0m
[38;5;226m[Genesis] [18:12:15] [WARNING] fps=30 is not reachable with dt=0.005. Recording at fps=28.57142857142857 instead.[0m
[38;5;226m[Genesis] [18:12:15] [WARNING] fps=30 is not reachable with dt=0.005. Recording at fps=28.57142857142857 instead.[0m

[phase] 0 prep (1.0s) — 크랭크 0->-3.142rad(-180deg), Left_Wall 0->+6mm(개방)
[phase] prep     @done  crank=-3.000rad  wall=+5.43mm
    [drop k=   0] tablet_z=+443.66mm bag_com=[-0.1265228  -0.6446936   0.39859152]
    [drop k=  40] tablet_z=+442.29mm bag_com=[-0.12653394 -0.6446936   0.3985914 ]
    [drop k=  80] tablet_z=+438.17mm bag_com=[-0.12653397 -0.6446936   0.39859143]
    [drop k= 120] tablet_z=+426.06mm bag_com=[-0.12653531 -0.6446937   0.3985914 ]
[phase] drop     @done  bag_com=[-0.12653491 -0.644693    0.39859143]  finger_z=0.4378  tablet_z=+417.51mm  tilt=0.2deg  bag_bottom=0.3551
[phase] settle   @done  bag_com=[-0.12653373 -0.6446937   0.39859143]  finger_z=0.4378  tablet_z=+399.27mm  tilt=0.8deg  bag_bottom=0.3551
[bag] shape 고정 해제 — 이제부터 순수 마찰 파지
[phase] close    @done  bag_com=[-0.12653792 -0.6447022   0.39790636]  finger_z=0.4361  tablet_z=+396.02mm  tilt=1.0deg  bag_bottom=0.3538
[phase] grasp    @done  bag_com=[-0.12653407 -0.644699    0.39790723]  finger_z=0.4361  tablet_z=+395.44mm  tilt=1.0deg  bag_bottom=0.3538
[phase] lift     @done  bag_com=[-0.12693848 -0.64459413  0.52365154]  finger_z=0.5620  tablet_z=+520.24mm  tilt=2.6deg  bag_bottom=0.4795
[phase] hold     @done  bag_com=[-0.1268456  -0.64457774  0.52364445]  finger_z=0.5620  tablet_z=+519.65mm  tilt=2.6deg  bag_bottom=0.4794
[slot] wall_center_z=0.0504  insert_z(finger)=0.1324  hang=82mm
[slot] 봉투중심 보정 dy=+0.0mm -> finger_y=-0.0473 (봉투중심 y=-0.0473 = gap_cy -0.0473)
[sweep] Y_OFFSET_MM=+0.0mm -> target_xy=[-0.33027777 -0.04730234]  (gap_cy=-0.0473)
[cam] side view 고정: pos=(np.float64(-0.3302777709960938), np.float64(-0.597302336215973), np.float64(0.168431227684021)) look=(np.float64(-0.3302777709960938), np.float64(-0.047302336215972886), np.float64(0.168431227684021)) (gap_width=12.0mm, z범위 above=0.2864~insert=0.1324)

[ik] above-slot target=[-0.33027777 -0.04730234  0.28643123]  arm_q=[1.5607795e+00 7.1452564e-01 4.1809464e-01 1.1225222e-03 2.0089021e+00
 1.5615002e+00]
    [above k=   0] tablet_z=+519.64mm bag_com=[-0.12684739 -0.64457774  0.52364445]
    [above k=  40] tablet_z=+518.17mm bag_com=[-0.12300553 -0.6416014   0.5223756 ]
    [above k=  80] tablet_z=+510.49mm bag_com=[-0.10077386 -0.6229945   0.51489174]
    [above k= 120] tablet_z=+492.10mm bag_com=[-0.06060524 -0.5725771   0.49660578]
    [above k= 160] tablet_z=+458.76mm bag_com=[-0.02568332 -0.47648653  0.46394184]
    [above k= 200] tablet_z=+412.44mm bag_com=[-0.03144988 -0.3431305   0.41685635]
    [above k= 240] tablet_z=+356.94mm bag_com=[-0.09645081 -0.21001884  0.36126998]
    [above k= 280] tablet_z=+303.94mm bag_com=[-0.19117491 -0.1153679   0.3085935 ]
    [above k= 320] tablet_z=+264.90mm bag_com=[-0.27773356 -0.06724119  0.26978073]
    [above k= 360] tablet_z=+246.00mm bag_com=[-0.3228747  -0.05059424  0.25112042]
[phase] above    @done  bag_com=[-0.33045405 -0.04820237  0.24799229]  finger_z=0.2863  tablet_z=+242.75mm  tilt=2.5deg  bag_bottom=0.2038
[phase] aboveset @done  bag_com=[-0.33076862 -0.0481944   0.24799296]  finger_z=0.2863  tablet_z=+241.72mm  tilt=2.6deg  bag_bottom=0.2037
[ik] insert target=[-0.33027777 -0.04730234  0.13243123]  웨이포인트 41개(카테시안 직선)  arm_q=[1.5609170e+00 6.1003017e-01 1.0266838e+00 6.4762554e-04 1.5046810e+00
 1.5606700e+00]
    [insert k=   0] tablet_z=+241.52mm bag_com=[-0.3307705  -0.04822038  0.24781956]
    [insert k=  40] tablet_z=+239.93mm bag_com=[-0.33076432 -0.04815916  0.24647385]
    [insert k=  80] tablet_z=+231.24mm bag_com=[-0.33074614 -0.04807343  0.23878099]
    [insert k= 120] tablet_z=+214.45mm bag_com=[-0.3307923  -0.04807037  0.22237496]
    [insert k= 160] tablet_z=+190.03mm bag_com=[-0.33077914 -0.04807105  0.19844647]
    [insert k= 200] tablet_z=+161.70mm bag_com=[-0.33084446 -0.04807159  0.17027964]
    [insert k= 240] tablet_z=+132.83mm bag_com=[-0.3308419  -0.04806401  0.14222312]
    [insert k= 280] tablet_z=+109.28mm bag_com=[-0.33035967 -0.04806231  0.11860105]
    [insert k= 320] tablet_z=+92.68mm bag_com=[-0.33054724 -0.04806202  0.10262091]
    [insert k= 360] tablet_z=+84.21mm bag_com=[-0.3305279  -0.04805934  0.09521943]
[phase] insert   @done  bag_com=[-0.33051404 -0.0480619   0.0939917 ]  finger_z=0.1322  tablet_z=+82.66mm  tilt=2.5deg  bag_bottom=0.0497
[phase] settle2  @done  bag_com=[-0.3305077  -0.04805843  0.09398958]  finger_z=0.1322  tablet_z=+81.89mm  tilt=2.5deg  bag_bottom=0.0497
[trim] TRIM_ROUNDS=0 — 생략(기본값). settle2 시점 bag_bottom 오차 +0.7mm 를 그대로 결과로 쓴다.
[trim] 최종 finger_z=0.1324  (초기 0.1324, 하한 0.1024)

[phase] 9 clamp (2.0s) — Left_Wall +6.0mm -> -12.0mm (실링부 압착)
[phase] clamp    @done  wall=-8.79mm  (잔여 간격 3.21mm = 봉투 실효 압착 두께)  bag_com=[-0.33260602 -0.04824061  0.09391045]
    [release k=   0] tablet_z=+80.39mm bag_com=[-0.3326046  -0.04826969  0.09394076]
    [release k=  40] tablet_z=+78.95mm bag_com=[-0.33072492 -0.04821463  0.09296207]
    [release k=  80] tablet_z=+78.76mm bag_com=[-0.33358502 -0.04828431  0.09274714]
[phase] release  @done  bag_com=[-0.33356354 -0.04832312  0.09273145]  finger_z=0.1339  tablet_z=+78.75mm  tilt=1.8deg  bag_bottom=0.0467

[RESULT] GRIP_OFFSET_MM=+0mm  Y_OFFSET_MM=+0.0mm  verdict=PASS  (삽입 성공, 걸림/붕괴 없음)
[RESULT] final_bottom_z=0.0467  wall_center_z=0.0504  오차=-3.7mm(+면 얕음/-면 깊음)
[RESULT] width_y=67.9mm(baseline 64.2mm)  height_z=92.0mm(baseline 90.2mm)

[saved] overview -> C:\Crusher_isaacsim\Crusher_Genesis\Crusher_M0609_RG2_Tablet_Samplebag\RESULT\grip+00mm\full_workflow_grip+0mm_yoff+0.0mm_20260825_181157_overview.mp4
[saved] bagcam   -> C:\Crusher_isaacsim\Crusher_Genesis\Crusher_M0609_RG2_Tablet_Samplebag\RESULT\grip+00mm\full_workflow_grip+0mm_yoff+0.0mm_20260825_181157_bagcam.mp4
[saved] sideview -> C:\Crusher_isaacsim\Crusher_Genesis\Crusher_M0609_RG2_Tablet_Samplebag\RESULT\grip+00mm\full_workflow_grip+0mm_yoff+0.0mm_20260825_181157_sideview.mp4

[timing] build=9.8s  steps=239.9s (2430 steps, 98.7ms/step)  합계=249.7s
완료.
