[cfg] LAYOUT_FROM_STEP=1 + 슬롯 축 자동판별
============================================================
 Full workflow: tablet drop -> bag catch -> grasp -> lift -> Crusher slot insert (viewer=False)
============================================================
[mjcf] Left_Wall 형상 교체: 옛 geom 12개(시각 1 + hull 11) -> 본체 hull 5개 + 플랜지 1개 + 시각 1개. 중립 간격 플랜지 12.50mm / 본체 17.50mm
[fem_ipc_workarounds] FEMEntity.set_vertex_constraints 패치 완료 (IPC 커플러 버그 우회)
[38;5;226m[Genesis] [19:43:40] [WARNING] At least one of the meshes contain many faces (15432). Consider setting 'morph.decimate=True' to speed up collision detection and improve numerical stability.[0m
[38;5;226m[Genesis] [19:43:40] [WARNING] At least one of the meshes contain many faces (15762). Consider setting 'morph.decimate=True' to speed up collision detection and improve numerical stability.[0m
[38;5;226m[Genesis] [19:43:40] [WARNING] Mesh is not watertight. Falling back to convex hull for estimating inertial properties.[0m
[38;5;226m[Genesis] [19:43:40] [WARNING] Mesh is not watertight. Falling back to convex hull for estimating inertial properties.[0m
[38;5;226m[Genesis] [19:43:40] [WARNING] At least one of the meshes contain many faces (12522). Consider setting 'morph.decimate=True' to speed up collision detection and improve numerical stability.[0m
[38;5;226m[Genesis] [19:43:40] [WARNING] Mesh is not watertight. Falling back to convex hull for estimating inertial properties.[0m
[38;5;226m[Genesis] [19:43:40] [WARNING] Mesh is not watertight. Falling back to convex hull for estimating inertial properties.[0m
[38;5;226m[Genesis] [19:43:40] [WARNING] Mesh is not watertight. Falling back to convex hull for estimating inertial properties.[0m
[38;5;226m[Genesis] [19:43:40] [WARNING] Mesh is not watertight. Falling back to convex hull for estimating inertial properties.[0m
[38;5;226m[Genesis] [19:43:40] [WARNING] Mesh is not watertight. Falling back to convex hull for estimating inertial properties.[0m
[38;5;226m[Genesis] [19:43:40] [WARNING] Mesh is not watertight. Falling back to convex hull for estimating inertial properties.[0m
[38;5;226m[Genesis] [19:43:40] [WARNING] Mesh is not watertight. Falling back to convex hull for estimating inertial properties.[0m
[38;5;226m[Genesis] [19:43:40] [WARNING] Mesh is not watertight. Falling back to convex hull for estimating inertial properties.[0m
[38;5;226m[Genesis] [19:43:40] [WARNING] Mesh is not watertight. Falling back to convex hull for estimating inertial properties.[0m
[38;5;226m[Genesis] [19:43:40] [WARNING] Mesh is not watertight. Falling back to convex hull for estimating inertial properties.[0m
[38;5;226m[Genesis] [19:43:40] [WARNING] Mesh is not watertight. Falling back to convex hull for estimating inertial properties.[0m
[38;5;226m[Genesis] [19:43:40] [WARNING] Mesh is not watertight. Falling back to convex hull for estimating inertial properties.[0m
[38;5;226m[Genesis] [19:43:40] [WARNING] Mesh is not watertight. Falling back to convex hull for estimating inertial properties.[0m
[38;5;226m[Genesis] [19:43:41] [WARNING] Mesh is not watertight. Falling back to convex hull for estimating inertial properties.[0m
[38;5;226m[Genesis] [19:43:41] [WARNING] Mesh is not watertight. Falling back to convex hull for estimating inertial properties.[0m
[38;5;226m[Genesis] [19:43:41] [WARNING] At least one of the meshes contain many faces (27466). Consider setting 'morph.decimate=True' to speed up collision detection and improve numerical stability.[0m
[38;5;226m[Genesis] [19:43:41] [WARNING] Mesh is not watertight. Falling back to convex hull for estimating inertial properties.[0m
[38;5;226m[Genesis] [19:43:41] [WARNING] Mesh is not watertight. Falling back to convex hull for estimating inertial properties.[0m
[38;5;226m[Genesis] [19:43:41] [WARNING] Mesh is not watertight. Falling back to convex hull for estimating inertial properties.[0m
[38;5;226m[Genesis] [19:43:41] [WARNING] Mesh is not watertight. Falling back to convex hull for estimating inertial properties.[0m
[38;5;226m[Genesis] [19:43:41] [WARNING] Mesh is not watertight. Falling back to convex hull for estimating inertial properties.[0m

[build] scene.build() 시작...
[38;5;226m[Genesis] [19:43:41] [WARNING] Link 'L4_Motor2_Shaft_1' has dubious center of mass [x=0.000, y=-0.037, z=0.015] compared to the bounding box from geometry [x=(-0.018, 0.018), y=(-0.018, 0.018), z=(-0.000, 0.077)].[0m
[38;5;226m[Genesis] [19:43:41] [WARNING] Link 'M_Bottom_1' has dubious center of mass [x=0.166, y=0.030, z=-0.073] compared to the bounding box from geometry [x=(0.106, 0.155), y=(-0.011, 0.071), z=(-0.078, -0.068)].[0m
[38;5;226m[Genesis] [19:43:41] [WARNING] Link 'M_Back_1' has dubious center of mass [x=0.003, y=0.021, z=0.011] compared to the bounding box from geometry [x=(-0.035, -0.030), y=(-0.033, 0.076), z=(-0.005, 0.028)].[0m
[38;5;226m[Genesis] [19:43:41] [WARNING] Link 'M_Left1_1' has dubious center of mass [x=-0.025, y=-0.002, z=-0.014] compared to the bounding box from geometry [x=(-0.088, -0.032), y=(-0.005, -0.000), z=(-0.038, 0.010)].[0m
[38;5;226m[Genesis] [19:43:41] [WARNING] Link 'M_Right1_1' has dubious center of mass [x=-0.025, y=0.003, z=-0.014] compared to the bounding box from geometry [x=(-0.087, -0.033), y=(0.000, 0.005), z=(-0.038, 0.010)].[0m
[38;5;226m[Genesis] [19:43:41] [WARNING] Link 'M_Top_1' has dubious center of mass [x=-0.024, y=0.028, z=0.005] compared to the bounding box from geometry [x=(-0.088, -0.032), y=(-0.031, 0.088), z=(-0.000, 0.010)].[0m
[38;5;226m[Genesis] [19:43:41] [WARNING] Link 'M_LeftLink_1' has dubious center of mass [x=-0.002, y=0.005, z=0.046] compared to the bounding box from geometry [x=(-0.040, -0.035), y=(-0.005, 0.015), z=(-0.005, 0.095)].[0m
[38;5;226m[Genesis] [19:43:41] [WARNING] Link 'M_RightLink_1' has dubious center of mass [x=-0.002, y=-0.005, z=0.046] compared to the bounding box from geometry [x=(-0.040, -0.035), y=(-0.015, 0.005), z=(-0.005, 0.095)].[0m
[38;5;226m[Genesis] [19:43:41] [WARNING] Link 'M_LeftLink2_copy_1' has dubious center of mass [x=-0.005, y=-0.005, z=0.021] compared to the bounding box from geometry [x=(-0.044, -0.032), y=(-0.015, 0.005), z=(-0.000, 0.045)].[0m
[38;5;226m[Genesis] [19:43:41] [WARNING] Link 'link_2' has dubious center of mass [x=0.000, y=0.000, z=0.000] compared to the bounding box from geometry [x=(-0.068, 0.479), y=(-0.069, 0.069), z=(0.082, 0.274)].[0m
[38;5;226m[Genesis] [19:43:42] [WARNING] Constraint solver time constant should be greater than 2*substep_dt. timeconst is changed from `0.0002` to `0.01`). Decrease simulation timestep or increase timeconst to avoid altering the original value.[0m
[38;5;226m[Genesis] [19:43:42] [WARNING] Filtered out geometry pairs causing self-collision for the neutral configuration (qpos0): (91, 114), (104, 106). Consider tuning Morph option 'decompose_robot_error_threshold' or specify dedicated collision meshes. This behavior can be disabled by setting Morph option 'enable_neutral_collision=True'.[0m
C:\Users\simuser\miniconda3\envs\crusher_genesis\Lib\site-packages\quadrants\_test_tools\warnings_helper.py:11: UserWarning: cannot create weak reference to 'tuple' object. Template mapper caching disabled.
  warnings.warn(message)
[build] 성공 (9.7s)
[bag] shape 고정: 246/714 정점(바닥+양측면), 입구는 자유
[slot] 간격축 = world Y (겹침 -12.5mm), 슬롯 길이축 = world X (겹침 +65.0mm)
[slot] gap_cx=0.2125 gap_cy=-0.0053 gap_width=12.5mm wall_top_z=0.0870
[slot] pocket(L1_Wall1_1) center=(0.1745,0.0330)
[ctrl] Left_Wall force clip: ±100 N (Motor2 ctrlrange, docs/Crusher.md §5) — 벽은 이 힘에서 균형지는 위치에 멈춘다
[bag] grip_strip verts near FINGER_MID: 110
[38;5;226m[Genesis] [19:43:51] [WARNING] fps=30 is not reachable with dt=0.005. Recording at fps=28.57142857142857 instead.[0m
[38;5;226m[Genesis] [19:43:51] [WARNING] fps=30 is not reachable with dt=0.005. Recording at fps=28.57142857142857 instead.[0m
[38;5;226m[Genesis] [19:43:51] [WARNING] fps=30 is not reachable with dt=0.005. Recording at fps=28.57142857142857 instead.[0m

[phase] 0 prep (1.0s) — 크랭크 0->-3.142rad(-180deg), Left_Wall 0->+6mm(개방)
[phase] prep     @done  crank=-3.000rad  wall=+5.43mm
    [drop k=   0] tablet_z=+442.62mm bag_com=[-0.0215583  0.2561828  0.3989814]
    [drop k=  40] tablet_z=+439.32mm bag_com=[-0.02155596  0.256183    0.3989813 ]
    [drop k=  80] tablet_z=+433.91mm bag_com=[-0.02155746  0.25618294  0.39898142]
    [drop k= 120] tablet_z=+427.25mm bag_com=[-0.02155049  0.2561832   0.39898157]
[phase] drop     @done  bag_com=[-0.02155432  0.2561831   0.3989812 ]  finger_z=0.4378  tablet_z=+412.19mm  tilt=1.2deg  bag_bottom=0.3543
[phase] settle   @done  bag_com=[-0.02155667  0.2561828   0.39898157]  finger_z=0.4378  tablet_z=+379.61mm  tilt=0.6deg  bag_bottom=0.3543
[bag] shape 고정 해제 — 이제부터 순수 마찰 파지
[phase] close    @done  bag_com=[-0.02155488  0.25618327  0.3987851 ]  finger_z=0.4361  tablet_z=+367.00mm  tilt=1.2deg  bag_bottom=0.3538
[phase] grasp    @done  bag_com=[-0.02155487  0.25618473  0.39878687]  finger_z=0.4361  tablet_z=+362.77mm  tilt=1.1deg  bag_bottom=0.3538
[phase] lift     @done  bag_com=[-0.02159007  0.2562761   0.5245275 ]  finger_z=0.5620  tablet_z=+482.99mm  tilt=1.7deg  bag_bottom=0.4794
[phase] hold     @done  bag_com=[-0.02184419  0.25627866  0.52452236]  finger_z=0.5620  tablet_z=+482.89mm  tilt=1.6deg  bag_bottom=0.4794
[slot] wall_center_z=0.0510  insert_z(finger)=0.1330  hang=82mm
[slot] 봉투중심 보정 dy=+0.0mm -> finger_y=-0.0053 (봉투중심 y=-0.0053 = gap_cy -0.0053)
[sweep] Y_OFFSET_MM=+0.0mm -> target_xy=[ 0.21249766 -0.00527226]  (gap_cy=-0.0053)
[cam] side view 고정: pos=(np.float64(0.21249766187667846), np.float64(-0.5552722595214844), np.float64(0.169001227684021)) look=(np.float64(0.21249766187667846), np.float64(-0.005272259521484357), np.float64(0.169001227684021)) (gap_width=12.5mm, z범위 above=0.2870~insert=0.1330)

[ik] above-slot target=[ 0.21249766 -0.00527226  0.28700123]  arm_q=[-5.4038620e-01  3.6891165e-01  9.7204053e-01  2.8047431e-04
  1.8006573e+00 -5.4053032e-01]
    [above k=   0] tablet_z=+482.89mm bag_com=[-0.02184595  0.25627872  0.5245223 ]
    [above k=  40] tablet_z=+481.42mm bag_com=[-0.01863555  0.2552453   0.5231167 ]
    [above k=  80] tablet_z=+473.17mm bag_com=[0.00166168 0.24890542 0.5148706 ]
    [above k= 120] tablet_z=+453.69mm bag_com=[0.04043801 0.23209283 0.4952384 ]
    [above k= 160] tablet_z=+419.92mm bag_com=[0.09155372 0.20006658 0.46109256]
    [above k= 200] tablet_z=+372.51mm bag_com=[0.14273316 0.1525884  0.4130049 ]
    [above k= 240] tablet_z=+316.04mm bag_com=[0.18503329 0.0969825  0.35706264]
    [above k= 280] tablet_z=+264.43mm bag_com=[0.20503712 0.04731835 0.30600712]
    [above k= 320] tablet_z=+228.10mm bag_com=[0.21103965 0.01319444 0.26959285]
    [above k= 360] tablet_z=+211.14mm bag_com=[ 0.21179146 -0.00251694  0.25232777]
[phase] above    @done  bag_com=[ 0.21166593 -0.00511407  0.24944793]  finger_z=0.2868  tablet_z=+207.94mm  tilt=2.2deg  bag_bottom=0.2042
[phase] aboveset @done  bag_com=[ 0.21167922 -0.00513128  0.2494401 ]  finger_z=0.2868  tablet_z=+207.73mm  tilt=2.2deg  bag_bottom=0.2042
[ik] insert target=[ 0.21249766 -0.00527226  0.13300123]  웨이포인트 41개(카테시안 직선)  arm_q=[-5.4032433e-01  3.6186230e-01  1.4035985e+00  2.8062443e-04
  1.3761510e+00 -5.4058242e-01]
    [insert k=   0] tablet_z=+207.52mm bag_com=[ 0.2116627  -0.00510361  0.24925487]
    [insert k=  40] tablet_z=+206.13mm bag_com=[ 0.21161744 -0.00511456  0.24790858]
    [insert k=  80] tablet_z=+198.34mm bag_com=[ 0.21159697 -0.00513607  0.24022888]
    [insert k= 120] tablet_z=+181.90mm bag_com=[ 0.21153802 -0.00514109  0.22382198]
    [insert k= 160] tablet_z=+158.05mm bag_com=[ 0.21148562 -0.00515717  0.19989647]
    [insert k= 200] tablet_z=+129.89mm bag_com=[ 0.2113702  -0.00515623  0.17173037]
    [insert k= 240] tablet_z=+101.83mm bag_com=[ 0.21132325 -0.00514342  0.14367893]
    [insert k= 280] tablet_z=+88.37mm bag_com=[ 0.20548175 -0.00522937  0.12350038]
    [insert k= 320] tablet_z=+87.58mm bag_com=[ 0.20268294 -0.00566391  0.11269085]
    [insert k= 360] tablet_z=+87.46mm bag_com=[ 0.2021703  -0.00579496  0.1078728 ]
[phase] insert   @done  bag_com=[ 0.20217821 -0.00578773  0.10709244]  finger_z=0.1328  tablet_z=+87.50mm  tilt=22.8deg  bag_bottom=0.0724
[phase] settle2  @done  bag_com=[ 0.2023932  -0.00572552  0.10695382]  finger_z=0.1328  tablet_z=+87.48mm  tilt=22.2deg  bag_bottom=0.0724
[trim] TRIM_ROUNDS=0 — 생략(기본값). settle2 시점 bag_bottom 오차 +21.4mm 를 그대로 결과로 쓴다.
[trim] 최종 finger_z=0.1330  (초기 0.1330, 하한 0.1030)

[phase] 9 clamp (2.0s) — Left_Wall +6.0mm -> -12.0mm (실링부 압착)
[phase] clamp    @done  wall=-11.22mm  (잔여: 플랜지면 1.28mm / 본체면 6.28mm)  bag_com=[ 0.20312274 -0.00427202  0.10674059]
    [release k=   0] tablet_z=+88.50mm bag_com=[ 0.20311701 -0.0042692   0.106756  ]
    [release k=  40] tablet_z=+88.68mm bag_com=[ 0.20206857 -0.00414508  0.10774332]
    [release k=  80] tablet_z=+88.30mm bag_com=[ 0.19974571 -0.00380063  0.11051062]
[phase] release  @done  bag_com=[ 0.19963804 -0.00376559  0.1110831 ]  finger_z=0.1345  tablet_z=+88.14mm  tilt=14.6deg  bag_bottom=0.0760

[RESULT] GRIP_OFFSET_MM=+0mm  Y_OFFSET_MM=+0.0mm  verdict=FAIL  (미도달(bag_bottom_z=0.0760 vs wall_center_z=0.0510, diff=25.0mm>15mm))
[RESULT] final_bottom_z=0.0760  wall_center_z=0.0510  오차=+25.0mm(+면 얕음/-면 깊음)
[RESULT] width_y=66.6mm(baseline 64.3mm)  height_z=76.1mm(baseline 90.1mm)

[saved] overview -> C:\Crusher_isaacsim\Crusher_Genesis\Crusher_M0609_RG2_Tablet_Samplebag\RESULT\grip+00mm\full_workflow_grip+0mm_yoff+0.0mm_20260828_194333_overview.mp4
[saved] bagcam   -> C:\Crusher_isaacsim\Crusher_Genesis\Crusher_M0609_RG2_Tablet_Samplebag\RESULT\grip+00mm\full_workflow_grip+0mm_yoff+0.0mm_20260828_194333_bagcam.mp4
[saved] sideview -> C:\Crusher_isaacsim\Crusher_Genesis\Crusher_M0609_RG2_Tablet_Samplebag\RESULT\grip+00mm\full_workflow_grip+0mm_yoff+0.0mm_20260828_194333_sideview.mp4

[timing] build=9.7s  steps=214.4s (2430 steps, 88.2ms/step)  합계=224.1s
완료.
