[cfg] 실배치 + BAG_EULER(90,0,0) + WRIST6=+90deg
============================================================
 Full workflow: tablet drop -> bag catch -> grasp -> lift -> Crusher slot insert (viewer=False)
============================================================
[mjcf] Left_Wall 형상 교체: 옛 geom 12개(시각 1 + hull 11) -> 본체 hull 5개 + 플랜지 1개 + 시각 1개. 중립 간격 플랜지 12.50mm / 본체 17.50mm
[fem_ipc_workarounds] FEMEntity.set_vertex_constraints 패치 완료 (IPC 커플러 버그 우회)
[38;5;226m[Genesis] [19:49:11] [WARNING] At least one of the meshes contain many faces (15432). Consider setting 'morph.decimate=True' to speed up collision detection and improve numerical stability.[0m
[38;5;226m[Genesis] [19:49:11] [WARNING] At least one of the meshes contain many faces (15762). Consider setting 'morph.decimate=True' to speed up collision detection and improve numerical stability.[0m
[38;5;226m[Genesis] [19:49:11] [WARNING] Mesh is not watertight. Falling back to convex hull for estimating inertial properties.[0m
[38;5;226m[Genesis] [19:49:11] [WARNING] Mesh is not watertight. Falling back to convex hull for estimating inertial properties.[0m
[38;5;226m[Genesis] [19:49:12] [WARNING] At least one of the meshes contain many faces (12522). Consider setting 'morph.decimate=True' to speed up collision detection and improve numerical stability.[0m
[38;5;226m[Genesis] [19:49:12] [WARNING] Mesh is not watertight. Falling back to convex hull for estimating inertial properties.[0m
[38;5;226m[Genesis] [19:49:12] [WARNING] Mesh is not watertight. Falling back to convex hull for estimating inertial properties.[0m
[38;5;226m[Genesis] [19:49:12] [WARNING] Mesh is not watertight. Falling back to convex hull for estimating inertial properties.[0m
[38;5;226m[Genesis] [19:49:12] [WARNING] Mesh is not watertight. Falling back to convex hull for estimating inertial properties.[0m
[38;5;226m[Genesis] [19:49:12] [WARNING] Mesh is not watertight. Falling back to convex hull for estimating inertial properties.[0m
[38;5;226m[Genesis] [19:49:12] [WARNING] Mesh is not watertight. Falling back to convex hull for estimating inertial properties.[0m
[38;5;226m[Genesis] [19:49:12] [WARNING] Mesh is not watertight. Falling back to convex hull for estimating inertial properties.[0m
[38;5;226m[Genesis] [19:49:12] [WARNING] Mesh is not watertight. Falling back to convex hull for estimating inertial properties.[0m
[38;5;226m[Genesis] [19:49:12] [WARNING] Mesh is not watertight. Falling back to convex hull for estimating inertial properties.[0m
[38;5;226m[Genesis] [19:49:12] [WARNING] Mesh is not watertight. Falling back to convex hull for estimating inertial properties.[0m
[38;5;226m[Genesis] [19:49:12] [WARNING] Mesh is not watertight. Falling back to convex hull for estimating inertial properties.[0m
[38;5;226m[Genesis] [19:49:12] [WARNING] Mesh is not watertight. Falling back to convex hull for estimating inertial properties.[0m
[38;5;226m[Genesis] [19:49:12] [WARNING] Mesh is not watertight. Falling back to convex hull for estimating inertial properties.[0m
[38;5;226m[Genesis] [19:49:12] [WARNING] Mesh is not watertight. Falling back to convex hull for estimating inertial properties.[0m
[38;5;226m[Genesis] [19:49:12] [WARNING] Mesh is not watertight. Falling back to convex hull for estimating inertial properties.[0m
[38;5;226m[Genesis] [19:49:12] [WARNING] At least one of the meshes contain many faces (27466). Consider setting 'morph.decimate=True' to speed up collision detection and improve numerical stability.[0m
[38;5;226m[Genesis] [19:49:12] [WARNING] Mesh is not watertight. Falling back to convex hull for estimating inertial properties.[0m
[38;5;226m[Genesis] [19:49:12] [WARNING] Mesh is not watertight. Falling back to convex hull for estimating inertial properties.[0m
[38;5;226m[Genesis] [19:49:12] [WARNING] Mesh is not watertight. Falling back to convex hull for estimating inertial properties.[0m
[38;5;226m[Genesis] [19:49:12] [WARNING] Mesh is not watertight. Falling back to convex hull for estimating inertial properties.[0m
[38;5;226m[Genesis] [19:49:12] [WARNING] Mesh is not watertight. Falling back to convex hull for estimating inertial properties.[0m

[build] scene.build() 시작...
[38;5;226m[Genesis] [19:49:13] [WARNING] Link 'L4_Motor2_Shaft_1' has dubious center of mass [x=0.000, y=-0.037, z=0.015] compared to the bounding box from geometry [x=(-0.018, 0.018), y=(-0.018, 0.018), z=(-0.000, 0.077)].[0m
[38;5;226m[Genesis] [19:49:13] [WARNING] Link 'M_Bottom_1' has dubious center of mass [x=0.166, y=0.030, z=-0.073] compared to the bounding box from geometry [x=(0.106, 0.155), y=(-0.011, 0.071), z=(-0.078, -0.068)].[0m
[38;5;226m[Genesis] [19:49:13] [WARNING] Link 'M_Back_1' has dubious center of mass [x=0.003, y=0.021, z=0.011] compared to the bounding box from geometry [x=(-0.035, -0.030), y=(-0.033, 0.076), z=(-0.005, 0.028)].[0m
[38;5;226m[Genesis] [19:49:13] [WARNING] Link 'M_Left1_1' has dubious center of mass [x=-0.025, y=-0.002, z=-0.014] compared to the bounding box from geometry [x=(-0.088, -0.032), y=(-0.005, -0.000), z=(-0.038, 0.010)].[0m
[38;5;226m[Genesis] [19:49:13] [WARNING] Link 'M_Right1_1' has dubious center of mass [x=-0.025, y=0.003, z=-0.014] compared to the bounding box from geometry [x=(-0.087, -0.033), y=(0.000, 0.005), z=(-0.038, 0.010)].[0m
[38;5;226m[Genesis] [19:49:13] [WARNING] Link 'M_Top_1' has dubious center of mass [x=-0.024, y=0.028, z=0.005] compared to the bounding box from geometry [x=(-0.088, -0.032), y=(-0.031, 0.088), z=(-0.000, 0.010)].[0m
[38;5;226m[Genesis] [19:49:13] [WARNING] Link 'M_LeftLink_1' has dubious center of mass [x=-0.002, y=0.005, z=0.046] compared to the bounding box from geometry [x=(-0.040, -0.035), y=(-0.005, 0.015), z=(-0.005, 0.095)].[0m
[38;5;226m[Genesis] [19:49:13] [WARNING] Link 'M_RightLink_1' has dubious center of mass [x=-0.002, y=-0.005, z=0.046] compared to the bounding box from geometry [x=(-0.040, -0.035), y=(-0.015, 0.005), z=(-0.005, 0.095)].[0m
[38;5;226m[Genesis] [19:49:13] [WARNING] Link 'M_LeftLink2_copy_1' has dubious center of mass [x=-0.005, y=-0.005, z=0.021] compared to the bounding box from geometry [x=(-0.044, -0.032), y=(-0.015, 0.005), z=(-0.000, 0.045)].[0m
[38;5;226m[Genesis] [19:49:13] [WARNING] Link 'link_2' has dubious center of mass [x=0.000, y=0.000, z=0.000] compared to the bounding box from geometry [x=(-0.068, 0.479), y=(-0.069, 0.069), z=(0.082, 0.274)].[0m
[38;5;226m[Genesis] [19:49:13] [WARNING] Constraint solver time constant should be greater than 2*substep_dt. timeconst is changed from `0.0002` to `0.01`). Decrease simulation timestep or increase timeconst to avoid altering the original value.[0m
[38;5;226m[Genesis] [19:49:14] [WARNING] Filtered out geometry pairs causing self-collision for the neutral configuration (qpos0): (91, 114), (104, 106). Consider tuning Morph option 'decompose_robot_error_threshold' or specify dedicated collision meshes. This behavior can be disabled by setting Morph option 'enable_neutral_collision=True'.[0m
C:\Users\simuser\miniconda3\envs\crusher_genesis\Lib\site-packages\quadrants\_test_tools\warnings_helper.py:11: UserWarning: cannot create weak reference to 'tuple' object. Template mapper caching disabled.
  warnings.warn(message)
[build] 성공 (9.4s)
[bag] shape 고정: 714/714 정점(바닥+양측면), 입구는 자유
[slot] 간격축 = world Y (겹침 -12.5mm), 슬롯 길이축 = world X (겹침 +65.0mm)
[slot] gap_cx=0.2125 gap_cy=-0.0053 gap_width=12.5mm wall_top_z=0.0870
[slot] pocket(L1_Wall1_1) center=(0.1745,0.0330)
[ctrl] Left_Wall force clip: ±100 N (Motor2 ctrlrange, docs/Crusher.md §5) — 벽은 이 힘에서 균형지는 위치에 멈춘다
[bag] grip_strip verts near FINGER_MID: 110
[38;5;226m[Genesis] [19:49:22] [WARNING] fps=30 is not reachable with dt=0.005. Recording at fps=28.57142857142857 instead.[0m
[38;5;226m[Genesis] [19:49:22] [WARNING] fps=30 is not reachable with dt=0.005. Recording at fps=28.57142857142857 instead.[0m
[38;5;226m[Genesis] [19:49:22] [WARNING] fps=30 is not reachable with dt=0.005. Recording at fps=28.57142857142857 instead.[0m

[phase] 0 prep (1.0s) — 크랭크 0->-3.142rad(-180deg), Left_Wall 0->+6mm(개방)
[phase] prep     @done  crank=-3.000rad  wall=+5.43mm
    [drop k=   0] tablet_z=+441.96mm bag_com=[-0.02153677  0.2561791   0.39925352]
    [drop k=  40] tablet_z=+440.55mm bag_com=[-0.02153677  0.2561791   0.39925352]
    [drop k=  80] tablet_z=+437.34mm bag_com=[-0.02153677  0.2561791   0.39925352]
    [drop k= 120] tablet_z=+422.24mm bag_com=[-0.02153677  0.2561791   0.39925352]
[phase] drop     @done  bag_com=[-0.02153677  0.2561791   0.39925352]  finger_z=0.4378  tablet_z=+409.19mm  tilt=0.8deg  bag_bottom=0.3543
[phase] settle   @done  bag_com=[-0.02153677  0.2561791   0.39925352]  finger_z=0.4378  tablet_z=+394.44mm  tilt=0.8deg  bag_bottom=0.3543
[bag] shape 고정 해제 — 이제부터 순수 마찰 파지
[phase] close    @done  bag_com=[-0.02153874  0.2561864   0.39878422]  finger_z=0.4361  tablet_z=+362.18mm  tilt=0.6deg  bag_bottom=0.3538
[phase] grasp    @done  bag_com=[-0.02153675  0.25618476  0.3987863 ]  finger_z=0.4361  tablet_z=+358.41mm  tilt=1.2deg  bag_bottom=0.3538
[phase] lift     @done  bag_com=[-0.02162818  0.256381    0.5245273 ]  finger_z=0.5620  tablet_z=+483.11mm  tilt=1.6deg  bag_bottom=0.4795
[phase] hold     @done  bag_com=[-0.0216252  0.2564418  0.5245227]  finger_z=0.5620  tablet_z=+483.05mm  tilt=1.6deg  bag_bottom=0.4794
[slot] wall_center_z=0.0510  insert_z(finger)=0.1330  hang=82mm
[slot] 봉투중심 보정 dy=+0.0mm -> finger_y=-0.0053 (봉투중심 y=-0.0053 = gap_cy -0.0053)
[sweep] Y_OFFSET_MM=+0.0mm -> target_xy=[ 0.21249766 -0.00527226]  (gap_cy=-0.0053)
[cam] side view 고정: pos=(np.float64(0.21249766187667846), np.float64(-0.5552722595214844), np.float64(0.169001227684021)) look=(np.float64(0.21249766187667846), np.float64(-0.005272259521484357), np.float64(0.169001227684021)) (gap_width=12.5mm, z범위 above=0.2870~insert=0.1330)

[ik] above-slot target=[ 0.21249766 -0.00527226  0.28700123]  arm_q=[-5.4037833e-01  3.6894020e-01  9.7198570e-01  2.7067482e-04
  1.8006999e+00 -5.4051638e-01]
    [above k=   0] tablet_z=+483.05mm bag_com=[-0.02162506  0.25644293  0.5245226 ]
    [above k=  40] tablet_z=+481.63mm bag_com=[-0.01794609  0.25571242  0.5231117 ]
    [above k=  80] tablet_z=+473.59mm bag_com=[0.00204179 0.25084826 0.51493573]
    [above k= 120] tablet_z=+453.65mm bag_com=[0.04274685 0.2342315  0.49517566]
    [above k= 160] tablet_z=+420.55mm bag_com=[0.09403449 0.20432995 0.46127617]
    [above k= 200] tablet_z=+376.50mm bag_com=[0.1414897  0.15924141 0.414655  ]
    [above k= 240] tablet_z=+316.48mm bag_com=[0.18192308 0.09959539 0.35752925]
    [above k= 280] tablet_z=+264.78mm bag_com=[0.2031449  0.04821448 0.30624664]
    [above k= 320] tablet_z=+227.81mm bag_com=[0.21142936 0.01298723 0.2696489 ]
    [above k= 360] tablet_z=+210.43mm bag_com=[ 0.2122227  -0.00267351  0.2523665 ]
[phase] above    @done  bag_com=[ 0.21209733 -0.00524764  0.24947663]  finger_z=0.2868  tablet_z=+207.54mm  tilt=1.1deg  bag_bottom=0.2044
[phase] aboveset @done  bag_com=[ 0.21205409 -0.00521328  0.24946657]  finger_z=0.2868  tablet_z=+207.53mm  tilt=1.2deg  bag_bottom=0.2044
[ik] insert target=[ 0.21249766 -0.00527226  0.13300123]  웨이포인트 41개(카테시안 직선)  arm_q=[-5.4033101e-01  3.6184886e-01  1.4036185e+00  2.9333829e-04
  1.3761240e+00 -5.4059190e-01]
    [insert k=   0] tablet_z=+207.29mm bag_com=[ 0.21203652 -0.0051877   0.24928111]
    [insert k=  40] tablet_z=+206.00mm bag_com=[ 0.21199562 -0.00518441  0.24793199]
    [insert k=  80] tablet_z=+198.32mm bag_com=[ 0.21192268 -0.00519309  0.24024938]
    [insert k= 120] tablet_z=+181.93mm bag_com=[ 0.21179599 -0.00518074  0.22384357]
    [insert k= 160] tablet_z=+158.05mm bag_com=[ 0.21173027 -0.00517446  0.19991784]
    [insert k= 200] tablet_z=+129.89mm bag_com=[ 0.21173264 -0.00516965  0.17174815]
    [insert k= 240] tablet_z=+101.83mm bag_com=[ 0.21171987 -0.00516883  0.14369121]
    [insert k= 280] tablet_z=+88.86mm bag_com=[ 0.21183752 -0.00456652  0.12362811]
    [insert k= 320] tablet_z=+88.32mm bag_com=[ 0.20623177 -0.00326391  0.11273015]
    [insert k= 360] tablet_z=+87.41mm bag_com=[ 0.20387746 -0.00258787  0.10739655]
[phase] insert   @done  bag_com=[ 0.20273256 -0.00219589  0.10750528]  finger_z=0.1328  tablet_z=+87.60mm  tilt=25.2deg  bag_bottom=0.0714
[phase] settle2  @done  bag_com=[ 0.20229733 -0.00239581  0.10765851]  finger_z=0.1328  tablet_z=+87.76mm  tilt=25.9deg  bag_bottom=0.0716
[trim] TRIM_ROUNDS=0 — 생략(기본값). settle2 시점 bag_bottom 오차 +20.6mm 를 그대로 결과로 쓴다.
[trim] 최종 finger_z=0.1330  (초기 0.1330, 하한 0.1030)

[phase] 9 clamp (2.0s) — Left_Wall +6.0mm -> -12.0mm (실링부 압착)
[phase] clamp    @done  wall=-11.18mm  (잔여: 플랜지면 1.32mm / 본체면 6.32mm)  bag_com=[ 0.20155326 -0.00131909  0.10831288]
    [release k=   0] tablet_z=+90.30mm bag_com=[ 0.20155306 -0.00131335  0.10835576]
    [release k=  40] tablet_z=+90.89mm bag_com=[ 0.20073429 -0.00085205  0.11013509]
    [release k=  80] tablet_z=+91.12mm bag_com=[ 0.19801947 -0.00063014  0.11192831]
[phase] release  @done  bag_com=[ 0.19765857 -0.0007676   0.11218601]  finger_z=0.1345  tablet_z=+91.16mm  tilt=28.9deg  bag_bottom=0.0767

[RESULT] GRIP_OFFSET_MM=+0mm  Y_OFFSET_MM=+0.0mm  verdict=FAIL  (미도달(bag_bottom_z=0.0767 vs wall_center_z=0.0510, diff=25.7mm>15mm))
[RESULT] final_bottom_z=0.0767  wall_center_z=0.0510  오차=+25.7mm(+면 얕음/-면 깊음)
[RESULT] width_y=74.9mm(baseline 6.4mm)  height_z=71.1mm(baseline 90.1mm)

[saved] overview -> C:\Crusher_isaacsim\Crusher_Genesis\Crusher_M0609_RG2_Tablet_Samplebag\RESULT\grip+00mm\full_workflow_grip+0mm_yoff+0.0mm_20260828_194905_overview.mp4
[saved] bagcam   -> C:\Crusher_isaacsim\Crusher_Genesis\Crusher_M0609_RG2_Tablet_Samplebag\RESULT\grip+00mm\full_workflow_grip+0mm_yoff+0.0mm_20260828_194905_bagcam.mp4
[saved] sideview -> C:\Crusher_isaacsim\Crusher_Genesis\Crusher_M0609_RG2_Tablet_Samplebag\RESULT\grip+00mm\full_workflow_grip+0mm_yoff+0.0mm_20260828_194905_sideview.mp4

[timing] build=9.4s  steps=236.7s (2430 steps, 97.4ms/step)  합계=246.1s
완료.
