[cfg] 실배치 + VERTICAL_QUAT 수정 + CLAMP_TARGET=-10.5mm (잔여 2.00mm = 필름2겹)
============================================================
 Full workflow: tablet drop -> bag catch -> grasp -> lift -> Crusher slot insert (viewer=False)
============================================================
[mjcf] Left_Wall 형상 교체: 옛 geom 12개(시각 1 + hull 11) -> 본체 hull 5개 + 플랜지 1개 + 시각 1개. 중립 간격 플랜지 12.50mm / 본체 17.50mm
[fem_ipc_workarounds] FEMEntity.set_vertex_constraints 패치 완료 (IPC 커플러 버그 우회)
[38;5;226m[Genesis] [22:18:00] [WARNING] At least one of the meshes contain many faces (15432). Consider setting 'morph.decimate=True' to speed up collision detection and improve numerical stability.[0m
[38;5;226m[Genesis] [22:18:00] [WARNING] At least one of the meshes contain many faces (15762). Consider setting 'morph.decimate=True' to speed up collision detection and improve numerical stability.[0m
[38;5;226m[Genesis] [22:18:00] [WARNING] Mesh is not watertight. Falling back to convex hull for estimating inertial properties.[0m
[38;5;226m[Genesis] [22:18:01] [WARNING] Mesh is not watertight. Falling back to convex hull for estimating inertial properties.[0m
[38;5;226m[Genesis] [22:18:01] [WARNING] At least one of the meshes contain many faces (12522). Consider setting 'morph.decimate=True' to speed up collision detection and improve numerical stability.[0m
[38;5;226m[Genesis] [22:18:01] [WARNING] Mesh is not watertight. Falling back to convex hull for estimating inertial properties.[0m
[38;5;226m[Genesis] [22:18:01] [WARNING] Mesh is not watertight. Falling back to convex hull for estimating inertial properties.[0m
[38;5;226m[Genesis] [22:18:01] [WARNING] Mesh is not watertight. Falling back to convex hull for estimating inertial properties.[0m
[38;5;226m[Genesis] [22:18:01] [WARNING] Mesh is not watertight. Falling back to convex hull for estimating inertial properties.[0m
[38;5;226m[Genesis] [22:18:01] [WARNING] Mesh is not watertight. Falling back to convex hull for estimating inertial properties.[0m
[38;5;226m[Genesis] [22:18:01] [WARNING] Mesh is not watertight. Falling back to convex hull for estimating inertial properties.[0m
[38;5;226m[Genesis] [22:18:01] [WARNING] Mesh is not watertight. Falling back to convex hull for estimating inertial properties.[0m
[38;5;226m[Genesis] [22:18:01] [WARNING] Mesh is not watertight. Falling back to convex hull for estimating inertial properties.[0m
[38;5;226m[Genesis] [22:18:01] [WARNING] Mesh is not watertight. Falling back to convex hull for estimating inertial properties.[0m
[38;5;226m[Genesis] [22:18:01] [WARNING] Mesh is not watertight. Falling back to convex hull for estimating inertial properties.[0m
[38;5;226m[Genesis] [22:18:01] [WARNING] Mesh is not watertight. Falling back to convex hull for estimating inertial properties.[0m
[38;5;226m[Genesis] [22:18:01] [WARNING] Mesh is not watertight. Falling back to convex hull for estimating inertial properties.[0m
[38;5;226m[Genesis] [22:18:01] [WARNING] Mesh is not watertight. Falling back to convex hull for estimating inertial properties.[0m
[38;5;226m[Genesis] [22:18:01] [WARNING] Mesh is not watertight. Falling back to convex hull for estimating inertial properties.[0m
[38;5;226m[Genesis] [22:18:01] [WARNING] Mesh is not watertight. Falling back to convex hull for estimating inertial properties.[0m
[38;5;226m[Genesis] [22:18:01] [WARNING] At least one of the meshes contain many faces (27466). Consider setting 'morph.decimate=True' to speed up collision detection and improve numerical stability.[0m
[38;5;226m[Genesis] [22:18:01] [WARNING] Mesh is not watertight. Falling back to convex hull for estimating inertial properties.[0m
[38;5;226m[Genesis] [22:18:01] [WARNING] Mesh is not watertight. Falling back to convex hull for estimating inertial properties.[0m
[38;5;226m[Genesis] [22:18:01] [WARNING] Mesh is not watertight. Falling back to convex hull for estimating inertial properties.[0m
[38;5;226m[Genesis] [22:18:01] [WARNING] Mesh is not watertight. Falling back to convex hull for estimating inertial properties.[0m
[38;5;226m[Genesis] [22:18:01] [WARNING] Mesh is not watertight. Falling back to convex hull for estimating inertial properties.[0m

[build] scene.build() 시작...
[38;5;226m[Genesis] [22:18:02] [WARNING] Link 'L4_Motor2_Shaft_1' has dubious center of mass [x=0.000, y=-0.037, z=0.015] compared to the bounding box from geometry [x=(-0.018, 0.018), y=(-0.018, 0.018), z=(-0.000, 0.077)].[0m
[38;5;226m[Genesis] [22:18:02] [WARNING] Link 'M_Bottom_1' has dubious center of mass [x=0.166, y=0.030, z=-0.073] compared to the bounding box from geometry [x=(0.106, 0.155), y=(-0.011, 0.071), z=(-0.078, -0.068)].[0m
[38;5;226m[Genesis] [22:18:02] [WARNING] Link 'M_Back_1' has dubious center of mass [x=0.003, y=0.021, z=0.011] compared to the bounding box from geometry [x=(-0.035, -0.030), y=(-0.033, 0.076), z=(-0.005, 0.028)].[0m
[38;5;226m[Genesis] [22:18:02] [WARNING] Link 'M_Left1_1' has dubious center of mass [x=-0.025, y=-0.002, z=-0.014] compared to the bounding box from geometry [x=(-0.088, -0.032), y=(-0.005, -0.000), z=(-0.038, 0.010)].[0m
[38;5;226m[Genesis] [22:18:02] [WARNING] Link 'M_Right1_1' has dubious center of mass [x=-0.025, y=0.003, z=-0.014] compared to the bounding box from geometry [x=(-0.087, -0.033), y=(0.000, 0.005), z=(-0.038, 0.010)].[0m
[38;5;226m[Genesis] [22:18:02] [WARNING] Link 'M_Top_1' has dubious center of mass [x=-0.024, y=0.028, z=0.005] compared to the bounding box from geometry [x=(-0.088, -0.032), y=(-0.031, 0.088), z=(-0.000, 0.010)].[0m
[38;5;226m[Genesis] [22:18:02] [WARNING] Link 'M_LeftLink_1' has dubious center of mass [x=-0.002, y=0.005, z=0.046] compared to the bounding box from geometry [x=(-0.040, -0.035), y=(-0.005, 0.015), z=(-0.005, 0.095)].[0m
[38;5;226m[Genesis] [22:18:02] [WARNING] Link 'M_RightLink_1' has dubious center of mass [x=-0.002, y=-0.005, z=0.046] compared to the bounding box from geometry [x=(-0.040, -0.035), y=(-0.015, 0.005), z=(-0.005, 0.095)].[0m
[38;5;226m[Genesis] [22:18:02] [WARNING] Link 'M_LeftLink2_copy_1' has dubious center of mass [x=-0.005, y=-0.005, z=0.021] compared to the bounding box from geometry [x=(-0.044, -0.032), y=(-0.015, 0.005), z=(-0.000, 0.045)].[0m
[38;5;226m[Genesis] [22:18:02] [WARNING] Link 'link_2' has dubious center of mass [x=0.000, y=0.000, z=0.000] compared to the bounding box from geometry [x=(-0.068, 0.479), y=(-0.069, 0.069), z=(0.082, 0.274)].[0m
[38;5;226m[Genesis] [22:18:02] [WARNING] Constraint solver time constant should be greater than 2*substep_dt. timeconst is changed from `0.0002` to `0.01`). Decrease simulation timestep or increase timeconst to avoid altering the original value.[0m
[38;5;226m[Genesis] [22:18:03] [WARNING] Filtered out geometry pairs causing self-collision for the neutral configuration (qpos0): (91, 114), (104, 106). Consider tuning Morph option 'decompose_robot_error_threshold' or specify dedicated collision meshes. This behavior can be disabled by setting Morph option 'enable_neutral_collision=True'.[0m
C:\Users\simuser\miniconda3\envs\crusher_genesis\Lib\site-packages\quadrants\_test_tools\warnings_helper.py:11: UserWarning: cannot create weak reference to 'tuple' object. Template mapper caching disabled.
  warnings.warn(message)
[build] 성공 (9.9s)
[bag] shape 고정: 714/714 정점(바닥+양측면), 입구는 자유
[slot] 간격축 = world Y (겹침 -12.5mm), 슬롯 길이축 = world X (겹침 +65.0mm)
[slot] gap_cx=0.2125 gap_cy=-0.0053 gap_width=12.5mm wall_top_z=0.0870
[slot] pocket(L1_Wall1_1) center=(0.1745,0.0330)
[ctrl] Left_Wall force clip: ±100 N (Motor2 ctrlrange, docs/Crusher.md §5) — 벽은 이 힘에서 균형지는 위치에 멈춘다
[bag] grip_strip verts near FINGER_MID: 110
[38;5;226m[Genesis] [22:18:12] [WARNING] fps=30 is not reachable with dt=0.005. Recording at fps=28.57142857142857 instead.[0m
[38;5;226m[Genesis] [22:18:12] [WARNING] fps=30 is not reachable with dt=0.005. Recording at fps=28.57142857142857 instead.[0m
[38;5;226m[Genesis] [22:18:12] [WARNING] fps=30 is not reachable with dt=0.005. Recording at fps=28.57142857142857 instead.[0m

[phase] 0 prep (1.0s) — 크랭크 0->-3.142rad(-180deg), Left_Wall 0->+6mm(개방)
[phase] prep     @done  crank=-3.000rad  wall=+5.43mm
    [drop k=   0] tablet_z=+406.68mm bag_com=[-0.02153677  0.2561791   0.39925352]
    [drop k=  40] tablet_z=+402.83mm bag_com=[-0.02153677  0.2561791   0.39925352]
    [drop k=  80] tablet_z=+393.96mm bag_com=[-0.02153677  0.2561791   0.39925352]
    [drop k= 120] tablet_z=+379.83mm bag_com=[-0.02153677  0.2561791   0.39925352]
[phase] drop     @done  bag_com=[-0.02153677  0.2561791   0.39925352]  finger_z=0.4378  tablet_z=+373.06mm  tilt=0.8deg  bag_bottom=0.3543
[phase] settle   @done  bag_com=[-0.02153677  0.2561791   0.39925352]  finger_z=0.4378  tablet_z=+364.20mm  tilt=0.8deg  bag_bottom=0.3543
[bag] shape 고정 해제 — 이제부터 순수 마찰 파지
[phase] close    @done  bag_com=[-0.0215723   0.25616318  0.39878562]  finger_z=0.4361  tablet_z=+361.48mm  tilt=1.1deg  bag_bottom=0.3538
[phase] grasp    @done  bag_com=[-0.0215737   0.25617138  0.3987875 ]  finger_z=0.4361  tablet_z=+359.55mm  tilt=1.1deg  bag_bottom=0.3538
[phase] lift     @done  bag_com=[-0.02168696  0.25617635  0.5245323 ]  finger_z=0.5620  tablet_z=+482.58mm  tilt=1.6deg  bag_bottom=0.4795
[phase] hold     @done  bag_com=[-0.02168587  0.25611216  0.52452755]  finger_z=0.5620  tablet_z=+482.58mm  tilt=1.7deg  bag_bottom=0.4795
[slot] wall_center_z=0.0510  insert_z(finger)=0.1330  hang=82mm
[slot] 봉투중심 보정 dy=+0.0mm -> finger_y=-0.0053 (봉투중심 y=-0.0053 = gap_cy -0.0053)
[sweep] Y_OFFSET_MM=+0.0mm -> target_xy=[ 0.21249766 -0.00527226]  (gap_cy=-0.0053)
[cam] side view 고정: pos=(np.float64(0.21249766187667846), np.float64(-0.5552722595214844), np.float64(0.169001227684021)) look=(np.float64(0.21249766187667846), np.float64(-0.005272259521484357), np.float64(0.169001227684021)) (gap_width=12.5mm, z범위 above=0.2870~insert=0.1330)

[ik] above-slot target=[ 0.21249766 -0.00527226  0.28700123]  arm_q=[-5.4037827e-01  3.6866489e-01  9.7238678e-01  2.7208123e-04
  1.8002508e+00  4.1718721e+00]
    [above k=   0] tablet_z=+482.58mm bag_com=[-0.02168573  0.2561113   0.52452743]
    [above k=  40] tablet_z=+481.16mm bag_com=[-0.01793812  0.25530994  0.52311367]
    [above k=  80] tablet_z=+473.12mm bag_com=[0.00256359 0.24994725 0.5148949 ]
    [above k= 120] tablet_z=+453.47mm bag_com=[0.04338532 0.23257619 0.4951102 ]
    [above k= 160] tablet_z=+419.58mm bag_com=[0.09477802 0.19862269 0.46078902]
    [above k= 200] tablet_z=+370.63mm bag_com=[0.1464482  0.1523607  0.41239318]
    [above k= 240] tablet_z=+319.24mm bag_com=[0.18090871 0.101032   0.35791835]
    [above k= 280] tablet_z=+268.36mm bag_com=[0.20287612 0.05091083 0.30645126]
    [above k= 320] tablet_z=+232.45mm bag_com=[0.2112946  0.01399481 0.2697187 ]
    [above k= 360] tablet_z=+214.68mm bag_com=[ 0.21272065 -0.00278918  0.25242874]
[phase] above    @done  bag_com=[ 0.21278824 -0.00520275  0.24953376]  finger_z=0.2868  tablet_z=+210.99mm  tilt=1.3deg  bag_bottom=0.2044
[phase] aboveset @done  bag_com=[ 0.21279474 -0.0051038   0.24952437]  finger_z=0.2868  tablet_z=+208.23mm  tilt=1.4deg  bag_bottom=0.2044
[ik] insert target=[ 0.21249766 -0.00527226  0.13300123]  웨이포인트 41개(카테시안 직선)  arm_q=[-5.4030252e-01  3.6164424e-01  1.4039063e+00  2.4228163e-04
  1.3757389e+00  4.1718364e+00]
    [insert k=   0] tablet_z=+208.11mm bag_com=[ 0.21275146 -0.00509629  0.24933939]
    [insert k=  40] tablet_z=+206.66mm bag_com=[ 0.21275999 -0.00505251  0.24799076]
    [insert k=  80] tablet_z=+199.00mm bag_com=[ 0.21279651 -0.00505014  0.24030967]
    [insert k= 120] tablet_z=+182.47mm bag_com=[ 0.21280019 -0.00508703  0.22390069]
    [insert k= 160] tablet_z=+159.31mm bag_com=[ 0.212785   -0.00486331  0.1999746 ]
    [insert k= 200] tablet_z=+131.95mm bag_com=[ 0.212804   -0.0049911   0.17180376]
    [insert k= 240] tablet_z=+104.99mm bag_com=[ 0.21281995 -0.0050018   0.1437477 ]
    [insert k= 280] tablet_z=+87.31mm bag_com=[ 0.21310744 -0.00905896  0.12153616]
    [insert k= 320] tablet_z=+62.90mm bag_com=[ 0.21295175 -0.00689437  0.10420629]
    [insert k= 360] tablet_z=+55.43mm bag_com=[ 0.21294749 -0.00688802  0.09680252]
[phase] insert   @done  bag_com=[ 0.21294631 -0.00691532  0.09557515]  finger_z=0.1328  tablet_z=+54.15mm  tilt=2.4deg  bag_bottom=0.0505
[phase] settle2  @done  bag_com=[ 0.2129488  -0.00690927  0.09556964]  finger_z=0.1328  tablet_z=+53.67mm  tilt=2.4deg  bag_bottom=0.0505
[trim] TRIM_ROUNDS=0 — 생략(기본값). settle2 시점 bag_bottom 오차 +0.5mm 를 그대로 결과로 쓴다.
[trim] 최종 finger_z=0.1330  (초기 0.1330, 하한 0.1030)

[phase] 9 clamp (2.0s) — Left_Wall +6.0mm -> -10.5mm (실링부 압착)
Traceback (most recent call last):
  File "C:\Crusher_isaacsim\Crusher_Genesis\Crusher_M0609_RG2_Tablet_Samplebag\full_workflow.py", line 1620, in <module>
    main(use_viewer=os.environ.get("VIEWER") == "1")
    ~~~~^^^^^^^^^^^^^^^^^^^^^^^^^^^^^^^^^^^^^^^^^^^^
  File "C:\Crusher_isaacsim\Crusher_Genesis\Crusher_M0609_RG2_Tablet_Samplebag\full_workflow.py", line 1481, in main
    raise RuntimeError(
    ...<4 lines>...
    )
RuntimeError: [clamp] Left_Wall DOF 발산: wall=625.33mm (허용 -11.5~+7.0mm). WALL_FORCE_LIM=100.0N 로도 안정화되지 않았다 — CLAMP_TARGET(-10.5mm)을 줄이거나 힘 상한을 낮출 것.

[38;5;9m[Genesis] [22:24:06] [ERROR] RuntimeError: [clamp] Left_Wall DOF 발산: wall=625.33mm (허용 -11.5~+7.0mm). WALL_FORCE_LIM=100.0N 로도 안정화되지 않았다 — CLAMP_TARGET(-10.5mm)을 줄이거나 힘 상한을 낮출 것.[0m
