[cfg] BAG=sealslab1mm(자기간격 1.000mm) / CLOTH_THICK=0.4mm E=1.0e6 (E*t=400 유지) / 압착면 box / CLAMP=-12mm / 100N
============================================================
 Full workflow: tablet drop -> bag catch -> grasp -> lift -> Crusher slot insert (viewer=False)
============================================================
[mjcf] Left_Wall 압착면 box 추가: 단차 5.00mm 를 높이 72.0mm x 폭 65.0mm 전체에 메움 -> 압착 간격이 전 높이에서 12.00mm 로 균일
[fem_ipc_workarounds] FEMEntity.set_vertex_constraints 패치 완료 (IPC 커플러 버그 우회)
[38;5;226m[Genesis] [18:19:50] [WARNING] At least one of the meshes contain many faces (15432). Consider setting 'morph.decimate=True' to speed up collision detection and improve numerical stability.[0m
[38;5;226m[Genesis] [18:19:50] [WARNING] At least one of the meshes contain many faces (15762). Consider setting 'morph.decimate=True' to speed up collision detection and improve numerical stability.[0m
[38;5;226m[Genesis] [18:19:50] [WARNING] Mesh is not watertight. Falling back to convex hull for estimating inertial properties.[0m
[38;5;226m[Genesis] [18:19:50] [WARNING] Mesh is not watertight. Falling back to convex hull for estimating inertial properties.[0m
[38;5;226m[Genesis] [18:19:50] [WARNING] At least one of the meshes contain many faces (12522). Consider setting 'morph.decimate=True' to speed up collision detection and improve numerical stability.[0m
[38;5;226m[Genesis] [18:19:50] [WARNING] Mesh is not watertight. Falling back to convex hull for estimating inertial properties.[0m
[38;5;226m[Genesis] [18:19:50] [WARNING] Mesh is not watertight. Falling back to convex hull for estimating inertial properties.[0m
[38;5;226m[Genesis] [18:19:50] [WARNING] Mesh is not watertight. Falling back to convex hull for estimating inertial properties.[0m
[38;5;226m[Genesis] [18:19:50] [WARNING] Mesh is not watertight. Falling back to convex hull for estimating inertial properties.[0m
[38;5;226m[Genesis] [18:19:50] [WARNING] Mesh is not watertight. Falling back to convex hull for estimating inertial properties.[0m
[38;5;226m[Genesis] [18:19:50] [WARNING] Mesh is not watertight. Falling back to convex hull for estimating inertial properties.[0m
[38;5;226m[Genesis] [18:19:50] [WARNING] Mesh is not watertight. Falling back to convex hull for estimating inertial properties.[0m
[38;5;226m[Genesis] [18:19:50] [WARNING] Mesh is not watertight. Falling back to convex hull for estimating inertial properties.[0m
[38;5;226m[Genesis] [18:19:50] [WARNING] Mesh is not watertight. Falling back to convex hull for estimating inertial properties.[0m
[38;5;226m[Genesis] [18:19:50] [WARNING] Mesh is not watertight. Falling back to convex hull for estimating inertial properties.[0m
[38;5;226m[Genesis] [18:19:50] [WARNING] Mesh is not watertight. Falling back to convex hull for estimating inertial properties.[0m
[38;5;226m[Genesis] [18:19:50] [WARNING] Mesh is not watertight. Falling back to convex hull for estimating inertial properties.[0m
[38;5;226m[Genesis] [18:19:50] [WARNING] Mesh is not watertight. Falling back to convex hull for estimating inertial properties.[0m
[38;5;226m[Genesis] [18:19:50] [WARNING] Mesh is not watertight. Falling back to convex hull for estimating inertial properties.[0m
[38;5;226m[Genesis] [18:19:50] [WARNING] Mesh is not watertight. Falling back to convex hull for estimating inertial properties.[0m
[38;5;226m[Genesis] [18:19:50] [WARNING] At least one of the meshes contain many faces (27466). Consider setting 'morph.decimate=True' to speed up collision detection and improve numerical stability.[0m
[38;5;226m[Genesis] [18:19:51] [WARNING] Mesh is not watertight. Falling back to convex hull for estimating inertial properties.[0m
[38;5;226m[Genesis] [18:19:51] [WARNING] Mesh is not watertight. Falling back to convex hull for estimating inertial properties.[0m
[38;5;226m[Genesis] [18:19:51] [WARNING] Mesh is not watertight. Falling back to convex hull for estimating inertial properties.[0m
[38;5;226m[Genesis] [18:19:51] [WARNING] Mesh is not watertight. Falling back to convex hull for estimating inertial properties.[0m
[38;5;226m[Genesis] [18:19:51] [WARNING] Mesh is not watertight. Falling back to convex hull for estimating inertial properties.[0m

[build] scene.build() 시작...
[38;5;226m[Genesis] [18:19:51] [WARNING] Link 'L4_Motor2_Shaft_1' has dubious center of mass [x=0.000, y=-0.037, z=0.015] compared to the bounding box from geometry [x=(-0.018, 0.018), y=(-0.018, 0.018), z=(-0.000, 0.077)].[0m
[38;5;226m[Genesis] [18:19:51] [WARNING] Link 'M_Bottom_1' has dubious center of mass [x=0.166, y=0.030, z=-0.073] compared to the bounding box from geometry [x=(0.106, 0.155), y=(-0.011, 0.071), z=(-0.078, -0.068)].[0m
[38;5;226m[Genesis] [18:19:51] [WARNING] Link 'M_Back_1' has dubious center of mass [x=0.003, y=0.021, z=0.011] compared to the bounding box from geometry [x=(-0.035, -0.030), y=(-0.033, 0.076), z=(-0.005, 0.028)].[0m
[38;5;226m[Genesis] [18:19:51] [WARNING] Link 'M_Left1_1' has dubious center of mass [x=-0.025, y=-0.002, z=-0.014] compared to the bounding box from geometry [x=(-0.088, -0.032), y=(-0.005, -0.000), z=(-0.038, 0.010)].[0m
[38;5;226m[Genesis] [18:19:51] [WARNING] Link 'M_Right1_1' has dubious center of mass [x=-0.025, y=0.003, z=-0.014] compared to the bounding box from geometry [x=(-0.087, -0.033), y=(0.000, 0.005), z=(-0.038, 0.010)].[0m
[38;5;226m[Genesis] [18:19:51] [WARNING] Link 'M_Top_1' has dubious center of mass [x=-0.024, y=0.028, z=0.005] compared to the bounding box from geometry [x=(-0.088, -0.032), y=(-0.031, 0.088), z=(-0.000, 0.010)].[0m
[38;5;226m[Genesis] [18:19:51] [WARNING] Link 'M_LeftLink_1' has dubious center of mass [x=-0.002, y=0.005, z=0.046] compared to the bounding box from geometry [x=(-0.040, -0.035), y=(-0.005, 0.015), z=(-0.005, 0.095)].[0m
[38;5;226m[Genesis] [18:19:51] [WARNING] Link 'M_RightLink_1' has dubious center of mass [x=-0.002, y=-0.005, z=0.046] compared to the bounding box from geometry [x=(-0.040, -0.035), y=(-0.015, 0.005), z=(-0.005, 0.095)].[0m
[38;5;226m[Genesis] [18:19:51] [WARNING] Link 'M_LeftLink2_copy_1' has dubious center of mass [x=-0.005, y=-0.005, z=0.021] compared to the bounding box from geometry [x=(-0.044, -0.032), y=(-0.015, 0.005), z=(-0.000, 0.045)].[0m
[38;5;226m[Genesis] [18:19:51] [WARNING] Link 'link_2' has dubious center of mass [x=0.000, y=0.000, z=0.000] compared to the bounding box from geometry [x=(-0.068, 0.479), y=(-0.069, 0.069), z=(0.082, 0.274)].[0m
[38;5;226m[Genesis] [18:19:51] [WARNING] Constraint solver time constant should be greater than 2*substep_dt. timeconst is changed from `0.0002` to `0.01`). Decrease simulation timestep or increase timeconst to avoid altering the original value.[0m
[38;5;226m[Genesis] [18:19:52] [WARNING] Filtered out geometry pairs causing self-collision for the neutral configuration (qpos0): (113, 115). Consider tuning Morph option 'decompose_robot_error_threshold' or specify dedicated collision meshes. This behavior can be disabled by setting Morph option 'enable_neutral_collision=True'.[0m
C:\Users\simuser\miniconda3\envs\crusher_genesis\Lib\site-packages\quadrants\_test_tools\warnings_helper.py:11: UserWarning: cannot create weak reference to 'tuple' object. Template mapper caching disabled.
  warnings.warn(message)
[build] 성공 (11.1s)
[bag] shape 고정: 246/714 정점(바닥+양측면), 입구는 자유
[slot] gap_cx=-0.3303 gap_cy=-0.0473 gap_width=12.0mm wall_top_z=0.0864
[slot] pocket(L1_Wall1_1) center=(-0.3683,-0.0853)
[ctrl] Left_Wall force clip: ±100 N (Motor2 ctrlrange, docs/Crusher.md §5) — 벽은 이 힘에서 균형지는 위치에 멈춘다
[bag] grip_strip verts near FINGER_MID: 110
[38;5;226m[Genesis] [18:20:03] [WARNING] fps=30 is not reachable with dt=0.005. Recording at fps=28.57142857142857 instead.[0m
[38;5;226m[Genesis] [18:20:03] [WARNING] fps=30 is not reachable with dt=0.005. Recording at fps=28.57142857142857 instead.[0m
[38;5;226m[Genesis] [18:20:03] [WARNING] fps=30 is not reachable with dt=0.005. Recording at fps=28.57142857142857 instead.[0m

[phase] 0 prep (1.0s) — 크랭크 0->-3.142rad(-180deg), Left_Wall 0->+6mm(개방)
[phase] prep     @done  crank=-3.000rad  wall=+5.43mm
    [drop k=   0] tablet_z=+356.21mm bag_com=[-0.12654406 -0.64381933  0.39859244]
    [drop k=  40] tablet_z=+356.21mm bag_com=[-0.12654406 -0.64381933  0.39859244]
    [drop k=  80] tablet_z=+356.21mm bag_com=[-0.12654406 -0.64381933  0.39859244]
    [drop k= 120] tablet_z=+356.21mm bag_com=[-0.12654406 -0.64381933  0.39859244]
[phase] drop     @done  bag_com=[-0.12654406 -0.64381933  0.39859244]  finger_z=0.4378  tablet_z=+356.21mm  tilt=0.4deg  bag_bottom=0.3543
[phase] settle   @done  bag_com=[-0.12654406 -0.64381933  0.39859244]  finger_z=0.4378  tablet_z=+356.21mm  tilt=0.4deg  bag_bottom=0.3543
[bag] shape 고정 해제 — 이제부터 순수 마찰 파지
[phase] close    @done  bag_com=[-0.12654486 -0.643821    0.3982456 ]  finger_z=0.4361  tablet_z=+356.23mm  tilt=0.8deg  bag_bottom=0.3532
[phase] grasp    @done  bag_com=[-0.12653965 -0.6438256   0.3982472 ]  finger_z=0.4361  tablet_z=+356.23mm  tilt=0.8deg  bag_bottom=0.3532
[phase] lift     @done  bag_com=[-0.11146425 -0.64039034  0.397296  ]  finger_z=0.5620  tablet_z=+356.68mm  tilt=15.8deg  bag_bottom=0.3532
[phase] hold     @done  bag_com=[-0.07543327 -0.63971657  0.35201713]  finger_z=0.5620  tablet_z=+356.50mm  tilt=78.3deg  bag_bottom=0.3408
[slot] wall_center_z=0.0504  insert_z(finger)=0.1324  hang=82mm
[slot] 봉투중심 보정 dy=+0.0mm -> finger_y=-0.0473 (봉투중심 y=-0.0473 = gap_cy -0.0473)
[sweep] Y_OFFSET_MM=+0.0mm -> target_xy=[-0.33027777 -0.04730234]  (gap_cy=-0.0473)
[cam] side view 고정: pos=(np.float64(-0.3302777709960938), np.float64(-0.597302336215973), np.float64(0.168431227684021)) look=(np.float64(-0.3302777709960938), np.float64(-0.047302336215972886), np.float64(0.168431227684021)) (gap_width=12.0mm, z범위 above=0.2864~insert=0.1324)

[ik] above-slot target=[-0.33027777 -0.04730234  0.28643123]  arm_q=[1.5609126e+00 7.1452153e-01 4.1810983e-01 7.8807492e-04 2.0088882e+00
 1.5614920e+00]
    [above k=   0] tablet_z=+356.40mm bag_com=[-0.07542542 -0.6397168   0.35201827]
    [above k=  40] tablet_z=+356.34mm bag_com=[-0.07521407 -0.6397161   0.35197747]
    [above k=  80] tablet_z=+356.39mm bag_com=[-0.07499424 -0.6397174   0.35191742]
    [above k= 120] tablet_z=+356.50mm bag_com=[-0.07476358 -0.6397201   0.35184723]
    [above k= 160] tablet_z=+356.69mm bag_com=[-0.07451839 -0.6397237   0.35176378]
    [above k= 200] tablet_z=+356.91mm bag_com=[-0.07425198 -0.63972807  0.35166827]
    [above k= 240] tablet_z=+357.38mm bag_com=[-0.07396316 -0.6397345   0.35156193]
    [above k= 280] tablet_z=+358.53mm bag_com=[-0.07364345 -0.63974553  0.35139856]
    [above k= 320] tablet_z=+360.49mm bag_com=[-0.0732211  -0.63976663  0.3512015 ]
    [above k= 360] tablet_z=+363.23mm bag_com=[-0.07271788 -0.63980216  0.3507668 ]
[phase] above    @done  bag_com=[-0.07221249 -0.6398437   0.35004985]  finger_z=0.2863  tablet_z=+366.83mm  tilt=61.6deg  bag_bottom=0.3257
[phase] aboveset @done  bag_com=[-0.06486491 -0.62091595  0.04555809]  finger_z=0.2863  tablet_z=+42.61mm  tilt=3.6deg  bag_bottom=0.0005
[ik] insert target=[-0.33027777 -0.04730234  0.13243123]  웨이포인트 41개(카테시안 직선)  arm_q=[1.5610212e+00 6.1003065e-01 1.0266888e+00 4.0876414e-04 1.5046735e+00
 1.5607899e+00]
    [insert k=   0] tablet_z=+41.95mm bag_com=[-0.0648698  -0.6209148   0.04555776]
    [insert k=  40] tablet_z=+34.26mm bag_com=[-0.06562319 -0.62096715  0.04554695]
    [insert k=  80] tablet_z=+31.76mm bag_com=[-0.06713757 -0.6211022   0.04548116]
    [insert k= 120] tablet_z=+29.03mm bag_com=[-0.07122447 -0.62149227  0.04501648]
    [insert k= 160] tablet_z=+27.87mm bag_com=[-0.07495754 -0.62188345  0.04414467]
    [insert k= 200] tablet_z=+16.88mm bag_com=[-0.09616411 -0.62439185  0.02739247]
    [insert k= 240] tablet_z=+3.14mm bag_com=[-0.10510305 -0.6268919   0.00308606]
    [insert k= 280] tablet_z=+3.07mm bag_com=[-0.10510375 -0.62689275  0.00306547]
    [insert k= 320] tablet_z=+2.95mm bag_com=[-0.10510399 -0.6268931   0.00302726]
    [insert k= 360] tablet_z=+2.91mm bag_com=[-0.10510419 -0.6268937   0.00301454]
[phase] insert   @done  bag_com=[-0.10510416 -0.6268939   0.00301421]  finger_z=0.1322  tablet_z=+2.91mm  tilt=73.1deg  bag_bottom=0.0005
[phase] settle2  @done  bag_com=[-0.10510416 -0.6268939   0.00301421]  finger_z=0.1322  tablet_z=+2.91mm  tilt=73.1deg  bag_bottom=0.0005
[trim] TRIM_ROUNDS=0 — 생략(기본값). settle2 시점 bag_bottom 오차 +49.9mm 를 그대로 결과로 쓴다.
[trim] 최종 finger_z=0.1324  (초기 0.1324, 하한 0.1024)

[phase] 9 clamp (2.0s) — Left_Wall +6.0mm -> -12.0mm (실링부 압착)
[phase] clamp    @done  wall=-11.14mm  (잔여 간격 0.86mm = 봉투 실효 압착 두께)  bag_com=[-0.10510407 -0.6268944   0.00301425]
    [release k=   0] tablet_z=+2.91mm bag_com=[-0.10510407 -0.6268944   0.00301425]
    [release k=  40] tablet_z=+2.91mm bag_com=[-0.10510407 -0.6268946   0.00301426]
    [release k=  80] tablet_z=+2.91mm bag_com=[-0.10510408 -0.6268947   0.00301426]
[phase] release  @done  bag_com=[-0.10510408 -0.6268947   0.00301426]  finger_z=0.1339  tablet_z=+2.91mm  tilt=73.0deg  bag_bottom=0.0005

[RESULT] GRIP_OFFSET_MM=+0mm  Y_OFFSET_MM=+0.0mm  verdict=FAIL  (미도달(bag_bottom_z=0.0005 vs wall_center_z=0.0504, diff=49.9mm>15mm))
[RESULT] final_bottom_z=0.0005  wall_center_z=0.0504  오차=-49.9mm(+면 얕음/-면 깊음)
[RESULT] width_y=76.6mm(baseline 65.4mm)  height_z=6.0mm(baseline 19.5mm)

[saved] overview -> C:\Crusher_isaacsim\Crusher_Genesis\Crusher_M0609_RG2_Tablet_Samplebag\RESULT\grip+00mm\full_workflow_grip+0mm_yoff+0.0mm_20260825_181943_overview.mp4
[saved] bagcam   -> C:\Crusher_isaacsim\Crusher_Genesis\Crusher_M0609_RG2_Tablet_Samplebag\RESULT\grip+00mm\full_workflow_grip+0mm_yoff+0.0mm_20260825_181943_bagcam.mp4
[saved] sideview -> C:\Crusher_isaacsim\Crusher_Genesis\Crusher_M0609_RG2_Tablet_Samplebag\RESULT\grip+00mm\full_workflow_grip+0mm_yoff+0.0mm_20260825_181943_sideview.mp4

[timing] build=11.1s  steps=232.9s (2430 steps, 95.9ms/step)  합계=244.0s
완료.
