[cfg] 변인분리 런: GRIP_OFFSET_MM=0 (중앙파지 유지) / CLOTH_THICK_MM=1.0 CLOTH_E=4.0e5 (두께만 기본값 복귀)
============================================================
 Full workflow: tablet drop -> bag catch -> grasp -> lift -> Crusher slot insert (viewer=False)
============================================================
[fem_ipc_workarounds] FEMEntity.set_vertex_constraints 패치 완료 (IPC 커플러 버그 우회)
[38;5;226m[Genesis] [15:15:23] [WARNING] At least one of the meshes contain many faces (15432). Consider setting 'morph.decimate=True' to speed up collision detection and improve numerical stability.[0m
[38;5;226m[Genesis] [15:15:23] [WARNING] At least one of the meshes contain many faces (15762). Consider setting 'morph.decimate=True' to speed up collision detection and improve numerical stability.[0m
[38;5;226m[Genesis] [15:15:23] [WARNING] Mesh is not watertight. Falling back to convex hull for estimating inertial properties.[0m
[38;5;226m[Genesis] [15:15:23] [WARNING] Mesh is not watertight. Falling back to convex hull for estimating inertial properties.[0m
[38;5;226m[Genesis] [15:15:23] [WARNING] At least one of the meshes contain many faces (12522). Consider setting 'morph.decimate=True' to speed up collision detection and improve numerical stability.[0m
[38;5;226m[Genesis] [15:15:23] [WARNING] Mesh is not watertight. Falling back to convex hull for estimating inertial properties.[0m
[38;5;226m[Genesis] [15:15:23] [WARNING] Mesh is not watertight. Falling back to convex hull for estimating inertial properties.[0m
[38;5;226m[Genesis] [15:15:23] [WARNING] Mesh is not watertight. Falling back to convex hull for estimating inertial properties.[0m
[38;5;226m[Genesis] [15:15:23] [WARNING] Mesh is not watertight. Falling back to convex hull for estimating inertial properties.[0m
[38;5;226m[Genesis] [15:15:23] [WARNING] Mesh is not watertight. Falling back to convex hull for estimating inertial properties.[0m
[38;5;226m[Genesis] [15:15:23] [WARNING] Mesh is not watertight. Falling back to convex hull for estimating inertial properties.[0m
[38;5;226m[Genesis] [15:15:23] [WARNING] Mesh is not watertight. Falling back to convex hull for estimating inertial properties.[0m
[38;5;226m[Genesis] [15:15:23] [WARNING] Mesh is not watertight. Falling back to convex hull for estimating inertial properties.[0m
[38;5;226m[Genesis] [15:15:23] [WARNING] Mesh is not watertight. Falling back to convex hull for estimating inertial properties.[0m
[38;5;226m[Genesis] [15:15:23] [WARNING] Mesh is not watertight. Falling back to convex hull for estimating inertial properties.[0m
[38;5;226m[Genesis] [15:15:23] [WARNING] Mesh is not watertight. Falling back to convex hull for estimating inertial properties.[0m
[38;5;226m[Genesis] [15:15:23] [WARNING] Mesh is not watertight. Falling back to convex hull for estimating inertial properties.[0m
[38;5;226m[Genesis] [15:15:23] [WARNING] Mesh is not watertight. Falling back to convex hull for estimating inertial properties.[0m
[38;5;226m[Genesis] [15:15:23] [WARNING] Mesh is not watertight. Falling back to convex hull for estimating inertial properties.[0m
[38;5;226m[Genesis] [15:15:23] [WARNING] Mesh is not watertight. Falling back to convex hull for estimating inertial properties.[0m
[38;5;226m[Genesis] [15:15:23] [WARNING] At least one of the meshes contain many faces (27466). Consider setting 'morph.decimate=True' to speed up collision detection and improve numerical stability.[0m
[38;5;226m[Genesis] [15:15:24] [WARNING] Mesh is not watertight. Falling back to convex hull for estimating inertial properties.[0m
[38;5;226m[Genesis] [15:15:24] [WARNING] Mesh is not watertight. Falling back to convex hull for estimating inertial properties.[0m
[38;5;226m[Genesis] [15:15:24] [WARNING] Mesh is not watertight. Falling back to convex hull for estimating inertial properties.[0m
[38;5;226m[Genesis] [15:15:24] [WARNING] Mesh is not watertight. Falling back to convex hull for estimating inertial properties.[0m
[38;5;226m[Genesis] [15:15:24] [WARNING] Mesh is not watertight. Falling back to convex hull for estimating inertial properties.[0m

[build] scene.build() 시작...
[38;5;226m[Genesis] [15:15:24] [WARNING] Link 'L4_Motor2_Shaft_1' has dubious center of mass [x=0.000, y=-0.037, z=0.015] compared to the bounding box from geometry [x=(-0.018, 0.018), y=(-0.018, 0.018), z=(-0.000, 0.077)].[0m
[38;5;226m[Genesis] [15:15:24] [WARNING] Link 'M_Bottom_1' has dubious center of mass [x=0.166, y=0.030, z=-0.073] compared to the bounding box from geometry [x=(0.106, 0.155), y=(-0.011, 0.071), z=(-0.078, -0.068)].[0m
[38;5;226m[Genesis] [15:15:24] [WARNING] Link 'M_Back_1' has dubious center of mass [x=0.003, y=0.021, z=0.011] compared to the bounding box from geometry [x=(-0.035, -0.030), y=(-0.033, 0.076), z=(-0.005, 0.028)].[0m
[38;5;226m[Genesis] [15:15:24] [WARNING] Link 'M_Left1_1' has dubious center of mass [x=-0.025, y=-0.002, z=-0.014] compared to the bounding box from geometry [x=(-0.088, -0.032), y=(-0.005, -0.000), z=(-0.038, 0.010)].[0m
[38;5;226m[Genesis] [15:15:24] [WARNING] Link 'M_Right1_1' has dubious center of mass [x=-0.025, y=0.003, z=-0.014] compared to the bounding box from geometry [x=(-0.087, -0.033), y=(0.000, 0.005), z=(-0.038, 0.010)].[0m
[38;5;226m[Genesis] [15:15:24] [WARNING] Link 'M_Top_1' has dubious center of mass [x=-0.024, y=0.028, z=0.005] compared to the bounding box from geometry [x=(-0.088, -0.032), y=(-0.031, 0.088), z=(-0.000, 0.010)].[0m
[38;5;226m[Genesis] [15:15:24] [WARNING] Link 'M_LeftLink_1' has dubious center of mass [x=-0.002, y=0.005, z=0.046] compared to the bounding box from geometry [x=(-0.040, -0.035), y=(-0.005, 0.015), z=(-0.005, 0.095)].[0m
[38;5;226m[Genesis] [15:15:24] [WARNING] Link 'M_RightLink_1' has dubious center of mass [x=-0.002, y=-0.005, z=0.046] compared to the bounding box from geometry [x=(-0.040, -0.035), y=(-0.015, 0.005), z=(-0.005, 0.095)].[0m
[38;5;226m[Genesis] [15:15:24] [WARNING] Link 'M_LeftLink2_copy_1' has dubious center of mass [x=-0.005, y=-0.005, z=0.021] compared to the bounding box from geometry [x=(-0.044, -0.032), y=(-0.015, 0.005), z=(-0.000, 0.045)].[0m
[38;5;226m[Genesis] [15:15:24] [WARNING] Link 'link_2' has dubious center of mass [x=0.000, y=0.000, z=0.000] compared to the bounding box from geometry [x=(-0.068, 0.479), y=(-0.069, 0.069), z=(0.082, 0.274)].[0m
[38;5;226m[Genesis] [15:15:25] [WARNING] Constraint solver time constant should be greater than 2*substep_dt. timeconst is changed from `0.0002` to `0.01`). Decrease simulation timestep or increase timeconst to avoid altering the original value.[0m
[38;5;226m[Genesis] [15:15:25] [WARNING] Filtered out geometry pairs causing self-collision for the neutral configuration (qpos0): (112, 114). Consider tuning Morph option 'decompose_robot_error_threshold' or specify dedicated collision meshes. This behavior can be disabled by setting Morph option 'enable_neutral_collision=True'.[0m
C:\Users\simuser\miniconda3\envs\crusher_genesis\Lib\site-packages\quadrants\_test_tools\warnings_helper.py:11: UserWarning: cannot create weak reference to 'tuple' object. Template mapper caching disabled.
  warnings.warn(message)
[build] 성공 (11.1s)
[bag] shape 고정: 375/771 정점(바닥+양측면), 입구는 자유
[slot] gap_cx=-0.3303 gap_cy=-0.0473 gap_width=12.0mm wall_top_z=0.0864
[slot] pocket(L1_Wall1_1) center=(-0.3683,-0.0853)
[bag] grip_strip verts near FINGER_MID: 118
[38;5;226m[Genesis] [15:15:35] [WARNING] fps=30 is not reachable with dt=0.005. Recording at fps=28.57142857142857 instead.[0m
[38;5;226m[Genesis] [15:15:35] [WARNING] fps=30 is not reachable with dt=0.005. Recording at fps=28.57142857142857 instead.[0m
[38;5;226m[Genesis] [15:15:35] [WARNING] fps=30 is not reachable with dt=0.005. Recording at fps=28.57142857142857 instead.[0m

[phase] 0 prep (1.0s) — 크랭크 0->-3.142rad(-180deg), Left_Wall 0->+6mm(개방)
[phase] prep     @done  crank=-3.000rad  wall=+5.43mm
    [drop k=   0] tablet_z=+441.29mm bag_com=[-0.12652846 -0.6447002   0.39859143]
    [drop k=  40] tablet_z=+437.12mm bag_com=[-0.12653293 -0.64470017  0.3985914 ]
    [drop k=  80] tablet_z=+433.30mm bag_com=[-0.12653255 -0.64470017  0.39859143]
    [drop k= 120] tablet_z=+429.33mm bag_com=[-0.12653147 -0.64470017  0.39859143]
[phase] drop     @done  bag_com=[-0.12653412 -0.6447003   0.39859164]  finger_z=0.4378  tablet_z=+420.59mm  tilt=0.5deg  bag_bottom=0.3551
[phase] settle   @done  bag_com=[-0.12653467 -0.6447005   0.3985913 ]  finger_z=0.4378  tablet_z=+406.65mm  tilt=0.4deg  bag_bottom=0.3551
[bag] shape 고정 해제 — 이제부터 순수 마찰 파지
[phase] close    @done  bag_com=[-0.12654573 -0.64470947  0.3979088 ]  finger_z=0.4361  tablet_z=+404.21mm  tilt=0.6deg  bag_bottom=0.3538
[phase] grasp    @done  bag_com=[-0.1265484 -0.6447071  0.3979086]  finger_z=0.4361  tablet_z=+403.89mm  tilt=0.6deg  bag_bottom=0.3538
[phase] lift     @done  bag_com=[-0.12679031 -0.64462614  0.5236514 ]  finger_z=0.5620  tablet_z=+528.41mm  tilt=3.4deg  bag_bottom=0.4795
[phase] hold     @done  bag_com=[-0.12672865 -0.6446077   0.523644  ]  finger_z=0.5620  tablet_z=+528.00mm  tilt=3.4deg  bag_bottom=0.4795
[slot] wall_center_z=0.0504  insert_z(finger)=0.1324  hang=82mm
[slot] 봉투중심 보정 dy=+0.0mm -> finger_y=-0.0473 (봉투중심 y=-0.0473 = gap_cy -0.0473)
[sweep] Y_OFFSET_MM=+0.0mm -> target_xy=[-0.33027777 -0.04730234]  (gap_cy=-0.0473)
[cam] side view 고정: pos=(np.float64(-0.3302777709960938), np.float64(-0.597302336215973), np.float64(0.168431227684021)) look=(np.float64(-0.3302777709960938), np.float64(-0.047302336215972886), np.float64(0.168431227684021)) (gap_width=12.0mm, z범위 above=0.2864~insert=0.1324)

[ik] above-slot target=[-0.33027777 -0.04730234  0.28643123]  arm_q=[1.5608041e+00 7.1452636e-01 4.1809493e-01 1.0618893e-03 2.0089006e+00
 1.5614991e+00]
    [above k=   0] tablet_z=+527.99mm bag_com=[-0.12672971 -0.6446075   0.52364385]
    [above k=  40] tablet_z=+526.57mm bag_com=[-0.12280616 -0.64163053  0.5223699 ]
    [above k=  80] tablet_z=+518.92mm bag_com=[-0.10055129 -0.6230233   0.51488143]
    [above k= 120] tablet_z=+500.52mm bag_com=[-0.06028869 -0.57260185  0.49659237]
    [above k= 160] tablet_z=+467.28mm bag_com=[-0.02555706 -0.47650084  0.46393195]
    [above k= 200] tablet_z=+420.03mm bag_com=[-0.03123281 -0.34315667  0.41685626]
    [above k= 240] tablet_z=+364.00mm bag_com=[-0.09595279 -0.21004282  0.3612752 ]
    [above k= 280] tablet_z=+309.71mm bag_com=[-0.19369115 -0.11528733  0.30838552]
    [above k= 320] tablet_z=+270.92mm bag_com=[-0.27845895 -0.06727411  0.2697394 ]
    [above k= 360] tablet_z=+252.05mm bag_com=[-0.3229609  -0.05060757  0.25110444]
[phase] above    @done  bag_com=[-0.3304187  -0.04821656  0.24797511]  finger_z=0.2862  tablet_z=+248.72mm  tilt=2.5deg  bag_bottom=0.2038
[phase] aboveset @done  bag_com=[-0.33074054 -0.04820982  0.24797444]  finger_z=0.2862  tablet_z=+247.79mm  tilt=2.6deg  bag_bottom=0.2037
[ik] insert target=[-0.33027777 -0.04730234  0.13243123]  웨이포인트 41개(카테시안 직선)  arm_q=[1.5609092e+00 6.1002982e-01 1.0266837e+00 6.6510012e-04 1.5046817e+00
 1.5606611e+00]
    [insert k=   0] tablet_z=+247.61mm bag_com=[-0.3307419  -0.04823585  0.24780099]
    [insert k=  40] tablet_z=+246.10mm bag_com=[-0.3307387  -0.048175    0.24645561]
    [insert k=  80] tablet_z=+238.16mm bag_com=[-0.33075625 -0.04808852  0.23876494]
    [insert k= 120] tablet_z=+220.78mm bag_com=[-0.33080158 -0.04808574  0.22235745]
    [insert k= 160] tablet_z=+196.34mm bag_com=[-0.3308087  -0.04808809  0.1984289 ]
    [insert k= 200] tablet_z=+167.97mm bag_com=[-0.33083722 -0.04808548  0.17026003]
    [insert k= 240] tablet_z=+139.43mm bag_com=[-0.330796   -0.04810306  0.14220391]
    [insert k= 280] tablet_z=+114.86mm bag_com=[-0.3305194  -0.0480589   0.11859158]
    [insert k= 320] tablet_z=+98.53mm bag_com=[-0.33058557 -0.04807907  0.10259995]
    [insert k= 360] tablet_z=+90.46mm bag_com=[-0.33055162 -0.04807724  0.0951981 ]
[phase] insert   @done  bag_com=[-0.3305352  -0.04808075  0.09397066]  finger_z=0.1322  tablet_z=+89.04mm  tilt=2.5deg  bag_bottom=0.0497
[phase] settle2  @done  bag_com=[-0.33052662 -0.04807909  0.09396844]  finger_z=0.1322  tablet_z=+88.54mm  tilt=2.5deg  bag_bottom=0.0497
[trim] TRIM_ROUNDS=0 — 생략(기본값). settle2 시점 bag_bottom 오차 +0.7mm 를 그대로 결과로 쓴다.
[trim] 최종 finger_z=0.1324  (초기 0.1324, 하한 0.1024)

[phase] 9 clamp (2.0s) — Left_Wall +6.0mm -> -5.0mm (실링부 압착)
[phase] clamp    @done  wall=-4.48mm  bag_com=[-0.3315923  -0.04808599  0.09402481]
    [release k=   0] tablet_z=+86.75mm bag_com=[-0.3315987  -0.0480871   0.09402613]
    [release k=  40] tablet_z=+86.72mm bag_com=[-0.332706   -0.04820031  0.09404996]
    [release k=  80] tablet_z=+86.45mm bag_com=[-0.33398172 -0.04836106  0.0937176 ]
[phase] release  @done  bag_com=[-0.33430886 -0.04844754  0.09348601]  finger_z=0.1339  tablet_z=+86.25mm  tilt=6.6deg  bag_bottom=0.0493

[RESULT] GRIP_OFFSET_MM=+0mm  Y_OFFSET_MM=+0.0mm  verdict=PASS  (삽입 성공, 걸림/붕괴 없음)
[RESULT] final_bottom_z=0.0493  wall_center_z=0.0504  오차=-1.1mm(+면 얕음/-면 깊음)
[RESULT] width_y=66.9mm(baseline 64.1mm)  height_z=90.1mm(baseline 90.1mm)

[saved] overview -> C:\Crusher_isaacsim\Crusher_Genesis\Crusher_M0609_RG2_Tablet_Samplebag\RESULT\grip+00mm\full_workflow_grip+0mm_yoff+0.0mm_20260825_151516_overview.mp4
[saved] bagcam   -> C:\Crusher_isaacsim\Crusher_Genesis\Crusher_M0609_RG2_Tablet_Samplebag\RESULT\grip+00mm\full_workflow_grip+0mm_yoff+0.0mm_20260825_151516_bagcam.mp4
[saved] sideview -> C:\Crusher_isaacsim\Crusher_Genesis\Crusher_M0609_RG2_Tablet_Samplebag\RESULT\grip+00mm\full_workflow_grip+0mm_yoff+0.0mm_20260825_151516_sideview.mp4

[timing] build=11.1s  steps=223.8s (2430 steps, 92.1ms/step)  합계=234.9s
완료.
