[slot] gap_cx=-0.3303 gap_cy=-0.0473 wall_top_z=0.0864 wall_center_z=0.0504

[build] scene.build() 시작...
[38;5;226m[Genesis] [16:38:38] [WARNING] Link 'L4_Motor2_Shaft_1' has dubious center of mass [x=0.000, y=-0.037, z=0.015] compared to the bounding box from geometry [x=(-0.018, 0.018), y=(-0.018, 0.018), z=(-0.000, 0.077)].[0m
[38;5;226m[Genesis] [16:38:39] [WARNING] Constraint solver time constant should be greater than 2*substep_dt. timeconst is changed from `0.0002` to `0.02`). Decrease simulation timestep or increase timeconst to avoid altering the original value.[0m
C:\Users\simuser\miniconda3\envs\crusher_genesis\Lib\site-packages\quadrants\lang\ast\ast_transformers\call_transformer.py:245: DeprecationWarning: keyword.__init__ got an unexpected keyword argument 'ctx'. Support for arbitrary keyword arguments is deprecated and will be removed in Python 3.15.
  kwarg_node = ast.keyword(
[build] 성공

[ready] 좌클릭 드래그로 주황색 프로브 박스를 슬롯(gap)에 넣어보세요.
        ESC 또는 Ctrl+C 로 종료. 0.5초마다 위치를 출력합니다.

[step=   30] probe pos = (-0.3303, -0.0473, +0.1193)   (gap_cx=-0.3303 gap_cy=-0.0473 wall_center_z=0.0504)
[step=   60] probe pos = (-0.3305, -0.0473, +0.1193)   (gap_cx=-0.3303 gap_cy=-0.0473 wall_center_z=0.0504)
[step=   90] probe pos = (-0.3306, -0.0473, +0.1193)   (gap_cx=-0.3303 gap_cy=-0.0473 wall_center_z=0.0504)
[step=  120] probe pos = (-0.3307, -0.0473, +0.1193)   (gap_cx=-0.3303 gap_cy=-0.0473 wall_center_z=0.0504)
[step=  150] probe pos = (-0.3308, -0.0473, +0.1193)   (gap_cx=-0.3303 gap_cy=-0.0473 wall_center_z=0.0504)
[step=  180] probe pos = (-0.3309, -0.0473, +0.1193)   (gap_cx=-0.3303 gap_cy=-0.0473 wall_center_z=0.0504)
[step=  210] probe pos = (-0.3309, -0.0473, +0.1193)   (gap_cx=-0.3303 gap_cy=-0.0473 wall_center_z=0.0504)
[step=  240] probe pos = (-0.3309, -0.0473, +0.1193)   (gap_cx=-0.3303 gap_cy=-0.0473 wall_center_z=0.0504)
[step=  270] probe pos = (-0.3309, -0.0473, +0.1193)   (gap_cx=-0.3303 gap_cy=-0.0473 wall_center_z=0.0504)
[step=  300] probe pos = (-0.3309, -0.0473, +0.1193)   (gap_cx=-0.3303 gap_cy=-0.0473 wall_center_z=0.0504)
[step=  330] probe pos = (-0.3309, -0.0473, +0.1193)   (gap_cx=-0.3303 gap_cy=-0.0473 wall_center_z=0.0504)
[step=  360] probe pos = (-0.3309, -0.0473, +0.1193)   (gap_cx=-0.3303 gap_cy=-0.0473 wall_center_z=0.0504)
[step=  390] probe pos = (-0.3309, -0.0473, +0.1193)   (gap_cx=-0.3303 gap_cy=-0.0473 wall_center_z=0.0504)
[step=  420] probe pos = (-0.3309, -0.0473, +0.1193)   (gap_cx=-0.3303 gap_cy=-0.0473 wall_center_z=0.0504)
[step=  450] probe pos = (-0.3309, -0.0473, +0.1193)   (gap_cx=-0.3303 gap_cy=-0.0473 wall_center_z=0.0504)
[step=  480] probe pos = (-0.3309, -0.0473, +0.1193)   (gap_cx=-0.3303 gap_cy=-0.0473 wall_center_z=0.0504)
[step=  510] probe pos = (-0.3309, -0.0473, +0.1193)   (gap_cx=-0.3303 gap_cy=-0.0473 wall_center_z=0.0504)
[step=  540] probe pos = (-0.3308, -0.0473, +0.1193)   (gap_cx=-0.3303 gap_cy=-0.0473 wall_center_z=0.0504)
[step=  570] probe pos = (-0.3308, -0.0473, +0.1193)   (gap_cx=-0.3303 gap_cy=-0.0473 wall_center_z=0.0504)
[step=  600] probe pos = (-0.3308, -0.0473, +0.1193)   (gap_cx=-0.3303 gap_cy=-0.0473 wall_center_z=0.0504)
[step=  630] probe pos = (-0.3308, -0.0473, +0.1193)   (gap_cx=-0.3303 gap_cy=-0.0473 wall_center_z=0.0504)
[step=  660] probe pos = (-0.3307, -0.0473, +0.1193)   (gap_cx=-0.3303 gap_cy=-0.0473 wall_center_z=0.0504)
[step=  690] probe pos = (-0.3307, -0.0473, +0.1193)   (gap_cx=-0.3303 gap_cy=-0.0473 wall_center_z=0.0504)
[step=  720] probe pos = (-0.3306, -0.0473, +0.1193)   (gap_cx=-0.3303 gap_cy=-0.0473 wall_center_z=0.0504)
[step=  750] probe pos = (-0.3306, -0.0473, +0.1193)   (gap_cx=-0.3303 gap_cy=-0.0473 wall_center_z=0.0504)
[step=  780] probe pos = (-0.3306, -0.0473, +0.1193)   (gap_cx=-0.3303 gap_cy=-0.0473 wall_center_z=0.0504)
[step=  810] probe pos = (-0.3305, -0.0473, +0.1193)   (gap_cx=-0.3303 gap_cy=-0.0473 wall_center_z=0.0504)
[step=  840] probe pos = (-0.3305, -0.0473, +0.1193)   (gap_cx=-0.3303 gap_cy=-0.0473 wall_center_z=0.0504)
[step=  870] probe pos = (-0.3304, -0.0473, +0.1193)   (gap_cx=-0.3303 gap_cy=-0.0473 wall_center_z=0.0504)
[step=  900] probe pos = (-0.3304, -0.0473, +0.1193)   (gap_cx=-0.3303 gap_cy=-0.0473 wall_center_z=0.0504)
[step=  930] probe pos = (-0.3303, -0.0473, +0.1193)   (gap_cx=-0.3303 gap_cy=-0.0473 wall_center_z=0.0504)
[step=  960] probe pos = (-0.3303, -0.0473, +0.1193)   (gap_cx=-0.3303 gap_cy=-0.0473 wall_center_z=0.0504)
[step=  990] probe pos = (-0.3302, -0.0473, +0.1193)   (gap_cx=-0.3303 gap_cy=-0.0473 wall_center_z=0.0504)
[step= 1020] probe pos = (-0.3302, -0.0473, +0.1193)   (gap_cx=-0.3303 gap_cy=-0.0473 wall_center_z=0.0504)
[step= 1050] probe pos = (-0.3301, -0.0473, +0.1193)   (gap_cx=-0.3303 gap_cy=-0.0473 wall_center_z=0.0504)
[step= 1080] probe pos = (-0.3301, -0.0473, +0.1193)   (gap_cx=-0.3303 gap_cy=-0.0473 wall_center_z=0.0504)
[step= 1110] probe pos = (-0.3300, -0.0473, +0.1193)   (gap_cx=-0.3303 gap_cy=-0.0473 wall_center_z=0.0504)
[step= 1140] probe pos = (-0.3300, -0.0473, +0.1193)   (gap_cx=-0.3303 gap_cy=-0.0473 wall_center_z=0.0504)
[step= 1170] probe pos = (-0.3299, -0.0473, +0.1193)   (gap_cx=-0.3303 gap_cy=-0.0473 wall_center_z=0.0504)
[step= 1200] probe pos = (-0.3299, -0.0473, +0.1193)   (gap_cx=-0.3303 gap_cy=-0.0473 wall_center_z=0.0504)
[step= 1230] probe pos = (-0.3298, -0.0473, +0.1193)   (gap_cx=-0.3303 gap_cy=-0.0473 wall_center_z=0.0504)
[step= 1260] probe pos = (-0.3297, -0.0473, +0.1193)   (gap_cx=-0.3303 gap_cy=-0.0473 wall_center_z=0.0504)
[step= 1290] probe pos = (-0.3297, -0.0473, +0.1193)   (gap_cx=-0.3303 gap_cy=-0.0473 wall_center_z=0.0504)
[step= 1320] probe pos = (-0.3296, -0.0473, +0.1193)   (gap_cx=-0.3303 gap_cy=-0.0473 wall_center_z=0.0504)
[step= 1350] probe pos = (-0.3295, -0.0473, +0.1193)   (gap_cx=-0.3303 gap_cy=-0.0473 wall_center_z=0.0504)
[step= 1380] probe pos = (-0.3295, -0.0473, +0.1193)   (gap_cx=-0.3303 gap_cy=-0.0473 wall_center_z=0.0504)
[step= 1410] probe pos = (-0.3294, -0.0473, +0.1193)   (gap_cx=-0.3303 gap_cy=-0.0473 wall_center_z=0.0504)
[step= 1440] probe pos = (-0.3293, -0.0473, +0.1193)   (gap_cx=-0.3303 gap_cy=-0.0473 wall_center_z=0.0504)
[step= 1470] probe pos = (-0.3292, -0.0473, +0.1193)   (gap_cx=-0.3303 gap_cy=-0.0473 wall_center_z=0.0504)
[step= 1500] probe pos = (-0.3292, -0.0473, +0.1193)   (gap_cx=-0.3303 gap_cy=-0.0473 wall_center_z=0.0504)
[step= 1530] probe pos = (-0.3268, -0.0609, +0.1192)   (gap_cx=-0.3303 gap_cy=-0.0473 wall_center_z=0.0504)
[step= 1560] probe pos = (-0.2711, -0.2366, +0.1173)   (gap_cx=-0.3303 gap_cy=-0.0473 wall_center_z=0.0504)
[step= 1590] probe pos = (-0.3237, -0.0881, +0.1172)   (gap_cx=-0.3303 gap_cy=-0.0473 wall_center_z=0.0504)
[step= 1620] probe pos = (-0.3384, -0.0453, +0.1193)   (gap_cx=-0.3303 gap_cy=-0.0473 wall_center_z=0.0504)
[step= 1650] probe pos = (-0.3301, -0.0693, +0.1196)   (gap_cx=-0.3303 gap_cy=-0.0473 wall_center_z=0.0504)
[step= 1680] probe pos = (-0.3250, -0.0704, +0.1135)   (gap_cx=-0.3303 gap_cy=-0.0473 wall_center_z=0.0504)
[step= 1710] probe pos = (-0.3405, -0.0452, +0.1127)   (gap_cx=-0.3303 gap_cy=-0.0473 wall_center_z=0.0504)
[step= 1740] probe pos = (-0.3315, -0.0758, +0.1089)   (gap_cx=-0.3303 gap_cy=-0.0473 wall_center_z=0.0504)
[step= 1770] probe pos = (-0.3399, -0.0412, +0.1065)   (gap_cx=-0.3303 gap_cy=-0.0473 wall_center_z=0.0504)
[step= 1800] probe pos = (-0.3344, -0.0414, +0.1067)   (gap_cx=-0.3303 gap_cy=-0.0473 wall_center_z=0.0504)
[step= 1830] probe pos = (-0.3342, -0.0415, +0.1063)   (gap_cx=-0.3303 gap_cy=-0.0473 wall_center_z=0.0504)
[step= 1860] probe pos = (-0.3342, -0.0416, +0.1059)   (gap_cx=-0.3303 gap_cy=-0.0473 wall_center_z=0.0504)
[step= 1890] probe pos = (-0.3341, -0.0417, +0.1055)   (gap_cx=-0.3303 gap_cy=-0.0473 wall_center_z=0.0504)
[step= 1920] probe pos = (-0.3344, -0.0499, +0.1013)   (gap_cx=-0.3303 gap_cy=-0.0473 wall_center_z=0.0504)
[step= 1950] probe pos = (-0.3369, -0.0979, +0.0782)   (gap_cx=-0.3303 gap_cy=-0.0473 wall_center_z=0.0504)
[step= 1980] probe pos = (-0.3673, -0.1407, +0.0532)   (gap_cx=-0.3303 gap_cy=-0.0473 wall_center_z=0.0504)
[step= 2010] probe pos = (-0.3332, -0.0684, +0.0956)   (gap_cx=-0.3303 gap_cy=-0.0473 wall_center_z=0.0504)
[step= 2040] probe pos = (-0.3336, -0.1058, +0.0768)   (gap_cx=-0.3303 gap_cy=-0.0473 wall_center_z=0.0504)
[step= 2070] probe pos = (-0.3369, -0.0920, +0.0801)   (gap_cx=-0.3303 gap_cy=-0.0473 wall_center_z=0.0504)
[step= 2100] probe pos = (-0.3352, -0.1015, +0.0753)   (gap_cx=-0.3303 gap_cy=-0.0473 wall_center_z=0.0504)
[step= 2130] probe pos = (-0.3336, -0.0919, +0.0790)   (gap_cx=-0.3303 gap_cy=-0.0473 wall_center_z=0.0504)
[step= 2160] probe pos = (-0.3335, -0.0922, +0.0778)   (gap_cx=-0.3303 gap_cy=-0.0473 wall_center_z=0.0504)
[step= 2190] probe pos = (-0.3334, -0.0927, +0.0764)   (gap_cx=-0.3303 gap_cy=-0.0473 wall_center_z=0.0504)
[step= 2220] probe pos = (-0.3334, -0.0934, +0.0737)   (gap_cx=-0.3303 gap_cy=-0.0473 wall_center_z=0.0504)
[step= 2250] probe pos = (-0.3334, -0.0942, +0.0657)   (gap_cx=-0.3303 gap_cy=-0.0473 wall_center_z=0.0504)
[step= 2280] probe pos = (-0.3329, -0.1012, +0.0616)   (gap_cx=-0.3303 gap_cy=-0.0473 wall_center_z=0.0504)
[step= 2310] probe pos = (-0.3326, -0.1205, +0.0489)   (gap_cx=-0.3303 gap_cy=-0.0473 wall_center_z=0.0504)
[step= 2340] probe pos = (-0.2930, -0.1391, +0.0067)   (gap_cx=-0.3303 gap_cy=-0.0473 wall_center_z=0.0504)
[step= 2370] probe pos = (-0.2930, -0.1396, +0.0097)   (gap_cx=-0.3303 gap_cy=-0.0473 wall_center_z=0.0504)
[step= 2400] probe pos = (-0.2930, -0.1398, +0.0097)   (gap_cx=-0.3303 gap_cy=-0.0473 wall_center_z=0.0504)
[step= 2430] probe pos = (-0.2929, -0.1389, +0.0029)   (gap_cx=-0.3303 gap_cy=-0.0473 wall_center_z=0.0504)
[step= 2460] probe pos = (-0.2929, -0.1389, +0.0029)   (gap_cx=-0.3303 gap_cy=-0.0473 wall_center_z=0.0504)
[step= 2490] probe pos = (-0.2929, -0.1389, +0.0029)   (gap_cx=-0.3303 gap_cy=-0.0473 wall_center_z=0.0504)
[step= 2520] probe pos = (-0.2929, -0.1389, +0.0029)   (gap_cx=-0.3303 gap_cy=-0.0473 wall_center_z=0.0504)
[step= 2550] probe pos = (-0.2929, -0.1389, +0.0029)   (gap_cx=-0.3303 gap_cy=-0.0473 wall_center_z=0.0504)
[step= 2580] probe pos = (-0.2929, -0.1389, +0.0029)   (gap_cx=-0.3303 gap_cy=-0.0473 wall_center_z=0.0504)
[step= 2610] probe pos = (-0.2929, -0.1389, +0.0029)   (gap_cx=-0.3303 gap_cy=-0.0473 wall_center_z=0.0504)
[step= 2640] probe pos = (-0.2929, -0.1389, +0.0029)   (gap_cx=-0.3303 gap_cy=-0.0473 wall_center_z=0.0504)
[step= 2670] probe pos = (-0.2929, -0.1389, +0.0029)   (gap_cx=-0.3303 gap_cy=-0.0473 wall_center_z=0.0504)
[step= 2700] probe pos = (-0.2929, -0.1389, +0.0029)   (gap_cx=-0.3303 gap_cy=-0.0473 wall_center_z=0.0504)
[step= 2730] probe pos = (-0.2929, -0.1389, +0.0029)   (gap_cx=-0.3303 gap_cy=-0.0473 wall_center_z=0.0504)
[step= 2760] probe pos = (-0.2929, -0.1389, +0.0029)   (gap_cx=-0.3303 gap_cy=-0.0473 wall_center_z=0.0504)
[step= 2790] probe pos = (-0.2929, -0.1389, +0.0029)   (gap_cx=-0.3303 gap_cy=-0.0473 wall_center_z=0.0504)
[step= 2820] probe pos = (-0.2929, -0.1389, +0.0029)   (gap_cx=-0.3303 gap_cy=-0.0473 wall_center_z=0.0504)
[step= 2850] probe pos = (-0.2929, -0.1389, +0.0029)   (gap_cx=-0.3303 gap_cy=-0.0473 wall_center_z=0.0504)
[step= 2880] probe pos = (-0.2929, -0.1389, +0.0029)   (gap_cx=-0.3303 gap_cy=-0.0473 wall_center_z=0.0504)
[step= 2910] probe pos = (-0.2929, -0.1389, +0.0029)   (gap_cx=-0.3303 gap_cy=-0.0473 wall_center_z=0.0504)
[step= 2940] probe pos = (-0.2929, -0.1389, +0.0029)   (gap_cx=-0.3303 gap_cy=-0.0473 wall_center_z=0.0504)
[step= 2970] probe pos = (-0.2929, -0.1389, +0.0029)   (gap_cx=-0.3303 gap_cy=-0.0473 wall_center_z=0.0504)
[step= 3000] probe pos = (-0.2929, -0.1389, +0.0029)   (gap_cx=-0.3303 gap_cy=-0.0473 wall_center_z=0.0504)
[step= 3030] probe pos = (-0.2991, -0.1392, +0.0183)   (gap_cx=-0.3303 gap_cy=-0.0473 wall_center_z=0.0504)
[step= 3060] probe pos = (-0.4150, -0.1447, +0.2386)   (gap_cx=-0.3303 gap_cy=-0.0473 wall_center_z=0.0504)
[step= 3090] probe pos = (-0.5109, -0.1493, +0.1583)   (gap_cx=-0.3303 gap_cy=-0.0473 wall_center_z=0.0504)
[step= 3120] probe pos = (-0.5411, -0.1507, +0.1228)   (gap_cx=-0.3303 gap_cy=-0.0473 wall_center_z=0.0504)
[step= 3150] probe pos = (-0.5584, -0.1514, +0.0890)   (gap_cx=-0.3303 gap_cy=-0.0473 wall_center_z=0.0504)
[step= 3180] probe pos = (-0.5579, -0.1506, +0.1020)   (gap_cx=-0.3303 gap_cy=-0.0473 wall_center_z=0.0504)
[step= 3210] probe pos = (-0.5649, -0.1512, +0.0947)   (gap_cx=-0.3303 gap_cy=-0.0473 wall_center_z=0.0504)
[step= 3240] probe pos = (-0.5542, -0.1507, +0.1054)   (gap_cx=-0.3303 gap_cy=-0.0473 wall_center_z=0.0504)
[step= 3270] probe pos = (-0.5505, -0.1505, +0.1054)   (gap_cx=-0.3303 gap_cy=-0.0473 wall_center_z=0.0504)
[step= 3300] probe pos = (-0.5528, -0.1506, +0.0899)   (gap_cx=-0.3303 gap_cy=-0.0473 wall_center_z=0.0504)
[step= 3330] probe pos = (-0.5528, -0.1505, +0.0906)   (gap_cx=-0.3303 gap_cy=-0.0473 wall_center_z=0.0504)
[step= 3360] probe pos = (-0.5528, -0.1505, +0.0906)   (gap_cx=-0.3303 gap_cy=-0.0473 wall_center_z=0.0504)
[step= 3390] probe pos = (-0.5528, -0.1505, +0.0906)   (gap_cx=-0.3303 gap_cy=-0.0473 wall_center_z=0.0504)
[step= 3420] probe pos = (-0.5528, -0.1505, +0.0906)   (gap_cx=-0.3303 gap_cy=-0.0473 wall_center_z=0.0504)
[step= 3450] probe pos = (-0.5528, -0.1505, +0.0906)   (gap_cx=-0.3303 gap_cy=-0.0473 wall_center_z=0.0504)
[step= 3480] probe pos = (-0.5528, -0.1505, +0.0906)   (gap_cx=-0.3303 gap_cy=-0.0473 wall_center_z=0.0504)
[step= 3510] probe pos = (-0.5528, -0.1505, +0.0906)   (gap_cx=-0.3303 gap_cy=-0.0473 wall_center_z=0.0504)
[step= 3540] probe pos = (-0.5528, -0.1505, +0.0906)   (gap_cx=-0.3303 gap_cy=-0.0473 wall_center_z=0.0504)
[step= 3570] probe pos = (-0.5528, -0.1505, +0.0906)   (gap_cx=-0.3303 gap_cy=-0.0473 wall_center_z=0.0504)
[step= 3600] probe pos = (-0.5528, -0.1505, +0.0906)   (gap_cx=-0.3303 gap_cy=-0.0473 wall_center_z=0.0504)
[step= 3630] probe pos = (-0.5528, -0.1505, +0.0906)   (gap_cx=-0.3303 gap_cy=-0.0473 wall_center_z=0.0504)
[step= 3660] probe pos = (-0.5528, -0.1505, +0.0906)   (gap_cx=-0.3303 gap_cy=-0.0473 wall_center_z=0.0504)
[step= 3690] probe pos = (-0.5528, -0.1505, +0.0906)   (gap_cx=-0.3303 gap_cy=-0.0473 wall_center_z=0.0504)
[step= 3720] probe pos = (-0.5528, -0.1505, +0.0906)   (gap_cx=-0.3303 gap_cy=-0.0473 wall_center_z=0.0504)
[step= 3750] probe pos = (-0.5528, -0.1505, +0.0906)   (gap_cx=-0.3303 gap_cy=-0.0473 wall_center_z=0.0504)
[step= 3780] probe pos = (-0.5528, -0.1505, +0.0906)   (gap_cx=-0.3303 gap_cy=-0.0473 wall_center_z=0.0504)
[step= 3810] probe pos = (-0.5528, -0.1505, +0.0906)   (gap_cx=-0.3303 gap_cy=-0.0473 wall_center_z=0.0504)
[step= 3840] probe pos = (-0.5528, -0.1505, +0.0906)   (gap_cx=-0.3303 gap_cy=-0.0473 wall_center_z=0.0504)
[step= 3870] probe pos = (-0.5528, -0.1505, +0.0906)   (gap_cx=-0.3303 gap_cy=-0.0473 wall_center_z=0.0504)
[step= 3900] probe pos = (-0.5528, -0.1505, +0.0906)   (gap_cx=-0.3303 gap_cy=-0.0473 wall_center_z=0.0504)
[step= 3930] probe pos = (-0.5528, -0.1505, +0.0906)   (gap_cx=-0.3303 gap_cy=-0.0473 wall_center_z=0.0504)
[step= 3960] probe pos = (-0.5528, -0.1505, +0.0906)   (gap_cx=-0.3303 gap_cy=-0.0473 wall_center_z=0.0504)
[step= 3990] probe pos = (-0.5528, -0.1505, +0.0906)   (gap_cx=-0.3303 gap_cy=-0.0473 wall_center_z=0.0504)
[step= 4020] probe pos = (-0.5528, -0.1505, +0.0906)   (gap_cx=-0.3303 gap_cy=-0.0473 wall_center_z=0.0504)
[step= 4050] probe pos = (-0.5528, -0.1505, +0.0906)   (gap_cx=-0.3303 gap_cy=-0.0473 wall_center_z=0.0504)
[step= 4080] probe pos = (-0.5528, -0.1505, +0.0906)   (gap_cx=-0.3303 gap_cy=-0.0473 wall_center_z=0.0504)
[step= 4110] probe pos = (-0.5528, -0.1505, +0.0906)   (gap_cx=-0.3303 gap_cy=-0.0473 wall_center_z=0.0504)
[step= 4140] probe pos = (-0.5528, -0.1505, +0.0906)   (gap_cx=-0.3303 gap_cy=-0.0473 wall_center_z=0.0504)
[step= 4170] probe pos = (-0.5528, -0.1505, +0.0906)   (gap_cx=-0.3303 gap_cy=-0.0473 wall_center_z=0.0504)
[step= 4200] probe pos = (-0.5528, -0.1505, +0.0906)   (gap_cx=-0.3303 gap_cy=-0.0473 wall_center_z=0.0504)
[step= 4230] probe pos = (-0.5528, -0.1505, +0.0906)   (gap_cx=-0.3303 gap_cy=-0.0473 wall_center_z=0.0504)
[step= 4260] probe pos = (-0.5528, -0.1505, +0.0906)   (gap_cx=-0.3303 gap_cy=-0.0473 wall_center_z=0.0504)
[step= 4290] probe pos = (-0.5535, -0.1550, +0.0905)   (gap_cx=-0.3303 gap_cy=-0.0473 wall_center_z=0.0504)
[step= 4320] probe pos = (-0.5547, -0.1566, +0.0903)   (gap_cx=-0.3303 gap_cy=-0.0473 wall_center_z=0.0504)
[step= 4350] probe pos = (-0.5548, -0.1249, +0.0893)   (gap_cx=-0.3303 gap_cy=-0.0473 wall_center_z=0.0504)
[step= 4380] probe pos = (-0.5510, -0.1256, +0.0914)   (gap_cx=-0.3303 gap_cy=-0.0473 wall_center_z=0.0504)
[step= 4410] probe pos = (-0.5505, -0.1177, +0.0915)   (gap_cx=-0.3303 gap_cy=-0.0473 wall_center_z=0.0504)
[step= 4440] probe pos = (-0.5519, -0.1090, +0.0913)   (gap_cx=-0.3303 gap_cy=-0.0473 wall_center_z=0.0504)
[step= 4470] probe pos = (-0.5515, -0.1062, +0.0911)   (gap_cx=-0.3303 gap_cy=-0.0473 wall_center_z=0.0504)
[step= 4500] probe pos = (-0.5498, -0.1068, +0.0914)   (gap_cx=-0.3303 gap_cy=-0.0473 wall_center_z=0.0504)
[step= 4530] probe pos = (-0.5473, -0.1061, +0.0917)   (gap_cx=-0.3303 gap_cy=-0.0473 wall_center_z=0.0504)
[step= 4560] probe pos = (-0.5473, -0.1061, +0.0917)   (gap_cx=-0.3303 gap_cy=-0.0473 wall_center_z=0.0504)
[step= 4590] probe pos = (-0.5472, -0.1068, +0.0906)   (gap_cx=-0.3303 gap_cy=-0.0473 wall_center_z=0.0504)
[step= 4620] probe pos = (-0.5473, -0.1068, +0.0906)   (gap_cx=-0.3303 gap_cy=-0.0473 wall_center_z=0.0504)
[step= 4650] probe pos = (-0.5473, -0.1068, +0.0906)   (gap_cx=-0.3303 gap_cy=-0.0473 wall_center_z=0.0504)
[step= 4680] probe pos = (-0.5473, -0.1068, +0.0906)   (gap_cx=-0.3303 gap_cy=-0.0473 wall_center_z=0.0504)
[step= 4710] probe pos = (-0.5473, -0.1068, +0.0906)   (gap_cx=-0.3303 gap_cy=-0.0473 wall_center_z=0.0504)
[step= 4740] probe pos = (-0.5473, -0.1068, +0.0906)   (gap_cx=-0.3303 gap_cy=-0.0473 wall_center_z=0.0504)
[step= 4770] probe pos = (-0.5473, -0.1068, +0.0906)   (gap_cx=-0.3303 gap_cy=-0.0473 wall_center_z=0.0504)
[step= 4800] probe pos = (-0.5473, -0.1068, +0.0906)   (gap_cx=-0.3303 gap_cy=-0.0473 wall_center_z=0.0504)
[step= 4830] probe pos = (-0.5473, -0.1068, +0.0906)   (gap_cx=-0.3303 gap_cy=-0.0473 wall_center_z=0.0504)
[step= 4860] probe pos = (-0.5473, -0.1068, +0.0906)   (gap_cx=-0.3303 gap_cy=-0.0473 wall_center_z=0.0504)
[step= 4890] probe pos = (-0.5473, -0.1068, +0.0906)   (gap_cx=-0.3303 gap_cy=-0.0473 wall_center_z=0.0504)
[step= 4920] probe pos = (-0.5473, -0.1068, +0.0906)   (gap_cx=-0.3303 gap_cy=-0.0473 wall_center_z=0.0504)
[step= 4950] probe pos = (-0.5473, -0.1068, +0.0906)   (gap_cx=-0.3303 gap_cy=-0.0473 wall_center_z=0.0504)
[step= 4980] probe pos = (-0.5473, -0.1068, +0.0906)   (gap_cx=-0.3303 gap_cy=-0.0473 wall_center_z=0.0504)
[step= 5010] probe pos = (-0.5473, -0.1068, +0.0906)   (gap_cx=-0.3303 gap_cy=-0.0473 wall_center_z=0.0504)
[step= 5040] probe pos = (-0.5473, -0.1068, +0.0906)   (gap_cx=-0.3303 gap_cy=-0.0473 wall_center_z=0.0504)
[step= 5070] probe pos = (-0.5473, -0.1068, +0.0906)   (gap_cx=-0.3303 gap_cy=-0.0473 wall_center_z=0.0504)
[step= 5100] probe pos = (-0.5473, -0.1068, +0.0906)   (gap_cx=-0.3303 gap_cy=-0.0473 wall_center_z=0.0504)
[step= 5130] probe pos = (-0.5473, -0.1068, +0.0906)   (gap_cx=-0.3303 gap_cy=-0.0473 wall_center_z=0.0504)
[step= 5160] probe pos = (-0.5473, -0.1068, +0.0906)   (gap_cx=-0.3303 gap_cy=-0.0473 wall_center_z=0.0504)
[step= 5190] probe pos = (-0.5473, -0.1068, +0.0906)   (gap_cx=-0.3303 gap_cy=-0.0473 wall_center_z=0.0504)
[step= 5220] probe pos = (-0.5473, -0.1068, +0.0906)   (gap_cx=-0.3303 gap_cy=-0.0473 wall_center_z=0.0504)
[step= 5250] probe pos = (-0.5473, -0.1068, +0.0906)   (gap_cx=-0.3303 gap_cy=-0.0473 wall_center_z=0.0504)
[step= 5280] probe pos = (-0.5473, -0.1068, +0.0906)   (gap_cx=-0.3303 gap_cy=-0.0473 wall_center_z=0.0504)
[step= 5310] probe pos = (-0.5473, -0.1068, +0.0906)   (gap_cx=-0.3303 gap_cy=-0.0473 wall_center_z=0.0504)
[step= 5340] probe pos = (-0.5473, -0.1068, +0.0906)   (gap_cx=-0.3303 gap_cy=-0.0473 wall_center_z=0.0504)
[step= 5370] probe pos = (-0.5473, -0.1068, +0.0906)   (gap_cx=-0.3303 gap_cy=-0.0473 wall_center_z=0.0504)
[step= 5400] probe pos = (-0.5473, -0.1068, +0.0906)   (gap_cx=-0.3303 gap_cy=-0.0473 wall_center_z=0.0504)
[step= 5430] probe pos = (-0.5473, -0.1068, +0.0906)   (gap_cx=-0.3303 gap_cy=-0.0473 wall_center_z=0.0504)
[step= 5460] probe pos = (-0.5473, -0.1068, +0.0906)   (gap_cx=-0.3303 gap_cy=-0.0473 wall_center_z=0.0504)
[step= 5490] probe pos = (-0.5473, -0.1068, +0.0906)   (gap_cx=-0.3303 gap_cy=-0.0473 wall_center_z=0.0504)
[step= 5520] probe pos = (-0.5473, -0.1068, +0.0906)   (gap_cx=-0.3303 gap_cy=-0.0473 wall_center_z=0.0504)
[step= 5550] probe pos = (-0.5473, -0.1068, +0.0906)   (gap_cx=-0.3303 gap_cy=-0.0473 wall_center_z=0.0504)
[step= 5580] probe pos = (-0.5473, -0.1068, +0.0906)   (gap_cx=-0.3303 gap_cy=-0.0473 wall_center_z=0.0504)
[step= 5610] probe pos = (-0.5473, -0.1068, +0.0906)   (gap_cx=-0.3303 gap_cy=-0.0473 wall_center_z=0.0504)
[step= 5640] probe pos = (-0.5473, -0.1068, +0.0906)   (gap_cx=-0.3303 gap_cy=-0.0473 wall_center_z=0.0504)
[step= 5670] probe pos = (-0.5473, -0.1068, +0.0906)   (gap_cx=-0.3303 gap_cy=-0.0473 wall_center_z=0.0504)
[step= 5700] probe pos = (-0.5473, -0.1068, +0.0906)   (gap_cx=-0.3303 gap_cy=-0.0473 wall_center_z=0.0504)
[step= 5730] probe pos = (-0.5473, -0.1068, +0.0906)   (gap_cx=-0.3303 gap_cy=-0.0473 wall_center_z=0.0504)
[step= 5760] probe pos = (-0.5473, -0.1068, +0.0906)   (gap_cx=-0.3303 gap_cy=-0.0473 wall_center_z=0.0504)
[step= 5790] probe pos = (-0.5473, -0.1068, +0.0906)   (gap_cx=-0.3303 gap_cy=-0.0473 wall_center_z=0.0504)
[step= 5820] probe pos = (-0.5473, -0.1068, +0.0906)   (gap_cx=-0.3303 gap_cy=-0.0473 wall_center_z=0.0504)
[step= 5850] probe pos = (-0.5473, -0.1068, +0.0906)   (gap_cx=-0.3303 gap_cy=-0.0473 wall_center_z=0.0504)
[step= 5880] probe pos = (-0.5473, -0.1068, +0.0906)   (gap_cx=-0.3303 gap_cy=-0.0473 wall_center_z=0.0504)
[step= 5910] probe pos = (-0.5473, -0.1068, +0.0906)   (gap_cx=-0.3303 gap_cy=-0.0473 wall_center_z=0.0504)
[step= 5940] probe pos = (-0.5473, -0.1068, +0.0906)   (gap_cx=-0.3303 gap_cy=-0.0473 wall_center_z=0.0504)
[step= 5970] probe pos = (-0.5473, -0.1068, +0.0906)   (gap_cx=-0.3303 gap_cy=-0.0473 wall_center_z=0.0504)
[step= 6000] probe pos = (-0.5473, -0.1068, +0.0906)   (gap_cx=-0.3303 gap_cy=-0.0473 wall_center_z=0.0504)
[step= 6030] probe pos = (-0.5473, -0.1068, +0.0906)   (gap_cx=-0.3303 gap_cy=-0.0473 wall_center_z=0.0504)
[step= 6060] probe pos = (-0.5473, -0.1068, +0.0906)   (gap_cx=-0.3303 gap_cy=-0.0473 wall_center_z=0.0504)
[step= 6090] probe pos = (-0.5473, -0.1068, +0.0906)   (gap_cx=-0.3303 gap_cy=-0.0473 wall_center_z=0.0504)
[step= 6120] probe pos = (-0.5473, -0.1068, +0.0906)   (gap_cx=-0.3303 gap_cy=-0.0473 wall_center_z=0.0504)
[step= 6150] probe pos = (-0.5473, -0.1068, +0.0906)   (gap_cx=-0.3303 gap_cy=-0.0473 wall_center_z=0.0504)
[step= 6180] probe pos = (-0.5473, -0.1068, +0.0906)   (gap_cx=-0.3303 gap_cy=-0.0473 wall_center_z=0.0504)
[step= 6210] probe pos = (-0.5473, -0.1068, +0.0906)   (gap_cx=-0.3303 gap_cy=-0.0473 wall_center_z=0.0504)
[step= 6240] probe pos = (-0.5473, -0.1068, +0.0906)   (gap_cx=-0.3303 gap_cy=-0.0473 wall_center_z=0.0504)
[step= 6270] probe pos = (-0.5473, -0.1068, +0.0906)   (gap_cx=-0.3303 gap_cy=-0.0473 wall_center_z=0.0504)
[step= 6300] probe pos = (-0.5473, -0.1068, +0.0906)   (gap_cx=-0.3303 gap_cy=-0.0473 wall_center_z=0.0504)
[step= 6330] probe pos = (-0.5473, -0.1068, +0.0906)   (gap_cx=-0.3303 gap_cy=-0.0473 wall_center_z=0.0504)
[step= 6360] probe pos = (-0.5473, -0.1068, +0.0906)   (gap_cx=-0.3303 gap_cy=-0.0473 wall_center_z=0.0504)
[step= 6390] probe pos = (-0.5473, -0.1068, +0.0906)   (gap_cx=-0.3303 gap_cy=-0.0473 wall_center_z=0.0504)
[step= 6420] probe pos = (-0.5473, -0.1068, +0.0906)   (gap_cx=-0.3303 gap_cy=-0.0473 wall_center_z=0.0504)
[step= 6450] probe pos = (-0.5473, -0.1068, +0.0906)   (gap_cx=-0.3303 gap_cy=-0.0473 wall_center_z=0.0504)
[step= 6480] probe pos = (-0.5473, -0.1068, +0.0906)   (gap_cx=-0.3303 gap_cy=-0.0473 wall_center_z=0.0504)
[step= 6510] probe pos = (-0.5473, -0.1068, +0.0906)   (gap_cx=-0.3303 gap_cy=-0.0473 wall_center_z=0.0504)
[step= 6540] probe pos = (-0.5473, -0.1068, +0.0906)   (gap_cx=-0.3303 gap_cy=-0.0473 wall_center_z=0.0504)
[step= 6570] probe pos = (-0.5473, -0.1068, +0.0906)   (gap_cx=-0.3303 gap_cy=-0.0473 wall_center_z=0.0504)
[step= 6600] probe pos = (-0.5473, -0.1068, +0.0906)   (gap_cx=-0.3303 gap_cy=-0.0473 wall_center_z=0.0504)
[step= 6630] probe pos = (-0.5473, -0.1068, +0.0906)   (gap_cx=-0.3303 gap_cy=-0.0473 wall_center_z=0.0504)
[step= 6660] probe pos = (-0.5473, -0.1068, +0.0906)   (gap_cx=-0.3303 gap_cy=-0.0473 wall_center_z=0.0504)
[step= 6690] probe pos = (-0.5473, -0.1068, +0.0906)   (gap_cx=-0.3303 gap_cy=-0.0473 wall_center_z=0.0504)
[step= 6720] probe pos = (-0.5473, -0.1068, +0.0906)   (gap_cx=-0.3303 gap_cy=-0.0473 wall_center_z=0.0504)
[step= 6750] probe pos = (-0.5473, -0.1068, +0.0906)   (gap_cx=-0.3303 gap_cy=-0.0473 wall_center_z=0.0504)
[step= 6780] probe pos = (-0.5473, -0.1068, +0.0906)   (gap_cx=-0.3303 gap_cy=-0.0473 wall_center_z=0.0504)
[step= 6810] probe pos = (-0.5473, -0.1068, +0.0906)   (gap_cx=-0.3303 gap_cy=-0.0473 wall_center_z=0.0504)
[step= 6840] probe pos = (-0.5473, -0.1068, +0.0906)   (gap_cx=-0.3303 gap_cy=-0.0473 wall_center_z=0.0504)
[step= 6870] probe pos = (-0.5473, -0.1068, +0.0906)   (gap_cx=-0.3303 gap_cy=-0.0473 wall_center_z=0.0504)
[step= 6900] probe pos = (-0.5473, -0.1068, +0.0906)   (gap_cx=-0.3303 gap_cy=-0.0473 wall_center_z=0.0504)
[step= 6930] probe pos = (-0.5473, -0.1068, +0.0906)   (gap_cx=-0.3303 gap_cy=-0.0473 wall_center_z=0.0504)
[step= 6960] probe pos = (-0.5473, -0.1068, +0.0906)   (gap_cx=-0.3303 gap_cy=-0.0473 wall_center_z=0.0504)
[step= 6990] probe pos = (-0.5473, -0.1068, +0.0906)   (gap_cx=-0.3303 gap_cy=-0.0473 wall_center_z=0.0504)
[step= 7020] probe pos = (-0.5473, -0.1068, +0.0906)   (gap_cx=-0.3303 gap_cy=-0.0473 wall_center_z=0.0504)
[step= 7050] probe pos = (-0.5473, -0.1068, +0.0906)   (gap_cx=-0.3303 gap_cy=-0.0473 wall_center_z=0.0504)
[step= 7080] probe pos = (-0.5473, -0.1068, +0.0906)   (gap_cx=-0.3303 gap_cy=-0.0473 wall_center_z=0.0504)
[step= 7110] probe pos = (-0.5473, -0.1068, +0.0906)   (gap_cx=-0.3303 gap_cy=-0.0473 wall_center_z=0.0504)
[step= 7140] probe pos = (-0.5473, -0.1068, +0.0906)   (gap_cx=-0.3303 gap_cy=-0.0473 wall_center_z=0.0504)
[step= 7170] probe pos = (-0.5473, -0.1068, +0.0906)   (gap_cx=-0.3303 gap_cy=-0.0473 wall_center_z=0.0504)
[step= 7200] probe pos = (-0.5473, -0.1068, +0.0906)   (gap_cx=-0.3303 gap_cy=-0.0473 wall_center_z=0.0504)
[step= 7230] probe pos = (-0.5473, -0.1068, +0.0906)   (gap_cx=-0.3303 gap_cy=-0.0473 wall_center_z=0.0504)
[step= 7260] probe pos = (-0.5473, -0.1068, +0.0906)   (gap_cx=-0.3303 gap_cy=-0.0473 wall_center_z=0.0504)
[step= 7290] probe pos = (-0.5473, -0.1068, +0.0906)   (gap_cx=-0.3303 gap_cy=-0.0473 wall_center_z=0.0504)
[step= 7320] probe pos = (-0.5473, -0.1068, +0.0906)   (gap_cx=-0.3303 gap_cy=-0.0473 wall_center_z=0.0504)
[step= 7350] probe pos = (-0.5473, -0.1068, +0.0906)   (gap_cx=-0.3303 gap_cy=-0.0473 wall_center_z=0.0504)
[step= 7380] probe pos = (-0.5473, -0.1068, +0.0906)   (gap_cx=-0.3303 gap_cy=-0.0473 wall_center_z=0.0504)
[step= 7410] probe pos = (-0.5473, -0.1068, +0.0906)   (gap_cx=-0.3303 gap_cy=-0.0473 wall_center_z=0.0504)
[step= 7440] probe pos = (-0.5473, -0.1068, +0.0906)   (gap_cx=-0.3303 gap_cy=-0.0473 wall_center_z=0.0504)
[step= 7470] probe pos = (-0.5473, -0.1068, +0.0906)   (gap_cx=-0.3303 gap_cy=-0.0473 wall_center_z=0.0504)
[step= 7500] probe pos = (-0.5473, -0.1068, +0.0906)   (gap_cx=-0.3303 gap_cy=-0.0473 wall_center_z=0.0504)
[step= 7530] probe pos = (-0.5473, -0.1068, +0.0906)   (gap_cx=-0.3303 gap_cy=-0.0473 wall_center_z=0.0504)
[step= 7560] probe pos = (-0.5473, -0.1068, +0.0906)   (gap_cx=-0.3303 gap_cy=-0.0473 wall_center_z=0.0504)
[step= 7590] probe pos = (-0.5473, -0.1068, +0.0906)   (gap_cx=-0.3303 gap_cy=-0.0473 wall_center_z=0.0504)
[step= 7620] probe pos = (-0.5473, -0.1068, +0.0906)   (gap_cx=-0.3303 gap_cy=-0.0473 wall_center_z=0.0504)
[step= 7650] probe pos = (-0.5473, -0.1068, +0.0906)   (gap_cx=-0.3303 gap_cy=-0.0473 wall_center_z=0.0504)
[step= 7680] probe pos = (-0.5473, -0.1068, +0.0906)   (gap_cx=-0.3303 gap_cy=-0.0473 wall_center_z=0.0504)
[step= 7710] probe pos = (-0.5473, -0.1068, +0.0906)   (gap_cx=-0.3303 gap_cy=-0.0473 wall_center_z=0.0504)
[step= 7740] probe pos = (-0.5473, -0.1068, +0.0906)   (gap_cx=-0.3303 gap_cy=-0.0473 wall_center_z=0.0504)
[step= 7770] probe pos = (-0.5473, -0.1068, +0.0906)   (gap_cx=-0.3303 gap_cy=-0.0473 wall_center_z=0.0504)
[step= 7800] probe pos = (-0.5473, -0.1068, +0.0906)   (gap_cx=-0.3303 gap_cy=-0.0473 wall_center_z=0.0504)
[step= 7830] probe pos = (-0.5473, -0.1068, +0.0906)   (gap_cx=-0.3303 gap_cy=-0.0473 wall_center_z=0.0504)
[step= 7860] probe pos = (-0.5473, -0.1068, +0.0906)   (gap_cx=-0.3303 gap_cy=-0.0473 wall_center_z=0.0504)
[step= 7890] probe pos = (-0.5473, -0.1068, +0.0906)   (gap_cx=-0.3303 gap_cy=-0.0473 wall_center_z=0.0504)
[step= 7920] probe pos = (-0.5473, -0.1068, +0.0906)   (gap_cx=-0.3303 gap_cy=-0.0473 wall_center_z=0.0504)
[step= 7950] probe pos = (-0.5473, -0.1068, +0.0906)   (gap_cx=-0.3303 gap_cy=-0.0473 wall_center_z=0.0504)
[step= 7980] probe pos = (-0.5473, -0.1068, +0.0906)   (gap_cx=-0.3303 gap_cy=-0.0473 wall_center_z=0.0504)
[step= 8010] probe pos = (-0.5473, -0.1068, +0.0906)   (gap_cx=-0.3303 gap_cy=-0.0473 wall_center_z=0.0504)
[step= 8040] probe pos = (-0.5473, -0.1068, +0.0906)   (gap_cx=-0.3303 gap_cy=-0.0473 wall_center_z=0.0504)
[step= 8070] probe pos = (-0.5473, -0.1068, +0.0906)   (gap_cx=-0.3303 gap_cy=-0.0473 wall_center_z=0.0504)
[step= 8100] probe pos = (-0.5473, -0.1068, +0.0906)   (gap_cx=-0.3303 gap_cy=-0.0473 wall_center_z=0.0504)
[step= 8130] probe pos = (-0.5473, -0.1068, +0.0906)   (gap_cx=-0.3303 gap_cy=-0.0473 wall_center_z=0.0504)
[step= 8160] probe pos = (-0.5473, -0.1068, +0.0906)   (gap_cx=-0.3303 gap_cy=-0.0473 wall_center_z=0.0504)
[step= 8190] probe pos = (-0.5473, -0.1068, +0.0906)   (gap_cx=-0.3303 gap_cy=-0.0473 wall_center_z=0.0504)
[step= 8220] probe pos = (-0.5473, -0.1068, +0.0906)   (gap_cx=-0.3303 gap_cy=-0.0473 wall_center_z=0.0504)
[step= 8250] probe pos = (-0.5473, -0.1068, +0.0906)   (gap_cx=-0.3303 gap_cy=-0.0473 wall_center_z=0.0504)
[step= 8280] probe pos = (-0.5473, -0.1068, +0.0906)   (gap_cx=-0.3303 gap_cy=-0.0473 wall_center_z=0.0504)
[step= 8310] probe pos = (-0.5473, -0.1068, +0.0906)   (gap_cx=-0.3303 gap_cy=-0.0473 wall_center_z=0.0504)
[step= 8340] probe pos = (-0.5473, -0.1068, +0.0906)   (gap_cx=-0.3303 gap_cy=-0.0473 wall_center_z=0.0504)
[step= 8370] probe pos = (-0.5473, -0.1068, +0.0906)   (gap_cx=-0.3303 gap_cy=-0.0473 wall_center_z=0.0504)
[step= 8400] probe pos = (-0.5473, -0.1068, +0.0906)   (gap_cx=-0.3303 gap_cy=-0.0473 wall_center_z=0.0504)
[step= 8430] probe pos = (-0.5473, -0.1068, +0.0906)   (gap_cx=-0.3303 gap_cy=-0.0473 wall_center_z=0.0504)
[step= 8460] probe pos = (-0.5473, -0.1068, +0.0906)   (gap_cx=-0.3303 gap_cy=-0.0473 wall_center_z=0.0504)
[step= 8490] probe pos = (-0.5473, -0.1068, +0.0906)   (gap_cx=-0.3303 gap_cy=-0.0473 wall_center_z=0.0504)
[step= 8520] probe pos = (-0.5473, -0.1068, +0.0906)   (gap_cx=-0.3303 gap_cy=-0.0473 wall_center_z=0.0504)
[step= 8550] probe pos = (-0.5473, -0.1068, +0.0906)   (gap_cx=-0.3303 gap_cy=-0.0473 wall_center_z=0.0504)
[step= 8580] probe pos = (-0.5473, -0.1068, +0.0906)   (gap_cx=-0.3303 gap_cy=-0.0473 wall_center_z=0.0504)
[step= 8610] probe pos = (-0.5473, -0.1068, +0.0906)   (gap_cx=-0.3303 gap_cy=-0.0473 wall_center_z=0.0504)
[step= 8640] probe pos = (-0.5473, -0.1068, +0.0906)   (gap_cx=-0.3303 gap_cy=-0.0473 wall_center_z=0.0504)
[step= 8670] probe pos = (-0.5473, -0.1068, +0.0906)   (gap_cx=-0.3303 gap_cy=-0.0473 wall_center_z=0.0504)
[step= 8700] probe pos = (-0.5473, -0.1068, +0.0906)   (gap_cx=-0.3303 gap_cy=-0.0473 wall_center_z=0.0504)
[step= 8730] probe pos = (-0.5473, -0.1068, +0.0906)   (gap_cx=-0.3303 gap_cy=-0.0473 wall_center_z=0.0504)
[step= 8760] probe pos = (-0.5473, -0.1068, +0.0906)   (gap_cx=-0.3303 gap_cy=-0.0473 wall_center_z=0.0504)
[step= 8790] probe pos = (-0.5473, -0.1068, +0.0906)   (gap_cx=-0.3303 gap_cy=-0.0473 wall_center_z=0.0504)
[step= 8820] probe pos = (-0.5473, -0.1068, +0.0906)   (gap_cx=-0.3303 gap_cy=-0.0473 wall_center_z=0.0504)
[step= 8850] probe pos = (-0.5473, -0.1068, +0.0906)   (gap_cx=-0.3303 gap_cy=-0.0473 wall_center_z=0.0504)
[step= 8880] probe pos = (-0.5473, -0.1068, +0.0906)   (gap_cx=-0.3303 gap_cy=-0.0473 wall_center_z=0.0504)
[step= 8910] probe pos = (-0.5473, -0.1068, +0.0906)   (gap_cx=-0.3303 gap_cy=-0.0473 wall_center_z=0.0504)
[step= 8940] probe pos = (-0.5473, -0.1068, +0.0906)   (gap_cx=-0.3303 gap_cy=-0.0473 wall_center_z=0.0504)
[step= 8970] probe pos = (-0.5473, -0.1068, +0.0906)   (gap_cx=-0.3303 gap_cy=-0.0473 wall_center_z=0.0504)
[step= 9000] probe pos = (-0.5473, -0.1068, +0.0906)   (gap_cx=-0.3303 gap_cy=-0.0473 wall_center_z=0.0504)
[step= 9030] probe pos = (-0.5473, -0.1068, +0.0906)   (gap_cx=-0.3303 gap_cy=-0.0473 wall_center_z=0.0504)
[step= 9060] probe pos = (-0.5473, -0.1068, +0.0906)   (gap_cx=-0.3303 gap_cy=-0.0473 wall_center_z=0.0504)
[step= 9090] probe pos = (-0.5473, -0.1068, +0.0906)   (gap_cx=-0.3303 gap_cy=-0.0473 wall_center_z=0.0504)
[step= 9120] probe pos = (-0.5473, -0.1068, +0.0906)   (gap_cx=-0.3303 gap_cy=-0.0473 wall_center_z=0.0504)
[step= 9150] probe pos = (-0.5473, -0.1068, +0.0906)   (gap_cx=-0.3303 gap_cy=-0.0473 wall_center_z=0.0504)
[step= 9180] probe pos = (-0.5473, -0.1068, +0.0906)   (gap_cx=-0.3303 gap_cy=-0.0473 wall_center_z=0.0504)
[step= 9210] probe pos = (-0.5473, -0.1068, +0.0906)   (gap_cx=-0.3303 gap_cy=-0.0473 wall_center_z=0.0504)
[step= 9240] probe pos = (-0.5473, -0.1068, +0.0906)   (gap_cx=-0.3303 gap_cy=-0.0473 wall_center_z=0.0504)
[step= 9270] probe pos = (-0.5473, -0.1068, +0.0906)   (gap_cx=-0.3303 gap_cy=-0.0473 wall_center_z=0.0504)
[step= 9300] probe pos = (-0.5473, -0.1068, +0.0906)   (gap_cx=-0.3303 gap_cy=-0.0473 wall_center_z=0.0504)
[step= 9330] probe pos = (-0.5473, -0.1068, +0.0906)   (gap_cx=-0.3303 gap_cy=-0.0473 wall_center_z=0.0504)
[step= 9360] probe pos = (-0.5473, -0.1068, +0.0906)   (gap_cx=-0.3303 gap_cy=-0.0473 wall_center_z=0.0504)
[step= 9390] probe pos = (-0.5473, -0.1068, +0.0906)   (gap_cx=-0.3303 gap_cy=-0.0473 wall_center_z=0.0504)
[step= 9420] probe pos = (-0.5473, -0.1068, +0.0906)   (gap_cx=-0.3303 gap_cy=-0.0473 wall_center_z=0.0504)
[step= 9450] probe pos = (-0.5473, -0.1068, +0.0906)   (gap_cx=-0.3303 gap_cy=-0.0473 wall_center_z=0.0504)
[step= 9480] probe pos = (-0.5473, -0.1068, +0.0906)   (gap_cx=-0.3303 gap_cy=-0.0473 wall_center_z=0.0504)
[step= 9510] probe pos = (-0.5473, -0.1068, +0.0906)   (gap_cx=-0.3303 gap_cy=-0.0473 wall_center_z=0.0504)
[step= 9540] probe pos = (-0.5473, -0.1068, +0.0906)   (gap_cx=-0.3303 gap_cy=-0.0473 wall_center_z=0.0504)
[step= 9570] probe pos = (-0.5473, -0.1068, +0.0906)   (gap_cx=-0.3303 gap_cy=-0.0473 wall_center_z=0.0504)
[step= 9600] probe pos = (-0.5473, -0.1068, +0.0906)   (gap_cx=-0.3303 gap_cy=-0.0473 wall_center_z=0.0504)
[step= 9630] probe pos = (-0.5473, -0.1068, +0.0906)   (gap_cx=-0.3303 gap_cy=-0.0473 wall_center_z=0.0504)
[step= 9660] probe pos = (-0.5473, -0.1068, +0.0906)   (gap_cx=-0.3303 gap_cy=-0.0473 wall_center_z=0.0504)
[step= 9690] probe pos = (-0.5473, -0.1068, +0.0906)   (gap_cx=-0.3303 gap_cy=-0.0473 wall_center_z=0.0504)
[step= 9720] probe pos = (-0.5473, -0.1068, +0.0906)   (gap_cx=-0.3303 gap_cy=-0.0473 wall_center_z=0.0504)
[step= 9750] probe pos = (-0.5473, -0.1068, +0.0906)   (gap_cx=-0.3303 gap_cy=-0.0473 wall_center_z=0.0504)
[step= 9780] probe pos = (-0.5473, -0.1068, +0.0906)   (gap_cx=-0.3303 gap_cy=-0.0473 wall_center_z=0.0504)
[step= 9810] probe pos = (-0.5473, -0.1068, +0.0906)   (gap_cx=-0.3303 gap_cy=-0.0473 wall_center_z=0.0504)
[step= 9840] probe pos = (-0.5473, -0.1068, +0.0906)   (gap_cx=-0.3303 gap_cy=-0.0473 wall_center_z=0.0504)
[step= 9870] probe pos = (-0.5473, -0.1068, +0.0906)   (gap_cx=-0.3303 gap_cy=-0.0473 wall_center_z=0.0504)
[step= 9900] probe pos = (-0.5473, -0.1068, +0.0906)   (gap_cx=-0.3303 gap_cy=-0.0473 wall_center_z=0.0504)
[step= 9930] probe pos = (-0.5473, -0.1068, +0.0906)   (gap_cx=-0.3303 gap_cy=-0.0473 wall_center_z=0.0504)
[step= 9960] probe pos = (-0.5473, -0.1068, +0.0906)   (gap_cx=-0.3303 gap_cy=-0.0473 wall_center_z=0.0504)
[step= 9990] probe pos = (-0.5473, -0.1068, +0.0906)   (gap_cx=-0.3303 gap_cy=-0.0473 wall_center_z=0.0504)
[step=10020] probe pos = (-0.5473, -0.1068, +0.0906)   (gap_cx=-0.3303 gap_cy=-0.0473 wall_center_z=0.0504)
[step=10050] probe pos = (-0.5473, -0.1068, +0.0906)   (gap_cx=-0.3303 gap_cy=-0.0473 wall_center_z=0.0504)
[step=10080] probe pos = (-0.5473, -0.1068, +0.0906)   (gap_cx=-0.3303 gap_cy=-0.0473 wall_center_z=0.0504)
[step=10110] probe pos = (-0.5473, -0.1068, +0.0906)   (gap_cx=-0.3303 gap_cy=-0.0473 wall_center_z=0.0504)
[step=10140] probe pos = (-0.5473, -0.1068, +0.0906)   (gap_cx=-0.3303 gap_cy=-0.0473 wall_center_z=0.0504)
[step=10170] probe pos = (-0.5473, -0.1068, +0.0906)   (gap_cx=-0.3303 gap_cy=-0.0473 wall_center_z=0.0504)
[step=10200] probe pos = (-0.5473, -0.1068, +0.0906)   (gap_cx=-0.3303 gap_cy=-0.0473 wall_center_z=0.0504)
[step=10230] probe pos = (-0.5473, -0.1068, +0.0906)   (gap_cx=-0.3303 gap_cy=-0.0473 wall_center_z=0.0504)
[step=10260] probe pos = (-0.5473, -0.1068, +0.0906)   (gap_cx=-0.3303 gap_cy=-0.0473 wall_center_z=0.0504)
[step=10290] probe pos = (-0.5473, -0.1068, +0.0906)   (gap_cx=-0.3303 gap_cy=-0.0473 wall_center_z=0.0504)
[step=10320] probe pos = (-0.5473, -0.1068, +0.0906)   (gap_cx=-0.3303 gap_cy=-0.0473 wall_center_z=0.0504)
[step=10350] probe pos = (-0.5473, -0.1068, +0.0906)   (gap_cx=-0.3303 gap_cy=-0.0473 wall_center_z=0.0504)
[step=10380] probe pos = (-0.5473, -0.1068, +0.0906)   (gap_cx=-0.3303 gap_cy=-0.0473 wall_center_z=0.0504)
[step=10410] probe pos = (-0.5473, -0.1068, +0.0906)   (gap_cx=-0.3303 gap_cy=-0.0473 wall_center_z=0.0504)
[step=10440] probe pos = (-0.5473, -0.1068, +0.0906)   (gap_cx=-0.3303 gap_cy=-0.0473 wall_center_z=0.0504)
[step=10470] probe pos = (-0.5473, -0.1068, +0.0906)   (gap_cx=-0.3303 gap_cy=-0.0473 wall_center_z=0.0504)
[step=10500] probe pos = (-0.5473, -0.1068, +0.0906)   (gap_cx=-0.3303 gap_cy=-0.0473 wall_center_z=0.0504)
[step=10530] probe pos = (-0.5473, -0.1068, +0.0906)   (gap_cx=-0.3303 gap_cy=-0.0473 wall_center_z=0.0504)
[step=10560] probe pos = (-0.5473, -0.1068, +0.0906)   (gap_cx=-0.3303 gap_cy=-0.0473 wall_center_z=0.0504)
[step=10590] probe pos = (-0.5473, -0.1068, +0.0906)   (gap_cx=-0.3303 gap_cy=-0.0473 wall_center_z=0.0504)
[step=10620] probe pos = (-0.5473, -0.1068, +0.0906)   (gap_cx=-0.3303 gap_cy=-0.0473 wall_center_z=0.0504)
[step=10650] probe pos = (-0.5473, -0.1068, +0.0906)   (gap_cx=-0.3303 gap_cy=-0.0473 wall_center_z=0.0504)
[step=10680] probe pos = (-0.5473, -0.1068, +0.0906)   (gap_cx=-0.3303 gap_cy=-0.0473 wall_center_z=0.0504)
[step=10710] probe pos = (-0.5473, -0.1068, +0.0906)   (gap_cx=-0.3303 gap_cy=-0.0473 wall_center_z=0.0504)
[step=10740] probe pos = (-0.5473, -0.1068, +0.0906)   (gap_cx=-0.3303 gap_cy=-0.0473 wall_center_z=0.0504)
[step=10770] probe pos = (-0.5473, -0.1068, +0.0906)   (gap_cx=-0.3303 gap_cy=-0.0473 wall_center_z=0.0504)
[step=10800] probe pos = (-0.5473, -0.1068, +0.0906)   (gap_cx=-0.3303 gap_cy=-0.0473 wall_center_z=0.0504)
[step=10830] probe pos = (-0.5473, -0.1068, +0.0906)   (gap_cx=-0.3303 gap_cy=-0.0473 wall_center_z=0.0504)
[step=10860] probe pos = (-0.5473, -0.1068, +0.0906)   (gap_cx=-0.3303 gap_cy=-0.0473 wall_center_z=0.0504)
[step=10890] probe pos = (-0.5473, -0.1068, +0.0906)   (gap_cx=-0.3303 gap_cy=-0.0473 wall_center_z=0.0504)
[step=10920] probe pos = (-0.5473, -0.1068, +0.0906)   (gap_cx=-0.3303 gap_cy=-0.0473 wall_center_z=0.0504)
[step=10950] probe pos = (-0.5473, -0.1068, +0.0906)   (gap_cx=-0.3303 gap_cy=-0.0473 wall_center_z=0.0504)
[step=10980] probe pos = (-0.5473, -0.1068, +0.0906)   (gap_cx=-0.3303 gap_cy=-0.0473 wall_center_z=0.0504)
[step=11010] probe pos = (-0.5473, -0.1068, +0.0906)   (gap_cx=-0.3303 gap_cy=-0.0473 wall_center_z=0.0504)
[step=11040] probe pos = (-0.5473, -0.1068, +0.0906)   (gap_cx=-0.3303 gap_cy=-0.0473 wall_center_z=0.0504)
[step=11070] probe pos = (-0.5473, -0.1068, +0.0906)   (gap_cx=-0.3303 gap_cy=-0.0473 wall_center_z=0.0504)
[step=11100] probe pos = (-0.5473, -0.1068, +0.0906)   (gap_cx=-0.3303 gap_cy=-0.0473 wall_center_z=0.0504)
[step=11130] probe pos = (-0.5473, -0.1068, +0.0906)   (gap_cx=-0.3303 gap_cy=-0.0473 wall_center_z=0.0504)
[step=11160] probe pos = (-0.5473, -0.1068, +0.0906)   (gap_cx=-0.3303 gap_cy=-0.0473 wall_center_z=0.0504)
[step=11190] probe pos = (-0.5473, -0.1068, +0.0906)   (gap_cx=-0.3303 gap_cy=-0.0473 wall_center_z=0.0504)
[step=11220] probe pos = (-0.5473, -0.1068, +0.0906)   (gap_cx=-0.3303 gap_cy=-0.0473 wall_center_z=0.0504)
[step=11250] probe pos = (-0.5473, -0.1068, +0.0906)   (gap_cx=-0.3303 gap_cy=-0.0473 wall_center_z=0.0504)
[step=11280] probe pos = (-0.5473, -0.1068, +0.0906)   (gap_cx=-0.3303 gap_cy=-0.0473 wall_center_z=0.0504)
[step=11310] probe pos = (-0.5473, -0.1068, +0.0906)   (gap_cx=-0.3303 gap_cy=-0.0473 wall_center_z=0.0504)
[step=11340] probe pos = (-0.5473, -0.1068, +0.0906)   (gap_cx=-0.3303 gap_cy=-0.0473 wall_center_z=0.0504)
[step=11370] probe pos = (-0.5473, -0.1068, +0.0906)   (gap_cx=-0.3303 gap_cy=-0.0473 wall_center_z=0.0504)
[step=11400] probe pos = (-0.5473, -0.1068, +0.0906)   (gap_cx=-0.3303 gap_cy=-0.0473 wall_center_z=0.0504)
[step=11430] probe pos = (-0.5473, -0.1068, +0.0906)   (gap_cx=-0.3303 gap_cy=-0.0473 wall_center_z=0.0504)
[step=11460] probe pos = (-0.5473, -0.1068, +0.0906)   (gap_cx=-0.3303 gap_cy=-0.0473 wall_center_z=0.0504)
[step=11490] probe pos = (-0.5473, -0.1068, +0.0906)   (gap_cx=-0.3303 gap_cy=-0.0473 wall_center_z=0.0504)
[step=11520] probe pos = (-0.5473, -0.1068, +0.0906)   (gap_cx=-0.3303 gap_cy=-0.0473 wall_center_z=0.0504)
[step=11550] probe pos = (-0.5473, -0.1068, +0.0906)   (gap_cx=-0.3303 gap_cy=-0.0473 wall_center_z=0.0504)
[step=11580] probe pos = (-0.5473, -0.1068, +0.0906)   (gap_cx=-0.3303 gap_cy=-0.0473 wall_center_z=0.0504)
[step=11610] probe pos = (-0.5473, -0.1068, +0.0906)   (gap_cx=-0.3303 gap_cy=-0.0473 wall_center_z=0.0504)
[step=11640] probe pos = (-0.5473, -0.1068, +0.0906)   (gap_cx=-0.3303 gap_cy=-0.0473 wall_center_z=0.0504)
[step=11670] probe pos = (-0.5473, -0.1068, +0.0906)   (gap_cx=-0.3303 gap_cy=-0.0473 wall_center_z=0.0504)
[step=11700] probe pos = (-0.5473, -0.1068, +0.0906)   (gap_cx=-0.3303 gap_cy=-0.0473 wall_center_z=0.0504)
[step=11730] probe pos = (-0.5473, -0.1068, +0.0906)   (gap_cx=-0.3303 gap_cy=-0.0473 wall_center_z=0.0504)
[step=11760] probe pos = (-0.5473, -0.1068, +0.0906)   (gap_cx=-0.3303 gap_cy=-0.0473 wall_center_z=0.0504)
[step=11790] probe pos = (-0.5473, -0.1068, +0.0906)   (gap_cx=-0.3303 gap_cy=-0.0473 wall_center_z=0.0504)
[step=11820] probe pos = (-0.5473, -0.1068, +0.0906)   (gap_cx=-0.3303 gap_cy=-0.0473 wall_center_z=0.0504)
[step=11850] probe pos = (-0.5473, -0.1068, +0.0906)   (gap_cx=-0.3303 gap_cy=-0.0473 wall_center_z=0.0504)
[step=11880] probe pos = (-0.5473, -0.1068, +0.0906)   (gap_cx=-0.3303 gap_cy=-0.0473 wall_center_z=0.0504)
[step=11910] probe pos = (-0.5473, -0.1068, +0.0906)   (gap_cx=-0.3303 gap_cy=-0.0473 wall_center_z=0.0504)
[step=11940] probe pos = (-0.5473, -0.1068, +0.0906)   (gap_cx=-0.3303 gap_cy=-0.0473 wall_center_z=0.0504)
[step=11970] probe pos = (-0.5473, -0.1068, +0.0906)   (gap_cx=-0.3303 gap_cy=-0.0473 wall_center_z=0.0504)
[step=12000] probe pos = (-0.5473, -0.1068, +0.0906)   (gap_cx=-0.3303 gap_cy=-0.0473 wall_center_z=0.0504)
[step=12030] probe pos = (-0.5473, -0.1068, +0.0906)   (gap_cx=-0.3303 gap_cy=-0.0473 wall_center_z=0.0504)
[step=12060] probe pos = (-0.5473, -0.1068, +0.0906)   (gap_cx=-0.3303 gap_cy=-0.0473 wall_center_z=0.0504)
[step=12090] probe pos = (-0.5473, -0.1068, +0.0906)   (gap_cx=-0.3303 gap_cy=-0.0473 wall_center_z=0.0504)
[step=12120] probe pos = (-0.5473, -0.1068, +0.0906)   (gap_cx=-0.3303 gap_cy=-0.0473 wall_center_z=0.0504)
[step=12150] probe pos = (-0.5473, -0.1068, +0.0906)   (gap_cx=-0.3303 gap_cy=-0.0473 wall_center_z=0.0504)
[step=12180] probe pos = (-0.5473, -0.1068, +0.0906)   (gap_cx=-0.3303 gap_cy=-0.0473 wall_center_z=0.0504)
[step=12210] probe pos = (-0.5473, -0.1068, +0.0906)   (gap_cx=-0.3303 gap_cy=-0.0473 wall_center_z=0.0504)
[step=12240] probe pos = (-0.5473, -0.1068, +0.0906)   (gap_cx=-0.3303 gap_cy=-0.0473 wall_center_z=0.0504)
[step=12270] probe pos = (-0.5473, -0.1068, +0.0906)   (gap_cx=-0.3303 gap_cy=-0.0473 wall_center_z=0.0504)
[step=12300] probe pos = (-0.5473, -0.1068, +0.0906)   (gap_cx=-0.3303 gap_cy=-0.0473 wall_center_z=0.0504)
[step=12330] probe pos = (-0.5473, -0.1068, +0.0906)   (gap_cx=-0.3303 gap_cy=-0.0473 wall_center_z=0.0504)
[step=12360] probe pos = (-0.5473, -0.1068, +0.0906)   (gap_cx=-0.3303 gap_cy=-0.0473 wall_center_z=0.0504)
[step=12390] probe pos = (-0.5508, -0.1134, +0.1094)   (gap_cx=-0.3303 gap_cy=-0.0473 wall_center_z=0.0504)
[step=12420] probe pos = (-0.5424, -0.1148, +0.1138)   (gap_cx=-0.3303 gap_cy=-0.0473 wall_center_z=0.0504)
[step=12450] probe pos = (-0.5460, -0.1121, +0.1059)   (gap_cx=-0.3303 gap_cy=-0.0473 wall_center_z=0.0504)
[step=12480] probe pos = (-0.5460, -0.1121, +0.1030)   (gap_cx=-0.3303 gap_cy=-0.0473 wall_center_z=0.0504)
[step=12510] probe pos = (-0.5460, -0.1121, +0.0906)   (gap_cx=-0.3303 gap_cy=-0.0473 wall_center_z=0.0504)
[step=12540] probe pos = (-0.5460, -0.1121, +0.0906)   (gap_cx=-0.3303 gap_cy=-0.0473 wall_center_z=0.0504)
[step=12570] probe pos = (-0.5460, -0.1121, +0.0906)   (gap_cx=-0.3303 gap_cy=-0.0473 wall_center_z=0.0504)
[step=12600] probe pos = (-0.5460, -0.1121, +0.0906)   (gap_cx=-0.3303 gap_cy=-0.0473 wall_center_z=0.0504)
[step=12630] probe pos = (-0.5460, -0.1121, +0.0906)   (gap_cx=-0.3303 gap_cy=-0.0473 wall_center_z=0.0504)
[step=12660] probe pos = (-0.5460, -0.1121, +0.0906)   (gap_cx=-0.3303 gap_cy=-0.0473 wall_center_z=0.0504)
[step=12690] probe pos = (-0.5460, -0.1121, +0.0906)   (gap_cx=-0.3303 gap_cy=-0.0473 wall_center_z=0.0504)
[step=12720] probe pos = (-0.5460, -0.1121, +0.0906)   (gap_cx=-0.3303 gap_cy=-0.0473 wall_center_z=0.0504)
[step=12750] probe pos = (-0.5460, -0.1121, +0.0906)   (gap_cx=-0.3303 gap_cy=-0.0473 wall_center_z=0.0504)
[step=12780] probe pos = (-0.5460, -0.1121, +0.0906)   (gap_cx=-0.3303 gap_cy=-0.0473 wall_center_z=0.0504)
[step=12810] probe pos = (-0.5460, -0.1121, +0.0906)   (gap_cx=-0.3303 gap_cy=-0.0473 wall_center_z=0.0504)
[step=12840] probe pos = (-0.5460, -0.1121, +0.0906)   (gap_cx=-0.3303 gap_cy=-0.0473 wall_center_z=0.0504)
[step=12870] probe pos = (-0.5460, -0.1121, +0.0906)   (gap_cx=-0.3303 gap_cy=-0.0473 wall_center_z=0.0504)
[step=12900] probe pos = (-0.5460, -0.1121, +0.0906)   (gap_cx=-0.3303 gap_cy=-0.0473 wall_center_z=0.0504)
[step=12930] probe pos = (-0.5460, -0.1121, +0.0906)   (gap_cx=-0.3303 gap_cy=-0.0473 wall_center_z=0.0504)
[step=12960] probe pos = (-0.5460, -0.1121, +0.0906)   (gap_cx=-0.3303 gap_cy=-0.0473 wall_center_z=0.0504)
[step=12990] probe pos = (-0.5460, -0.1121, +0.0906)   (gap_cx=-0.3303 gap_cy=-0.0473 wall_center_z=0.0504)
[step=13020] probe pos = (-0.5460, -0.1121, +0.0906)   (gap_cx=-0.3303 gap_cy=-0.0473 wall_center_z=0.0504)
[step=13050] probe pos = (-0.5460, -0.1121, +0.0906)   (gap_cx=-0.3303 gap_cy=-0.0473 wall_center_z=0.0504)
[step=13080] probe pos = (-0.5460, -0.1121, +0.0906)   (gap_cx=-0.3303 gap_cy=-0.0473 wall_center_z=0.0504)
[step=13110] probe pos = (-0.5460, -0.1121, +0.0906)   (gap_cx=-0.3303 gap_cy=-0.0473 wall_center_z=0.0504)
[step=13140] probe pos = (-0.5460, -0.1121, +0.0906)   (gap_cx=-0.3303 gap_cy=-0.0473 wall_center_z=0.0504)
[step=13170] probe pos = (-0.5460, -0.1121, +0.0906)   (gap_cx=-0.3303 gap_cy=-0.0473 wall_center_z=0.0504)
[step=13200] probe pos = (-0.5460, -0.1121, +0.0906)   (gap_cx=-0.3303 gap_cy=-0.0473 wall_center_z=0.0504)
[step=13230] probe pos = (-0.5460, -0.1121, +0.0906)   (gap_cx=-0.3303 gap_cy=-0.0473 wall_center_z=0.0504)
[step=13260] probe pos = (-0.5460, -0.1121, +0.0906)   (gap_cx=-0.3303 gap_cy=-0.0473 wall_center_z=0.0504)
[step=13290] probe pos = (-0.5460, -0.1121, +0.0906)   (gap_cx=-0.3303 gap_cy=-0.0473 wall_center_z=0.0504)
[step=13320] probe pos = (-0.5460, -0.1121, +0.0906)   (gap_cx=-0.3303 gap_cy=-0.0473 wall_center_z=0.0504)
[step=13350] probe pos = (-0.5460, -0.1121, +0.0906)   (gap_cx=-0.3303 gap_cy=-0.0473 wall_center_z=0.0504)
[step=13380] probe pos = (-0.5460, -0.1121, +0.0906)   (gap_cx=-0.3303 gap_cy=-0.0473 wall_center_z=0.0504)
[step=13410] probe pos = (-0.5460, -0.1121, +0.0906)   (gap_cx=-0.3303 gap_cy=-0.0473 wall_center_z=0.0504)
[step=13440] probe pos = (-0.5460, -0.1121, +0.0906)   (gap_cx=-0.3303 gap_cy=-0.0473 wall_center_z=0.0504)
[step=13470] probe pos = (-0.5478, -0.1147, +0.0981)   (gap_cx=-0.3303 gap_cy=-0.0473 wall_center_z=0.0504)
[step=13500] probe pos = (-0.5497, -0.1214, +0.1173)   (gap_cx=-0.3303 gap_cy=-0.0473 wall_center_z=0.0504)
[step=13530] probe pos = (-0.5454, -0.1255, +0.1294)   (gap_cx=-0.3303 gap_cy=-0.0473 wall_center_z=0.0504)
[step=13560] probe pos = (-0.5460, -0.1253, +0.1288)   (gap_cx=-0.3303 gap_cy=-0.0473 wall_center_z=0.0504)
[step=13590] probe pos = (-0.5597, -0.1228, +0.1212)   (gap_cx=-0.3303 gap_cy=-0.0473 wall_center_z=0.0504)
[step=13620] probe pos = (-0.5365, -0.1223, +0.0903)   (gap_cx=-0.3303 gap_cy=-0.0473 wall_center_z=0.0504)
[step=13650] probe pos = (-0.5363, -0.1223, +0.0906)   (gap_cx=-0.3303 gap_cy=-0.0473 wall_center_z=0.0504)
[step=13680] probe pos = (-0.5363, -0.1223, +0.1048)   (gap_cx=-0.3303 gap_cy=-0.0473 wall_center_z=0.0504)
[step=13710] probe pos = (-0.5363, -0.1223, +0.1083)   (gap_cx=-0.3303 gap_cy=-0.0473 wall_center_z=0.0504)
[step=13740] probe pos = (-0.5363, -0.1223, +0.1089)   (gap_cx=-0.3303 gap_cy=-0.0473 wall_center_z=0.0504)
[step=13770] probe pos = (-0.6057, -0.1255, +0.1105)   (gap_cx=-0.3303 gap_cy=-0.0473 wall_center_z=0.0504)
[step=13800] probe pos = (-0.6976, -0.1319, +0.1085)   (gap_cx=-0.3303 gap_cy=-0.0473 wall_center_z=0.0504)
[step=13830] probe pos = (-0.6976, -0.1319, +0.1089)   (gap_cx=-0.3303 gap_cy=-0.0473 wall_center_z=0.0504)
[step=13860] probe pos = (-0.6976, -0.1319, +0.1089)   (gap_cx=-0.3303 gap_cy=-0.0473 wall_center_z=0.0504)
[step=13890] probe pos = (-0.6976, -0.1319, +0.1089)   (gap_cx=-0.3303 gap_cy=-0.0473 wall_center_z=0.0504)
[step=13920] probe pos = (-0.6976, -0.1319, +0.1089)   (gap_cx=-0.3303 gap_cy=-0.0473 wall_center_z=0.0504)
[step=13950] probe pos = (-0.6976, -0.1319, +0.1089)   (gap_cx=-0.3303 gap_cy=-0.0473 wall_center_z=0.0504)
[step=13980] probe pos = (-0.7240, -0.1334, +0.1102)   (gap_cx=-0.3303 gap_cy=-0.0473 wall_center_z=0.0504)
[step=14010] probe pos = (-0.7887, -0.1333, +0.1111)   (gap_cx=-0.3303 gap_cy=-0.0473 wall_center_z=0.0504)
[step=14040] probe pos = (-0.7975, -0.1365, +0.1188)   (gap_cx=-0.3303 gap_cy=-0.0473 wall_center_z=0.0504)
[step=14070] probe pos = (-0.8053, -0.1454, +0.1570)   (gap_cx=-0.3303 gap_cy=-0.0473 wall_center_z=0.0504)
[step=14100] probe pos = (-0.8139, -0.1385, +0.1407)   (gap_cx=-0.3303 gap_cy=-0.0473 wall_center_z=0.0504)
[step=14130] probe pos = (-0.8018, -0.1437, +0.1693)   (gap_cx=-0.3303 gap_cy=-0.0473 wall_center_z=0.0504)
[step=14160] probe pos = (-0.7989, -0.1614, +0.2207)   (gap_cx=-0.3303 gap_cy=-0.0473 wall_center_z=0.0504)
[step=14190] probe pos = (-0.7996, -0.1627, +0.1496)   (gap_cx=-0.3303 gap_cy=-0.0473 wall_center_z=0.0504)
[step=14220] probe pos = (-0.7994, -0.1636, +0.1501)   (gap_cx=-0.3303 gap_cy=-0.0473 wall_center_z=0.0504)
[step=14250] probe pos = (-0.8047, -0.1646, +0.1758)   (gap_cx=-0.3303 gap_cy=-0.0473 wall_center_z=0.0504)
[step=14280] probe pos = (-0.8228, -0.1674, +0.2138)   (gap_cx=-0.3303 gap_cy=-0.0473 wall_center_z=0.0504)
[step=14310] probe pos = (-0.8257, -0.1677, +0.1548)   (gap_cx=-0.3303 gap_cy=-0.0473 wall_center_z=0.0504)
[step=14340] probe pos = (-0.8248, -0.1677, +0.1528)   (gap_cx=-0.3303 gap_cy=-0.0473 wall_center_z=0.0504)
[step=14370] probe pos = (-0.8270, -0.1677, +0.1616)   (gap_cx=-0.3303 gap_cy=-0.0473 wall_center_z=0.0504)
[step=14400] probe pos = (-0.7848, -0.1635, +0.1357)   (gap_cx=-0.3303 gap_cy=-0.0473 wall_center_z=0.0504)
[step=14430] probe pos = (-0.8191, -0.1577, +0.1041)   (gap_cx=-0.3303 gap_cy=-0.0473 wall_center_z=0.0504)
[step=14460] probe pos = (-0.8137, -0.1534, +0.0961)   (gap_cx=-0.3303 gap_cy=-0.0473 wall_center_z=0.0504)
[step=14490] probe pos = (-0.8217, -0.1540, +0.1179)   (gap_cx=-0.3303 gap_cy=-0.0473 wall_center_z=0.0504)
[step=14520] probe pos = (-0.8177, -0.1538, +0.1163)   (gap_cx=-0.3303 gap_cy=-0.0473 wall_center_z=0.0504)
[step=14550] probe pos = (-0.8177, -0.1536, +0.1083)   (gap_cx=-0.3303 gap_cy=-0.0473 wall_center_z=0.0504)
[step=14580] probe pos = (-0.8177, -0.1534, +0.1089)   (gap_cx=-0.3303 gap_cy=-0.0473 wall_center_z=0.0504)
[step=14610] probe pos = (-0.8177, -0.1534, +0.1089)   (gap_cx=-0.3303 gap_cy=-0.0473 wall_center_z=0.0504)
[step=14640] probe pos = (-0.8177, -0.1534, +0.1089)   (gap_cx=-0.3303 gap_cy=-0.0473 wall_center_z=0.0504)
[step=14670] probe pos = (-0.8177, -0.1534, +0.1089)   (gap_cx=-0.3303 gap_cy=-0.0473 wall_center_z=0.0504)
[step=14700] probe pos = (-0.8177, -0.1534, +0.1089)   (gap_cx=-0.3303 gap_cy=-0.0473 wall_center_z=0.0504)
[step=14730] probe pos = (-0.8177, -0.1534, +0.1089)   (gap_cx=-0.3303 gap_cy=-0.0473 wall_center_z=0.0504)
[step=14760] probe pos = (-0.8177, -0.1534, +0.1089)   (gap_cx=-0.3303 gap_cy=-0.0473 wall_center_z=0.0504)
[step=14790] probe pos = (-0.8177, -0.1534, +0.1089)   (gap_cx=-0.3303 gap_cy=-0.0473 wall_center_z=0.0504)
[step=14820] probe pos = (-0.8177, -0.1534, +0.1089)   (gap_cx=-0.3303 gap_cy=-0.0473 wall_center_z=0.0504)
[step=14850] probe pos = (-0.8177, -0.1534, +0.1089)   (gap_cx=-0.3303 gap_cy=-0.0473 wall_center_z=0.0504)
[step=14880] probe pos = (-0.8177, -0.1534, +0.1089)   (gap_cx=-0.3303 gap_cy=-0.0473 wall_center_z=0.0504)
[step=14910] probe pos = (-0.8177, -0.1534, +0.1089)   (gap_cx=-0.3303 gap_cy=-0.0473 wall_center_z=0.0504)
[step=14940] probe pos = (-0.8177, -0.1534, +0.1089)   (gap_cx=-0.3303 gap_cy=-0.0473 wall_center_z=0.0504)
[step=14970] probe pos = (-0.8177, -0.1534, +0.1089)   (gap_cx=-0.3303 gap_cy=-0.0473 wall_center_z=0.0504)
[step=15000] probe pos = (-0.8177, -0.1534, +0.1089)   (gap_cx=-0.3303 gap_cy=-0.0473 wall_center_z=0.0504)
[step=15030] probe pos = (-0.8177, -0.1534, +0.1089)   (gap_cx=-0.3303 gap_cy=-0.0473 wall_center_z=0.0504)
[step=15060] probe pos = (-0.8177, -0.1534, +0.1089)   (gap_cx=-0.3303 gap_cy=-0.0473 wall_center_z=0.0504)
[step=15090] probe pos = (-0.8177, -0.1534, +0.1089)   (gap_cx=-0.3303 gap_cy=-0.0473 wall_center_z=0.0504)
[step=15120] probe pos = (-0.8177, -0.1534, +0.1089)   (gap_cx=-0.3303 gap_cy=-0.0473 wall_center_z=0.0504)
[step=15150] probe pos = (-0.8177, -0.1534, +0.1089)   (gap_cx=-0.3303 gap_cy=-0.0473 wall_center_z=0.0504)
[step=15180] probe pos = (-0.8177, -0.1534, +0.1089)   (gap_cx=-0.3303 gap_cy=-0.0473 wall_center_z=0.0504)
[step=15210] probe pos = (-0.8177, -0.1534, +0.1089)   (gap_cx=-0.3303 gap_cy=-0.0473 wall_center_z=0.0504)
[step=15240] probe pos = (-0.8177, -0.1534, +0.1089)   (gap_cx=-0.3303 gap_cy=-0.0473 wall_center_z=0.0504)
[step=15270] probe pos = (-0.8177, -0.1534, +0.1089)   (gap_cx=-0.3303 gap_cy=-0.0473 wall_center_z=0.0504)
[step=15300] probe pos = (-0.8177, -0.1534, +0.1089)   (gap_cx=-0.3303 gap_cy=-0.0473 wall_center_z=0.0504)
[step=15330] probe pos = (-0.8177, -0.1534, +0.1089)   (gap_cx=-0.3303 gap_cy=-0.0473 wall_center_z=0.0504)
[step=15360] probe pos = (-0.8177, -0.1534, +0.1089)   (gap_cx=-0.3303 gap_cy=-0.0473 wall_center_z=0.0504)
[step=15390] probe pos = (-0.8177, -0.1534, +0.1089)   (gap_cx=-0.3303 gap_cy=-0.0473 wall_center_z=0.0504)
[step=15420] probe pos = (-0.8177, -0.1534, +0.1089)   (gap_cx=-0.3303 gap_cy=-0.0473 wall_center_z=0.0504)
[step=15450] probe pos = (-0.8177, -0.1534, +0.1089)   (gap_cx=-0.3303 gap_cy=-0.0473 wall_center_z=0.0504)
[step=15480] probe pos = (-0.8177, -0.1534, +0.1089)   (gap_cx=-0.3303 gap_cy=-0.0473 wall_center_z=0.0504)
[step=15510] probe pos = (-0.8177, -0.1534, +0.1089)   (gap_cx=-0.3303 gap_cy=-0.0473 wall_center_z=0.0504)
[step=15540] probe pos = (-0.8177, -0.1534, +0.1089)   (gap_cx=-0.3303 gap_cy=-0.0473 wall_center_z=0.0504)
[step=15570] probe pos = (-0.8177, -0.1534, +0.1089)   (gap_cx=-0.3303 gap_cy=-0.0473 wall_center_z=0.0504)
[step=15600] probe pos = (-0.8177, -0.1534, +0.1089)   (gap_cx=-0.3303 gap_cy=-0.0473 wall_center_z=0.0504)
[step=15630] probe pos = (-0.8177, -0.1534, +0.1089)   (gap_cx=-0.3303 gap_cy=-0.0473 wall_center_z=0.0504)
[step=15660] probe pos = (-0.8177, -0.1534, +0.1089)   (gap_cx=-0.3303 gap_cy=-0.0473 wall_center_z=0.0504)
[step=15690] probe pos = (-0.8177, -0.1534, +0.1089)   (gap_cx=-0.3303 gap_cy=-0.0473 wall_center_z=0.0504)
[step=15720] probe pos = (-0.8177, -0.1534, +0.1089)   (gap_cx=-0.3303 gap_cy=-0.0473 wall_center_z=0.0504)
[step=15750] probe pos = (-0.8177, -0.1534, +0.1089)   (gap_cx=-0.3303 gap_cy=-0.0473 wall_center_z=0.0504)
[step=15780] probe pos = (-0.8177, -0.1534, +0.1089)   (gap_cx=-0.3303 gap_cy=-0.0473 wall_center_z=0.0504)
[step=15810] probe pos = (-0.8177, -0.1534, +0.1089)   (gap_cx=-0.3303 gap_cy=-0.0473 wall_center_z=0.0504)
[step=15840] probe pos = (-0.8177, -0.1534, +0.1089)   (gap_cx=-0.3303 gap_cy=-0.0473 wall_center_z=0.0504)
[step=15870] probe pos = (-0.8177, -0.1534, +0.1089)   (gap_cx=-0.3303 gap_cy=-0.0473 wall_center_z=0.0504)
[step=15900] probe pos = (-0.8177, -0.1534, +0.1089)   (gap_cx=-0.3303 gap_cy=-0.0473 wall_center_z=0.0504)
[step=15930] probe pos = (-0.8177, -0.1534, +0.1089)   (gap_cx=-0.3303 gap_cy=-0.0473 wall_center_z=0.0504)
[step=15960] probe pos = (-0.8177, -0.1534, +0.1089)   (gap_cx=-0.3303 gap_cy=-0.0473 wall_center_z=0.0504)
[step=15990] probe pos = (-0.8177, -0.1534, +0.1089)   (gap_cx=-0.3303 gap_cy=-0.0473 wall_center_z=0.0504)
[step=16020] probe pos = (-0.8177, -0.1534, +0.1089)   (gap_cx=-0.3303 gap_cy=-0.0473 wall_center_z=0.0504)
[step=16050] probe pos = (-0.8177, -0.1534, +0.1089)   (gap_cx=-0.3303 gap_cy=-0.0473 wall_center_z=0.0504)
[step=16080] probe pos = (-0.8177, -0.1534, +0.1089)   (gap_cx=-0.3303 gap_cy=-0.0473 wall_center_z=0.0504)
[step=16110] probe pos = (-0.8177, -0.1534, +0.1089)   (gap_cx=-0.3303 gap_cy=-0.0473 wall_center_z=0.0504)
[step=16140] probe pos = (-0.8177, -0.1534, +0.1089)   (gap_cx=-0.3303 gap_cy=-0.0473 wall_center_z=0.0504)
[step=16170] probe pos = (-0.8177, -0.1534, +0.1089)   (gap_cx=-0.3303 gap_cy=-0.0473 wall_center_z=0.0504)
[step=16200] probe pos = (-0.8177, -0.1534, +0.1089)   (gap_cx=-0.3303 gap_cy=-0.0473 wall_center_z=0.0504)
[step=16230] probe pos = (-0.8177, -0.1534, +0.1089)   (gap_cx=-0.3303 gap_cy=-0.0473 wall_center_z=0.0504)
[step=16260] probe pos = (-0.8177, -0.1534, +0.1089)   (gap_cx=-0.3303 gap_cy=-0.0473 wall_center_z=0.0504)
[step=16290] probe pos = (-0.8177, -0.1534, +0.1089)   (gap_cx=-0.3303 gap_cy=-0.0473 wall_center_z=0.0504)
[step=16320] probe pos = (-0.8177, -0.1534, +0.1089)   (gap_cx=-0.3303 gap_cy=-0.0473 wall_center_z=0.0504)
[step=16350] probe pos = (-0.8177, -0.1534, +0.1089)   (gap_cx=-0.3303 gap_cy=-0.0473 wall_center_z=0.0504)
[step=16380] probe pos = (-0.8177, -0.1534, +0.1089)   (gap_cx=-0.3303 gap_cy=-0.0473 wall_center_z=0.0504)
[step=16410] probe pos = (-0.8177, -0.1534, +0.1089)   (gap_cx=-0.3303 gap_cy=-0.0473 wall_center_z=0.0504)
[step=16440] probe pos = (-0.8177, -0.1534, +0.1089)   (gap_cx=-0.3303 gap_cy=-0.0473 wall_center_z=0.0504)
[step=16470] probe pos = (-0.8177, -0.1534, +0.1089)   (gap_cx=-0.3303 gap_cy=-0.0473 wall_center_z=0.0504)
[step=16500] probe pos = (-0.8177, -0.1534, +0.1089)   (gap_cx=-0.3303 gap_cy=-0.0473 wall_center_z=0.0504)
[step=16530] probe pos = (-0.8177, -0.1534, +0.1089)   (gap_cx=-0.3303 gap_cy=-0.0473 wall_center_z=0.0504)
[step=16560] probe pos = (-0.8177, -0.1534, +0.1089)   (gap_cx=-0.3303 gap_cy=-0.0473 wall_center_z=0.0504)
[step=16590] probe pos = (-0.8177, -0.1534, +0.1089)   (gap_cx=-0.3303 gap_cy=-0.0473 wall_center_z=0.0504)
[step=16620] probe pos = (-0.8177, -0.1534, +0.1089)   (gap_cx=-0.3303 gap_cy=-0.0473 wall_center_z=0.0504)
[step=16650] probe pos = (-0.8177, -0.1534, +0.1089)   (gap_cx=-0.3303 gap_cy=-0.0473 wall_center_z=0.0504)
[step=16680] probe pos = (-0.8177, -0.1534, +0.1089)   (gap_cx=-0.3303 gap_cy=-0.0473 wall_center_z=0.0504)
[step=16710] probe pos = (-0.8177, -0.1534, +0.1089)   (gap_cx=-0.3303 gap_cy=-0.0473 wall_center_z=0.0504)
[step=16740] probe pos = (-0.8177, -0.1534, +0.1089)   (gap_cx=-0.3303 gap_cy=-0.0473 wall_center_z=0.0504)
[step=16770] probe pos = (-0.8177, -0.1534, +0.1089)   (gap_cx=-0.3303 gap_cy=-0.0473 wall_center_z=0.0504)
[step=16800] probe pos = (-0.8177, -0.1534, +0.1089)   (gap_cx=-0.3303 gap_cy=-0.0473 wall_center_z=0.0504)
[step=16830] probe pos = (-0.8177, -0.1534, +0.1089)   (gap_cx=-0.3303 gap_cy=-0.0473 wall_center_z=0.0504)
[step=16860] probe pos = (-0.8177, -0.1534, +0.1089)   (gap_cx=-0.3303 gap_cy=-0.0473 wall_center_z=0.0504)
[step=16890] probe pos = (-0.8177, -0.1534, +0.1089)   (gap_cx=-0.3303 gap_cy=-0.0473 wall_center_z=0.0504)
[step=16920] probe pos = (-0.8177, -0.1534, +0.1089)   (gap_cx=-0.3303 gap_cy=-0.0473 wall_center_z=0.0504)
[step=16950] probe pos = (-0.8177, -0.1534, +0.1089)   (gap_cx=-0.3303 gap_cy=-0.0473 wall_center_z=0.0504)
[step=16980] probe pos = (-0.8177, -0.1534, +0.1089)   (gap_cx=-0.3303 gap_cy=-0.0473 wall_center_z=0.0504)
[step=17010] probe pos = (-0.8177, -0.1534, +0.1089)   (gap_cx=-0.3303 gap_cy=-0.0473 wall_center_z=0.0504)
[step=17040] probe pos = (-0.8177, -0.1534, +0.1089)   (gap_cx=-0.3303 gap_cy=-0.0473 wall_center_z=0.0504)
[step=17070] probe pos = (-0.8177, -0.1534, +0.1089)   (gap_cx=-0.3303 gap_cy=-0.0473 wall_center_z=0.0504)
[step=17100] probe pos = (-0.8177, -0.1534, +0.1089)   (gap_cx=-0.3303 gap_cy=-0.0473 wall_center_z=0.0504)
[step=17130] probe pos = (-0.8177, -0.1534, +0.1089)   (gap_cx=-0.3303 gap_cy=-0.0473 wall_center_z=0.0504)
[step=17160] probe pos = (-0.8177, -0.1534, +0.1089)   (gap_cx=-0.3303 gap_cy=-0.0473 wall_center_z=0.0504)
[step=17190] probe pos = (-0.8177, -0.1534, +0.1089)   (gap_cx=-0.3303 gap_cy=-0.0473 wall_center_z=0.0504)
[step=17220] probe pos = (-0.8177, -0.1534, +0.1089)   (gap_cx=-0.3303 gap_cy=-0.0473 wall_center_z=0.0504)
[step=17250] probe pos = (-0.8201, -0.1717, +0.1085)   (gap_cx=-0.3303 gap_cy=-0.0473 wall_center_z=0.0504)
[step=17280] probe pos = (-0.8315, -0.1931, +0.1040)   (gap_cx=-0.3303 gap_cy=-0.0473 wall_center_z=0.0504)
[step=17310] probe pos = (-0.8270, -0.1534, +0.1128)   (gap_cx=-0.3303 gap_cy=-0.0473 wall_center_z=0.0504)
[step=17340] probe pos = (-0.8127, -0.1447, +0.1099)   (gap_cx=-0.3303 gap_cy=-0.0473 wall_center_z=0.0504)
[step=17370] probe pos = (-0.8268, -0.1483, +0.1080)   (gap_cx=-0.3303 gap_cy=-0.0473 wall_center_z=0.0504)
[step=17400] probe pos = (-0.8222, -0.1392, +0.1081)   (gap_cx=-0.3303 gap_cy=-0.0473 wall_center_z=0.0504)
[step=17430] probe pos = (-0.8191, -0.1410, +0.1086)   (gap_cx=-0.3303 gap_cy=-0.0473 wall_center_z=0.0504)
[step=17460] probe pos = (-0.8251, -0.1333, +0.1077)   (gap_cx=-0.3303 gap_cy=-0.0473 wall_center_z=0.0504)
[step=17490] probe pos = (-0.8218, -0.1327, +0.1082)   (gap_cx=-0.3303 gap_cy=-0.0473 wall_center_z=0.0504)
[step=17520] probe pos = (-0.8173, -0.1339, +0.1090)   (gap_cx=-0.3303 gap_cy=-0.0473 wall_center_z=0.0504)
[step=17550] probe pos = (-0.8164, -0.1353, +0.1091)   (gap_cx=-0.3303 gap_cy=-0.0473 wall_center_z=0.0504)
[step=17580] probe pos = (-0.8149, -0.1365, +0.1094)   (gap_cx=-0.3303 gap_cy=-0.0473 wall_center_z=0.0504)
[step=17610] probe pos = (-0.8092, -0.1349, +0.1104)   (gap_cx=-0.3303 gap_cy=-0.0473 wall_center_z=0.0504)
[step=17640] probe pos = (-0.8032, -0.1322, +0.1114)   (gap_cx=-0.3303 gap_cy=-0.0473 wall_center_z=0.0504)
[step=17670] probe pos = (-0.8140, -0.1321, +0.1095)   (gap_cx=-0.3303 gap_cy=-0.0473 wall_center_z=0.0504)
[step=17700] probe pos = (-0.8095, -0.1322, +0.1103)   (gap_cx=-0.3303 gap_cy=-0.0473 wall_center_z=0.0504)
[step=17730] probe pos = (-0.8080, -0.1321, +0.1108)   (gap_cx=-0.3303 gap_cy=-0.0473 wall_center_z=0.0504)
[step=17760] probe pos = (-0.8068, -0.1317, +0.1110)   (gap_cx=-0.3303 gap_cy=-0.0473 wall_center_z=0.0504)
[step=17790] probe pos = (-0.8077, -0.1297, +0.1108)   (gap_cx=-0.3303 gap_cy=-0.0473 wall_center_z=0.0504)
[step=17820] probe pos = (-0.8175, -0.1362, +0.1090)   (gap_cx=-0.3303 gap_cy=-0.0473 wall_center_z=0.0504)
[step=17850] probe pos = (-0.8172, -0.1390, +0.1090)   (gap_cx=-0.3303 gap_cy=-0.0473 wall_center_z=0.0504)
[step=17880] probe pos = (-0.8169, -0.1395, +0.1091)   (gap_cx=-0.3303 gap_cy=-0.0473 wall_center_z=0.0504)
[step=17910] probe pos = (-0.8112, -0.1350, +0.1101)   (gap_cx=-0.3303 gap_cy=-0.0473 wall_center_z=0.0504)
[step=17940] probe pos = (-0.8079, -0.1327, +0.1107)   (gap_cx=-0.3303 gap_cy=-0.0473 wall_center_z=0.0504)
[step=17970] probe pos = (-0.8063, -0.1321, +0.1108)   (gap_cx=-0.3303 gap_cy=-0.0473 wall_center_z=0.0504)
[step=18000] probe pos = (-0.8060, -0.1320, +0.1109)   (gap_cx=-0.3303 gap_cy=-0.0473 wall_center_z=0.0504)
[step=18030] probe pos = (-0.8033, -0.1304, +0.1114)   (gap_cx=-0.3303 gap_cy=-0.0473 wall_center_z=0.0504)
[step=18060] probe pos = (-0.8038, -0.1307, +0.1112)   (gap_cx=-0.3303 gap_cy=-0.0473 wall_center_z=0.0504)
[step=18090] probe pos = (-0.8127, -0.1305, +0.1096)   (gap_cx=-0.3303 gap_cy=-0.0473 wall_center_z=0.0504)
[step=18120] probe pos = (-0.8175, -0.1334, +0.1088)   (gap_cx=-0.3303 gap_cy=-0.0473 wall_center_z=0.0504)
[step=18150] probe pos = (-0.8175, -0.1334, +0.1089)   (gap_cx=-0.3303 gap_cy=-0.0473 wall_center_z=0.0504)
[step=18180] probe pos = (-0.8181, -0.1336, +0.1088)   (gap_cx=-0.3303 gap_cy=-0.0473 wall_center_z=0.0504)
[step=18210] probe pos = (-0.8181, -0.1342, +0.1089)   (gap_cx=-0.3303 gap_cy=-0.0473 wall_center_z=0.0504)
[step=18240] probe pos = (-0.8181, -0.1342, +0.1089)   (gap_cx=-0.3303 gap_cy=-0.0473 wall_center_z=0.0504)
[step=18270] probe pos = (-0.8181, -0.1342, +0.1089)   (gap_cx=-0.3303 gap_cy=-0.0473 wall_center_z=0.0504)
[step=18300] probe pos = (-0.8181, -0.1342, +0.1089)   (gap_cx=-0.3303 gap_cy=-0.0473 wall_center_z=0.0504)
[step=18330] probe pos = (-0.8181, -0.1342, +0.1089)   (gap_cx=-0.3303 gap_cy=-0.0473 wall_center_z=0.0504)
[step=18360] probe pos = (-0.8181, -0.1342, +0.1089)   (gap_cx=-0.3303 gap_cy=-0.0473 wall_center_z=0.0504)
[step=18390] probe pos = (-0.8181, -0.1342, +0.1089)   (gap_cx=-0.3303 gap_cy=-0.0473 wall_center_z=0.0504)
[step=18420] probe pos = (-0.8181, -0.1342, +0.1089)   (gap_cx=-0.3303 gap_cy=-0.0473 wall_center_z=0.0504)
[step=18450] probe pos = (-0.8181, -0.1342, +0.1089)   (gap_cx=-0.3303 gap_cy=-0.0473 wall_center_z=0.0504)
[step=18480] probe pos = (-0.8181, -0.1342, +0.1089)   (gap_cx=-0.3303 gap_cy=-0.0473 wall_center_z=0.0504)
[step=18510] probe pos = (-0.8181, -0.1342, +0.1089)   (gap_cx=-0.3303 gap_cy=-0.0473 wall_center_z=0.0504)
[step=18540] probe pos = (-0.8181, -0.1342, +0.1089)   (gap_cx=-0.3303 gap_cy=-0.0473 wall_center_z=0.0504)
[step=18570] probe pos = (-0.8181, -0.1342, +0.1089)   (gap_cx=-0.3303 gap_cy=-0.0473 wall_center_z=0.0504)
[step=18600] probe pos = (-0.8181, -0.1342, +0.1089)   (gap_cx=-0.3303 gap_cy=-0.0473 wall_center_z=0.0504)
[step=18630] probe pos = (-0.8181, -0.1342, +0.1089)   (gap_cx=-0.3303 gap_cy=-0.0473 wall_center_z=0.0504)
[step=18660] probe pos = (-0.8181, -0.1342, +0.1089)   (gap_cx=-0.3303 gap_cy=-0.0473 wall_center_z=0.0504)
[step=18690] probe pos = (-0.8181, -0.1342, +0.1089)   (gap_cx=-0.3303 gap_cy=-0.0473 wall_center_z=0.0504)
[step=18720] probe pos = (-0.8181, -0.1342, +0.1089)   (gap_cx=-0.3303 gap_cy=-0.0473 wall_center_z=0.0504)
[step=18750] probe pos = (-0.8181, -0.1342, +0.1089)   (gap_cx=-0.3303 gap_cy=-0.0473 wall_center_z=0.0504)
[step=18780] probe pos = (-0.8181, -0.1342, +0.1089)   (gap_cx=-0.3303 gap_cy=-0.0473 wall_center_z=0.0504)
[step=18810] probe pos = (-0.8181, -0.1342, +0.1089)   (gap_cx=-0.3303 gap_cy=-0.0473 wall_center_z=0.0504)
[step=18840] probe pos = (-0.8181, -0.1342, +0.1089)   (gap_cx=-0.3303 gap_cy=-0.0473 wall_center_z=0.0504)
[step=18870] probe pos = (-0.8181, -0.1342, +0.1089)   (gap_cx=-0.3303 gap_cy=-0.0473 wall_center_z=0.0504)
[step=18900] probe pos = (-0.8181, -0.1342, +0.1089)   (gap_cx=-0.3303 gap_cy=-0.0473 wall_center_z=0.0504)
[step=18930] probe pos = (-0.8181, -0.1342, +0.1089)   (gap_cx=-0.3303 gap_cy=-0.0473 wall_center_z=0.0504)
[step=18960] probe pos = (-0.8181, -0.1342, +0.1089)   (gap_cx=-0.3303 gap_cy=-0.0473 wall_center_z=0.0504)
[step=18990] probe pos = (-0.8181, -0.1342, +0.1089)   (gap_cx=-0.3303 gap_cy=-0.0473 wall_center_z=0.0504)
[step=19020] probe pos = (-0.8181, -0.1342, +0.1089)   (gap_cx=-0.3303 gap_cy=-0.0473 wall_center_z=0.0504)
[step=19050] probe pos = (-0.8181, -0.1342, +0.1089)   (gap_cx=-0.3303 gap_cy=-0.0473 wall_center_z=0.0504)
[step=19080] probe pos = (-0.8181, -0.1342, +0.1089)   (gap_cx=-0.3303 gap_cy=-0.0473 wall_center_z=0.0504)
[step=19110] probe pos = (-0.8181, -0.1342, +0.1089)   (gap_cx=-0.3303 gap_cy=-0.0473 wall_center_z=0.0504)
[step=19140] probe pos = (-0.8181, -0.1342, +0.1089)   (gap_cx=-0.3303 gap_cy=-0.0473 wall_center_z=0.0504)
[step=19170] probe pos = (-0.8181, -0.1342, +0.1089)   (gap_cx=-0.3303 gap_cy=-0.0473 wall_center_z=0.0504)
[step=19200] probe pos = (-0.8181, -0.1342, +0.1089)   (gap_cx=-0.3303 gap_cy=-0.0473 wall_center_z=0.0504)
[step=19230] probe pos = (-0.8181, -0.1342, +0.1089)   (gap_cx=-0.3303 gap_cy=-0.0473 wall_center_z=0.0504)
[step=19260] probe pos = (-0.8181, -0.1342, +0.1089)   (gap_cx=-0.3303 gap_cy=-0.0473 wall_center_z=0.0504)
[step=19290] probe pos = (-0.8181, -0.1342, +0.1089)   (gap_cx=-0.3303 gap_cy=-0.0473 wall_center_z=0.0504)
[step=19320] probe pos = (-0.8181, -0.1342, +0.1089)   (gap_cx=-0.3303 gap_cy=-0.0473 wall_center_z=0.0504)
[step=19350] probe pos = (-0.8181, -0.1342, +0.1089)   (gap_cx=-0.3303 gap_cy=-0.0473 wall_center_z=0.0504)
[step=19380] probe pos = (-0.8181, -0.1342, +0.1089)   (gap_cx=-0.3303 gap_cy=-0.0473 wall_center_z=0.0504)
[step=19410] probe pos = (-0.8181, -0.1342, +0.1089)   (gap_cx=-0.3303 gap_cy=-0.0473 wall_center_z=0.0504)
[step=19440] probe pos = (-0.8181, -0.1342, +0.1089)   (gap_cx=-0.3303 gap_cy=-0.0473 wall_center_z=0.0504)
[step=19470] probe pos = (-0.8181, -0.1342, +0.1089)   (gap_cx=-0.3303 gap_cy=-0.0473 wall_center_z=0.0504)
[step=19500] probe pos = (-0.8181, -0.1342, +0.1089)   (gap_cx=-0.3303 gap_cy=-0.0473 wall_center_z=0.0504)
[step=19530] probe pos = (-0.8181, -0.1342, +0.1089)   (gap_cx=-0.3303 gap_cy=-0.0473 wall_center_z=0.0504)
[step=19560] probe pos = (-0.8181, -0.1342, +0.1089)   (gap_cx=-0.3303 gap_cy=-0.0473 wall_center_z=0.0504)
[step=19590] probe pos = (-0.8181, -0.1342, +0.1089)   (gap_cx=-0.3303 gap_cy=-0.0473 wall_center_z=0.0504)
[step=19620] probe pos = (-0.8181, -0.1342, +0.1089)   (gap_cx=-0.3303 gap_cy=-0.0473 wall_center_z=0.0504)
[step=19650] probe pos = (-0.8181, -0.1342, +0.1089)   (gap_cx=-0.3303 gap_cy=-0.0473 wall_center_z=0.0504)
[step=19680] probe pos = (-0.8181, -0.1342, +0.1089)   (gap_cx=-0.3303 gap_cy=-0.0473 wall_center_z=0.0504)
[step=19710] probe pos = (-0.8181, -0.1342, +0.1089)   (gap_cx=-0.3303 gap_cy=-0.0473 wall_center_z=0.0504)
[step=19740] probe pos = (-0.8181, -0.1342, +0.1089)   (gap_cx=-0.3303 gap_cy=-0.0473 wall_center_z=0.0504)
[step=19770] probe pos = (-0.8181, -0.1342, +0.1089)   (gap_cx=-0.3303 gap_cy=-0.0473 wall_center_z=0.0504)
[step=19800] probe pos = (-0.8182, -0.1342, +0.1089)   (gap_cx=-0.3303 gap_cy=-0.0473 wall_center_z=0.0504)
[step=19830] probe pos = (-0.8181, -0.1342, +0.1089)   (gap_cx=-0.3303 gap_cy=-0.0473 wall_center_z=0.0504)
[step=19860] probe pos = (-0.8181, -0.1342, +0.1089)   (gap_cx=-0.3303 gap_cy=-0.0473 wall_center_z=0.0504)
[step=19890] probe pos = (-0.8181, -0.1342, +0.1089)   (gap_cx=-0.3303 gap_cy=-0.0473 wall_center_z=0.0504)
[step=19920] probe pos = (-0.8181, -0.1342, +0.1089)   (gap_cx=-0.3303 gap_cy=-0.0473 wall_center_z=0.0504)
[step=19950] probe pos = (-0.8181, -0.1342, +0.1089)   (gap_cx=-0.3303 gap_cy=-0.0473 wall_center_z=0.0504)
[step=19980] probe pos = (-0.8181, -0.1342, +0.1089)   (gap_cx=-0.3303 gap_cy=-0.0473 wall_center_z=0.0504)
[step=20010] probe pos = (-0.8181, -0.1342, +0.1089)   (gap_cx=-0.3303 gap_cy=-0.0473 wall_center_z=0.0504)
[step=20040] probe pos = (-0.8182, -0.1342, +0.1089)   (gap_cx=-0.3303 gap_cy=-0.0473 wall_center_z=0.0504)
[step=20070] probe pos = (-0.8181, -0.1342, +0.1089)   (gap_cx=-0.3303 gap_cy=-0.0473 wall_center_z=0.0504)
[step=20100] probe pos = (-0.8181, -0.1342, +0.1089)   (gap_cx=-0.3303 gap_cy=-0.0473 wall_center_z=0.0504)
[step=20130] probe pos = (-0.8182, -0.1342, +0.1089)   (gap_cx=-0.3303 gap_cy=-0.0473 wall_center_z=0.0504)
[step=20160] probe pos = (-0.8181, -0.1342, +0.1089)   (gap_cx=-0.3303 gap_cy=-0.0473 wall_center_z=0.0504)
[step=20190] probe pos = (-0.8182, -0.1342, +0.1089)   (gap_cx=-0.3303 gap_cy=-0.0473 wall_center_z=0.0504)
[step=20220] probe pos = (-0.8181, -0.1342, +0.1089)   (gap_cx=-0.3303 gap_cy=-0.0473 wall_center_z=0.0504)
[step=20250] probe pos = (-0.8181, -0.1342, +0.1089)   (gap_cx=-0.3303 gap_cy=-0.0473 wall_center_z=0.0504)
[step=20280] probe pos = (-0.8182, -0.1342, +0.1089)   (gap_cx=-0.3303 gap_cy=-0.0473 wall_center_z=0.0504)
[step=20310] probe pos = (-0.8181, -0.1342, +0.1089)   (gap_cx=-0.3303 gap_cy=-0.0473 wall_center_z=0.0504)
[step=20340] probe pos = (-0.8181, -0.1342, +0.1089)   (gap_cx=-0.3303 gap_cy=-0.0473 wall_center_z=0.0504)
[step=20370] probe pos = (-0.8181, -0.1342, +0.1089)   (gap_cx=-0.3303 gap_cy=-0.0473 wall_center_z=0.0504)
[step=20400] probe pos = (-0.8181, -0.1342, +0.1089)   (gap_cx=-0.3303 gap_cy=-0.0473 wall_center_z=0.0504)
[step=20430] probe pos = (-0.8181, -0.1342, +0.1089)   (gap_cx=-0.3303 gap_cy=-0.0473 wall_center_z=0.0504)
[step=20460] probe pos = (-0.8181, -0.1342, +0.1089)   (gap_cx=-0.3303 gap_cy=-0.0473 wall_center_z=0.0504)
[step=20490] probe pos = (-0.8181, -0.1342, +0.1089)   (gap_cx=-0.3303 gap_cy=-0.0473 wall_center_z=0.0504)
[step=20520] probe pos = (-0.8181, -0.1342, +0.1089)   (gap_cx=-0.3303 gap_cy=-0.0473 wall_center_z=0.0504)
[step=20550] probe pos = (-0.8181, -0.1342, +0.1089)   (gap_cx=-0.3303 gap_cy=-0.0473 wall_center_z=0.0504)
[step=20580] probe pos = (-0.8181, -0.1342, +0.1089)   (gap_cx=-0.3303 gap_cy=-0.0473 wall_center_z=0.0504)
[step=20610] probe pos = (-0.8182, -0.1342, +0.1089)   (gap_cx=-0.3303 gap_cy=-0.0473 wall_center_z=0.0504)
[step=20640] probe pos = (-0.8181, -0.1342, +0.1089)   (gap_cx=-0.3303 gap_cy=-0.0473 wall_center_z=0.0504)
[step=20670] probe pos = (-0.8181, -0.1342, +0.1089)   (gap_cx=-0.3303 gap_cy=-0.0473 wall_center_z=0.0504)
[step=20700] probe pos = (-0.8181, -0.1342, +0.1089)   (gap_cx=-0.3303 gap_cy=-0.0473 wall_center_z=0.0504)
[step=20730] probe pos = (-0.8182, -0.1342, +0.1089)   (gap_cx=-0.3303 gap_cy=-0.0473 wall_center_z=0.0504)
[step=20760] probe pos = (-0.8181, -0.1342, +0.1089)   (gap_cx=-0.3303 gap_cy=-0.0473 wall_center_z=0.0504)
[step=20790] probe pos = (-0.8157, -0.1109, +0.1080)   (gap_cx=-0.3303 gap_cy=-0.0473 wall_center_z=0.0504)
[step=20820] probe pos = (-0.8106, -0.0532, +0.1089)   (gap_cx=-0.3303 gap_cy=-0.0473 wall_center_z=0.0504)
[step=20850] probe pos = (-0.8617, -0.0256, +0.1395)   (gap_cx=-0.3303 gap_cy=-0.0473 wall_center_z=0.0504)
[step=20880] probe pos = (-0.9604, -0.1252, +0.1739)   (gap_cx=-0.3303 gap_cy=-0.0473 wall_center_z=0.0504)
[step=20910] probe pos = (-1.0331, -0.2221, +0.1992)   (gap_cx=-0.3303 gap_cy=-0.0473 wall_center_z=0.0504)
[step=20940] probe pos = (-0.9547, -0.1252, +0.0689)   (gap_cx=-0.3303 gap_cy=-0.0473 wall_center_z=0.0504)
[step=20970] probe pos = (-0.9511, -0.1346, +0.0319)   (gap_cx=-0.3303 gap_cy=-0.0473 wall_center_z=0.0504)
[step=21000] probe pos = (-0.9837, -0.1530, +0.0510)   (gap_cx=-0.3303 gap_cy=-0.0473 wall_center_z=0.0504)
[step=21030] probe pos = (-1.0854, -0.2303, +0.0315)   (gap_cx=-0.3303 gap_cy=-0.0473 wall_center_z=0.0504)
[step=21060] probe pos = (-1.1026, -0.2370, +0.0341)   (gap_cx=-0.3303 gap_cy=-0.0473 wall_center_z=0.0504)
[step=21090] probe pos = (-1.0693, -0.2268, +0.0339)   (gap_cx=-0.3303 gap_cy=-0.0473 wall_center_z=0.0504)
[step=21120] probe pos = (-1.0676, -0.2265, +0.0327)   (gap_cx=-0.3303 gap_cy=-0.0473 wall_center_z=0.0504)
[step=21150] probe pos = (-0.7132, -0.1221, +0.0734)   (gap_cx=-0.3303 gap_cy=-0.0473 wall_center_z=0.0504)
[step=21180] probe pos = (-0.7129, -0.1264, +0.0841)   (gap_cx=-0.3303 gap_cy=-0.0473 wall_center_z=0.0504)
[step=21210] probe pos = (-0.5954, -0.1108, +0.1678)   (gap_cx=-0.3303 gap_cy=-0.0473 wall_center_z=0.0504)
[step=21240] probe pos = (-0.5939, -0.0942, +0.1259)   (gap_cx=-0.3303 gap_cy=-0.0473 wall_center_z=0.0504)
[step=21270] probe pos = (-0.6127, -0.0885, +0.0948)   (gap_cx=-0.3303 gap_cy=-0.0473 wall_center_z=0.0504)
[step=21300] probe pos = (-0.5589, -0.0805, +0.1211)   (gap_cx=-0.3303 gap_cy=-0.0473 wall_center_z=0.0504)
[step=21330] probe pos = (-1.1393, -0.2694, +0.0967)   (gap_cx=-0.3303 gap_cy=-0.0473 wall_center_z=0.0504)
[step=21360] probe pos = (-1.1498, -0.2811, +0.0028)   (gap_cx=-0.3303 gap_cy=-0.0473 wall_center_z=0.0504)
[step=21390] probe pos = (-1.1498, -0.2811, +0.0029)   (gap_cx=-0.3303 gap_cy=-0.0473 wall_center_z=0.0504)
[step=21420] probe pos = (-1.1466, -0.2814, +0.0094)   (gap_cx=-0.3303 gap_cy=-0.0473 wall_center_z=0.0504)
[step=21450] probe pos = (-1.0860, -0.2884, +0.1383)   (gap_cx=-0.3303 gap_cy=-0.0473 wall_center_z=0.0504)
[step=21480] probe pos = (-1.1515, -0.2809, -0.0481)   (gap_cx=-0.3303 gap_cy=-0.0473 wall_center_z=0.0504)
[step=21510] probe pos = (-1.1150, -0.2851, +0.0417)   (gap_cx=-0.3303 gap_cy=-0.0473 wall_center_z=0.0504)
[step=21540] probe pos = (-1.1150, -0.2851, +0.0029)   (gap_cx=-0.3303 gap_cy=-0.0473 wall_center_z=0.0504)
[step=21570] probe pos = (-1.1150, -0.2851, +0.0029)   (gap_cx=-0.3303 gap_cy=-0.0473 wall_center_z=0.0504)
[step=21600] probe pos = (-1.0809, -0.2890, +0.0664)   (gap_cx=-0.3303 gap_cy=-0.0473 wall_center_z=0.0504)
[step=21630] probe pos = (-1.0573, -0.2917, +0.1471)   (gap_cx=-0.3303 gap_cy=-0.0473 wall_center_z=0.0504)
[step=21660] probe pos = (-1.0115, -0.2969, +0.2129)   (gap_cx=-0.3303 gap_cy=-0.0473 wall_center_z=0.0504)
[step=21690] probe pos = (-0.9248, -0.3069, +0.0863)   (gap_cx=-0.3303 gap_cy=-0.0473 wall_center_z=0.0504)
[step=21720] probe pos = (-0.9228, -0.3071, +0.1014)   (gap_cx=-0.3303 gap_cy=-0.0473 wall_center_z=0.0504)
[step=21750] probe pos = (-0.8966, -0.3101, -0.0555)   (gap_cx=-0.3303 gap_cy=-0.0473 wall_center_z=0.0504)
[step=21780] probe pos = (-0.9583, -0.3030, +0.0354)   (gap_cx=-0.3303 gap_cy=-0.0473 wall_center_z=0.0504)
[step=21810] probe pos = (-0.9897, -0.2994, +0.0283)   (gap_cx=-0.3303 gap_cy=-0.0473 wall_center_z=0.0504)
[step=21840] probe pos = (-1.0632, -0.2910, +0.0108)   (gap_cx=-0.3303 gap_cy=-0.0473 wall_center_z=0.0504)
[step=21870] probe pos = (-1.0637, -0.2909, +0.0029)   (gap_cx=-0.3303 gap_cy=-0.0473 wall_center_z=0.0504)
[step=21900] probe pos = (-1.0455, -0.2709, -0.0305)   (gap_cx=-0.3303 gap_cy=-0.0473 wall_center_z=0.0504)
[step=21930] probe pos = (-0.9639, -0.2548, +0.0029)   (gap_cx=-0.3303 gap_cy=-0.0473 wall_center_z=0.0504)
[step=21960] probe pos = (-0.9639, -0.2548, +0.0029)   (gap_cx=-0.3303 gap_cy=-0.0473 wall_center_z=0.0504)

[종료] 마지막 프로브 위치 = (-0.9639, -0.2548, +0.0029)
Traceback (most recent call last):
  File "C:\Crusher_isaacsim\Crusher_Genesis\Crusher_M0609_RG2_Tablet_Samplebag\interactive_probe.py", line 106, in <module>
    scene.step()
    ~~~~~~~~~~^^
  File "C:\Users\simuser\miniconda3\envs\crusher_genesis\Lib\site-packages\genesis\utils\misc.py", line 142, in wrapper
    return method(self, *args, **kwargs)
  File "C:\Users\simuser\miniconda3\envs\crusher_genesis\Lib\site-packages\genesis\engine\scene.py", line 1048, in step
    self._visualizer.update(force=not advance, auto=refresh_visualizer)
    ~~~~~~~~~~~~~~~~~~~~~~~^^^^^^^^^^^^^^^^^^^^^^^^^^^^^^^^^^^^^^^^^^^^
  File "C:\Users\simuser\miniconda3\envs\crusher_genesis\Lib\site-packages\genesis\vis\visualizer.py", line 202, in update
    self._viewer.update(auto_refresh=auto, force=force)
    ~~~~~~~~~~~~~~~~~~~^^^^^^^^^^^^^^^^^^^^^^^^^^^^^^^^
  File "C:\Users\simuser\miniconda3\envs\crusher_genesis\Lib\site-packages\genesis\vis\viewer.py", line 184, in update
    gs.raise_exception("Viewer closed.")
    ~~~~~~~~~~~~~~~~~~^^^^^^^^^^^^^^^^^^
  File "C:\Users\simuser\miniconda3\envs\crusher_genesis\Lib\site-packages\genesis\utils\misc.py", line 35, in raise_exception
    raise gs.GenesisException(msg)
genesis.GenesisException: Viewer closed.

[38;5;9m[Genesis] [16:45:14] [ERROR] GenesisException: Viewer closed.[0m
