[slot] gap_cx=-0.3303 gap_cy=-0.0473 wall_top_z=0.0864 wall_center_z=0.0504
[slot] gap X 폭=12mm(좁음)  gap Y 폭=65mm(여유, 하지만 봉투 폭 64mm라 타이트)

[build] scene.build() 시작...
[38;5;226m[Genesis] [16:07:15] [WARNING] Link 'L4_Motor2_Shaft_1' has dubious center of mass [x=0.000, y=-0.037, z=0.015] compared to the bounding box from geometry [x=(-0.018, 0.018), y=(-0.018, 0.018), z=(-0.000, 0.077)].[0m
[38;5;226m[Genesis] [16:07:15] [WARNING] Constraint solver time constant should be greater than 2*substep_dt. timeconst is changed from `0.0002` to `0.01`). Decrease simulation timestep or increase timeconst to avoid altering the original value.[0m
C:\Users\simuser\miniconda3\envs\crusher_genesis\Lib\site-packages\quadrants\lang\ast\ast_transformers\call_transformer.py:245: DeprecationWarning: keyword.__init__ got an unexpected keyword argument 'ctx'. Support for arbitrary keyword arguments is deprecated and will be removed in Python 3.15.
  kwarg_node = ast.keyword(
[build] 성공

[ready] 뷰어 창에서 좌클릭 드래그로 주황색 프로브 박스를 슬롯(gap)에 넣어보세요.
        0.5초마다 프로브 world 위치를 출력합니다. Ctrl+C 로 종료.

[t=   0.5s] probe pos = (-0.3316, -0.0473, +0.1194)   (gap_cx=-0.3303 gap_cy=-0.0473 wall_center_z=0.0504)
[t=   1.0s] probe pos = (-0.3315, -0.0473, +0.1194)   (gap_cx=-0.3303 gap_cy=-0.0473 wall_center_z=0.0504)
[t=   1.5s] probe pos = (-0.3312, -0.0473, +0.1194)   (gap_cx=-0.3303 gap_cy=-0.0473 wall_center_z=0.0504)
[t=   2.0s] probe pos = (-0.3311, -0.0473, +0.1194)   (gap_cx=-0.3303 gap_cy=-0.0473 wall_center_z=0.0504)
[t=   2.5s] probe pos = (-0.3310, -0.0473, +0.1194)   (gap_cx=-0.3303 gap_cy=-0.0473 wall_center_z=0.0504)
[t=   3.0s] probe pos = (-0.3310, -0.0473, +0.1194)   (gap_cx=-0.3303 gap_cy=-0.0473 wall_center_z=0.0504)
[t=   3.5s] probe pos = (-0.3309, -0.0473, +0.1194)   (gap_cx=-0.3303 gap_cy=-0.0473 wall_center_z=0.0504)
[t=   4.0s] probe pos = (-0.3309, -0.0473, +0.1194)   (gap_cx=-0.3303 gap_cy=-0.0473 wall_center_z=0.0504)
[t=   4.5s] probe pos = (-0.3308, -0.0473, +0.1194)   (gap_cx=-0.3303 gap_cy=-0.0473 wall_center_z=0.0504)
[t=   5.0s] probe pos = (-0.3308, -0.0473, +0.1194)   (gap_cx=-0.3303 gap_cy=-0.0473 wall_center_z=0.0504)
[t=   5.5s] probe pos = (-0.3307, -0.0473, +0.1194)   (gap_cx=-0.3303 gap_cy=-0.0473 wall_center_z=0.0504)
[t=   6.0s] probe pos = (-0.3307, -0.0473, +0.1194)   (gap_cx=-0.3303 gap_cy=-0.0473 wall_center_z=0.0504)
[t=   6.5s] probe pos = (-0.3307, -0.0473, +0.1194)   (gap_cx=-0.3303 gap_cy=-0.0473 wall_center_z=0.0504)
[t=   7.0s] probe pos = (-0.3306, -0.0473, +0.1194)   (gap_cx=-0.3303 gap_cy=-0.0473 wall_center_z=0.0504)
[t=   7.5s] probe pos = (-0.3306, -0.0473, +0.1194)   (gap_cx=-0.3303 gap_cy=-0.0473 wall_center_z=0.0504)
[t=   8.0s] probe pos = (-0.3306, -0.0473, +0.1194)   (gap_cx=-0.3303 gap_cy=-0.0473 wall_center_z=0.0504)
[t=   8.5s] probe pos = (-0.3306, -0.0473, +0.1194)   (gap_cx=-0.3303 gap_cy=-0.0473 wall_center_z=0.0504)
[t=   9.0s] probe pos = (-0.3306, -0.0473, +0.1194)   (gap_cx=-0.3303 gap_cy=-0.0473 wall_center_z=0.0504)
[t=   9.5s] probe pos = (-0.3306, -0.0473, +0.1194)   (gap_cx=-0.3303 gap_cy=-0.0473 wall_center_z=0.0504)
[t=  10.0s] probe pos = (-0.3306, -0.0473, +0.1194)   (gap_cx=-0.3303 gap_cy=-0.0473 wall_center_z=0.0504)
[t=  10.5s] probe pos = (-0.3305, -0.0473, +0.1194)   (gap_cx=-0.3303 gap_cy=-0.0473 wall_center_z=0.0504)
[t=  11.0s] probe pos = (-0.3305, -0.0473, +0.1194)   (gap_cx=-0.3303 gap_cy=-0.0473 wall_center_z=0.0504)
[t=  11.5s] probe pos = (-0.3305, -0.0473, +0.1194)   (gap_cx=-0.3303 gap_cy=-0.0473 wall_center_z=0.0504)
[t=  12.0s] probe pos = (-0.3305, -0.0473, +0.1194)   (gap_cx=-0.3303 gap_cy=-0.0473 wall_center_z=0.0504)
[t=  12.5s] probe pos = (-0.3305, -0.0473, +0.1194)   (gap_cx=-0.3303 gap_cy=-0.0473 wall_center_z=0.0504)
[t=  13.0s] probe pos = (-0.3305, -0.0473, +0.1194)   (gap_cx=-0.3303 gap_cy=-0.0473 wall_center_z=0.0504)
[t=  13.5s] probe pos = (-0.3305, -0.0473, +0.1194)   (gap_cx=-0.3303 gap_cy=-0.0473 wall_center_z=0.0504)
[t=  14.0s] probe pos = (-0.3305, -0.0473, +0.1194)   (gap_cx=-0.3303 gap_cy=-0.0473 wall_center_z=0.0504)
[t=  14.5s] probe pos = (-0.3305, -0.0473, +0.1194)   (gap_cx=-0.3303 gap_cy=-0.0473 wall_center_z=0.0504)
[t=  15.0s] probe pos = (-0.3305, -0.0473, +0.1194)   (gap_cx=-0.3303 gap_cy=-0.0473 wall_center_z=0.0504)
[t=  15.5s] probe pos = (-0.3305, -0.0473, +0.1194)   (gap_cx=-0.3303 gap_cy=-0.0473 wall_center_z=0.0504)
[t=  16.0s] probe pos = (-0.3305, -0.0473, +0.1194)   (gap_cx=-0.3303 gap_cy=-0.0473 wall_center_z=0.0504)
[t=  16.5s] probe pos = (-0.3305, -0.0473, +0.1194)   (gap_cx=-0.3303 gap_cy=-0.0473 wall_center_z=0.0504)
[t=  17.0s] probe pos = (-0.3305, -0.0473, +0.1194)   (gap_cx=-0.3303 gap_cy=-0.0473 wall_center_z=0.0504)
[t=  17.5s] probe pos = (-0.3305, -0.0473, +0.1194)   (gap_cx=-0.3303 gap_cy=-0.0473 wall_center_z=0.0504)
[t=  18.0s] probe pos = (-0.3305, -0.0473, +0.1194)   (gap_cx=-0.3303 gap_cy=-0.0473 wall_center_z=0.0504)
[t=  18.5s] probe pos = (-0.3305, -0.0473, +0.1194)   (gap_cx=-0.3303 gap_cy=-0.0473 wall_center_z=0.0504)
[t=  19.0s] probe pos = (-0.3305, -0.0473, +0.1194)   (gap_cx=-0.3303 gap_cy=-0.0473 wall_center_z=0.0504)
[t=  19.5s] probe pos = (-0.3305, -0.0473, +0.1194)   (gap_cx=-0.3303 gap_cy=-0.0473 wall_center_z=0.0504)
[t=  20.0s] probe pos = (-0.3305, -0.0473, +0.1194)   (gap_cx=-0.3303 gap_cy=-0.0473 wall_center_z=0.0504)
[t=  20.5s] probe pos = (-0.3305, -0.0473, +0.1194)   (gap_cx=-0.3303 gap_cy=-0.0473 wall_center_z=0.0504)
[t=  21.0s] probe pos = (-0.3305, -0.0473, +0.1194)   (gap_cx=-0.3303 gap_cy=-0.0473 wall_center_z=0.0504)
[t=  21.5s] probe pos = (-0.3305, -0.0473, +0.1194)   (gap_cx=-0.3303 gap_cy=-0.0473 wall_center_z=0.0504)
[t=  22.0s] probe pos = (-0.3306, -0.0473, +0.1194)   (gap_cx=-0.3303 gap_cy=-0.0473 wall_center_z=0.0504)
[t=  22.5s] probe pos = (-0.3306, -0.0473, +0.1194)   (gap_cx=-0.3303 gap_cy=-0.0473 wall_center_z=0.0504)
[t=  23.0s] probe pos = (-0.3306, -0.0473, +0.1194)   (gap_cx=-0.3303 gap_cy=-0.0473 wall_center_z=0.0504)
[t=  23.5s] probe pos = (-0.3306, -0.0473, +0.1194)   (gap_cx=-0.3303 gap_cy=-0.0473 wall_center_z=0.0504)
[t=  24.0s] probe pos = (-0.3306, -0.0473, +0.1194)   (gap_cx=-0.3303 gap_cy=-0.0473 wall_center_z=0.0504)
[t=  24.5s] probe pos = (-0.3307, -0.0473, +0.1194)   (gap_cx=-0.3303 gap_cy=-0.0473 wall_center_z=0.0504)
[t=  25.0s] probe pos = (-0.3308, -0.0473, +0.1194)   (gap_cx=-0.3303 gap_cy=-0.0473 wall_center_z=0.0504)
[t=  25.5s] probe pos = (-0.3311, -0.0473, +0.1194)   (gap_cx=-0.3303 gap_cy=-0.0473 wall_center_z=0.0504)
[t=  26.0s] probe pos = (-0.3237, -0.0473, +0.1194)   (gap_cx=-0.3303 gap_cy=-0.0473 wall_center_z=0.0504)
[t=  26.5s] probe pos = (-0.3306, -0.0500, +0.0545)   (gap_cx=-0.3303 gap_cy=-0.0473 wall_center_z=0.0504)
[t=  27.0s] probe pos = (-0.3282, -0.0499, +0.0544)   (gap_cx=-0.3303 gap_cy=-0.0473 wall_center_z=0.0504)
[t=  27.5s] probe pos = (-0.3283, -0.0499, +0.0544)   (gap_cx=-0.3303 gap_cy=-0.0473 wall_center_z=0.0504)
[t=  28.0s] probe pos = (-0.3283, -0.0499, +0.0544)   (gap_cx=-0.3303 gap_cy=-0.0473 wall_center_z=0.0504)
[t=  28.5s] probe pos = (-0.3283, -0.0499, +0.0544)   (gap_cx=-0.3303 gap_cy=-0.0473 wall_center_z=0.0504)
[t=  29.0s] probe pos = (-0.3283, -0.0499, +0.0544)   (gap_cx=-0.3303 gap_cy=-0.0473 wall_center_z=0.0504)
[t=  29.5s] probe pos = (-0.3283, -0.0499, +0.0544)   (gap_cx=-0.3303 gap_cy=-0.0473 wall_center_z=0.0504)
[t=  30.0s] probe pos = (-0.3283, -0.0499, +0.0544)   (gap_cx=-0.3303 gap_cy=-0.0473 wall_center_z=0.0504)
[t=  30.5s] probe pos = (-0.3283, -0.0499, +0.0544)   (gap_cx=-0.3303 gap_cy=-0.0473 wall_center_z=0.0504)
[t=  31.0s] probe pos = (-0.3283, -0.0499, +0.0544)   (gap_cx=-0.3303 gap_cy=-0.0473 wall_center_z=0.0504)
[t=  31.5s] probe pos = (-0.3283, -0.0499, +0.0544)   (gap_cx=-0.3303 gap_cy=-0.0473 wall_center_z=0.0504)
[t=  32.0s] probe pos = (-0.3283, -0.0499, +0.0544)   (gap_cx=-0.3303 gap_cy=-0.0473 wall_center_z=0.0504)
[t=  32.5s] probe pos = (-0.3283, -0.0499, +0.0544)   (gap_cx=-0.3303 gap_cy=-0.0473 wall_center_z=0.0504)
[t=  33.0s] probe pos = (-0.3283, -0.0499, +0.0544)   (gap_cx=-0.3303 gap_cy=-0.0473 wall_center_z=0.0504)
[t=  33.5s] probe pos = (-0.3283, -0.0499, +0.0544)   (gap_cx=-0.3303 gap_cy=-0.0473 wall_center_z=0.0504)
[t=  34.0s] probe pos = (-0.3283, -0.0499, +0.0544)   (gap_cx=-0.3303 gap_cy=-0.0473 wall_center_z=0.0504)
[t=  34.5s] probe pos = (-0.3283, -0.0499, +0.0544)   (gap_cx=-0.3303 gap_cy=-0.0473 wall_center_z=0.0504)
[t=  35.0s] probe pos = (-0.3283, -0.0499, +0.0544)   (gap_cx=-0.3303 gap_cy=-0.0473 wall_center_z=0.0504)
[t=  35.5s] probe pos = (-0.3283, -0.0499, +0.0544)   (gap_cx=-0.3303 gap_cy=-0.0473 wall_center_z=0.0504)
[t=  36.0s] probe pos = (-0.3283, -0.0499, +0.0544)   (gap_cx=-0.3303 gap_cy=-0.0473 wall_center_z=0.0504)
[t=  36.5s] probe pos = (-0.3283, -0.0499, +0.0544)   (gap_cx=-0.3303 gap_cy=-0.0473 wall_center_z=0.0504)
[t=  37.0s] probe pos = (-0.3283, -0.0499, +0.0544)   (gap_cx=-0.3303 gap_cy=-0.0473 wall_center_z=0.0504)
[t=  37.5s] probe pos = (-0.3283, -0.0499, +0.0544)   (gap_cx=-0.3303 gap_cy=-0.0473 wall_center_z=0.0504)
[t=  38.0s] probe pos = (-0.3283, -0.0499, +0.0544)   (gap_cx=-0.3303 gap_cy=-0.0473 wall_center_z=0.0504)
[t=  38.5s] probe pos = (-0.3283, -0.0499, +0.0544)   (gap_cx=-0.3303 gap_cy=-0.0473 wall_center_z=0.0504)
[t=  39.0s] probe pos = (-0.3283, -0.0499, +0.0544)   (gap_cx=-0.3303 gap_cy=-0.0473 wall_center_z=0.0504)
[t=  39.5s] probe pos = (-0.3283, -0.0499, +0.0544)   (gap_cx=-0.3303 gap_cy=-0.0473 wall_center_z=0.0504)
[t=  40.0s] probe pos = (-0.3283, -0.0499, +0.0544)   (gap_cx=-0.3303 gap_cy=-0.0473 wall_center_z=0.0504)
[t=  40.5s] probe pos = (-0.3283, -0.0499, +0.0544)   (gap_cx=-0.3303 gap_cy=-0.0473 wall_center_z=0.0504)
[t=  41.0s] probe pos = (-0.3283, -0.0499, +0.0544)   (gap_cx=-0.3303 gap_cy=-0.0473 wall_center_z=0.0504)
[t=  41.5s] probe pos = (-0.3283, -0.0499, +0.0544)   (gap_cx=-0.3303 gap_cy=-0.0473 wall_center_z=0.0504)
[t=  42.0s] probe pos = (-0.3283, -0.0499, +0.0544)   (gap_cx=-0.3303 gap_cy=-0.0473 wall_center_z=0.0504)
[t=  42.5s] probe pos = (-0.3283, -0.0499, +0.0544)   (gap_cx=-0.3303 gap_cy=-0.0473 wall_center_z=0.0504)
[t=  43.0s] probe pos = (-0.3283, -0.0499, +0.0544)   (gap_cx=-0.3303 gap_cy=-0.0473 wall_center_z=0.0504)
[t=  43.5s] probe pos = (-0.3283, -0.0499, +0.0544)   (gap_cx=-0.3303 gap_cy=-0.0473 wall_center_z=0.0504)
[t=  44.0s] probe pos = (-0.3283, -0.0499, +0.0544)   (gap_cx=-0.3303 gap_cy=-0.0473 wall_center_z=0.0504)
[t=  44.5s] probe pos = (-0.3283, -0.0499, +0.0544)   (gap_cx=-0.3303 gap_cy=-0.0473 wall_center_z=0.0504)
[t=  45.0s] probe pos = (-0.3283, -0.0499, +0.0544)   (gap_cx=-0.3303 gap_cy=-0.0473 wall_center_z=0.0504)
[t=  45.5s] probe pos = (-0.3283, -0.0499, +0.0544)   (gap_cx=-0.3303 gap_cy=-0.0473 wall_center_z=0.0504)
[t=  46.0s] probe pos = (-0.3283, -0.0499, +0.0544)   (gap_cx=-0.3303 gap_cy=-0.0473 wall_center_z=0.0504)
[t=  46.5s] probe pos = (-0.3283, -0.0499, +0.0544)   (gap_cx=-0.3303 gap_cy=-0.0473 wall_center_z=0.0504)
[t=  47.0s] probe pos = (-0.3283, -0.0499, +0.0544)   (gap_cx=-0.3303 gap_cy=-0.0473 wall_center_z=0.0504)
[t=  47.5s] probe pos = (-0.3283, -0.0499, +0.0544)   (gap_cx=-0.3303 gap_cy=-0.0473 wall_center_z=0.0504)
[t=  48.0s] probe pos = (-0.3283, -0.0499, +0.0544)   (gap_cx=-0.3303 gap_cy=-0.0473 wall_center_z=0.0504)
[t=  48.5s] probe pos = (-0.3283, -0.0499, +0.0544)   (gap_cx=-0.3303 gap_cy=-0.0473 wall_center_z=0.0504)
[t=  49.0s] probe pos = (-0.3283, -0.0499, +0.0544)   (gap_cx=-0.3303 gap_cy=-0.0473 wall_center_z=0.0504)
[t=  49.5s] probe pos = (-0.3283, -0.0499, +0.0544)   (gap_cx=-0.3303 gap_cy=-0.0473 wall_center_z=0.0504)
[t=  50.0s] probe pos = (-0.3283, -0.0499, +0.0544)   (gap_cx=-0.3303 gap_cy=-0.0473 wall_center_z=0.0504)
[t=  50.5s] probe pos = (-0.3283, -0.0499, +0.0544)   (gap_cx=-0.3303 gap_cy=-0.0473 wall_center_z=0.0504)
[t=  51.0s] probe pos = (-0.3283, -0.0499, +0.0544)   (gap_cx=-0.3303 gap_cy=-0.0473 wall_center_z=0.0504)
[t=  51.5s] probe pos = (-0.3283, -0.0499, +0.0544)   (gap_cx=-0.3303 gap_cy=-0.0473 wall_center_z=0.0504)
[t=  52.0s] probe pos = (-0.3283, -0.0499, +0.0544)   (gap_cx=-0.3303 gap_cy=-0.0473 wall_center_z=0.0504)
[t=  52.5s] probe pos = (-0.3283, -0.0499, +0.0544)   (gap_cx=-0.3303 gap_cy=-0.0473 wall_center_z=0.0504)
[t=  53.0s] probe pos = (-0.3283, -0.0499, +0.0544)   (gap_cx=-0.3303 gap_cy=-0.0473 wall_center_z=0.0504)
[t=  53.5s] probe pos = (-0.3283, -0.0499, +0.0544)   (gap_cx=-0.3303 gap_cy=-0.0473 wall_center_z=0.0504)
[t=  54.0s] probe pos = (-0.3283, -0.0499, +0.0544)   (gap_cx=-0.3303 gap_cy=-0.0473 wall_center_z=0.0504)
[t=  54.5s] probe pos = (-0.3283, -0.0499, +0.0544)   (gap_cx=-0.3303 gap_cy=-0.0473 wall_center_z=0.0504)
[t=  55.0s] probe pos = (-0.3283, -0.0499, +0.0544)   (gap_cx=-0.3303 gap_cy=-0.0473 wall_center_z=0.0504)
[t=  55.5s] probe pos = (-0.3283, -0.0499, +0.0544)   (gap_cx=-0.3303 gap_cy=-0.0473 wall_center_z=0.0504)
[t=  56.0s] probe pos = (-0.3283, -0.0499, +0.0544)   (gap_cx=-0.3303 gap_cy=-0.0473 wall_center_z=0.0504)
[t=  56.5s] probe pos = (-0.3283, -0.0499, +0.0544)   (gap_cx=-0.3303 gap_cy=-0.0473 wall_center_z=0.0504)
[t=  57.0s] probe pos = (-0.3283, -0.0499, +0.0544)   (gap_cx=-0.3303 gap_cy=-0.0473 wall_center_z=0.0504)
[t=  57.5s] probe pos = (-0.3283, -0.0499, +0.0544)   (gap_cx=-0.3303 gap_cy=-0.0473 wall_center_z=0.0504)
[t=  58.0s] probe pos = (-0.3283, -0.0499, +0.0544)   (gap_cx=-0.3303 gap_cy=-0.0473 wall_center_z=0.0504)
[t=  58.5s] probe pos = (-0.3283, -0.0499, +0.0544)   (gap_cx=-0.3303 gap_cy=-0.0473 wall_center_z=0.0504)
[t=  59.0s] probe pos = (-0.3283, -0.0499, +0.0544)   (gap_cx=-0.3303 gap_cy=-0.0473 wall_center_z=0.0504)
[t=  59.5s] probe pos = (-0.3283, -0.0499, +0.0544)   (gap_cx=-0.3303 gap_cy=-0.0473 wall_center_z=0.0504)
[t=  60.0s] probe pos = (-0.3283, -0.0499, +0.0544)   (gap_cx=-0.3303 gap_cy=-0.0473 wall_center_z=0.0504)
[t=  60.5s] probe pos = (-0.3283, -0.0499, +0.0544)   (gap_cx=-0.3303 gap_cy=-0.0473 wall_center_z=0.0504)
[t=  61.0s] probe pos = (-0.3283, -0.0499, +0.0544)   (gap_cx=-0.3303 gap_cy=-0.0473 wall_center_z=0.0504)
[t=  61.5s] probe pos = (-0.3283, -0.0499, +0.0544)   (gap_cx=-0.3303 gap_cy=-0.0473 wall_center_z=0.0504)
[t=  62.0s] probe pos = (-0.3283, -0.0499, +0.0544)   (gap_cx=-0.3303 gap_cy=-0.0473 wall_center_z=0.0504)
[t=  62.5s] probe pos = (-0.3283, -0.0499, +0.0544)   (gap_cx=-0.3303 gap_cy=-0.0473 wall_center_z=0.0504)
[t=  63.0s] probe pos = (-0.3283, -0.0499, +0.0544)   (gap_cx=-0.3303 gap_cy=-0.0473 wall_center_z=0.0504)
[t=  63.5s] probe pos = (-0.3283, -0.0499, +0.0544)   (gap_cx=-0.3303 gap_cy=-0.0473 wall_center_z=0.0504)
[t=  64.0s] probe pos = (-0.3283, -0.0499, +0.0544)   (gap_cx=-0.3303 gap_cy=-0.0473 wall_center_z=0.0504)
[t=  64.5s] probe pos = (-0.3283, -0.0499, +0.0544)   (gap_cx=-0.3303 gap_cy=-0.0473 wall_center_z=0.0504)
[t=  65.0s] probe pos = (-0.3283, -0.0499, +0.0544)   (gap_cx=-0.3303 gap_cy=-0.0473 wall_center_z=0.0504)
[t=  65.5s] probe pos = (-0.3283, -0.0499, +0.0544)   (gap_cx=-0.3303 gap_cy=-0.0473 wall_center_z=0.0504)
[t=  66.0s] probe pos = (-0.3283, -0.0499, +0.0544)   (gap_cx=-0.3303 gap_cy=-0.0473 wall_center_z=0.0504)
[t=  66.5s] probe pos = (-0.3283, -0.0499, +0.0544)   (gap_cx=-0.3303 gap_cy=-0.0473 wall_center_z=0.0504)
[t=  67.0s] probe pos = (-0.3283, -0.0499, +0.0544)   (gap_cx=-0.3303 gap_cy=-0.0473 wall_center_z=0.0504)
[t=  67.5s] probe pos = (-0.3283, -0.0499, +0.0544)   (gap_cx=-0.3303 gap_cy=-0.0473 wall_center_z=0.0504)
[t=  68.0s] probe pos = (-0.3283, -0.0499, +0.0544)   (gap_cx=-0.3303 gap_cy=-0.0473 wall_center_z=0.0504)
[t=  68.5s] probe pos = (-0.3283, -0.0499, +0.0544)   (gap_cx=-0.3303 gap_cy=-0.0473 wall_center_z=0.0504)
[t=  69.0s] probe pos = (-0.3283, -0.0499, +0.0544)   (gap_cx=-0.3303 gap_cy=-0.0473 wall_center_z=0.0504)
[t=  69.5s] probe pos = (-0.3283, -0.0499, +0.0544)   (gap_cx=-0.3303 gap_cy=-0.0473 wall_center_z=0.0504)
[t=  70.0s] probe pos = (-0.3283, -0.0499, +0.0544)   (gap_cx=-0.3303 gap_cy=-0.0473 wall_center_z=0.0504)
[t=  70.5s] probe pos = (-0.3283, -0.0499, +0.0544)   (gap_cx=-0.3303 gap_cy=-0.0473 wall_center_z=0.0504)
[t=  71.0s] probe pos = (-0.3283, -0.0499, +0.0544)   (gap_cx=-0.3303 gap_cy=-0.0473 wall_center_z=0.0504)
[t=  71.5s] probe pos = (-0.3283, -0.0499, +0.0544)   (gap_cx=-0.3303 gap_cy=-0.0473 wall_center_z=0.0504)
[t=  72.0s] probe pos = (-0.3283, -0.0499, +0.0544)   (gap_cx=-0.3303 gap_cy=-0.0473 wall_center_z=0.0504)
[t=  72.5s] probe pos = (-0.3283, -0.0499, +0.0544)   (gap_cx=-0.3303 gap_cy=-0.0473 wall_center_z=0.0504)
[t=  73.0s] probe pos = (-0.3283, -0.0499, +0.0544)   (gap_cx=-0.3303 gap_cy=-0.0473 wall_center_z=0.0504)
[t=  73.5s] probe pos = (-0.3283, -0.0499, +0.0544)   (gap_cx=-0.3303 gap_cy=-0.0473 wall_center_z=0.0504)
[t=  74.0s] probe pos = (-0.3283, -0.0499, +0.0544)   (gap_cx=-0.3303 gap_cy=-0.0473 wall_center_z=0.0504)
[t=  74.5s] probe pos = (-0.3283, -0.0499, +0.0544)   (gap_cx=-0.3303 gap_cy=-0.0473 wall_center_z=0.0504)
[t=  75.0s] probe pos = (-0.3283, -0.0499, +0.0544)   (gap_cx=-0.3303 gap_cy=-0.0473 wall_center_z=0.0504)
[t=  75.5s] probe pos = (-0.3283, -0.0499, +0.0544)   (gap_cx=-0.3303 gap_cy=-0.0473 wall_center_z=0.0504)
[t=  76.0s] probe pos = (-0.3283, -0.0499, +0.0544)   (gap_cx=-0.3303 gap_cy=-0.0473 wall_center_z=0.0504)
[t=  76.5s] probe pos = (-0.3283, -0.0499, +0.0544)   (gap_cx=-0.3303 gap_cy=-0.0473 wall_center_z=0.0504)
[t=  77.0s] probe pos = (-0.3283, -0.0499, +0.0544)   (gap_cx=-0.3303 gap_cy=-0.0473 wall_center_z=0.0504)
[t=  77.5s] probe pos = (-0.3283, -0.0499, +0.0544)   (gap_cx=-0.3303 gap_cy=-0.0473 wall_center_z=0.0504)
[t=  78.0s] probe pos = (-0.3283, -0.0499, +0.0544)   (gap_cx=-0.3303 gap_cy=-0.0473 wall_center_z=0.0504)
[t=  78.5s] probe pos = (-0.3283, -0.0499, +0.0544)   (gap_cx=-0.3303 gap_cy=-0.0473 wall_center_z=0.0504)
[t=  79.0s] probe pos = (-0.3283, -0.0499, +0.0544)   (gap_cx=-0.3303 gap_cy=-0.0473 wall_center_z=0.0504)
[t=  79.5s] probe pos = (-0.3283, -0.0499, +0.0544)   (gap_cx=-0.3303 gap_cy=-0.0473 wall_center_z=0.0504)
[t=  80.0s] probe pos = (-0.3283, -0.0499, +0.0544)   (gap_cx=-0.3303 gap_cy=-0.0473 wall_center_z=0.0504)
[t=  80.5s] probe pos = (-0.3283, -0.0499, +0.0544)   (gap_cx=-0.3303 gap_cy=-0.0473 wall_center_z=0.0504)
[t=  81.0s] probe pos = (-0.3283, -0.0499, +0.0544)   (gap_cx=-0.3303 gap_cy=-0.0473 wall_center_z=0.0504)
[t=  81.5s] probe pos = (-0.3283, -0.0499, +0.0544)   (gap_cx=-0.3303 gap_cy=-0.0473 wall_center_z=0.0504)
[t=  82.0s] probe pos = (-0.3283, -0.0499, +0.0544)   (gap_cx=-0.3303 gap_cy=-0.0473 wall_center_z=0.0504)
[t=  82.5s] probe pos = (-0.3283, -0.0499, +0.0544)   (gap_cx=-0.3303 gap_cy=-0.0473 wall_center_z=0.0504)
[t=  83.0s] probe pos = (-0.3283, -0.0499, +0.0544)   (gap_cx=-0.3303 gap_cy=-0.0473 wall_center_z=0.0504)
[t=  83.5s] probe pos = (-0.3283, -0.0499, +0.0544)   (gap_cx=-0.3303 gap_cy=-0.0473 wall_center_z=0.0504)
[t=  84.0s] probe pos = (-0.3283, -0.0499, +0.0544)   (gap_cx=-0.3303 gap_cy=-0.0473 wall_center_z=0.0504)
[t=  84.5s] probe pos = (-0.3283, -0.0499, +0.0544)   (gap_cx=-0.3303 gap_cy=-0.0473 wall_center_z=0.0504)
[t=  85.0s] probe pos = (-0.3283, -0.0499, +0.0544)   (gap_cx=-0.3303 gap_cy=-0.0473 wall_center_z=0.0504)
[t=  85.5s] probe pos = (-0.3283, -0.0499, +0.0544)   (gap_cx=-0.3303 gap_cy=-0.0473 wall_center_z=0.0504)
[t=  86.0s] probe pos = (-0.3283, -0.0499, +0.0544)   (gap_cx=-0.3303 gap_cy=-0.0473 wall_center_z=0.0504)
[t=  86.5s] probe pos = (-0.3283, -0.0499, +0.0544)   (gap_cx=-0.3303 gap_cy=-0.0473 wall_center_z=0.0504)
[t=  87.0s] probe pos = (-0.3283, -0.0499, +0.0544)   (gap_cx=-0.3303 gap_cy=-0.0473 wall_center_z=0.0504)
[t=  87.5s] probe pos = (-0.3283, -0.0499, +0.0544)   (gap_cx=-0.3303 gap_cy=-0.0473 wall_center_z=0.0504)
[t=  88.0s] probe pos = (-0.3283, -0.0499, +0.0544)   (gap_cx=-0.3303 gap_cy=-0.0473 wall_center_z=0.0504)
[t=  88.5s] probe pos = (-0.3283, -0.0499, +0.0544)   (gap_cx=-0.3303 gap_cy=-0.0473 wall_center_z=0.0504)
[t=  89.0s] probe pos = (-0.3283, -0.0499, +0.0544)   (gap_cx=-0.3303 gap_cy=-0.0473 wall_center_z=0.0504)
[t=  89.5s] probe pos = (-0.3283, -0.0499, +0.0544)   (gap_cx=-0.3303 gap_cy=-0.0473 wall_center_z=0.0504)
[t=  90.0s] probe pos = (-0.3283, -0.0499, +0.0544)   (gap_cx=-0.3303 gap_cy=-0.0473 wall_center_z=0.0504)
[t=  90.5s] probe pos = (-0.3283, -0.0499, +0.0544)   (gap_cx=-0.3303 gap_cy=-0.0473 wall_center_z=0.0504)
[t=  91.0s] probe pos = (-0.3283, -0.0499, +0.0544)   (gap_cx=-0.3303 gap_cy=-0.0473 wall_center_z=0.0504)
[t=  91.5s] probe pos = (-0.3283, -0.0499, +0.0544)   (gap_cx=-0.3303 gap_cy=-0.0473 wall_center_z=0.0504)
[t=  92.0s] probe pos = (-0.3283, -0.0499, +0.0544)   (gap_cx=-0.3303 gap_cy=-0.0473 wall_center_z=0.0504)
[t=  92.5s] probe pos = (-0.3283, -0.0499, +0.0544)   (gap_cx=-0.3303 gap_cy=-0.0473 wall_center_z=0.0504)
[t=  93.0s] probe pos = (-0.3283, -0.0499, +0.0544)   (gap_cx=-0.3303 gap_cy=-0.0473 wall_center_z=0.0504)
[t=  93.5s] probe pos = (-0.3283, -0.0499, +0.0544)   (gap_cx=-0.3303 gap_cy=-0.0473 wall_center_z=0.0504)
[t=  94.0s] probe pos = (-0.3283, -0.0499, +0.0544)   (gap_cx=-0.3303 gap_cy=-0.0473 wall_center_z=0.0504)
[t=  94.5s] probe pos = (-0.3283, -0.0499, +0.0544)   (gap_cx=-0.3303 gap_cy=-0.0473 wall_center_z=0.0504)
[t=  95.0s] probe pos = (-0.3283, -0.0499, +0.0544)   (gap_cx=-0.3303 gap_cy=-0.0473 wall_center_z=0.0504)
[t=  95.5s] probe pos = (-0.3283, -0.0499, +0.0544)   (gap_cx=-0.3303 gap_cy=-0.0473 wall_center_z=0.0504)
[t=  96.0s] probe pos = (-0.3283, -0.0499, +0.0544)   (gap_cx=-0.3303 gap_cy=-0.0473 wall_center_z=0.0504)
[t=  96.5s] probe pos = (-0.3283, -0.0499, +0.0544)   (gap_cx=-0.3303 gap_cy=-0.0473 wall_center_z=0.0504)
[t=  97.0s] probe pos = (-0.3283, -0.0499, +0.0544)   (gap_cx=-0.3303 gap_cy=-0.0473 wall_center_z=0.0504)
[t=  97.5s] probe pos = (-0.3283, -0.0499, +0.0544)   (gap_cx=-0.3303 gap_cy=-0.0473 wall_center_z=0.0504)
[t=  98.0s] probe pos = (-0.3283, -0.0499, +0.0544)   (gap_cx=-0.3303 gap_cy=-0.0473 wall_center_z=0.0504)
[t=  98.5s] probe pos = (-0.3283, -0.0499, +0.0544)   (gap_cx=-0.3303 gap_cy=-0.0473 wall_center_z=0.0504)
[t=  99.0s] probe pos = (-0.3283, -0.0499, +0.0544)   (gap_cx=-0.3303 gap_cy=-0.0473 wall_center_z=0.0504)
[t=  99.5s] probe pos = (-0.3283, -0.0499, +0.0544)   (gap_cx=-0.3303 gap_cy=-0.0473 wall_center_z=0.0504)
[t= 100.0s] probe pos = (-0.3283, -0.0499, +0.0544)   (gap_cx=-0.3303 gap_cy=-0.0473 wall_center_z=0.0504)
[t= 100.5s] probe pos = (-0.3360, -0.0498, +0.0545)   (gap_cx=-0.3303 gap_cy=-0.0473 wall_center_z=0.0504)
[t= 101.0s] probe pos = (-0.3361, -0.0498, +0.0545)   (gap_cx=-0.3303 gap_cy=-0.0473 wall_center_z=0.0504)
[t= 101.5s] probe pos = (-0.3363, -0.0499, +0.0545)   (gap_cx=-0.3303 gap_cy=-0.0473 wall_center_z=0.0504)
[t= 102.0s] probe pos = (-0.3363, -0.0500, +0.0545)   (gap_cx=-0.3303 gap_cy=-0.0473 wall_center_z=0.0504)
[t= 102.5s] probe pos = (-0.3362, -0.0501, +0.0545)   (gap_cx=-0.3303 gap_cy=-0.0473 wall_center_z=0.0504)
[t= 103.0s] probe pos = (-0.3357, -0.0503, +0.0545)   (gap_cx=-0.3303 gap_cy=-0.0473 wall_center_z=0.0504)
[t= 103.5s] probe pos = (-0.3362, -0.0504, +0.0545)   (gap_cx=-0.3303 gap_cy=-0.0473 wall_center_z=0.0504)
[t= 104.0s] probe pos = (-0.3362, -0.0505, +0.0545)   (gap_cx=-0.3303 gap_cy=-0.0473 wall_center_z=0.0504)
[t= 104.5s] probe pos = (-0.3360, -0.0507, +0.0545)   (gap_cx=-0.3303 gap_cy=-0.0473 wall_center_z=0.0504)
[t= 105.0s] probe pos = (-0.3362, -0.0508, +0.0545)   (gap_cx=-0.3303 gap_cy=-0.0473 wall_center_z=0.0504)
[t= 105.5s] probe pos = (-0.3360, -0.0509, +0.0545)   (gap_cx=-0.3303 gap_cy=-0.0473 wall_center_z=0.0504)
[t= 106.0s] probe pos = (-0.3360, -0.0510, +0.0545)   (gap_cx=-0.3303 gap_cy=-0.0473 wall_center_z=0.0504)
[t= 106.5s] probe pos = (-0.3361, -0.0512, +0.0545)   (gap_cx=-0.3303 gap_cy=-0.0473 wall_center_z=0.0504)
[t= 107.0s] probe pos = (-0.3360, -0.0513, +0.0545)   (gap_cx=-0.3303 gap_cy=-0.0473 wall_center_z=0.0504)
[t= 107.5s] probe pos = (-0.3356, -0.0515, +0.0545)   (gap_cx=-0.3303 gap_cy=-0.0473 wall_center_z=0.0504)
[t= 108.0s] probe pos = (-0.3361, -0.0516, +0.0545)   (gap_cx=-0.3303 gap_cy=-0.0473 wall_center_z=0.0504)
[t= 108.5s] probe pos = (-0.3356, -0.0518, +0.0545)   (gap_cx=-0.3303 gap_cy=-0.0473 wall_center_z=0.0504)
[t= 109.0s] probe pos = (-0.3361, -0.0521, +0.0545)   (gap_cx=-0.3303 gap_cy=-0.0473 wall_center_z=0.0504)
[t= 109.5s] probe pos = (-0.3361, -0.0523, +0.0545)   (gap_cx=-0.3303 gap_cy=-0.0473 wall_center_z=0.0504)
[t= 110.0s] probe pos = (-0.3359, -0.0526, +0.0545)   (gap_cx=-0.3303 gap_cy=-0.0473 wall_center_z=0.0504)
[t= 110.5s] probe pos = (-0.3356, -0.0529, +0.0545)   (gap_cx=-0.3303 gap_cy=-0.0473 wall_center_z=0.0504)
[t= 111.0s] probe pos = (-0.3361, -0.0532, +0.0545)   (gap_cx=-0.3303 gap_cy=-0.0473 wall_center_z=0.0504)
[t= 111.5s] probe pos = (-0.3359, -0.0535, +0.0545)   (gap_cx=-0.3303 gap_cy=-0.0473 wall_center_z=0.0504)
[t= 112.0s] probe pos = (-0.3360, -0.0539, +0.0545)   (gap_cx=-0.3303 gap_cy=-0.0473 wall_center_z=0.0504)
[t= 112.5s] probe pos = (-0.3355, -0.0542, +0.0545)   (gap_cx=-0.3303 gap_cy=-0.0473 wall_center_z=0.0504)
[t= 113.0s] probe pos = (-0.3358, -0.0546, +0.0545)   (gap_cx=-0.3303 gap_cy=-0.0473 wall_center_z=0.0504)
[t= 113.5s] probe pos = (-0.3358, -0.0550, +0.0545)   (gap_cx=-0.3303 gap_cy=-0.0473 wall_center_z=0.0504)
[t= 114.0s] probe pos = (-0.3354, -0.0553, +0.0545)   (gap_cx=-0.3303 gap_cy=-0.0473 wall_center_z=0.0504)
[t= 114.5s] probe pos = (-0.3358, -0.0555, +0.0545)   (gap_cx=-0.3303 gap_cy=-0.0473 wall_center_z=0.0504)
[t= 115.0s] probe pos = (-0.3355, -0.0556, +0.0545)   (gap_cx=-0.3303 gap_cy=-0.0473 wall_center_z=0.0504)
[t= 115.5s] probe pos = (-0.3357, -0.0558, +0.0545)   (gap_cx=-0.3303 gap_cy=-0.0473 wall_center_z=0.0504)
[t= 116.0s] probe pos = (-0.3354, -0.0559, +0.0545)   (gap_cx=-0.3303 gap_cy=-0.0473 wall_center_z=0.0504)
[t= 116.5s] probe pos = (-0.3357, -0.0561, +0.0545)   (gap_cx=-0.3303 gap_cy=-0.0473 wall_center_z=0.0504)
[t= 117.0s] probe pos = (-0.3359, -0.0562, +0.0545)   (gap_cx=-0.3303 gap_cy=-0.0473 wall_center_z=0.0504)
[t= 117.5s] probe pos = (-0.3358, -0.0564, +0.0545)   (gap_cx=-0.3303 gap_cy=-0.0473 wall_center_z=0.0504)
[t= 118.0s] probe pos = (-0.3355, -0.0565, +0.0545)   (gap_cx=-0.3303 gap_cy=-0.0473 wall_center_z=0.0504)
[t= 118.5s] probe pos = (-0.3358, -0.0567, +0.0545)   (gap_cx=-0.3303 gap_cy=-0.0473 wall_center_z=0.0504)
[t= 119.0s] probe pos = (-0.3354, -0.0568, +0.0545)   (gap_cx=-0.3303 gap_cy=-0.0473 wall_center_z=0.0504)
[t= 119.5s] probe pos = (-0.3358, -0.0570, +0.0545)   (gap_cx=-0.3303 gap_cy=-0.0473 wall_center_z=0.0504)
[t= 120.0s] probe pos = (-0.3357, -0.0571, +0.0545)   (gap_cx=-0.3303 gap_cy=-0.0473 wall_center_z=0.0504)
[t= 120.5s] probe pos = (-0.3357, -0.0573, +0.0545)   (gap_cx=-0.3303 gap_cy=-0.0473 wall_center_z=0.0504)
[t= 121.0s] probe pos = (-0.3357, -0.0574, +0.0545)   (gap_cx=-0.3303 gap_cy=-0.0473 wall_center_z=0.0504)
[t= 121.5s] probe pos = (-0.3357, -0.0576, +0.0545)   (gap_cx=-0.3303 gap_cy=-0.0473 wall_center_z=0.0504)
[t= 122.0s] probe pos = (-0.3357, -0.0578, +0.0545)   (gap_cx=-0.3303 gap_cy=-0.0473 wall_center_z=0.0504)
[t= 122.5s] probe pos = (-0.3357, -0.0579, +0.0545)   (gap_cx=-0.3303 gap_cy=-0.0473 wall_center_z=0.0504)
[t= 123.0s] probe pos = (-0.3358, -0.0581, +0.0545)   (gap_cx=-0.3303 gap_cy=-0.0473 wall_center_z=0.0504)
[t= 123.5s] probe pos = (-0.3357, -0.0582, +0.0545)   (gap_cx=-0.3303 gap_cy=-0.0473 wall_center_z=0.0504)
[t= 124.0s] probe pos = (-0.3356, -0.0584, +0.0545)   (gap_cx=-0.3303 gap_cy=-0.0473 wall_center_z=0.0504)
[t= 124.5s] probe pos = (-0.3357, -0.0585, +0.0545)   (gap_cx=-0.3303 gap_cy=-0.0473 wall_center_z=0.0504)
[t= 125.0s] probe pos = (-0.3358, -0.0587, +0.0545)   (gap_cx=-0.3303 gap_cy=-0.0473 wall_center_z=0.0504)
[t= 125.5s] probe pos = (-0.3354, -0.0589, +0.0545)   (gap_cx=-0.3303 gap_cy=-0.0473 wall_center_z=0.0504)
[t= 126.0s] probe pos = (-0.3354, -0.0590, +0.0545)   (gap_cx=-0.3303 gap_cy=-0.0473 wall_center_z=0.0504)
[t= 126.5s] probe pos = (-0.3357, -0.0592, +0.0545)   (gap_cx=-0.3303 gap_cy=-0.0473 wall_center_z=0.0504)
[t= 127.0s] probe pos = (-0.3356, -0.0593, +0.0545)   (gap_cx=-0.3303 gap_cy=-0.0473 wall_center_z=0.0504)
[t= 127.5s] probe pos = (-0.3354, -0.0595, +0.0545)   (gap_cx=-0.3303 gap_cy=-0.0473 wall_center_z=0.0504)
[t= 128.0s] probe pos = (-0.3356, -0.0596, +0.0545)   (gap_cx=-0.3303 gap_cy=-0.0473 wall_center_z=0.0504)
[t= 128.5s] probe pos = (-0.3357, -0.0598, +0.0545)   (gap_cx=-0.3303 gap_cy=-0.0473 wall_center_z=0.0504)
Traceback (most recent call last):
  File "C:\Crusher_isaacsim\Crusher_Genesis\Crusher_M0609_RG2_Tablet_Samplebag\interactive_probe.py", line 102, in <module>
    scene.step()
    ~~~~~~~~~~^^
  File "C:\Users\simuser\miniconda3\envs\crusher_genesis\Lib\site-packages\genesis\utils\misc.py", line 142, in wrapper
    return method(self, *args, **kwargs)
  File "C:\Users\simuser\miniconda3\envs\crusher_genesis\Lib\site-packages\genesis\engine\scene.py", line 1048, in step
    self._visualizer.update(force=not advance, auto=refresh_visualizer)
    ~~~~~~~~~~~~~~~~~~~~~~~^^^^^^^^^^^^^^^^^^^^^^^^^^^^^^^^^^^^^^^^^^^^
  File "C:\Users\simuser\miniconda3\envs\crusher_genesis\Lib\site-packages\genesis\vis\visualizer.py", line 202, in update
    self._viewer.update(auto_refresh=auto, force=force)
    ~~~~~~~~~~~~~~~~~~~^^^^^^^^^^^^^^^^^^^^^^^^^^^^^^^^
  File "C:\Users\simuser\miniconda3\envs\crusher_genesis\Lib\site-packages\genesis\vis\viewer.py", line 184, in update
    gs.raise_exception("Viewer closed.")
    ~~~~~~~~~~~~~~~~~~^^^^^^^^^^^^^^^^^^
  File "C:\Users\simuser\miniconda3\envs\crusher_genesis\Lib\site-packages\genesis\utils\misc.py", line 35, in raise_exception
    raise gs.GenesisException(msg)
genesis.GenesisException: Viewer closed.

[38;5;9m[Genesis] [16:14:39] [ERROR] GenesisException: Viewer closed.[0m
