============================================================
 Full workflow: tablet drop -> bag catch -> grasp -> lift -> Crusher slot insert (viewer=False)
============================================================
[fem_ipc_workarounds] FEMEntity.set_vertex_constraints 패치 완료 (IPC 커플러 버그 우회)
[38;5;226m[Genesis] [15:14:06] [WARNING] At least one of the meshes contain many faces (27466). Consider setting 'morph.decimate=True' to speed up collision detection and improve numerical stability.[0m

[build] scene.build() 시작...
[38;5;226m[Genesis] [15:14:06] [WARNING] Link 'L4_Motor2_Shaft_1' has dubious center of mass [x=0.000, y=-0.037, z=0.015] compared to the bounding box from geometry [x=(-0.018, 0.018), y=(-0.018, 0.018), z=(-0.000, 0.077)].[0m
[38;5;226m[Genesis] [15:14:06] [WARNING] Link 'Shaft_copy_1' has dubious center of mass [x=0.000, y=-0.015, z=0.003] compared to the bounding box from geometry [x=(-0.053, -0.009), y=(-0.015, 0.029), z=(-0.013, 0.026)].[0m
[38;5;226m[Genesis] [15:14:06] [WARNING] Link 'Shaft_copy_1' has dubious mass 0.095 compared to the estimate from geometry 0.001 given material density 1500.[0m
[38;5;226m[Genesis] [15:14:06] [WARNING] Link 'Shaft_copy_1' has dubious inertia [ixx=2.607e-05,iyy=1.928e-05,izz=1.271e-05] compared to the estimate from geometry [ixx=1.278e-05,iyy=1.809e-07,izz=1.278e-05] given material density 1500.000.[0m
[38;5;226m[Genesis] [15:14:07] [WARNING] Link 'M_Bottom_1' has dubious center of mass [x=0.019, y=0.081, z=0.045] compared to the bounding box from geometry [x=(0.057, 0.168), y=(-0.028, 0.093), z=(-0.093, 0.055)].[0m
[38;5;226m[Genesis] [15:14:07] [WARNING] Link 'link_2' has dubious center of mass [x=0.000, y=0.000, z=0.000] compared to the bounding box from geometry [x=(-0.068, 0.479), y=(-0.069, 0.069), z=(0.082, 0.274)].[0m
[38;5;226m[Genesis] [15:14:08] [WARNING] Constraint solver time constant should be greater than 2*substep_dt. timeconst is changed from `0.0002` to `0.01`). Decrease simulation timestep or increase timeconst to avoid altering the original value.[0m
C:\Users\simuser\miniconda3\envs\crusher_genesis\Lib\site-packages\quadrants\_test_tools\warnings_helper.py:11: UserWarning: cannot create weak reference to 'tuple' object. Template mapper caching disabled.
  warnings.warn(message)
C:\Users\simuser\miniconda3\envs\crusher_genesis\Lib\site-packages\quadrants\lang\ast\ast_transformers\call_transformer.py:245: DeprecationWarning: keyword.__init__ got an unexpected keyword argument 'ctx'. Support for arbitrary keyword arguments is deprecated and will be removed in Python 3.15.
  kwarg_node = ast.keyword(
[build] 성공
[bag] shape 고정: 339/771 정점(바닥+양측면), 입구는 자유
[slot] gap_cx=-0.3303 gap_cy=-0.0473 gap_width=12.0mm wall_top_z=0.0864
[slot] pocket(L1_Wall1_1) center=(-0.3683,-0.0853)
[bag] grip_strip verts near FINGER_MID: 91

[phase] 0 prep (1.0s) — 크랭크 0->-3.142rad(-180deg), Left_Wall 0->+6mm(개방)
[phase] prep     @done  crank=-3.000rad  wall=+5.43mm
    [drop k=   0] tablet_z=+408.47mm bag_com=[-0.12656546 -0.6167688   0.39853114]
    [drop k=  40] tablet_z=+406.10mm bag_com=[-0.12656671 -0.61676866  0.39853114]
    [drop k=  80] tablet_z=+402.57mm bag_com=[-0.12656619 -0.61676854  0.39853114]
    [drop k= 120] tablet_z=+392.22mm bag_com=[-0.12656558 -0.6167687   0.3985311 ]
[phase] drop     @done  bag_com=[-0.12656769 -0.61676913  0.39853108]  finger_z=0.4378  tablet_z=+383.83mm
[phase] settle   @done  bag_com=[-0.12656556 -0.61676913  0.39853114]  finger_z=0.4378  tablet_z=+375.98mm
[bag] shape 고정 해제 — 이제부터 순수 마찰 파지
[phase] close    @done  bag_com=[-0.12719303 -0.6173844   0.39797527]  finger_z=0.4361  tablet_z=+373.81mm
[phase] grasp    @done  bag_com=[-0.13214861 -0.61833394  0.3980362 ]  finger_z=0.4361  tablet_z=+369.52mm
[phase] lift     @done  bag_com=[-0.12915242 -0.61912596  0.52364117]  finger_z=0.5620  tablet_z=+482.84mm
[phase] hold     @done  bag_com=[-0.12964927 -0.61948     0.52374434]  finger_z=0.5620  tablet_z=+482.98mm
[slot] wall_center_z=0.0504  insert_z(finger)=0.1024  margin=52mm
[sweep] Y_OFFSET_MM=+0.0mm -> target_xy=[-0.33027777 -0.04730234]  (gap_cy=-0.0473)
[cam] side view 고정: pos=(np.float64(-0.3302777709960938), np.float64(-0.597302336215973), np.float64(0.168431227684021)) look=(np.float64(-0.3302777709960938), np.float64(-0.047302336215972886), np.float64(0.168431227684021)) (gap_width=12.0mm, z범위 above=0.2864~insert=0.1024)

[ik] above-slot target=[-0.33027777 -0.04730234  0.28643123]  arm_q=[1.5608536e+00 7.1454412e-01 4.1806084e-01 9.3756523e-04 2.0089157e+00
 1.5614934e+00]
    [above k=   0] tablet_z=+482.65mm bag_com=[-0.1293219  -0.6190168   0.52339906]
    [above k=  40] tablet_z=+469.01mm bag_com=[-0.08539367 -0.57946664  0.5081983 ]
    [above k=  80] tablet_z=+458.29mm bag_com=[-0.05126647 -0.5274701   0.4897401 ]
    [above k= 120] tablet_z=+445.90mm bag_com=[-0.02842611 -0.46472842  0.4683679 ]
    [above k= 160] tablet_z=+425.69mm bag_com=[-0.01899476 -0.3941854   0.44454053]
    [above k= 200] tablet_z=+398.30mm bag_com=[-0.03213679 -0.31983244  0.41764504]
    [above k= 240] tablet_z=+368.24mm bag_com=[-0.05821807 -0.24526109  0.388277  ]
    [above k= 280] tablet_z=+335.30mm bag_com=[-0.10171612 -0.17456447  0.3565378 ]
    [above k= 320] tablet_z=+302.24mm bag_com=[-0.1541301  -0.11271843  0.324599  ]
    [above k= 360] tablet_z=+259.60mm bag_com=[-0.24676278 -0.06032507  0.2857069 ]
[phase] above    @done  bag_com=[-0.321793   -0.02386362  0.24935447]  finger_z=0.2863  tablet_z=+222.06mm
[ik] insert target=[-0.33027777 -0.04730234  0.10243123]  arm_q=[1.5610206e+00 6.1842024e-01 1.0948898e+00 4.4102551e-04 1.4280714e+00
 1.5607538e+00]
    [insert k=   0] tablet_z=+220.89mm bag_com=[-0.32362434 -0.02357864  0.2484303 ]
    [insert k=  40] tablet_z=+200.14mm bag_com=[-0.33084235 -0.01771929  0.23097487]
    [insert k=  80] tablet_z=+183.20mm bag_com=[-0.33127216 -0.01346555  0.21350072]
    [insert k= 120] tablet_z=+169.29mm bag_com=[-0.33181465 -0.0102402   0.19577293]
    [insert k= 160] tablet_z=+154.79mm bag_com=[-0.33133885 -0.00837788  0.17741738]
    [insert k= 200] tablet_z=+139.44mm bag_com=[-0.33201596 -0.00772268  0.1589802 ]
    [insert k= 240] tablet_z=+123.07mm bag_com=[-0.33143476 -0.00837974  0.14008592]
    [insert k= 280] tablet_z=+113.46mm bag_com=[-0.32902393 -0.00897962  0.12544279]
    [insert k= 320] tablet_z=+108.77mm bag_com=[-0.32882068 -0.01246891  0.11141556]
    [insert k= 360] tablet_z=+103.69mm bag_com=[-0.3285158  -0.01693177  0.09954997]
[phase] insert   @done  bag_com=[-0.32784837 -0.02228595  0.09106748]  finger_z=0.1025  tablet_z=+99.27mm
[phase] settle2  @done  bag_com=[-0.3299959  -0.02172204  0.09217959]  finger_z=0.1043  tablet_z=+97.70mm

[phase] 9 clamp (2.0s) — Left_Wall +6.0mm -> -5.0mm (실링부 압착)
[phase] clamp    @done  wall=+3.10mm  bag_com=[-0.33062023 -0.02108896  0.09378752]
    [release k=   0] tablet_z=+97.66mm bag_com=[-0.33061975 -0.02108595  0.09378957]
    [release k=  40] tablet_z=+97.19mm bag_com=[-0.33089024 -0.02115292  0.09412294]
    [release k=  80] tablet_z=+93.93mm bag_com=[-0.33443862 -0.02339018  0.0983159 ]
[phase] release  @done  bag_com=[-0.29886904 -0.01781044  0.11674776]  finger_z=0.1039  tablet_z=+85.07mm

[RESULT] Y_OFFSET_MM=+0.0mm  verdict=PASS  (삽입 성공, 걸림/붕괴 없음)
[RESULT] final_bottom_z=0.0764  wall_center_z=0.0504  width_y=58.7mm(baseline 64.1mm)  height_z=80.5mm(baseline 91.2mm)

[saved] overview -> C:\Crusher_isaacsim\Crusher_Genesis\Crusher_M0609_RG2_Tablet_Samplebag\RESULT\full_workflow_yoff+0.0mm_20260729_151359_overview.mp4
[saved] bagcam   -> C:\Crusher_isaacsim\Crusher_Genesis\Crusher_M0609_RG2_Tablet_Samplebag\RESULT\full_workflow_yoff+0.0mm_20260729_151359_bagcam.mp4
[saved] sideview -> C:\Crusher_isaacsim\Crusher_Genesis\Crusher_M0609_RG2_Tablet_Samplebag\RESULT\full_workflow_yoff+0.0mm_20260729_151359_sideview.mp4
완료.
