C:\Users\simuser\miniconda3\envs\crusher_genesis\Lib\site-packages\quadrants\_test_tools\warnings_helper.py:11: UserWarning: cannot create weak reference to 'tuple' object. Template mapper caching disabled.
  warnings.warn(message)
============================================================
 FEM Tablet(2x) drop with suction-cup single-point bag pull (viewer=True)
============================================================
[fem_ipc_workarounds] FEMEntity.set_vertex_constraints 패치 완료 (IPC 커플러 버그 우회)

[build] scene.build() 시작...
[build] 성공
[bag] 형태 고정(바닥+양측면): 547/771 정점, 계속 유지
[bag] 석션 지점: 1개 정점, pos=[[ 0.     -0.0039  0.1059]]

[phase] open (100steps) — 석션 지점 1개를 -y 8mm / +z 4mm
    k=  25 s=0.25 suction_pos=[ 0.     -0.0059  0.1069]
    k=  50 s=0.50 suction_pos=[ 0.     -0.0079  0.1079]
    k=  75 s=0.75 suction_pos=[ 0.     -0.0099  0.1089]
    k= 100 s=1.00 suction_pos=[ 0.     -0.0119  0.1099]
[phase] hold_open (30steps)
[phase] drop (200steps) — 정제 구속 해제, 자유낙하
    k=  40 tablet_com_z=+25.22mm  bag_com=[ 0.0001 -0.0011  0.0585]
    k=  80 tablet_com_z=+24.15mm  bag_com=[ 0.0001 -0.0006  0.0585]
    k= 120 tablet_com_z=+23.52mm  bag_com=[ 0.0001 -0.0005  0.0585]
    k= 160 tablet_com_z=+23.16mm  bag_com=[ 0.0001 -0.0009  0.0585]
    k= 200 tablet_com_z=+22.86mm  bag_com=[ 0.0001 -0.0007  0.0585]
[phase] settle (150steps) — 석션 지점만 해제(형태 고정은 유지)
    k=  40 tablet_com_z=+22.58mm  bag_com=[ 0.0001 -0.0006  0.0584]
    k=  80 tablet_com_z=+22.35mm  bag_com=[ 0.0001 -0.0006  0.0584]
    k= 120 tablet_com_z=+22.14mm  bag_com=[ 0.0001 -0.0007  0.0585]

[final] tablet_com=[-0.0037 -0.0006  0.022 ]  bag_com=[ 0.0001 -0.0005  0.0584]
[check] 정제가 봉투 입구 아래로 내려감: True

[saved] C:\Crusher_isaacsim\Crusher_Genesis\FEM\Result\fem_tablet_bag_suction_20260721_171914.mp4
[saved closeup] C:\Crusher_isaacsim\Crusher_Genesis\FEM\Result\fem_tablet_bag_suction_20260721_171914_closeup.mp4
완료.
