============================================================
 Tablet(FEM sliver-free) drop -> Bag(FEM) catch -> M0609+RG2(mimic+CoACD) grasp/lift (viewer=False)
============================================================
[38;5;226m[Genesis] [10:28:36] [WARNING] At least one of the meshes contain many faces (27466). Consider setting 'morph.decimate=True' to speed up collision detection and improve numerical stability.[0m
[tablet] capsule verts=137 tets=288 (sliver-free medial-axis, TetGen 미사용)
[38;5;226m[Genesis] [10:28:36] [WARNING] Link 'link_2' has dubious center of mass [x=0.000, y=0.000, z=0.000] compared to the bounding box from geometry [x=(-0.068, 0.479), y=(-0.069, 0.069), z=(0.082, 0.274)].[0m
C:\Users\simuser\miniconda3\envs\crusher_genesis\Lib\site-packages\quadrants\_test_tools\warnings_helper.py:11: UserWarning: cannot create weak reference to 'tuple' object. Template mapper caching disabled.
  warnings.warn(message)
[bag]    verts=(771, 3)  x=0.1997~0.2637  y=0.0023~0.0083  z=0.3888~0.4788
[bag]    grip_strip verts near FINGER_MID: 103
[tablet] verts=(137, 3)  z0_mean=492.97mm  bag_mouth_z=477.97mm
    [drop k=   0] tablet_z=+492.73mm
    [drop k=  20] tablet_z=+477.67mm
    [drop k=  40] tablet_z=+470.24mm
    [drop k=  60] tablet_z=+462.17mm
    [drop k=  80] tablet_z=+455.53mm
    [drop k= 100] tablet_z=+452.26mm
    [drop k= 120] tablet_z=+447.31mm
    [drop k= 140] tablet_z=+443.76mm
[phase] drop     @done  bag_com=(0.232,0.006,0.432)  grip_com_z=0.4321  finger_z=0.4377  tablet_z=+440.54mm
[phase] settle   @done  bag_com=(0.232,0.008,0.431)  grip_com_z=0.4320  finger_z=0.4377  tablet_z=+434.52mm
[phase] close    @done  bag_com=(0.231,0.007,0.431)  grip_com_z=0.4318  finger_z=0.4360  tablet_z=+433.71mm
[phase] grasp    @done  bag_com=(0.231,0.006,0.431)  grip_com_z=0.4318  finger_z=0.4360  tablet_z=+426.57mm
[phase] lift     @done  bag_com=(0.228,0.015,0.556)  grip_com_z=0.5577  finger_z=0.5621  tablet_z=+518.95mm
[phase] hold     @done  bag_com=(0.227,0.015,0.556)  grip_com_z=0.5577  finger_z=0.5621  tablet_z=+516.17mm

[check] finger Δz=+126.1mm  bag grip Δz=+125.9mm  tablet Δz=+89.6mm
[check] 봉투 파지: OK  /  정제 동반 상승: OK

[saved video] C:\Crusher_isaacsim\Crusher_Genesis\M0609_RG2_Tablet_Samplebag\RESULT\tablet_bag_grasp_20260715_102831.mp4
[done] phase PNGs -> RESULT/tablet_bag_grasp_<phase>.png
