============================================================
 Full workflow: tablet drop -> bag catch -> grasp -> lift -> Crusher slot insert (viewer=False)
============================================================
[mjcf] Left_Wall 반사 관성 armature=100.0kg (링크 질량 0.312kg + 랙/피니언/감속기/로터). 100N -> 1.0 m/s^2, kv 안정 한계 40125
[mjcf] Left_Wall 형상 교체: 옛 geom 12개(시각 1 + hull 11) -> 본체 hull 5개 + 플랜지 1개 + 시각 1개. 플랜지 = 충돌+시각. 중립 간격 플랜지 12.50mm / 본체 17.50mm
[fem_ipc_workarounds] FEMEntity.set_vertex_constraints 패치 완료 (IPC 커플러 버그 우회)
[38;5;226m[Genesis] [18:30:22] [WARNING] At least one of the meshes contain many faces (15432). Consider setting 'morph.decimate=True' to speed up collision detection and improve numerical stability.[0m
[38;5;226m[Genesis] [18:30:22] [WARNING] At least one of the meshes contain many faces (15762). Consider setting 'morph.decimate=True' to speed up collision detection and improve numerical stability.[0m
[38;5;226m[Genesis] [18:30:22] [WARNING] Mesh is not watertight. Falling back to convex hull for estimating inertial properties.[0m
[38;5;226m[Genesis] [18:30:22] [WARNING] Mesh is not watertight. Falling back to convex hull for estimating inertial properties.[0m
[38;5;226m[Genesis] [18:30:22] [WARNING] At least one of the meshes contain many faces (12522). Consider setting 'morph.decimate=True' to speed up collision detection and improve numerical stability.[0m
[38;5;226m[Genesis] [18:30:23] [WARNING] Mesh is not watertight. Falling back to convex hull for estimating inertial properties.[0m
[38;5;226m[Genesis] [18:30:23] [WARNING] Mesh is not watertight. Falling back to convex hull for estimating inertial properties.[0m
[38;5;226m[Genesis] [18:30:23] [WARNING] Mesh is not watertight. Falling back to convex hull for estimating inertial properties.[0m
[38;5;226m[Genesis] [18:30:23] [WARNING] Mesh is not watertight. Falling back to convex hull for estimating inertial properties.[0m
[38;5;226m[Genesis] [18:30:23] [WARNING] Mesh is not watertight. Falling back to convex hull for estimating inertial properties.[0m
[38;5;226m[Genesis] [18:30:23] [WARNING] Mesh is not watertight. Falling back to convex hull for estimating inertial properties.[0m
[38;5;226m[Genesis] [18:30:23] [WARNING] Mesh is not watertight. Falling back to convex hull for estimating inertial properties.[0m
[38;5;226m[Genesis] [18:30:23] [WARNING] Mesh is not watertight. Falling back to convex hull for estimating inertial properties.[0m
[38;5;226m[Genesis] [18:30:23] [WARNING] Mesh is not watertight. Falling back to convex hull for estimating inertial properties.[0m
[38;5;226m[Genesis] [18:30:23] [WARNING] Mesh is not watertight. Falling back to convex hull for estimating inertial properties.[0m
[38;5;226m[Genesis] [18:30:23] [WARNING] Mesh is not watertight. Falling back to convex hull for estimating inertial properties.[0m
[38;5;226m[Genesis] [18:30:23] [WARNING] Mesh is not watertight. Falling back to convex hull for estimating inertial properties.[0m
[38;5;226m[Genesis] [18:30:23] [WARNING] Mesh is not watertight. Falling back to convex hull for estimating inertial properties.[0m
[38;5;226m[Genesis] [18:30:23] [WARNING] Mesh is not watertight. Falling back to convex hull for estimating inertial properties.[0m
[38;5;226m[Genesis] [18:30:23] [WARNING] Mesh is not watertight. Falling back to convex hull for estimating inertial properties.[0m
[38;5;226m[Genesis] [18:30:23] [WARNING] At least one of the meshes contain many faces (27466). Consider setting 'morph.decimate=True' to speed up collision detection and improve numerical stability.[0m
[38;5;226m[Genesis] [18:30:23] [WARNING] Mesh is not watertight. Falling back to convex hull for estimating inertial properties.[0m
[38;5;226m[Genesis] [18:30:23] [WARNING] Mesh is not watertight. Falling back to convex hull for estimating inertial properties.[0m
[38;5;226m[Genesis] [18:30:23] [WARNING] Mesh is not watertight. Falling back to convex hull for estimating inertial properties.[0m
[38;5;226m[Genesis] [18:30:23] [WARNING] Mesh is not watertight. Falling back to convex hull for estimating inertial properties.[0m
[38;5;226m[Genesis] [18:30:23] [WARNING] Mesh is not watertight. Falling back to convex hull for estimating inertial properties.[0m

[build] scene.build() 시작...
[38;5;226m[Genesis] [18:30:24] [WARNING] Link 'L4_Motor2_Shaft_1' has dubious center of mass [x=0.000, y=-0.037, z=0.015] compared to the bounding box from geometry [x=(-0.018, 0.018), y=(-0.018, 0.018), z=(-0.000, 0.077)].[0m
[38;5;226m[Genesis] [18:30:24] [WARNING] Link 'M_Bottom_1' has dubious center of mass [x=0.166, y=0.030, z=-0.073] compared to the bounding box from geometry [x=(0.106, 0.155), y=(-0.011, 0.071), z=(-0.078, -0.068)].[0m
[38;5;226m[Genesis] [18:30:24] [WARNING] Link 'M_Back_1' has dubious center of mass [x=0.003, y=0.021, z=0.011] compared to the bounding box from geometry [x=(-0.035, -0.030), y=(-0.033, 0.076), z=(-0.005, 0.028)].[0m
[38;5;226m[Genesis] [18:30:24] [WARNING] Link 'M_Left1_1' has dubious center of mass [x=-0.025, y=-0.002, z=-0.014] compared to the bounding box from geometry [x=(-0.088, -0.032), y=(-0.005, -0.000), z=(-0.038, 0.010)].[0m
[38;5;226m[Genesis] [18:30:24] [WARNING] Link 'M_Right1_1' has dubious center of mass [x=-0.025, y=0.003, z=-0.014] compared to the bounding box from geometry [x=(-0.087, -0.033), y=(0.000, 0.005), z=(-0.038, 0.010)].[0m
[38;5;226m[Genesis] [18:30:24] [WARNING] Link 'M_Top_1' has dubious center of mass [x=-0.024, y=0.028, z=0.005] compared to the bounding box from geometry [x=(-0.088, -0.032), y=(-0.031, 0.088), z=(-0.000, 0.010)].[0m
[38;5;226m[Genesis] [18:30:24] [WARNING] Link 'M_LeftLink_1' has dubious center of mass [x=-0.002, y=0.005, z=0.046] compared to the bounding box from geometry [x=(-0.040, -0.035), y=(-0.005, 0.015), z=(-0.005, 0.095)].[0m
[38;5;226m[Genesis] [18:30:24] [WARNING] Link 'M_RightLink_1' has dubious center of mass [x=-0.002, y=-0.005, z=0.046] compared to the bounding box from geometry [x=(-0.040, -0.035), y=(-0.015, 0.005), z=(-0.005, 0.095)].[0m
[38;5;226m[Genesis] [18:30:24] [WARNING] Link 'M_LeftLink2_copy_1' has dubious center of mass [x=-0.005, y=-0.005, z=0.021] compared to the bounding box from geometry [x=(-0.044, -0.032), y=(-0.015, 0.005), z=(-0.000, 0.045)].[0m
[38;5;226m[Genesis] [18:30:24] [WARNING] Link 'link_2' has dubious center of mass [x=0.000, y=0.000, z=0.000] compared to the bounding box from geometry [x=(-0.068, 0.479), y=(-0.069, 0.069), z=(0.082, 0.274)].[0m
[38;5;226m[Genesis] [18:30:24] [WARNING] Constraint solver time constant should be greater than 2*substep_dt. timeconst is changed from `0.0002` to `0.01`). Decrease simulation timestep or increase timeconst to avoid altering the original value.[0m
[38;5;226m[Genesis] [18:30:25] [WARNING] Filtered out geometry pairs causing self-collision for the neutral configuration (qpos0): (91, 114), (104, 106). Consider tuning Morph option 'decompose_robot_error_threshold' or specify dedicated collision meshes. This behavior can be disabled by setting Morph option 'enable_neutral_collision=True'.[0m
C:\Users\simuser\miniconda3\envs\crusher_genesis\Lib\site-packages\quadrants\_test_tools\warnings_helper.py:11: UserWarning: cannot create weak reference to 'tuple' object. Template mapper caching disabled.
  warnings.warn(message)
[verify] L2_Left_Wall1_1 충돌 geom 6개 / 시각 geom 3개  (플랜지 접촉=ON, 기대 충돌 6개)
[build] 성공 (11.4s)
[bag] shape 고정: 714/714 정점(바닥+양측면), 입구는 자유
[slot] 간격축 = world Y (겹침 -12.5mm), 슬롯 길이축 = world X (겹침 +65.0mm)
[slot] gap_cx=0.2125 gap_cy=-0.0053 gap_width=12.5mm wall_top_z=0.0870
[slot] pocket(L1_Wall1_1) center=(0.1745,0.0330)
[ctrl] Left_Wall armature=100.0kg (런타임 API) — 유효 질량 100.31kg, 100N -> 1.0 m/s^2, kv 안정 한계 40125 (현재 500)
[ctrl] Left_Wall force clip: ±100 N (Motor2 ctrlrange, docs/Crusher.md §5) — 벽은 이 힘에서 균형지는 위치에 멈춘다
[bag] grip_strip verts near FINGER_MID: 76
[38;5;226m[Genesis] [18:30:35] [WARNING] fps=30 is not reachable with dt=0.005. Recording at fps=28.57142857142857 instead.[0m
[38;5;226m[Genesis] [18:30:35] [WARNING] fps=30 is not reachable with dt=0.005. Recording at fps=28.57142857142857 instead.[0m
[38;5;226m[Genesis] [18:30:35] [WARNING] fps=30 is not reachable with dt=0.005. Recording at fps=28.57142857142857 instead.[0m

[phase] 0 prep (1.0s) — 크랭크 0->-3.142rad(-180deg), Left_Wall 0->+6mm(개방)
[phase] prep     @done  crank=-3.000rad  wall=+5.46mm
    [drop k=   0] tablet_z=+374.01mm bag_com=[0.00646321 0.2561791  0.39925352]
    [drop k=  40] tablet_z=+371.54mm bag_com=[0.00646321 0.2561791  0.39925352]
    [drop k=  80] tablet_z=+367.02mm bag_com=[0.00646321 0.2561791  0.39925352]
    [drop k= 120] tablet_z=+365.73mm bag_com=[0.00646321 0.2561791  0.39925352]
[phase] drop     @done  bag_com=[0.00646321 0.2561791  0.39925352]  finger_z=0.4378  tablet_z=+362.47mm  tilt=0.8deg  bag_bottom=0.3543
[phase] settle   @done  bag_com=[0.00646321 0.2561791  0.39925352]  finger_z=0.4378  tablet_z=+357.86mm  tilt=0.8deg  bag_bottom=0.3543
[bag] shape 고정 해제 — 이제부터 순수 마찰 파지
[phase] close    @done  bag_com=[0.00644289 0.25574762 0.3987995 ]  finger_z=0.4360  tablet_z=+357.24mm  tilt=0.9deg  bag_bottom=0.3538
[phase] grasp    @done  bag_com=[0.00640316 0.2557384  0.3988049 ]  finger_z=0.4361  tablet_z=+357.23mm  tilt=0.7deg  bag_bottom=0.3538
[phase] lift     @done  bag_com=[0.00561816 0.25886342 0.52436066]  finger_z=0.5620  tablet_z=+482.82mm  tilt=1.2deg  bag_bottom=0.4791
[phase] hold     @done  bag_com=[0.00558679 0.25869554 0.52434105]  finger_z=0.5620  tablet_z=+482.45mm  tilt=1.3deg  bag_bottom=0.4791
[slot] wall_center_z=0.0510  insert_z(finger)=0.1330  hang=82mm
[slot] 봉투중심 보정 dy=+0.0mm -> finger_y=-0.0053 (봉투중심 y=-0.0053 = gap_cy -0.0053)
[slot] 봉투중심 보정 dx=-28.0mm -> finger_x=0.2405 (봉투중심 x=0.2125 = gap_cx 0.2125) — 실링이 측벽에 물린다
[sweep] Y_OFFSET_MM=+0.0mm -> target_xy=[ 0.24049766 -0.00527226]  (gap_cy=-0.0053)
[cam] side view 고정: pos=(np.float64(0.21249766187667846), np.float64(-0.5552722595214844), np.float64(0.169001227684021)) look=(np.float64(0.21249766187667846), np.float64(-0.005272259521484357), np.float64(0.169001227684021)) (gap_width=12.5mm, z범위 above=0.2870~insert=0.1330)

[ik] above-slot target=[ 0.24049766 -0.00527226  0.28700123]  arm_q=[-5.1308429e-01  4.4076207e-01  8.6770993e-01 -1.2848992e-05
  1.8327404e+00  4.1990776e+00]
    [above k=   0] tablet_z=+482.45mm bag_com=[0.00558689 0.25869396 0.5243407 ]
    [above k=  40] tablet_z=+481.04mm bag_com=[0.00951053 0.25759846 0.5229719 ]
    [above k=  80] tablet_z=+472.90mm bag_com=[0.0307924  0.24747428 0.5147715 ]
    [above k= 120] tablet_z=+453.76mm bag_com=[0.07118285 0.22128591 0.49523583]
    [above k= 160] tablet_z=+419.72mm bag_com=[0.11839446 0.17844227 0.46115702]
    [above k= 200] tablet_z=+371.70mm bag_com=[0.159567   0.12682548 0.41309768]
    [above k= 240] tablet_z=+320.31mm bag_com=[0.18622644 0.077067   0.35800678]
    [above k= 280] tablet_z=+284.73mm bag_com=[0.20409214 0.03278751 0.30704397]
    [above k= 320] tablet_z=+250.26mm bag_com=[0.20992292 0.00775916 0.27016726]
    [above k= 360] tablet_z=+232.30mm bag_com=[ 0.212363   -0.00600901  0.25270835]
[phase] above    @done  bag_com=[ 0.21269517 -0.00706179  0.24965072]  finger_z=0.2868  tablet_z=+223.72mm  tilt=6.1deg  bag_bottom=0.2043
[phase] aboveset @done  bag_com=[ 0.21283957 -0.00706686  0.24948396]  finger_z=0.2868  tablet_z=+214.60mm  tilt=5.9deg  bag_bottom=0.2043
[ik] insert target=[ 0.24049766 -0.00527226  0.13300123]  웨이포인트 41개(카테시안 직선)  arm_q=[-5.1307720e-01  4.2122838e-01  1.3185068e+00  8.8259512e-05
  1.4014761e+00  4.1990933e+00]
    [insert k=   0] tablet_z=+214.37mm bag_com=[ 0.21278957 -0.00706024  0.24932733]
    [insert k=  40] tablet_z=+210.05mm bag_com=[ 0.21283895 -0.00699572  0.24795398]
    [insert k=  80] tablet_z=+200.40mm bag_com=[ 0.21289293 -0.0071024   0.2402828 ]
    [insert k= 120] tablet_z=+183.33mm bag_com=[ 0.21290496 -0.00664464  0.2238353 ]
    [insert k= 160] tablet_z=+159.06mm bag_com=[ 0.2128928  -0.00709396  0.19994484]
    [insert k= 200] tablet_z=+132.16mm bag_com=[ 0.21291384 -0.00644723  0.17172028]
    [insert k= 240] tablet_z=+103.92mm bag_com=[ 0.21291012 -0.00723487  0.14370918]
    [insert k= 280] tablet_z=+85.33mm bag_com=[0.21494794 0.00084348 0.12409161]
    [insert k= 320] tablet_z=+64.54mm bag_com=[ 0.21320061 -0.00241589  0.10411958]
    [insert k= 360] tablet_z=+55.24mm bag_com=[ 0.21295014 -0.00859008  0.09686171]
[phase] insert   @done  bag_com=[ 0.212949   -0.00607689  0.09540436]  finger_z=0.1328  tablet_z=+53.66mm  tilt=5.4deg  bag_bottom=0.0503
[phase] settle2  @done  bag_com=[ 0.21296471 -0.00674297  0.09540541]  finger_z=0.1328  tablet_z=+53.67mm  tilt=5.8deg  bag_bottom=0.0503
[trim] TRIM_ROUNDS=0 — 생략(기본값). settle2 시점 bag_bottom 오차 +0.7mm 를 그대로 결과로 쓴다.
[trim] 최종 finger_z=0.1330  (초기 0.1330, 하한 0.1030)

[phase] 9 clamp (4.3s) — Left_Wall +6.0mm -> -12.0mm (실링부 압착)
    [clamp t= 0.00s] wall=  +6.00mm v=  -0.50mm/s  본체면 잔여 +23.50mm  bag_com=[ 0.21296497 -0.00675555  0.09540583]
    [clamp t= 0.17s] wall=  +4.43mm v= -17.44mm/s  본체면 잔여 +21.93mm  bag_com=[ 0.21296844 -0.0070173   0.09541522]
    [clamp t= 0.34s] wall=  -0.02mm v= -34.46mm/s  본체면 잔여 +17.48mm  bag_com=[ 0.21301325 -0.00615654  0.09539394]
    [clamp t= 0.51s] wall=  -7.36mm v= -51.23mm/s  본체면 잔여 +10.14mm  bag_com=[ 0.21312083 -0.00245929  0.09550253]
    [clamp t= 0.68s] wall= -18.41mm v=-127.02mm/s  본체면 잔여  -0.91mm  bag_com=[ 0.21320657 -0.00059195  0.09609661]
    [clamp t= 0.85s] wall= -16.30mm v= -63.40mm/s  본체면 잔여  +1.20mm  bag_com=[ 2.13313088e-01 -1.18743366e-04  9.61909220e-02]
    [clamp t= 1.02s] wall= -16.96mm v= +54.37mm/s  본체면 잔여  +0.54mm  bag_com=[2.1331902e-01 5.5602017e-05 9.6184954e-02]
    [clamp t= 1.19s] wall= -17.03mm v=  -9.07mm/s  본체면 잔여  +0.47mm  bag_com=[2.1332954e-01 1.5491588e-04 9.6153088e-02]
    [clamp t= 1.36s] wall= -16.78mm v= -19.03mm/s  본체면 잔여  +0.72mm  bag_com=[0.21333815 0.00021739 0.09612292]
    [clamp t= 1.53s] wall= -16.63mm v= -12.33mm/s  본체면 잔여  +0.87mm  bag_com=[0.21334124 0.00026058 0.09609703]
    [clamp t= 1.70s] wall= -16.58mm v=  -4.97mm/s  본체면 잔여  +0.92mm  bag_com=[0.21334347 0.0002971  0.0960735 ]
    [clamp t= 1.87s] wall= -16.58mm v=  -0.61mm/s  본체면 잔여  +0.92mm  bag_com=[0.21334724 0.00032942 0.09605197]
    [clamp t= 2.04s] wall= -16.60mm v=  +1.04mm/s  본체면 잔여  +0.90mm  bag_com=[0.2133498  0.00035722 0.09603179]
    [clamp t= 2.21s] wall= -16.61mm v=  +1.17mm/s  본체면 잔여  +0.89mm  bag_com=[0.21335006 0.00038303 0.09601286]
    [clamp t= 2.38s] wall= -16.62mm v=  +0.77mm/s  본체면 잔여  +0.88mm  bag_com=[0.21334727 0.00040765 0.09599646]
    [clamp t= 2.55s] wall= -16.63mm v=  +0.35mm/s  본체면 잔여  +0.87mm  bag_com=[0.21334273 0.00043061 0.09598337]
    [clamp t= 2.72s] wall= -16.63mm v=  +0.08mm/s  본체면 잔여  +0.87mm  bag_com=[0.21333553 0.00044979 0.09597594]
    [clamp t= 2.89s] wall= -16.63mm v=  -0.04mm/s  본체면 잔여  +0.87mm  bag_com=[0.21332535 0.00046291 0.09597476]
    [clamp t= 3.06s] wall= -16.64mm v=  -0.08mm/s  본체면 잔여  +0.86mm  bag_com=[0.21329401 0.00044139 0.09598748]
    [clamp t= 3.23s] wall= -16.64mm v=  -0.07mm/s  본체면 잔여  +0.86mm  bag_com=[0.21325168 0.00036654 0.09601519]
    [clamp t= 3.40s] wall= -16.64mm v=  -0.05mm/s  본체면 잔여  +0.86mm  bag_com=[0.2132471  0.00034803 0.09604181]
    [clamp t= 3.57s] wall= -16.65mm v=  -0.04mm/s  본체면 잔여  +0.85mm  bag_com=[0.21325895 0.00035132 0.09607746]
    [clamp t= 3.74s] wall= -16.65mm v=  -0.03mm/s  본체면 잔여  +0.85mm  bag_com=[0.21330857 0.00046221 0.09611006]
    [clamp t= 3.91s] wall= -16.66mm v=  -0.01mm/s  본체면 잔여  +0.84mm  bag_com=[0.2134057  0.00067458 0.09613828]
    [clamp t= 4.08s] wall= -16.66mm v=  -0.02mm/s  본체면 잔여  +0.84mm  bag_com=[0.21345343 0.00077316 0.09614526]
    [clamp t= 4.25s] wall= -16.66mm v=  -0.02mm/s  본체면 잔여  +0.84mm  bag_com=[0.21346387 0.00079267 0.09615195]
[phase] clamp    @done  wall=-16.66mm  (잔여: 플랜지면 -4.16mm / 본체면 0.84mm)  bag_com=[0.21346736 0.00079891 0.09615274]
    [release k=   0] tablet_z=+58.07mm bag_com=[0.21346769 0.00079952 0.09615272]
    [release k=  40] tablet_z=+58.11mm bag_com=[0.21354173 0.00211523 0.0954533 ]
    [release k=  80] tablet_z=+58.15mm bag_com=[0.21340038 0.00517901 0.09504028]
[phase] release  @done  bag_com=[0.21339327 0.00562342 0.09488484]  finger_z=0.1345  tablet_z=+58.17mm  tilt=10.3deg  bag_bottom=0.0542

[RESULT] GRIP_OFFSET_MM=-28mm  Y_OFFSET_MM=+0.0mm  verdict=PASS  (삽입 성공, 걸림/붕괴 없음)
[RESULT] final_bottom_z=0.0542  wall_center_z=0.0510  오차=+3.2mm(+면 얕음/-면 깊음)
[RESULT] width_y=30.8mm(baseline 15.1mm)  height_z=83.3mm(baseline 90.7mm)
[SUMMARY] flange=ON mode=force v=8.0mm/s F=100N kp=5000 hold=0 wall=-16.66mm body_gap=+0.84mm stalled=N drop=+0.1mm tilt=10.3deg width=30.8mm reach_err=+3.2mm verdict=PASS

[saved] overview -> C:\Crusher_isaacsim\Crusher_Genesis\Crusher_M0609_RG2_Tablet_Samplebag\RESULT_F10_A100\grip-28mm\full_workflow_grip-28mm_yoff+0.0mm_20260831_183014_overview.mp4
[saved] bagcam   -> C:\Crusher_isaacsim\Crusher_Genesis\Crusher_M0609_RG2_Tablet_Samplebag\RESULT_F10_A100\grip-28mm\full_workflow_grip-28mm_yoff+0.0mm_20260831_183014_bagcam.mp4
[saved] sideview -> C:\Crusher_isaacsim\Crusher_Genesis\Crusher_M0609_RG2_Tablet_Samplebag\RESULT_F10_A100\grip-28mm\full_workflow_grip-28mm_yoff+0.0mm_20260831_183014_sideview.mp4

[timing] build=11.4s  steps=381.4s (2892 steps, 131.9ms/step)  합계=392.8s
완료.
