============================================================
 Full workflow: tablet drop -> bag catch -> grasp -> lift -> Crusher slot insert (viewer=False)
============================================================
[mjcf] Left_Wall 반사 관성 armature=100.0kg (링크 질량 0.312kg + 랙/피니언/감속기/로터). 100N -> 1.0 m/s^2, kv 안정 한계 40125
[mjcf] Left_Wall 형상 교체: 옛 geom 12개(시각 1 + hull 11) -> 본체 hull 5개 + 플랜지 1개 + 시각 1개. 플랜지 = 충돌+시각. 중립 간격 플랜지 12.50mm / 본체 17.50mm
[fem_ipc_workarounds] FEMEntity.set_vertex_constraints 패치 완료 (IPC 커플러 버그 우회)
[38;5;226m[Genesis] [18:36:20] [WARNING] At least one of the meshes contain many faces (15432). Consider setting 'morph.decimate=True' to speed up collision detection and improve numerical stability.[0m
[38;5;226m[Genesis] [18:36:20] [WARNING] At least one of the meshes contain many faces (15762). Consider setting 'morph.decimate=True' to speed up collision detection and improve numerical stability.[0m
[38;5;226m[Genesis] [18:36:20] [WARNING] Mesh is not watertight. Falling back to convex hull for estimating inertial properties.[0m
[38;5;226m[Genesis] [18:36:21] [WARNING] Mesh is not watertight. Falling back to convex hull for estimating inertial properties.[0m
[38;5;226m[Genesis] [18:36:21] [WARNING] At least one of the meshes contain many faces (12522). Consider setting 'morph.decimate=True' to speed up collision detection and improve numerical stability.[0m
[38;5;226m[Genesis] [18:36:21] [WARNING] Mesh is not watertight. Falling back to convex hull for estimating inertial properties.[0m
[38;5;226m[Genesis] [18:36:21] [WARNING] Mesh is not watertight. Falling back to convex hull for estimating inertial properties.[0m
[38;5;226m[Genesis] [18:36:21] [WARNING] Mesh is not watertight. Falling back to convex hull for estimating inertial properties.[0m
[38;5;226m[Genesis] [18:36:21] [WARNING] Mesh is not watertight. Falling back to convex hull for estimating inertial properties.[0m
[38;5;226m[Genesis] [18:36:21] [WARNING] Mesh is not watertight. Falling back to convex hull for estimating inertial properties.[0m
[38;5;226m[Genesis] [18:36:21] [WARNING] Mesh is not watertight. Falling back to convex hull for estimating inertial properties.[0m
[38;5;226m[Genesis] [18:36:21] [WARNING] Mesh is not watertight. Falling back to convex hull for estimating inertial properties.[0m
[38;5;226m[Genesis] [18:36:21] [WARNING] Mesh is not watertight. Falling back to convex hull for estimating inertial properties.[0m
[38;5;226m[Genesis] [18:36:21] [WARNING] Mesh is not watertight. Falling back to convex hull for estimating inertial properties.[0m
[38;5;226m[Genesis] [18:36:21] [WARNING] Mesh is not watertight. Falling back to convex hull for estimating inertial properties.[0m
[38;5;226m[Genesis] [18:36:21] [WARNING] Mesh is not watertight. Falling back to convex hull for estimating inertial properties.[0m
[38;5;226m[Genesis] [18:36:21] [WARNING] Mesh is not watertight. Falling back to convex hull for estimating inertial properties.[0m
[38;5;226m[Genesis] [18:36:21] [WARNING] Mesh is not watertight. Falling back to convex hull for estimating inertial properties.[0m
[38;5;226m[Genesis] [18:36:21] [WARNING] Mesh is not watertight. Falling back to convex hull for estimating inertial properties.[0m
[38;5;226m[Genesis] [18:36:21] [WARNING] Mesh is not watertight. Falling back to convex hull for estimating inertial properties.[0m
[38;5;226m[Genesis] [18:36:21] [WARNING] At least one of the meshes contain many faces (27466). Consider setting 'morph.decimate=True' to speed up collision detection and improve numerical stability.[0m
[38;5;226m[Genesis] [18:36:21] [WARNING] Mesh is not watertight. Falling back to convex hull for estimating inertial properties.[0m
[38;5;226m[Genesis] [18:36:22] [WARNING] Mesh is not watertight. Falling back to convex hull for estimating inertial properties.[0m
[38;5;226m[Genesis] [18:36:22] [WARNING] Mesh is not watertight. Falling back to convex hull for estimating inertial properties.[0m
[38;5;226m[Genesis] [18:36:22] [WARNING] Mesh is not watertight. Falling back to convex hull for estimating inertial properties.[0m
[38;5;226m[Genesis] [18:36:22] [WARNING] Mesh is not watertight. Falling back to convex hull for estimating inertial properties.[0m

[build] scene.build() 시작...
[38;5;226m[Genesis] [18:36:22] [WARNING] Link 'L4_Motor2_Shaft_1' has dubious center of mass [x=0.000, y=-0.037, z=0.015] compared to the bounding box from geometry [x=(-0.018, 0.018), y=(-0.018, 0.018), z=(-0.000, 0.077)].[0m
[38;5;226m[Genesis] [18:36:22] [WARNING] Link 'M_Bottom_1' has dubious center of mass [x=0.166, y=0.030, z=-0.073] compared to the bounding box from geometry [x=(0.106, 0.155), y=(-0.011, 0.071), z=(-0.078, -0.068)].[0m
[38;5;226m[Genesis] [18:36:22] [WARNING] Link 'M_Back_1' has dubious center of mass [x=0.003, y=0.021, z=0.011] compared to the bounding box from geometry [x=(-0.035, -0.030), y=(-0.033, 0.076), z=(-0.005, 0.028)].[0m
[38;5;226m[Genesis] [18:36:22] [WARNING] Link 'M_Left1_1' has dubious center of mass [x=-0.025, y=-0.002, z=-0.014] compared to the bounding box from geometry [x=(-0.088, -0.032), y=(-0.005, -0.000), z=(-0.038, 0.010)].[0m
[38;5;226m[Genesis] [18:36:22] [WARNING] Link 'M_Right1_1' has dubious center of mass [x=-0.025, y=0.003, z=-0.014] compared to the bounding box from geometry [x=(-0.087, -0.033), y=(0.000, 0.005), z=(-0.038, 0.010)].[0m
[38;5;226m[Genesis] [18:36:22] [WARNING] Link 'M_Top_1' has dubious center of mass [x=-0.024, y=0.028, z=0.005] compared to the bounding box from geometry [x=(-0.088, -0.032), y=(-0.031, 0.088), z=(-0.000, 0.010)].[0m
[38;5;226m[Genesis] [18:36:22] [WARNING] Link 'M_LeftLink_1' has dubious center of mass [x=-0.002, y=0.005, z=0.046] compared to the bounding box from geometry [x=(-0.040, -0.035), y=(-0.005, 0.015), z=(-0.005, 0.095)].[0m
[38;5;226m[Genesis] [18:36:22] [WARNING] Link 'M_RightLink_1' has dubious center of mass [x=-0.002, y=-0.005, z=0.046] compared to the bounding box from geometry [x=(-0.040, -0.035), y=(-0.015, 0.005), z=(-0.005, 0.095)].[0m
[38;5;226m[Genesis] [18:36:22] [WARNING] Link 'M_LeftLink2_copy_1' has dubious center of mass [x=-0.005, y=-0.005, z=0.021] compared to the bounding box from geometry [x=(-0.044, -0.032), y=(-0.015, 0.005), z=(-0.000, 0.045)].[0m
[38;5;226m[Genesis] [18:36:22] [WARNING] Link 'link_2' has dubious center of mass [x=0.000, y=0.000, z=0.000] compared to the bounding box from geometry [x=(-0.068, 0.479), y=(-0.069, 0.069), z=(0.082, 0.274)].[0m
[38;5;226m[Genesis] [18:36:22] [WARNING] Constraint solver time constant should be greater than 2*substep_dt. timeconst is changed from `0.0002` to `0.01`). Decrease simulation timestep or increase timeconst to avoid altering the original value.[0m
[38;5;226m[Genesis] [18:36:23] [WARNING] Filtered out geometry pairs causing self-collision for the neutral configuration (qpos0): (91, 114), (104, 106). Consider tuning Morph option 'decompose_robot_error_threshold' or specify dedicated collision meshes. This behavior can be disabled by setting Morph option 'enable_neutral_collision=True'.[0m
C:\Users\simuser\miniconda3\envs\crusher_genesis\Lib\site-packages\quadrants\_test_tools\warnings_helper.py:11: UserWarning: cannot create weak reference to 'tuple' object. Template mapper caching disabled.
  warnings.warn(message)
[verify] L2_Left_Wall1_1 충돌 geom 6개 / 시각 geom 3개  (플랜지 접촉=ON, 기대 충돌 6개)
[build] 성공 (10.7s)
[bag] shape 고정: 714/714 정점(바닥+양측면), 입구는 자유
[slot] 간격축 = world Y (겹침 -12.5mm), 슬롯 길이축 = world X (겹침 +65.0mm)
[slot] gap_cx=0.2125 gap_cy=-0.0053 gap_width=12.5mm wall_top_z=0.0870
[slot] pocket(L1_Wall1_1) center=(0.1745,0.0330)
[ctrl] Left_Wall armature=100.0kg (런타임 API) — 유효 질량 100.31kg, 100N -> 1.0 m/s^2, kv 안정 한계 40125 (현재 500)
[ctrl] Left_Wall force clip: ±100 N (Motor2 ctrlrange, docs/Crusher.md §5) — 벽은 이 힘에서 균형지는 위치에 멈춘다
[bag] grip_strip verts near FINGER_MID: 76
[38;5;226m[Genesis] [18:36:33] [WARNING] fps=30 is not reachable with dt=0.005. Recording at fps=28.57142857142857 instead.[0m
[38;5;226m[Genesis] [18:36:33] [WARNING] fps=30 is not reachable with dt=0.005. Recording at fps=28.57142857142857 instead.[0m
[38;5;226m[Genesis] [18:36:33] [WARNING] fps=30 is not reachable with dt=0.005. Recording at fps=28.57142857142857 instead.[0m

[phase] 0 prep (1.0s) — 크랭크 0->-3.142rad(-180deg), Left_Wall 0->+6mm(개방)
[phase] prep     @done  crank=-3.000rad  wall=+5.46mm
    [drop k=   0] tablet_z=+354.78mm bag_com=[0.00646321 0.2561791  0.39925352]
    [drop k=  40] tablet_z=+354.78mm bag_com=[0.00646321 0.2561791  0.39925352]
    [drop k=  80] tablet_z=+354.78mm bag_com=[0.00646321 0.2561791  0.39925352]
    [drop k= 120] tablet_z=+354.78mm bag_com=[0.00646321 0.2561791  0.39925352]
[phase] drop     @done  bag_com=[0.00646321 0.2561791  0.39925352]  finger_z=0.4378  tablet_z=+354.78mm  tilt=0.8deg  bag_bottom=0.3543
[phase] settle   @done  bag_com=[0.00646321 0.2561791  0.39925352]  finger_z=0.4378  tablet_z=+354.78mm  tilt=0.8deg  bag_bottom=0.3543
[bag] shape 고정 해제 — 이제부터 순수 마찰 파지
[phase] close    @done  bag_com=[0.00639161 0.2557525  0.3988023 ]  finger_z=0.4360  tablet_z=+354.78mm  tilt=0.8deg  bag_bottom=0.3538
[phase] grasp    @done  bag_com=[0.00636243 0.25578493 0.39880762]  finger_z=0.4361  tablet_z=+354.78mm  tilt=0.8deg  bag_bottom=0.3538
[phase] lift     @done  bag_com=[0.00560964 0.2586797  0.52438086]  finger_z=0.5620  tablet_z=+354.78mm  tilt=1.2deg  bag_bottom=0.4791
[phase] hold     @done  bag_com=[0.00555689 0.25864762 0.5243634 ]  finger_z=0.5620  tablet_z=+354.78mm  tilt=1.3deg  bag_bottom=0.4791
[slot] wall_center_z=0.0510  insert_z(finger)=0.1330  hang=82mm
[slot] 봉투중심 보정 dy=+0.0mm -> finger_y=-0.0053 (봉투중심 y=-0.0053 = gap_cy -0.0053)
[slot] 봉투중심 보정 dx=-28.0mm -> finger_x=0.2405 (봉투중심 x=0.2125 = gap_cx 0.2125) — 실링이 측벽에 물린다
[sweep] Y_OFFSET_MM=+0.0mm -> target_xy=[ 0.24049766 -0.00527226]  (gap_cy=-0.0053)
[cam] side view 고정: pos=(np.float64(0.21249766187667846), np.float64(-0.5552722595214844), np.float64(0.169001227684021)) look=(np.float64(0.21249766187667846), np.float64(-0.005272259521484357), np.float64(0.169001227684021)) (gap_width=12.5mm, z범위 above=0.2870~insert=0.1330)

[ik] above-slot target=[ 0.24049766 -0.00527226  0.28700123]  arm_q=[-5.1308113e-01  4.4075936e-01  8.6771375e-01 -1.9392930e-05
  1.8327354e+00  4.1990790e+00]
    [above k=   0] tablet_z=+354.78mm bag_com=[0.00555681 0.25864694 0.524363  ]
    [above k=  40] tablet_z=+354.78mm bag_com=[0.00944943 0.25772142 0.5229906 ]
    [above k=  80] tablet_z=+354.78mm bag_com=[0.03078442 0.24707942 0.5148508 ]
    [above k= 120] tablet_z=+354.78mm bag_com=[0.07084581 0.22071888 0.49520743]
    [above k= 160] tablet_z=+354.78mm bag_com=[0.11973458 0.17927036 0.4612826 ]
    [above k= 200] tablet_z=+354.78mm bag_com=[0.16044292 0.12675418 0.4132283 ]
    [above k= 240] tablet_z=+354.78mm bag_com=[0.18525046 0.07795187 0.3580309 ]
    [above k= 280] tablet_z=+354.78mm bag_com=[0.20187259 0.03713638 0.30695164]
    [above k= 320] tablet_z=+354.78mm bag_com=[0.21016197 0.00621621 0.27035156]
    [above k= 360] tablet_z=+354.78mm bag_com=[ 0.21236128 -0.00569216  0.2527316 ]
[phase] above    @done  bag_com=[ 0.21270984 -0.00761018  0.2497284 ]  finger_z=0.2868  tablet_z=+354.78mm  tilt=6.4deg  bag_bottom=0.2043
[phase] aboveset @done  bag_com=[ 0.21282537 -0.00708029  0.2495444 ]  finger_z=0.2868  tablet_z=+354.78mm  tilt=5.9deg  bag_bottom=0.2043
[ik] insert target=[ 0.24049766 -0.00527226  0.13300123]  웨이포인트 41개(카테시안 직선)  arm_q=[-5.1307619e-01  4.2122808e-01  1.3185074e+00  8.6434076e-05
  1.4014750e+00  4.1990943e+00]
    [insert k=   0] tablet_z=+354.78mm bag_com=[ 0.21277454 -0.00707209  0.24938866]
    [insert k=  40] tablet_z=+354.78mm bag_com=[ 0.21282367 -0.00709277  0.24802203]
    [insert k=  80] tablet_z=+354.78mm bag_com=[ 0.21287315 -0.0070893   0.24034785]
    [insert k= 120] tablet_z=+354.78mm bag_com=[ 0.21287487 -0.00725386  0.22394519]
    [insert k= 160] tablet_z=+354.78mm bag_com=[ 0.21287131 -0.00701392  0.20000532]
    [insert k= 200] tablet_z=+354.78mm bag_com=[ 0.21288033 -0.00708875  0.17183203]
    [insert k= 240] tablet_z=+354.78mm bag_com=[ 0.21289565 -0.0070977   0.1437606 ]
    [insert k= 280] tablet_z=+354.78mm bag_com=[ 0.21338919 -0.00222799  0.11999238]
    [insert k= 320] tablet_z=+354.78mm bag_com=[ 0.21289974 -0.00733138  0.10417095]
    [insert k= 360] tablet_z=+354.78mm bag_com=[ 0.2129395  -0.00673602  0.0967067 ]
[phase] insert   @done  bag_com=[ 0.21294712 -0.00713925  0.09549002]  finger_z=0.1328  tablet_z=+354.78mm  tilt=6.1deg  bag_bottom=0.0503
[phase] settle2  @done  bag_com=[ 0.21296969 -0.00701286  0.09545735]  finger_z=0.1328  tablet_z=+354.78mm  tilt=6.0deg  bag_bottom=0.0503
[trim] TRIM_ROUNDS=0 — 생략(기본값). settle2 시점 bag_bottom 오차 +0.7mm 를 그대로 결과로 쓴다.
[trim] 최종 finger_z=0.1330  (초기 0.1330, 하한 0.1030)

[phase] 9 clamp (4.3s) — Left_Wall +6.0mm -> -12.0mm (실링부 압착)
    [clamp t= 0.00s] wall=  +5.99mm v=  -1.00mm/s  본체면 잔여 +23.49mm  bag_com=[ 0.21296991 -0.00701159  0.09545701]
    [clamp t= 0.17s] wall=  +2.86mm v= -34.89mm/s  본체면 잔여 +20.36mm  bag_com=[ 0.2129703  -0.00700731  0.09545537]
    [clamp t= 0.34s] wall=  -6.06mm v= -69.04mm/s  본체면 잔여 +11.44mm  bag_com=[ 0.21313539 -0.00302865  0.09543213]
    [clamp t= 0.51s] wall= -18.17mm v=+131.89mm/s  본체면 잔여  -0.67mm  bag_com=[ 0.21328813 -0.00050334  0.09615695]
    [clamp t= 0.68s] wall= -17.90mm v= -87.67mm/s  본체면 잔여  -0.40mm  bag_com=[ 2.1338393e-01 -8.4458537e-05  9.6226051e-02]
    [clamp t= 0.85s] wall= -16.27mm v= +47.37mm/s  본체면 잔여  +1.23mm  bag_com=[2.1339308e-01 6.5575383e-05 9.6209198e-02]
    [clamp t= 1.02s] wall= -16.84mm v= +34.62mm/s  본체면 잔여  +0.66mm  bag_com=[2.1340722e-01 1.6146871e-04 9.6176289e-02]
    [clamp t= 1.19s] wall= -16.88mm v=  +4.63mm/s  본체면 잔여  +0.62mm  bag_com=[0.21341588 0.00022608 0.09614459]
    [clamp t= 1.36s] wall= -16.79mm v=  -6.04mm/s  본체면 잔여  +0.71mm  bag_com=[0.21341863 0.00027085 0.09611693]
    [clamp t= 1.53s] wall= -16.71mm v=  -6.75mm/s  본체면 잔여  +0.79mm  bag_com=[0.21342073 0.00030825 0.09609193]
    [clamp t= 1.70s] wall= -16.66mm v=  -4.36mm/s  본체면 잔여  +0.84mm  bag_com=[0.2134224  0.00034027 0.09606902]
    [clamp t= 1.87s] wall= -16.65mm v=  -1.96mm/s  본체면 잔여  +0.85mm  bag_com=[0.21342428 0.00036671 0.09604805]
    [clamp t= 2.04s] wall= -16.65mm v=  -0.48mm/s  본체면 잔여  +0.85mm  bag_com=[0.21342391 0.00038969 0.09603   ]
    [clamp t= 2.21s] wall= -16.65mm v=  +0.15mm/s  본체면 잔여  +0.85mm  bag_com=[0.21341991 0.00041138 0.09601457]
    [clamp t= 2.38s] wall= -16.66mm v=  +0.28mm/s  본체면 잔여  +0.84mm  bag_com=[0.21341322 0.00043334 0.09600206]
    [clamp t= 2.55s] wall= -16.67mm v=  +0.21mm/s  본체면 잔여  +0.83mm  bag_com=[0.21340495 0.00045436 0.09599432]
    [clamp t= 2.72s] wall= -16.67mm v=  +0.10mm/s  본체면 잔여  +0.83mm  bag_com=[0.21339415 0.00047027 0.09599287]
    [clamp t= 2.89s] wall= -16.68mm v=  +0.02mm/s  본체면 잔여  +0.82mm  bag_com=[0.21336769 0.00046168 0.09600469]
    [clamp t= 3.06s] wall= -16.68mm v=  -0.02mm/s  본체면 잔여  +0.82mm  bag_com=[0.21331678 0.00038211 0.09603451]
    [clamp t= 3.23s] wall= -16.69mm v=  -0.03mm/s  본체면 잔여  +0.81mm  bag_com=[0.21330965 0.00036592 0.09606222]
    [clamp t= 3.40s] wall= -16.69mm v=  -0.04mm/s  본체면 잔여  +0.81mm  bag_com=[0.21331985 0.00037536 0.09610071]
    [clamp t= 3.57s] wall= -16.69mm v=  -0.03mm/s  본체면 잔여  +0.81mm  bag_com=[0.21337005 0.00049057 0.09613466]
    [clamp t= 3.74s] wall= -16.70mm v=  -0.01mm/s  본체면 잔여  +0.80mm  bag_com=[0.21346518 0.00069452 0.09616286]
    [clamp t= 3.91s] wall= -16.70mm v=  -0.02mm/s  본체면 잔여  +0.80mm  bag_com=[0.21350929 0.00078133 0.09617088]
    [clamp t= 4.08s] wall= -16.70mm v=  -0.02mm/s  본체면 잔여  +0.80mm  bag_com=[0.2135191  0.000797   0.09617836]
    [clamp t= 4.25s] wall= -16.71mm v=  -0.03mm/s  본체면 잔여  +0.79mm  bag_com=[0.21352938 0.00081567 0.0961795 ]
[phase] clamp    @done  wall=-16.71mm  (잔여: 플랜지면 -4.21mm / 본체면 0.79mm)  bag_com=[0.21353237 0.00082213 0.09617914]
    [release k=   0] tablet_z=+354.78mm bag_com=[0.21353264 0.0008227  0.09617908]
    [release k=  40] tablet_z=+354.78mm bag_com=[0.21361537 0.00213239 0.09551756]
    [release k=  80] tablet_z=+354.78mm bag_com=[0.21347527 0.00520168 0.09508076]
[phase] release  @done  bag_com=[0.21346387 0.00558992 0.09493902]  finger_z=0.1345  tablet_z=+354.78mm  tilt=10.2deg  bag_bottom=0.0542

[RESULT] GRIP_OFFSET_MM=-28mm  Y_OFFSET_MM=+0.0mm  verdict=PASS  (삽입 성공, 걸림/붕괴 없음)
[RESULT] final_bottom_z=0.0542  wall_center_z=0.0510  오차=+3.2mm(+면 얕음/-면 깊음)
[RESULT] width_y=30.7mm(baseline 15.0mm)  height_z=83.4mm(baseline 90.6mm)
[SUMMARY] flange=ON mode=force v=8.0mm/s F=100N kp=5000 hold=0 wall=-16.71mm body_gap=+0.79mm stalled=N drop=+0.1mm tilt=10.2deg width=30.7mm reach_err=+3.2mm verdict=PASS

[saved] overview -> C:\Crusher_isaacsim\Crusher_Genesis\Crusher_M0609_RG2_Tablet_Samplebag\RESULT_F20_A100\grip-28mm\full_workflow_grip-28mm_yoff+0.0mm_20260831_183613_overview.mp4
[saved] bagcam   -> C:\Crusher_isaacsim\Crusher_Genesis\Crusher_M0609_RG2_Tablet_Samplebag\RESULT_F20_A100\grip-28mm\full_workflow_grip-28mm_yoff+0.0mm_20260831_183613_bagcam.mp4
[saved] sideview -> C:\Crusher_isaacsim\Crusher_Genesis\Crusher_M0609_RG2_Tablet_Samplebag\RESULT_F20_A100\grip-28mm\full_workflow_grip-28mm_yoff+0.0mm_20260831_183613_sideview.mp4

[timing] build=10.7s  steps=465.8s (2892 steps, 161.1ms/step)  합계=476.5s
완료.
