============================================================
 Full workflow: tablet drop -> bag catch -> grasp -> lift -> Crusher slot insert (viewer=False)
============================================================
[mjcf] Left_Wall 반사 관성 armature=100.0kg (링크 질량 0.312kg + 랙/피니언/감속기/로터). 100N -> 1.0 m/s^2, kv 안정 한계 40125
[mjcf] Left_Wall 형상 교체: 옛 geom 12개(시각 1 + hull 11) -> 본체 hull 5개 + 플랜지 1개 + 시각 1개. 플랜지 = 충돌+시각. 중립 간격 플랜지 12.50mm / 본체 17.50mm
[fem_ipc_workarounds] FEMEntity.set_vertex_constraints 패치 완료 (IPC 커플러 버그 우회)
[38;5;226m[Genesis] [18:21:00] [WARNING] At least one of the meshes contain many faces (15432). Consider setting 'morph.decimate=True' to speed up collision detection and improve numerical stability.[0m
[38;5;226m[Genesis] [18:21:00] [WARNING] At least one of the meshes contain many faces (15762). Consider setting 'morph.decimate=True' to speed up collision detection and improve numerical stability.[0m
[38;5;226m[Genesis] [18:21:00] [WARNING] Mesh is not watertight. Falling back to convex hull for estimating inertial properties.[0m
[38;5;226m[Genesis] [18:21:00] [WARNING] Mesh is not watertight. Falling back to convex hull for estimating inertial properties.[0m
[38;5;226m[Genesis] [18:21:00] [WARNING] At least one of the meshes contain many faces (12522). Consider setting 'morph.decimate=True' to speed up collision detection and improve numerical stability.[0m
[38;5;226m[Genesis] [18:21:01] [WARNING] Mesh is not watertight. Falling back to convex hull for estimating inertial properties.[0m
[38;5;226m[Genesis] [18:21:01] [WARNING] Mesh is not watertight. Falling back to convex hull for estimating inertial properties.[0m
[38;5;226m[Genesis] [18:21:01] [WARNING] Mesh is not watertight. Falling back to convex hull for estimating inertial properties.[0m
[38;5;226m[Genesis] [18:21:01] [WARNING] Mesh is not watertight. Falling back to convex hull for estimating inertial properties.[0m
[38;5;226m[Genesis] [18:21:01] [WARNING] Mesh is not watertight. Falling back to convex hull for estimating inertial properties.[0m
[38;5;226m[Genesis] [18:21:01] [WARNING] Mesh is not watertight. Falling back to convex hull for estimating inertial properties.[0m
[38;5;226m[Genesis] [18:21:01] [WARNING] Mesh is not watertight. Falling back to convex hull for estimating inertial properties.[0m
[38;5;226m[Genesis] [18:21:01] [WARNING] Mesh is not watertight. Falling back to convex hull for estimating inertial properties.[0m
[38;5;226m[Genesis] [18:21:01] [WARNING] Mesh is not watertight. Falling back to convex hull for estimating inertial properties.[0m
[38;5;226m[Genesis] [18:21:01] [WARNING] Mesh is not watertight. Falling back to convex hull for estimating inertial properties.[0m
[38;5;226m[Genesis] [18:21:01] [WARNING] Mesh is not watertight. Falling back to convex hull for estimating inertial properties.[0m
[38;5;226m[Genesis] [18:21:01] [WARNING] Mesh is not watertight. Falling back to convex hull for estimating inertial properties.[0m
[38;5;226m[Genesis] [18:21:01] [WARNING] Mesh is not watertight. Falling back to convex hull for estimating inertial properties.[0m
[38;5;226m[Genesis] [18:21:01] [WARNING] Mesh is not watertight. Falling back to convex hull for estimating inertial properties.[0m
[38;5;226m[Genesis] [18:21:01] [WARNING] Mesh is not watertight. Falling back to convex hull for estimating inertial properties.[0m
[38;5;226m[Genesis] [18:21:01] [WARNING] At least one of the meshes contain many faces (27466). Consider setting 'morph.decimate=True' to speed up collision detection and improve numerical stability.[0m
[38;5;226m[Genesis] [18:21:01] [WARNING] Mesh is not watertight. Falling back to convex hull for estimating inertial properties.[0m
[38;5;226m[Genesis] [18:21:01] [WARNING] Mesh is not watertight. Falling back to convex hull for estimating inertial properties.[0m
[38;5;226m[Genesis] [18:21:01] [WARNING] Mesh is not watertight. Falling back to convex hull for estimating inertial properties.[0m
[38;5;226m[Genesis] [18:21:02] [WARNING] Mesh is not watertight. Falling back to convex hull for estimating inertial properties.[0m
[38;5;226m[Genesis] [18:21:02] [WARNING] Mesh is not watertight. Falling back to convex hull for estimating inertial properties.[0m

[build] scene.build() 시작...
[38;5;226m[Genesis] [18:21:02] [WARNING] Link 'L4_Motor2_Shaft_1' has dubious center of mass [x=0.000, y=-0.037, z=0.015] compared to the bounding box from geometry [x=(-0.018, 0.018), y=(-0.018, 0.018), z=(-0.000, 0.077)].[0m
[38;5;226m[Genesis] [18:21:02] [WARNING] Link 'M_Bottom_1' has dubious center of mass [x=0.166, y=0.030, z=-0.073] compared to the bounding box from geometry [x=(0.106, 0.155), y=(-0.011, 0.071), z=(-0.078, -0.068)].[0m
[38;5;226m[Genesis] [18:21:02] [WARNING] Link 'M_Back_1' has dubious center of mass [x=0.003, y=0.021, z=0.011] compared to the bounding box from geometry [x=(-0.035, -0.030), y=(-0.033, 0.076), z=(-0.005, 0.028)].[0m
[38;5;226m[Genesis] [18:21:02] [WARNING] Link 'M_Left1_1' has dubious center of mass [x=-0.025, y=-0.002, z=-0.014] compared to the bounding box from geometry [x=(-0.088, -0.032), y=(-0.005, -0.000), z=(-0.038, 0.010)].[0m
[38;5;226m[Genesis] [18:21:02] [WARNING] Link 'M_Right1_1' has dubious center of mass [x=-0.025, y=0.003, z=-0.014] compared to the bounding box from geometry [x=(-0.087, -0.033), y=(0.000, 0.005), z=(-0.038, 0.010)].[0m
[38;5;226m[Genesis] [18:21:02] [WARNING] Link 'M_Top_1' has dubious center of mass [x=-0.024, y=0.028, z=0.005] compared to the bounding box from geometry [x=(-0.088, -0.032), y=(-0.031, 0.088), z=(-0.000, 0.010)].[0m
[38;5;226m[Genesis] [18:21:02] [WARNING] Link 'M_LeftLink_1' has dubious center of mass [x=-0.002, y=0.005, z=0.046] compared to the bounding box from geometry [x=(-0.040, -0.035), y=(-0.005, 0.015), z=(-0.005, 0.095)].[0m
[38;5;226m[Genesis] [18:21:02] [WARNING] Link 'M_RightLink_1' has dubious center of mass [x=-0.002, y=-0.005, z=0.046] compared to the bounding box from geometry [x=(-0.040, -0.035), y=(-0.015, 0.005), z=(-0.005, 0.095)].[0m
[38;5;226m[Genesis] [18:21:02] [WARNING] Link 'M_LeftLink2_copy_1' has dubious center of mass [x=-0.005, y=-0.005, z=0.021] compared to the bounding box from geometry [x=(-0.044, -0.032), y=(-0.015, 0.005), z=(-0.000, 0.045)].[0m
[38;5;226m[Genesis] [18:21:02] [WARNING] Link 'link_2' has dubious center of mass [x=0.000, y=0.000, z=0.000] compared to the bounding box from geometry [x=(-0.068, 0.479), y=(-0.069, 0.069), z=(0.082, 0.274)].[0m
[38;5;226m[Genesis] [18:21:02] [WARNING] Constraint solver time constant should be greater than 2*substep_dt. timeconst is changed from `0.0002` to `0.01`). Decrease simulation timestep or increase timeconst to avoid altering the original value.[0m
[38;5;226m[Genesis] [18:21:03] [WARNING] Filtered out geometry pairs causing self-collision for the neutral configuration (qpos0): (91, 114), (104, 106). Consider tuning Morph option 'decompose_robot_error_threshold' or specify dedicated collision meshes. This behavior can be disabled by setting Morph option 'enable_neutral_collision=True'.[0m
C:\Users\simuser\miniconda3\envs\crusher_genesis\Lib\site-packages\quadrants\_test_tools\warnings_helper.py:11: UserWarning: cannot create weak reference to 'tuple' object. Template mapper caching disabled.
  warnings.warn(message)
[verify] L2_Left_Wall1_1 충돌 geom 6개 / 시각 geom 3개  (플랜지 접촉=ON, 기대 충돌 6개)
[build] 성공 (12.1s)
[bag] shape 고정: 714/714 정점(바닥+양측면), 입구는 자유
[slot] 간격축 = world Y (겹침 -12.5mm), 슬롯 길이축 = world X (겹침 +65.0mm)
[slot] gap_cx=0.2125 gap_cy=-0.0053 gap_width=12.5mm wall_top_z=0.0870
[slot] pocket(L1_Wall1_1) center=(0.1745,0.0330)
[ctrl] Left_Wall armature=100.0kg (런타임 API) — 유효 질량 100.31kg, 100N -> 1.0 m/s^2, kv 안정 한계 40125 (현재 500)
[ctrl] Left_Wall force clip: ±100 N (Motor2 ctrlrange, docs/Crusher.md §5) — 벽은 이 힘에서 균형지는 위치에 멈춘다
[bag] grip_strip verts near FINGER_MID: 76
[38;5;226m[Genesis] [18:21:14] [WARNING] fps=30 is not reachable with dt=0.005. Recording at fps=28.57142857142857 instead.[0m
[38;5;226m[Genesis] [18:21:14] [WARNING] fps=30 is not reachable with dt=0.005. Recording at fps=28.57142857142857 instead.[0m
[38;5;226m[Genesis] [18:21:14] [WARNING] fps=30 is not reachable with dt=0.005. Recording at fps=28.57142857142857 instead.[0m

[phase] 0 prep (1.0s) — 크랭크 0->-3.142rad(-180deg), Left_Wall 0->+6mm(개방)
[phase] prep     @done  crank=-3.000rad  wall=+5.46mm
    [drop k=   0] tablet_z=+406.44mm bag_com=[0.00646321 0.2561791  0.39925352]
    [drop k=  40] tablet_z=+401.18mm bag_com=[0.00646321 0.2561791  0.39925352]
    [drop k=  80] tablet_z=+365.10mm bag_com=[0.00646321 0.2561791  0.39925352]
    [drop k= 120] tablet_z=+362.48mm bag_com=[0.00646321 0.2561791  0.39925352]
[phase] drop     @done  bag_com=[0.00646321 0.2561791  0.39925352]  finger_z=0.4378  tablet_z=+360.13mm  tilt=0.8deg  bag_bottom=0.3543
[phase] settle   @done  bag_com=[0.00646321 0.2561791  0.39925352]  finger_z=0.4378  tablet_z=+357.77mm  tilt=0.8deg  bag_bottom=0.3543
[bag] shape 고정 해제 — 이제부터 순수 마찰 파지
[phase] close    @done  bag_com=[0.00642675 0.25570804 0.398798  ]  finger_z=0.4360  tablet_z=+357.07mm  tilt=0.9deg  bag_bottom=0.3538
[phase] grasp    @done  bag_com=[0.00638945 0.2556295  0.39880458]  finger_z=0.4361  tablet_z=+357.04mm  tilt=0.8deg  bag_bottom=0.3538
[phase] lift     @done  bag_com=[0.00561468 0.2587165  0.5243525 ]  finger_z=0.5620  tablet_z=+482.43mm  tilt=1.1deg  bag_bottom=0.4791
[phase] hold     @done  bag_com=[0.00556654 0.2586602  0.524335  ]  finger_z=0.5620  tablet_z=+482.40mm  tilt=1.2deg  bag_bottom=0.4790
[slot] wall_center_z=0.0510  insert_z(finger)=0.1330  hang=82mm
[slot] 봉투중심 보정 dy=+0.0mm -> finger_y=-0.0053 (봉투중심 y=-0.0053 = gap_cy -0.0053)
[slot] 봉투중심 보정 dx=-28.0mm -> finger_x=0.2405 (봉투중심 x=0.2125 = gap_cx 0.2125) — 실링이 측벽에 물린다
[sweep] Y_OFFSET_MM=+0.0mm -> target_xy=[ 0.24049766 -0.00527226]  (gap_cy=-0.0053)
[cam] side view 고정: pos=(np.float64(0.21249766187667846), np.float64(-0.5552722595214844), np.float64(0.169001227684021)) look=(np.float64(0.21249766187667846), np.float64(-0.005272259521484357), np.float64(0.169001227684021)) (gap_width=12.5mm, z범위 above=0.2870~insert=0.1330)

[ik] above-slot target=[ 0.24049766 -0.00527226  0.28700123]  arm_q=[-5.1308346e-01  4.4076160e-01  8.6771065e-01 -1.4644116e-05
  1.8327388e+00  4.1990781e+00]
    [above k=   0] tablet_z=+482.40mm bag_com=[0.00556649 0.25865906 0.5243349 ]
    [above k=  40] tablet_z=+481.19mm bag_com=[0.00947222 0.257621   0.5229573 ]
    [above k=  80] tablet_z=+473.29mm bag_com=[0.03073719 0.24733572 0.5147723 ]
    [above k= 120] tablet_z=+456.13mm bag_com=[0.0715946  0.22224738 0.49524722]
    [above k= 160] tablet_z=+423.84mm bag_com=[0.11793171 0.1782257  0.46108633]
    [above k= 200] tablet_z=+376.71mm bag_com=[0.1565099  0.12721895 0.4130621 ]
    [above k= 240] tablet_z=+320.97mm bag_com=[0.18447477 0.07854235 0.3580686 ]
    [above k= 280] tablet_z=+271.65mm bag_com=[0.20126231 0.03899125 0.30684108]
    [above k= 320] tablet_z=+236.72mm bag_com=[0.20959961 0.01176398 0.27006882]
    [above k= 360] tablet_z=+219.67mm bag_com=[ 0.21234043 -0.00360967  0.25258142]
[phase] above    @done  bag_com=[ 0.21277367 -0.00878774  0.24977084]  finger_z=0.2868  tablet_z=+216.87mm  tilt=7.3deg  bag_bottom=0.2044
[phase] aboveset @done  bag_com=[ 0.21284081 -0.00689245  0.24948794]  finger_z=0.2868  tablet_z=+209.45mm  tilt=5.7deg  bag_bottom=0.2043
[ik] insert target=[ 0.24049766 -0.00527226  0.13300123]  웨이포인트 41개(카테시안 직선)  arm_q=[-5.1307625e-01  4.2122802e-01  1.3185076e+00  8.6188447e-05
  1.4014751e+00  4.1990948e+00]
    [insert k=   0] tablet_z=+209.23mm bag_com=[ 0.21279086 -0.00687636  0.24933   ]
    [insert k=  40] tablet_z=+206.30mm bag_com=[ 0.21284215 -0.00708319  0.24797328]
    [insert k=  80] tablet_z=+198.57mm bag_com=[ 0.21289334 -0.00706898  0.24029708]
    [insert k= 120] tablet_z=+182.21mm bag_com=[ 0.21289209 -0.0073106   0.22390386]
    [insert k= 160] tablet_z=+158.43mm bag_com=[ 0.21289295 -0.00708046  0.19996344]
    [insert k= 200] tablet_z=+130.53mm bag_com=[ 0.21290292 -0.00701133  0.17177746]
    [insert k= 240] tablet_z=+102.51mm bag_com=[ 0.2129181  -0.00731177  0.14372106]
    [insert k= 280] tablet_z=+79.07mm bag_com=[ 0.2135761  -0.00255792  0.11981843]
    [insert k= 320] tablet_z=+63.99mm bag_com=[ 0.21317995 -0.00309482  0.10404067]
    [insert k= 360] tablet_z=+55.65mm bag_com=[ 0.21294369 -0.00821492  0.09678485]
[phase] insert   @done  bag_com=[ 0.2129658  -0.00618352  0.09540723]  finger_z=0.1328  tablet_z=+54.11mm  tilt=5.4deg  bag_bottom=0.0503
[phase] settle2  @done  bag_com=[ 0.2129812  -0.00687667  0.09541295]  finger_z=0.1328  tablet_z=+53.71mm  tilt=5.9deg  bag_bottom=0.0503
[trim] TRIM_ROUNDS=0 — 생략(기본값). settle2 시점 bag_bottom 오차 +0.7mm 를 그대로 결과로 쓴다.
[trim] 최종 finger_z=0.1330  (초기 0.1330, 하한 0.1030)

[phase] 9 clamp (4.3s) — Left_Wall +6.0mm -> -12.0mm (실링부 압착)
    [clamp t= 0.00s] wall=  +6.00mm v=  -0.10mm/s  본체면 잔여 +23.50mm  bag_com=[ 0.21298152 -0.00689024  0.09541345]
    [clamp t= 0.17s] wall=  +5.69mm v=  -3.49mm/s  본체면 잔여 +23.19mm  bag_com=[ 0.212987   -0.00706161  0.09541643]
    [clamp t= 0.34s] wall=  +4.80mm v=  -6.88mm/s  본체면 잔여 +22.30mm  bag_com=[ 0.21298955 -0.00705747  0.0954121 ]
    [clamp t= 0.51s] wall=  +3.33mm v= -10.27mm/s  본체면 잔여 +20.83mm  bag_com=[ 0.21299489 -0.00705265  0.09540579]
    [clamp t= 0.68s] wall=  +1.29mm v= -13.66mm/s  본체면 잔여 +18.79mm  bag_com=[ 0.21299577 -0.00659745  0.09538146]
    [clamp t= 0.85s] wall=  -1.33mm v= -17.06mm/s  본체면 잔여 +16.17mm  bag_com=[ 0.2130336  -0.00536905  0.09533148]
    [clamp t= 1.02s] wall=  -4.53mm v= -20.41mm/s  본체면 잔여 +12.97mm  bag_com=[ 0.21314949 -0.00364251  0.09535173]
    [clamp t= 1.19s] wall=  -8.27mm v= -24.22mm/s  본체면 잔여  +9.23mm  bag_com=[ 0.21323752 -0.00207544  0.09553672]
    [clamp t= 1.36s] wall= -12.33mm v= -44.31mm/s  본체면 잔여  +5.17mm  bag_com=[ 0.21325111 -0.00134629  0.09580991]
    [clamp t= 1.53s] wall= -17.04mm v=-115.24mm/s  본체면 잔여  +0.46mm  bag_com=[ 0.21338929 -0.00029867  0.09615459]
    [clamp t= 1.70s] wall= -17.75mm v= -31.17mm/s  본체면 잔여  -0.25mm  bag_com=[ 2.1341494e-01 -1.8828954e-05  9.6188083e-02]
    [clamp t= 1.87s] wall= -16.44mm v= -34.47mm/s  본체면 잔여  +1.06mm  bag_com=[2.1342194e-01 9.1582180e-05 9.6164785e-02]
    [clamp t= 2.04s] wall= -16.36mm v=  +7.49mm/s  본체면 잔여  +1.14mm  bag_com=[2.1343385e-01 1.5157065e-04 9.6134804e-02]
    [clamp t= 2.21s] wall= -16.51mm v= +15.60mm/s  본체면 잔여  +0.99mm  bag_com=[2.1344423e-01 2.1023140e-04 9.6106172e-02]
    [clamp t= 2.38s] wall= -16.61mm v= +10.98mm/s  본체면 잔여  +0.89mm  bag_com=[0.21344791 0.00025752 0.09608027]
    [clamp t= 2.55s] wall= -16.65mm v=  +5.01mm/s  본체면 잔여  +0.85mm  bag_com=[0.21344985 0.00029674 0.0960579 ]
    [clamp t= 2.72s] wall= -16.66mm v=  +1.12mm/s  본체면 잔여  +0.84mm  bag_com=[0.21345277 0.00033028 0.09603801]
    [clamp t= 2.89s] wall= -16.65mm v=  -0.56mm/s  본체면 잔여  +0.85mm  bag_com=[0.21345475 0.00035883 0.0960196 ]
    [clamp t= 3.06s] wall= -16.64mm v=  -0.89mm/s  본체면 잔여  +0.86mm  bag_com=[0.21345553 0.00038623 0.09600229]
    [clamp t= 3.23s] wall= -16.63mm v=  -0.65mm/s  본체면 잔여  +0.87mm  bag_com=[0.21345462 0.0004156  0.09598623]
    [clamp t= 3.40s] wall= -16.63mm v=  -0.33mm/s  본체면 잔여  +0.87mm  bag_com=[0.21345231 0.00044413 0.09597259]
    [clamp t= 3.57s] wall= -16.63mm v=  -0.11mm/s  본체면 잔여  +0.87mm  bag_com=[0.21344782 0.00046989 0.09596208]
    [clamp t= 3.74s] wall= -16.64mm v=  -0.01mm/s  본체면 잔여  +0.86mm  bag_com=[0.21341047 0.00045064 0.09596514]
    [clamp t= 3.91s] wall= -16.64mm v=  +0.02mm/s  본체면 잔여  +0.86mm  bag_com=[0.21336208 0.00038588 0.0959753 ]
    [clamp t= 4.08s] wall= -16.64mm v=  +0.01mm/s  본체면 잔여  +0.86mm  bag_com=[0.21335351 0.00038531 0.09597756]
    [clamp t= 4.25s] wall= -16.65mm v=  -0.00mm/s  본체면 잔여  +0.85mm  bag_com=[0.21334773 0.0003834  0.09598369]
[phase] clamp    @done  wall=-16.65mm  (잔여: 플랜지면 -4.15mm / 본체면 0.85mm)  bag_com=[0.21334675 0.00038266 0.09598645]
    [release k=   0] tablet_z=+58.01mm bag_com=[0.21334663 0.00038227 0.09598675]
    [release k=  40] tablet_z=+58.05mm bag_com=[0.21321781 0.0022098  0.09503932]
    [release k=  80] tablet_z=+58.10mm bag_com=[0.2130387  0.00560294 0.0944851 ]
[phase] release  @done  bag_com=[0.21304612 0.0060117  0.09432851]  finger_z=0.1345  tablet_z=+58.12mm  tilt=10.6deg  bag_bottom=0.0541

[RESULT] GRIP_OFFSET_MM=-28mm  Y_OFFSET_MM=+0.0mm  verdict=PASS  (삽입 성공, 걸림/붕괴 없음)
[RESULT] final_bottom_z=0.0541  wall_center_z=0.0510  오차=+3.1mm(+면 얕음/-면 깊음)
[RESULT] width_y=31.9mm(baseline 15.0mm)  height_z=81.9mm(baseline 90.7mm)
[SUMMARY] flange=ON mode=force v=8.0mm/s F=100N kp=5000 hold=0 wall=-16.65mm body_gap=+0.85mm stalled=N drop=+0.1mm tilt=10.6deg width=31.9mm reach_err=+3.1mm verdict=PASS

[saved] overview -> C:\Crusher_isaacsim\Crusher_Genesis\Crusher_M0609_RG2_Tablet_Samplebag\RESULT_F2_A100\grip-28mm\full_workflow_grip-28mm_yoff+0.0mm_20260831_182053_overview.mp4
[saved] bagcam   -> C:\Crusher_isaacsim\Crusher_Genesis\Crusher_M0609_RG2_Tablet_Samplebag\RESULT_F2_A100\grip-28mm\full_workflow_grip-28mm_yoff+0.0mm_20260831_182053_bagcam.mp4
[saved] sideview -> C:\Crusher_isaacsim\Crusher_Genesis\Crusher_M0609_RG2_Tablet_Samplebag\RESULT_F2_A100\grip-28mm\full_workflow_grip-28mm_yoff+0.0mm_20260831_182053_sideview.mp4

[timing] build=12.1s  steps=389.5s (2892 steps, 134.7ms/step)  합계=401.6s
완료.
