============================================================
 Full workflow: tablet drop -> bag catch -> grasp -> lift -> Crusher slot insert (viewer=False)
============================================================
[mjcf] Left_Wall 반사 관성 armature=100.0kg (링크 질량 0.312kg + 랙/피니언/감속기/로터). 100N -> 1.0 m/s^2, kv 안정 한계 40125
[mjcf] Left_Wall 형상 교체: 옛 geom 12개(시각 1 + hull 11) -> 본체 hull 5개 + 플랜지 1개 + 시각 1개. 플랜지 = 충돌+시각. 중립 간격 플랜지 12.50mm / 본체 17.50mm
[fem_ipc_workarounds] FEMEntity.set_vertex_constraints 패치 완료 (IPC 커플러 버그 우회)
[38;5;226m[Genesis] [18:37:06] [WARNING] At least one of the meshes contain many faces (15432). Consider setting 'morph.decimate=True' to speed up collision detection and improve numerical stability.[0m
[38;5;226m[Genesis] [18:37:06] [WARNING] At least one of the meshes contain many faces (15762). Consider setting 'morph.decimate=True' to speed up collision detection and improve numerical stability.[0m
[38;5;226m[Genesis] [18:37:06] [WARNING] Mesh is not watertight. Falling back to convex hull for estimating inertial properties.[0m
[38;5;226m[Genesis] [18:37:07] [WARNING] Mesh is not watertight. Falling back to convex hull for estimating inertial properties.[0m
[38;5;226m[Genesis] [18:37:07] [WARNING] At least one of the meshes contain many faces (12522). Consider setting 'morph.decimate=True' to speed up collision detection and improve numerical stability.[0m
[38;5;226m[Genesis] [18:37:07] [WARNING] Mesh is not watertight. Falling back to convex hull for estimating inertial properties.[0m
[38;5;226m[Genesis] [18:37:07] [WARNING] Mesh is not watertight. Falling back to convex hull for estimating inertial properties.[0m
[38;5;226m[Genesis] [18:37:07] [WARNING] Mesh is not watertight. Falling back to convex hull for estimating inertial properties.[0m
[38;5;226m[Genesis] [18:37:07] [WARNING] Mesh is not watertight. Falling back to convex hull for estimating inertial properties.[0m
[38;5;226m[Genesis] [18:37:07] [WARNING] Mesh is not watertight. Falling back to convex hull for estimating inertial properties.[0m
[38;5;226m[Genesis] [18:37:07] [WARNING] Mesh is not watertight. Falling back to convex hull for estimating inertial properties.[0m
[38;5;226m[Genesis] [18:37:07] [WARNING] Mesh is not watertight. Falling back to convex hull for estimating inertial properties.[0m
[38;5;226m[Genesis] [18:37:07] [WARNING] Mesh is not watertight. Falling back to convex hull for estimating inertial properties.[0m
[38;5;226m[Genesis] [18:37:07] [WARNING] Mesh is not watertight. Falling back to convex hull for estimating inertial properties.[0m
[38;5;226m[Genesis] [18:37:07] [WARNING] Mesh is not watertight. Falling back to convex hull for estimating inertial properties.[0m
[38;5;226m[Genesis] [18:37:07] [WARNING] Mesh is not watertight. Falling back to convex hull for estimating inertial properties.[0m
[38;5;226m[Genesis] [18:37:07] [WARNING] Mesh is not watertight. Falling back to convex hull for estimating inertial properties.[0m
[38;5;226m[Genesis] [18:37:07] [WARNING] Mesh is not watertight. Falling back to convex hull for estimating inertial properties.[0m
[38;5;226m[Genesis] [18:37:07] [WARNING] Mesh is not watertight. Falling back to convex hull for estimating inertial properties.[0m
[38;5;226m[Genesis] [18:37:07] [WARNING] Mesh is not watertight. Falling back to convex hull for estimating inertial properties.[0m
[38;5;226m[Genesis] [18:37:08] [WARNING] At least one of the meshes contain many faces (27466). Consider setting 'morph.decimate=True' to speed up collision detection and improve numerical stability.[0m
[38;5;226m[Genesis] [18:37:08] [WARNING] Mesh is not watertight. Falling back to convex hull for estimating inertial properties.[0m
[38;5;226m[Genesis] [18:37:08] [WARNING] Mesh is not watertight. Falling back to convex hull for estimating inertial properties.[0m
[38;5;226m[Genesis] [18:37:08] [WARNING] Mesh is not watertight. Falling back to convex hull for estimating inertial properties.[0m
[38;5;226m[Genesis] [18:37:08] [WARNING] Mesh is not watertight. Falling back to convex hull for estimating inertial properties.[0m
[38;5;226m[Genesis] [18:37:08] [WARNING] Mesh is not watertight. Falling back to convex hull for estimating inertial properties.[0m

[build] scene.build() 시작...
[38;5;226m[Genesis] [18:37:08] [WARNING] Link 'L4_Motor2_Shaft_1' has dubious center of mass [x=0.000, y=-0.037, z=0.015] compared to the bounding box from geometry [x=(-0.018, 0.018), y=(-0.018, 0.018), z=(-0.000, 0.077)].[0m
[38;5;226m[Genesis] [18:37:08] [WARNING] Link 'M_Bottom_1' has dubious center of mass [x=0.166, y=0.030, z=-0.073] compared to the bounding box from geometry [x=(0.106, 0.155), y=(-0.011, 0.071), z=(-0.078, -0.068)].[0m
[38;5;226m[Genesis] [18:37:08] [WARNING] Link 'M_Back_1' has dubious center of mass [x=0.003, y=0.021, z=0.011] compared to the bounding box from geometry [x=(-0.035, -0.030), y=(-0.033, 0.076), z=(-0.005, 0.028)].[0m
[38;5;226m[Genesis] [18:37:08] [WARNING] Link 'M_Left1_1' has dubious center of mass [x=-0.025, y=-0.002, z=-0.014] compared to the bounding box from geometry [x=(-0.088, -0.032), y=(-0.005, -0.000), z=(-0.038, 0.010)].[0m
[38;5;226m[Genesis] [18:37:08] [WARNING] Link 'M_Right1_1' has dubious center of mass [x=-0.025, y=0.003, z=-0.014] compared to the bounding box from geometry [x=(-0.087, -0.033), y=(0.000, 0.005), z=(-0.038, 0.010)].[0m
[38;5;226m[Genesis] [18:37:08] [WARNING] Link 'M_Top_1' has dubious center of mass [x=-0.024, y=0.028, z=0.005] compared to the bounding box from geometry [x=(-0.088, -0.032), y=(-0.031, 0.088), z=(-0.000, 0.010)].[0m
[38;5;226m[Genesis] [18:37:08] [WARNING] Link 'M_LeftLink_1' has dubious center of mass [x=-0.002, y=0.005, z=0.046] compared to the bounding box from geometry [x=(-0.040, -0.035), y=(-0.005, 0.015), z=(-0.005, 0.095)].[0m
[38;5;226m[Genesis] [18:37:08] [WARNING] Link 'M_RightLink_1' has dubious center of mass [x=-0.002, y=-0.005, z=0.046] compared to the bounding box from geometry [x=(-0.040, -0.035), y=(-0.015, 0.005), z=(-0.005, 0.095)].[0m
[38;5;226m[Genesis] [18:37:08] [WARNING] Link 'M_LeftLink2_copy_1' has dubious center of mass [x=-0.005, y=-0.005, z=0.021] compared to the bounding box from geometry [x=(-0.044, -0.032), y=(-0.015, 0.005), z=(-0.000, 0.045)].[0m
[38;5;226m[Genesis] [18:37:08] [WARNING] Link 'link_2' has dubious center of mass [x=0.000, y=0.000, z=0.000] compared to the bounding box from geometry [x=(-0.068, 0.479), y=(-0.069, 0.069), z=(0.082, 0.274)].[0m
[38;5;226m[Genesis] [18:37:08] [WARNING] Constraint solver time constant should be greater than 2*substep_dt. timeconst is changed from `0.0002` to `0.01`). Decrease simulation timestep or increase timeconst to avoid altering the original value.[0m
[38;5;226m[Genesis] [18:37:09] [WARNING] Filtered out geometry pairs causing self-collision for the neutral configuration (qpos0): (91, 114), (104, 106). Consider tuning Morph option 'decompose_robot_error_threshold' or specify dedicated collision meshes. This behavior can be disabled by setting Morph option 'enable_neutral_collision=True'.[0m
C:\Users\simuser\miniconda3\envs\crusher_genesis\Lib\site-packages\quadrants\_test_tools\warnings_helper.py:11: UserWarning: cannot create weak reference to 'tuple' object. Template mapper caching disabled.
  warnings.warn(message)
[verify] L2_Left_Wall1_1 충돌 geom 6개 / 시각 geom 3개  (플랜지 접촉=ON, 기대 충돌 6개)
[build] 성공 (11.5s)
[bag] shape 고정: 714/714 정점(바닥+양측면), 입구는 자유
[slot] 간격축 = world Y (겹침 -12.5mm), 슬롯 길이축 = world X (겹침 +65.0mm)
[slot] gap_cx=0.2125 gap_cy=-0.0053 gap_width=12.5mm wall_top_z=0.0870
[slot] pocket(L1_Wall1_1) center=(0.1745,0.0330)
[ctrl] Left_Wall armature=100.0kg (런타임 API) — 유효 질량 100.31kg, 100N -> 1.0 m/s^2, kv 안정 한계 40125 (현재 500)
[ctrl] Left_Wall force clip: ±100 N (Motor2 ctrlrange, docs/Crusher.md §5) — 벽은 이 힘에서 균형지는 위치에 멈춘다
[bag] grip_strip verts near FINGER_MID: 76
[38;5;226m[Genesis] [18:37:20] [WARNING] fps=30 is not reachable with dt=0.005. Recording at fps=28.57142857142857 instead.[0m
[38;5;226m[Genesis] [18:37:20] [WARNING] fps=30 is not reachable with dt=0.005. Recording at fps=28.57142857142857 instead.[0m
[38;5;226m[Genesis] [18:37:20] [WARNING] fps=30 is not reachable with dt=0.005. Recording at fps=28.57142857142857 instead.[0m

[phase] 0 prep (1.0s) — 크랭크 0->-3.142rad(-180deg), Left_Wall 0->+6mm(개방)
[phase] prep     @done  crank=-3.000rad  wall=+5.46mm
    [drop k=   0] tablet_z=+411.32mm bag_com=[0.00646321 0.2561791  0.39925352]
    [drop k=  40] tablet_z=+410.30mm bag_com=[0.00646321 0.2561791  0.39925352]
    [drop k=  80] tablet_z=+407.77mm bag_com=[0.00646321 0.2561791  0.39925352]
    [drop k= 120] tablet_z=+398.80mm bag_com=[0.00646321 0.2561791  0.39925352]
[phase] drop     @done  bag_com=[0.00646321 0.2561791  0.39925352]  finger_z=0.4378  tablet_z=+389.63mm  tilt=0.8deg  bag_bottom=0.3543
[phase] settle   @done  bag_com=[0.00646321 0.2561791  0.39925352]  finger_z=0.4378  tablet_z=+378.89mm  tilt=0.8deg  bag_bottom=0.3543
[bag] shape 고정 해제 — 이제부터 순수 마찰 파지
[phase] close    @done  bag_com=[0.00643299 0.25566533 0.3988008 ]  finger_z=0.4360  tablet_z=+377.83mm  tilt=0.7deg  bag_bottom=0.3538
[phase] grasp    @done  bag_com=[0.006404   0.2557023  0.39880472]  finger_z=0.4361  tablet_z=+361.64mm  tilt=0.8deg  bag_bottom=0.3538
[phase] lift     @done  bag_com=[0.00562681 0.2588135  0.524362  ]  finger_z=0.5620  tablet_z=+482.79mm  tilt=1.2deg  bag_bottom=0.4791
[phase] hold     @done  bag_com=[0.00559676 0.25866288 0.5243447 ]  finger_z=0.5620  tablet_z=+482.62mm  tilt=1.3deg  bag_bottom=0.4791
[slot] wall_center_z=0.0510  insert_z(finger)=0.1330  hang=82mm
[slot] 봉투중심 보정 dy=+0.0mm -> finger_y=-0.0053 (봉투중심 y=-0.0053 = gap_cy -0.0053)
[slot] 봉투중심 보정 dx=-28.0mm -> finger_x=0.2405 (봉투중심 x=0.2125 = gap_cx 0.2125) — 실링이 측벽에 물린다
[sweep] Y_OFFSET_MM=+0.0mm -> target_xy=[ 0.24049766 -0.00527226]  (gap_cy=-0.0053)
[cam] side view 고정: pos=(np.float64(0.21249766187667846), np.float64(-0.5552722595214844), np.float64(0.169001227684021)) look=(np.float64(0.21249766187667846), np.float64(-0.005272259521484357), np.float64(0.169001227684021)) (gap_width=12.5mm, z범위 above=0.2870~insert=0.1330)

[ik] above-slot target=[ 0.24049766 -0.00527226  0.28700123]  arm_q=[-5.1308471e-01  4.4076249e-01  8.6770880e-01 -1.1714641e-05
  1.8327410e+00  4.1990771e+00]
    [above k=   0] tablet_z=+482.62mm bag_com=[0.00559683 0.25866252 0.52434456]
    [above k=  40] tablet_z=+481.08mm bag_com=[0.00951093 0.25765988 0.5229805 ]
    [above k=  80] tablet_z=+473.02mm bag_com=[0.03074376 0.24754286 0.5147378 ]
    [above k= 120] tablet_z=+454.26mm bag_com=[0.07090607 0.2211925  0.4951461 ]
    [above k= 160] tablet_z=+421.52mm bag_com=[0.11872974 0.1786355  0.46114677]
    [above k= 200] tablet_z=+374.11mm bag_com=[0.15851156 0.12689914 0.41308266]
    [above k= 240] tablet_z=+323.08mm bag_com=[0.18728781 0.07625698 0.35802555]
    [above k= 280] tablet_z=+272.85mm bag_com=[0.20158504 0.03760523 0.30696306]
    [above k= 320] tablet_z=+237.36mm bag_com=[0.20994587 0.00742619 0.2702353 ]
    [above k= 360] tablet_z=+219.85mm bag_com=[ 0.21232966 -0.00583224  0.25272632]
[phase] above    @done  bag_com=[ 0.21268253 -0.00731542  0.24968262]  finger_z=0.2868  tablet_z=+216.67mm  tilt=6.2deg  bag_bottom=0.2043
[phase] aboveset @done  bag_com=[ 0.2128217  -0.00704517  0.24949874]  finger_z=0.2868  tablet_z=+211.72mm  tilt=5.8deg  bag_bottom=0.2043
[ik] insert target=[ 0.24049766 -0.00527226  0.13300123]  웨이포인트 41개(카테시안 직선)  arm_q=[-5.1307714e-01  4.2122862e-01  1.3185065e+00  8.7909088e-05
  1.4014761e+00  4.1990933e+00]
    [insert k=   0] tablet_z=+211.52mm bag_com=[ 0.21277246 -0.00703801  0.24934144]
    [insert k=  40] tablet_z=+207.88mm bag_com=[ 0.21282093 -0.00693518  0.24796796]
    [insert k=  80] tablet_z=+198.91mm bag_com=[ 0.2128473  -0.00707586  0.24033517]
    [insert k= 120] tablet_z=+182.47mm bag_com=[ 0.21287082 -0.00718472  0.22390059]
    [insert k= 160] tablet_z=+161.31mm bag_com=[ 0.21286394 -0.00585893  0.19992208]
    [insert k= 200] tablet_z=+136.25mm bag_com=[ 0.21286216 -0.00710043  0.17179736]
    [insert k= 240] tablet_z=+108.93mm bag_com=[ 0.21297908 -0.00490033  0.14361952]
    [insert k= 280] tablet_z=+84.71mm bag_com=[ 0.21291928 -0.00642657  0.12004882]
    [insert k= 320] tablet_z=+66.79mm bag_com=[ 0.21294266 -0.00610667  0.10403787]
    [insert k= 360] tablet_z=+56.94mm bag_com=[ 0.21295081 -0.00714916  0.09667086]
[phase] insert   @done  bag_com=[ 0.21296093 -0.00672809  0.09540831]  finger_z=0.1328  tablet_z=+53.83mm  tilt=5.8deg  bag_bottom=0.0503
[phase] settle2  @done  bag_com=[ 0.21298581 -0.00694006  0.09539231]  finger_z=0.1328  tablet_z=+53.68mm  tilt=6.0deg  bag_bottom=0.0503
[trim] TRIM_ROUNDS=0 — 생략(기본값). settle2 시점 bag_bottom 오차 +0.7mm 를 그대로 결과로 쓴다.
[trim] 최종 finger_z=0.1330  (초기 0.1330, 하한 0.1030)

[phase] 9 clamp (4.3s) — Left_Wall +6.0mm -> -12.0mm (실링부 압착)
    [clamp t= 0.00s] wall=  +5.99mm v=  -1.99mm/s  본체면 잔여 +23.49mm  bag_com=[ 0.21298592 -0.00694312  0.09539223]
    [clamp t= 0.17s] wall=  -0.28mm v= -69.83mm/s  본체면 잔여 +17.22mm  bag_com=[ 0.21302843 -0.00622315  0.09537117]
    [clamp t= 0.34s] wall= -18.49mm v=-174.25mm/s  본체면 잔여  -0.99mm  bag_com=[ 0.21328819 -0.00067204  0.09608989]
    [clamp t= 0.51s] wall= -14.79mm v= -19.53mm/s  본체면 잔여  +2.71mm  bag_com=[ 0.21336792 -0.00045488  0.09617539]
    [clamp t= 0.68s] wall= -15.90mm v= -49.71mm/s  본체면 잔여  +1.60mm  bag_com=[ 2.1340658e-01 -2.1214971e-04  9.6179076e-02]
    [clamp t= 0.85s] wall= -17.17mm v= +62.02mm/s  본체면 잔여  +0.33mm  bag_com=[ 2.1341613e-01 -9.3903989e-05  9.6160501e-02]
    [clamp t= 1.02s] wall= -17.22mm v= -17.60mm/s  본체면 잔여  +0.28mm  bag_com=[ 2.1341579e-01 -2.1384178e-05  9.6130304e-02]
    [clamp t= 1.19s] wall= -16.91mm v= -23.65mm/s  본체면 잔여  +0.59mm  bag_com=[2.1340804e-01 1.1246440e-05 9.6103430e-02]
    [clamp t= 1.36s] wall= -16.76mm v= -14.39mm/s  본체면 잔여  +0.74mm  bag_com=[2.1340238e-01 4.0228242e-05 9.6078224e-02]
    [clamp t= 1.53s] wall= -16.71mm v=  -6.10mm/s  본체면 잔여  +0.79mm  bag_com=[2.1339929e-01 6.9512738e-05 9.6054763e-02]
    [clamp t= 1.70s] wall= -16.71mm v=  -1.36mm/s  본체면 잔여  +0.79mm  bag_com=[2.1339996e-01 9.8987090e-05 9.6033312e-02]
    [clamp t= 1.87s] wall= -16.73mm v=  +0.57mm/s  본체면 잔여  +0.77mm  bag_com=[2.1340139e-01 1.2748536e-04 9.6013620e-02]
    [clamp t= 2.04s] wall= -16.74mm v=  +0.95mm/s  본체면 잔여  +0.76mm  bag_com=[2.1340208e-01 1.5660415e-04 9.5994838e-02]
    [clamp t= 2.21s] wall= -16.75mm v=  +0.72mm/s  본체면 잔여  +0.75mm  bag_com=[2.1340193e-01 1.8828861e-04 9.5976651e-02]
    [clamp t= 2.38s] wall= -16.76mm v=  +0.38mm/s  본체면 잔여  +0.74mm  bag_com=[0.21340466 0.00023005 0.09595919]
    [clamp t= 2.55s] wall= -16.76mm v=  +0.14mm/s  본체면 잔여  +0.74mm  bag_com=[0.2134051  0.00026469 0.09594374]
    [clamp t= 2.72s] wall= -16.76mm v=  +0.01mm/s  본체면 잔여  +0.74mm  bag_com=[0.21340396 0.00029401 0.09593094]
    [clamp t= 2.89s] wall= -16.76mm v=  -0.04mm/s  본체면 잔여  +0.74mm  bag_com=[0.21340227 0.00032255 0.0959202 ]
    [clamp t= 3.06s] wall= -16.77mm v=  -0.05mm/s  본체면 잔여  +0.73mm  bag_com=[0.21340056 0.00035127 0.09591074]
    [clamp t= 3.23s] wall= -16.77mm v=  -0.04mm/s  본체면 잔여  +0.73mm  bag_com=[0.21339846 0.00038082 0.09590267]
    [clamp t= 3.40s] wall= -16.78mm v=  -0.04mm/s  본체면 잔여  +0.72mm  bag_com=[0.2133373  0.0003075  0.09590693]
    [clamp t= 3.57s] wall= -16.78mm v=  -0.04mm/s  본체면 잔여  +0.72mm  bag_com=[0.21332008 0.0002977  0.09590312]
    [clamp t= 3.74s] wall= -16.79mm v=  -0.03mm/s  본체면 잔여  +0.71mm  bag_com=[0.21331479 0.00030867 0.09589548]
    [clamp t= 3.91s] wall= -16.79mm v=  -0.03mm/s  본체면 잔여  +0.71mm  bag_com=[0.21331063 0.00032125 0.09588857]
    [clamp t= 4.08s] wall= -16.80mm v=  -0.03mm/s  본체면 잔여  +0.70mm  bag_com=[0.2133071  0.00033513 0.09588245]
    [clamp t= 4.25s] wall= -16.80mm v=  -0.03mm/s  본체면 잔여  +0.70mm  bag_com=[0.21330497 0.00035147 0.09587698]
[phase] clamp    @done  wall=-16.81mm  (잔여: 플랜지면 -4.31mm / 본체면 0.69mm)  bag_com=[0.21330453 0.00035716 0.09587529]
    [release k=   0] tablet_z=+58.28mm bag_com=[0.21330456 0.00035769 0.09587506]
    [release k=  40] tablet_z=+58.33mm bag_com=[0.21313429 0.00223903 0.09498387]
    [release k=  80] tablet_z=+58.39mm bag_com=[0.2129498  0.00568572 0.09441397]
[phase] release  @done  bag_com=[0.21295123 0.00612303 0.09424596]  finger_z=0.1345  tablet_z=+58.41mm  tilt=10.4deg  bag_bottom=0.0542

[RESULT] GRIP_OFFSET_MM=-28mm  Y_OFFSET_MM=+0.0mm  verdict=PASS  (삽입 성공, 걸림/붕괴 없음)
[RESULT] final_bottom_z=0.0542  wall_center_z=0.0510  오차=+3.2mm(+면 얕음/-면 깊음)
[RESULT] width_y=31.3mm(baseline 15.0mm)  height_z=81.5mm(baseline 90.7mm)
[SUMMARY] flange=ON mode=force v=8.0mm/s F=100N kp=5000 hold=0 wall=-16.81mm body_gap=+0.69mm stalled=N drop=+0.1mm tilt=10.4deg width=31.3mm reach_err=+3.2mm verdict=PASS

[saved] overview -> C:\Crusher_isaacsim\Crusher_Genesis\Crusher_M0609_RG2_Tablet_Samplebag\RESULT_F40_A100\grip-28mm\full_workflow_grip-28mm_yoff+0.0mm_20260831_183659_overview.mp4
[saved] bagcam   -> C:\Crusher_isaacsim\Crusher_Genesis\Crusher_M0609_RG2_Tablet_Samplebag\RESULT_F40_A100\grip-28mm\full_workflow_grip-28mm_yoff+0.0mm_20260831_183659_bagcam.mp4
[saved] sideview -> C:\Crusher_isaacsim\Crusher_Genesis\Crusher_M0609_RG2_Tablet_Samplebag\RESULT_F40_A100\grip-28mm\full_workflow_grip-28mm_yoff+0.0mm_20260831_183659_sideview.mp4

[timing] build=11.5s  steps=377.3s (2892 steps, 130.4ms/step)  합계=388.8s
완료.
