============================================================
 Full workflow: tablet drop -> bag catch -> grasp -> lift -> Crusher slot insert (viewer=False)
============================================================
[mjcf] Left_Wall 반사 관성 armature=10.0kg (링크 질량 0.312kg + 랙/피니언/감속기/로터). 100N -> 9.7 m/s^2, kv 안정 한계 4125
[mjcf] Left_Wall 형상 교체: 옛 geom 12개(시각 1 + hull 11) -> 본체 hull 5개 + 플랜지 1개 + 시각 1개. 플랜지 = 충돌+시각. 중립 간격 플랜지 12.50mm / 본체 17.50mm
[fem_ipc_workarounds] FEMEntity.set_vertex_constraints 패치 완료 (IPC 커플러 버그 우회)
[38;5;226m[Genesis] [18:20:57] [WARNING] At least one of the meshes contain many faces (15432). Consider setting 'morph.decimate=True' to speed up collision detection and improve numerical stability.[0m
[38;5;226m[Genesis] [18:20:57] [WARNING] At least one of the meshes contain many faces (15762). Consider setting 'morph.decimate=True' to speed up collision detection and improve numerical stability.[0m
[38;5;226m[Genesis] [18:20:57] [WARNING] Mesh is not watertight. Falling back to convex hull for estimating inertial properties.[0m
[38;5;226m[Genesis] [18:20:57] [WARNING] Mesh is not watertight. Falling back to convex hull for estimating inertial properties.[0m
[38;5;226m[Genesis] [18:20:57] [WARNING] At least one of the meshes contain many faces (12522). Consider setting 'morph.decimate=True' to speed up collision detection and improve numerical stability.[0m
[38;5;226m[Genesis] [18:20:58] [WARNING] Mesh is not watertight. Falling back to convex hull for estimating inertial properties.[0m
[38;5;226m[Genesis] [18:20:58] [WARNING] Mesh is not watertight. Falling back to convex hull for estimating inertial properties.[0m
[38;5;226m[Genesis] [18:20:58] [WARNING] Mesh is not watertight. Falling back to convex hull for estimating inertial properties.[0m
[38;5;226m[Genesis] [18:20:58] [WARNING] Mesh is not watertight. Falling back to convex hull for estimating inertial properties.[0m
[38;5;226m[Genesis] [18:20:58] [WARNING] Mesh is not watertight. Falling back to convex hull for estimating inertial properties.[0m
[38;5;226m[Genesis] [18:20:58] [WARNING] Mesh is not watertight. Falling back to convex hull for estimating inertial properties.[0m
[38;5;226m[Genesis] [18:20:58] [WARNING] Mesh is not watertight. Falling back to convex hull for estimating inertial properties.[0m
[38;5;226m[Genesis] [18:20:58] [WARNING] Mesh is not watertight. Falling back to convex hull for estimating inertial properties.[0m
[38;5;226m[Genesis] [18:20:58] [WARNING] Mesh is not watertight. Falling back to convex hull for estimating inertial properties.[0m
[38;5;226m[Genesis] [18:20:58] [WARNING] Mesh is not watertight. Falling back to convex hull for estimating inertial properties.[0m
[38;5;226m[Genesis] [18:20:58] [WARNING] Mesh is not watertight. Falling back to convex hull for estimating inertial properties.[0m
[38;5;226m[Genesis] [18:20:58] [WARNING] Mesh is not watertight. Falling back to convex hull for estimating inertial properties.[0m
[38;5;226m[Genesis] [18:20:58] [WARNING] Mesh is not watertight. Falling back to convex hull for estimating inertial properties.[0m
[38;5;226m[Genesis] [18:20:58] [WARNING] Mesh is not watertight. Falling back to convex hull for estimating inertial properties.[0m
[38;5;226m[Genesis] [18:20:58] [WARNING] Mesh is not watertight. Falling back to convex hull for estimating inertial properties.[0m
[38;5;226m[Genesis] [18:20:58] [WARNING] At least one of the meshes contain many faces (27466). Consider setting 'morph.decimate=True' to speed up collision detection and improve numerical stability.[0m
[38;5;226m[Genesis] [18:20:58] [WARNING] Mesh is not watertight. Falling back to convex hull for estimating inertial properties.[0m
[38;5;226m[Genesis] [18:20:58] [WARNING] Mesh is not watertight. Falling back to convex hull for estimating inertial properties.[0m
[38;5;226m[Genesis] [18:20:58] [WARNING] Mesh is not watertight. Falling back to convex hull for estimating inertial properties.[0m
[38;5;226m[Genesis] [18:20:58] [WARNING] Mesh is not watertight. Falling back to convex hull for estimating inertial properties.[0m
[38;5;226m[Genesis] [18:20:58] [WARNING] Mesh is not watertight. Falling back to convex hull for estimating inertial properties.[0m

[build] scene.build() 시작...
[38;5;226m[Genesis] [18:20:59] [WARNING] Link 'L4_Motor2_Shaft_1' has dubious center of mass [x=0.000, y=-0.037, z=0.015] compared to the bounding box from geometry [x=(-0.018, 0.018), y=(-0.018, 0.018), z=(-0.000, 0.077)].[0m
[38;5;226m[Genesis] [18:20:59] [WARNING] Link 'M_Bottom_1' has dubious center of mass [x=0.166, y=0.030, z=-0.073] compared to the bounding box from geometry [x=(0.106, 0.155), y=(-0.011, 0.071), z=(-0.078, -0.068)].[0m
[38;5;226m[Genesis] [18:20:59] [WARNING] Link 'M_Back_1' has dubious center of mass [x=0.003, y=0.021, z=0.011] compared to the bounding box from geometry [x=(-0.035, -0.030), y=(-0.033, 0.076), z=(-0.005, 0.028)].[0m
[38;5;226m[Genesis] [18:20:59] [WARNING] Link 'M_Left1_1' has dubious center of mass [x=-0.025, y=-0.002, z=-0.014] compared to the bounding box from geometry [x=(-0.088, -0.032), y=(-0.005, -0.000), z=(-0.038, 0.010)].[0m
[38;5;226m[Genesis] [18:20:59] [WARNING] Link 'M_Right1_1' has dubious center of mass [x=-0.025, y=0.003, z=-0.014] compared to the bounding box from geometry [x=(-0.087, -0.033), y=(0.000, 0.005), z=(-0.038, 0.010)].[0m
[38;5;226m[Genesis] [18:20:59] [WARNING] Link 'M_Top_1' has dubious center of mass [x=-0.024, y=0.028, z=0.005] compared to the bounding box from geometry [x=(-0.088, -0.032), y=(-0.031, 0.088), z=(-0.000, 0.010)].[0m
[38;5;226m[Genesis] [18:20:59] [WARNING] Link 'M_LeftLink_1' has dubious center of mass [x=-0.002, y=0.005, z=0.046] compared to the bounding box from geometry [x=(-0.040, -0.035), y=(-0.005, 0.015), z=(-0.005, 0.095)].[0m
[38;5;226m[Genesis] [18:20:59] [WARNING] Link 'M_RightLink_1' has dubious center of mass [x=-0.002, y=-0.005, z=0.046] compared to the bounding box from geometry [x=(-0.040, -0.035), y=(-0.015, 0.005), z=(-0.005, 0.095)].[0m
[38;5;226m[Genesis] [18:20:59] [WARNING] Link 'M_LeftLink2_copy_1' has dubious center of mass [x=-0.005, y=-0.005, z=0.021] compared to the bounding box from geometry [x=(-0.044, -0.032), y=(-0.015, 0.005), z=(-0.000, 0.045)].[0m
[38;5;226m[Genesis] [18:20:59] [WARNING] Link 'link_2' has dubious center of mass [x=0.000, y=0.000, z=0.000] compared to the bounding box from geometry [x=(-0.068, 0.479), y=(-0.069, 0.069), z=(0.082, 0.274)].[0m
[38;5;226m[Genesis] [18:20:59] [WARNING] Constraint solver time constant should be greater than 2*substep_dt. timeconst is changed from `0.0002` to `0.01`). Decrease simulation timestep or increase timeconst to avoid altering the original value.[0m
[38;5;226m[Genesis] [18:21:00] [WARNING] Filtered out geometry pairs causing self-collision for the neutral configuration (qpos0): (91, 114), (104, 106). Consider tuning Morph option 'decompose_robot_error_threshold' or specify dedicated collision meshes. This behavior can be disabled by setting Morph option 'enable_neutral_collision=True'.[0m
C:\Users\simuser\miniconda3\envs\crusher_genesis\Lib\site-packages\quadrants\_test_tools\warnings_helper.py:11: UserWarning: cannot create weak reference to 'tuple' object. Template mapper caching disabled.
  warnings.warn(message)
[verify] L2_Left_Wall1_1 충돌 geom 6개 / 시각 geom 3개  (플랜지 접촉=ON, 기대 충돌 6개)
[build] 성공 (12.8s)
[bag] shape 고정: 714/714 정점(바닥+양측면), 입구는 자유
[slot] 간격축 = world Y (겹침 -12.5mm), 슬롯 길이축 = world X (겹침 +65.0mm)
[slot] gap_cx=0.2125 gap_cy=-0.0053 gap_width=12.5mm wall_top_z=0.0870
[slot] pocket(L1_Wall1_1) center=(0.1745,0.0330)
[ctrl] Left_Wall armature=10.0kg (런타임 API) — 유효 질량 10.31kg, 100N -> 9.7 m/s^2, kv 안정 한계 4125 (현재 500)
[ctrl] Left_Wall force clip: ±100 N (Motor2 ctrlrange, docs/Crusher.md §5) — 벽은 이 힘에서 균형지는 위치에 멈춘다
[bag] grip_strip verts near FINGER_MID: 76
[38;5;226m[Genesis] [18:21:12] [WARNING] fps=30 is not reachable with dt=0.005. Recording at fps=28.57142857142857 instead.[0m
[38;5;226m[Genesis] [18:21:12] [WARNING] fps=30 is not reachable with dt=0.005. Recording at fps=28.57142857142857 instead.[0m
[38;5;226m[Genesis] [18:21:12] [WARNING] fps=30 is not reachable with dt=0.005. Recording at fps=28.57142857142857 instead.[0m

[phase] 0 prep (1.0s) — 크랭크 0->-3.142rad(-180deg), Left_Wall 0->+6mm(개방)
[phase] prep     @done  crank=-3.000rad  wall=+5.43mm
    [drop k=   0] tablet_z=+395.84mm bag_com=[0.00646321 0.2561791  0.39925352]
    [drop k=  40] tablet_z=+392.33mm bag_com=[0.00646321 0.2561791  0.39925352]
    [drop k=  80] tablet_z=+383.25mm bag_com=[0.00646321 0.2561791  0.39925352]
    [drop k= 120] tablet_z=+369.72mm bag_com=[0.00646321 0.2561791  0.39925352]
[phase] drop     @done  bag_com=[0.00646321 0.2561791  0.39925352]  finger_z=0.4378  tablet_z=+362.87mm  tilt=0.8deg  bag_bottom=0.3543
[phase] settle   @done  bag_com=[0.00646321 0.2561791  0.39925352]  finger_z=0.4378  tablet_z=+357.42mm  tilt=0.8deg  bag_bottom=0.3543
[bag] shape 고정 해제 — 이제부터 순수 마찰 파지
[phase] close    @done  bag_com=[0.00643772 0.25570062 0.3988005 ]  finger_z=0.4360  tablet_z=+357.42mm  tilt=0.7deg  bag_bottom=0.3538
[phase] grasp    @done  bag_com=[0.00640291 0.25573453 0.39880538]  finger_z=0.4361  tablet_z=+357.42mm  tilt=0.7deg  bag_bottom=0.3538
[phase] lift     @done  bag_com=[0.00562605 0.25869456 0.52435297]  finger_z=0.5620  tablet_z=+482.87mm  tilt=1.1deg  bag_bottom=0.4791
[phase] hold     @done  bag_com=[0.00558952 0.25861475 0.5243385 ]  finger_z=0.5620  tablet_z=+482.85mm  tilt=1.2deg  bag_bottom=0.4791
[slot] wall_center_z=0.0510  insert_z(finger)=0.1330  hang=82mm
[slot] 봉투중심 보정 dy=+0.0mm -> finger_y=-0.0053 (봉투중심 y=-0.0053 = gap_cy -0.0053)
[slot] 봉투중심 보정 dx=-28.0mm -> finger_x=0.2405 (봉투중심 x=0.2125 = gap_cx 0.2125) — 실링이 측벽에 물린다
[sweep] Y_OFFSET_MM=+0.0mm -> target_xy=[ 0.24049766 -0.00527226]  (gap_cy=-0.0053)
[cam] side view 고정: pos=(np.float64(0.21249766187667846), np.float64(-0.5552722595214844), np.float64(0.169001227684021)) look=(np.float64(0.21249766187667846), np.float64(-0.005272259521484357), np.float64(0.169001227684021)) (gap_width=12.5mm, z범위 above=0.2870~insert=0.1330)

[ik] above-slot target=[ 0.24049766 -0.00527226  0.28700123]  arm_q=[-5.1308435e-01  4.4076210e-01  8.6770982e-01 -1.2583099e-05
  1.8327403e+00  4.1990771e+00]
    [above k=   0] tablet_z=+482.85mm bag_com=[0.00558955 0.2586141  0.5243381 ]
    [above k=  40] tablet_z=+481.53mm bag_com=[0.00948775 0.25771505 0.52297163]
    [above k=  80] tablet_z=+473.50mm bag_com=[0.03075951 0.24726932 0.5147502 ]
    [above k= 120] tablet_z=+454.56mm bag_com=[0.07082572 0.22108077 0.4951029 ]
    [above k= 160] tablet_z=+419.83mm bag_com=[0.11832336 0.17836604 0.46116704]
    [above k= 200] tablet_z=+371.76mm bag_com=[0.16053316 0.1267358  0.41316772]
    [above k= 240] tablet_z=+321.26mm bag_com=[0.18161783 0.08177747 0.35832924]
    [above k= 280] tablet_z=+285.30mm bag_com=[0.20619974 0.02944461 0.3077224 ]
    [above k= 320] tablet_z=+257.86mm bag_com=[0.20950656 0.01263125 0.2701375 ]
    [above k= 360] tablet_z=+243.25mm bag_com=[ 0.2124902  -0.00761397  0.252855  ]
[phase] above    @done  bag_com=[ 0.21267246 -0.00646479  0.24963832]  finger_z=0.2868  tablet_z=+232.14mm  tilt=5.7deg  bag_bottom=0.2043
[phase] aboveset @done  bag_com=[ 0.21281931 -0.0070136   0.24949689]  finger_z=0.2868  tablet_z=+207.73mm  tilt=5.8deg  bag_bottom=0.2043
[ik] insert target=[ 0.24049766 -0.00527226  0.13300123]  웨이포인트 41개(카테시안 직선)  arm_q=[-5.1307726e-01  4.2122877e-01  1.3185064e+00  8.7966037e-05
  1.4014763e+00  4.1990933e+00]
    [insert k=   0] tablet_z=+207.58mm bag_com=[ 0.212769   -0.00700817  0.2493409 ]
    [insert k=  40] tablet_z=+206.22mm bag_com=[ 0.21282156 -0.00703056  0.24797146]
    [insert k=  80] tablet_z=+198.55mm bag_com=[ 0.2128737  -0.00705549  0.2402966 ]
    [insert k= 120] tablet_z=+182.29mm bag_com=[ 0.21287487 -0.00716887  0.2238931 ]
    [insert k= 160] tablet_z=+163.87mm bag_com=[ 0.2129016  -0.00625583  0.19990328]
    [insert k= 200] tablet_z=+137.51mm bag_com=[ 0.21292566 -0.00616384  0.17170995]
    [insert k= 240] tablet_z=+108.71mm bag_com=[ 0.21288727 -0.00684408  0.143703  ]
    [insert k= 280] tablet_z=+88.20mm bag_com=[ 0.21347484 -0.00162143  0.12020721]
    [insert k= 320] tablet_z=+75.53mm bag_com=[ 0.2131264  -0.00311985  0.10405389]
    [insert k= 360] tablet_z=+65.54mm bag_com=[ 0.2129431  -0.00811669  0.09676305]
[phase] insert   @done  bag_com=[ 0.21293762 -0.00642842  0.09541909]  finger_z=0.1328  tablet_z=+55.89mm  tilt=5.6deg  bag_bottom=0.0503
[phase] settle2  @done  bag_com=[ 0.2129615  -0.0068259   0.09540897]  finger_z=0.1328  tablet_z=+53.84mm  tilt=5.9deg  bag_bottom=0.0503
[trim] TRIM_ROUNDS=0 — 생략(기본값). settle2 시점 bag_bottom 오차 +0.7mm 를 그대로 결과로 쓴다.
[trim] 최종 finger_z=0.1330  (초기 0.1330, 하한 0.1030)

[phase] 9 clamp (4.3s) — Left_Wall +6.0mm -> -12.0mm (실링부 압착)
    [clamp t= 0.00s] wall=  +5.90mm v= -19.39mm/s  본체면 잔여 +23.40mm  bag_com=[ 0.21296181 -0.0068296   0.09540891]
    [clamp t= 0.17s] wall= -16.47mm v= +56.85mm/s  본체면 잔여  +1.03mm  bag_com=[ 2.1399830e-01 -5.4099342e-05  9.8315462e-02]
    [clamp t= 0.34s] wall= -17.72mm v=  +2.89mm/s  본체면 잔여  -0.22mm  bag_com=[2.1400180e-01 9.3490555e-05 9.8223969e-02]
    [clamp t= 0.51s] wall= -17.64mm v=  +0.25mm/s  본체면 잔여  -0.14mm  bag_com=[2.1397868e-01 6.3838532e-05 9.8211467e-02]
    [clamp t= 0.68s] wall= -17.61mm v=  +0.14mm/s  본체면 잔여  -0.11mm  bag_com=[2.1396331e-01 4.0602699e-05 9.8202884e-02]
    [clamp t= 0.85s] wall= -17.59mm v=  +0.10mm/s  본체면 잔여  -0.09mm  bag_com=[2.1395013e-01 1.8847173e-05 9.8193236e-02]
    [clamp t= 1.02s] wall= -17.57mm v=  +0.08mm/s  본체면 잔여  -0.07mm  bag_com=[2.1393806e-01 4.8545930e-06 9.8185360e-02]
    [clamp t= 1.19s] wall= -17.56mm v=  +0.06mm/s  본체면 잔여  -0.06mm  bag_com=[ 2.1392831e-01 -3.8621006e-06  9.8177463e-02]
    [clamp t= 1.36s] wall= -17.55mm v=  +0.03mm/s  본체면 잔여  -0.05mm  bag_com=[ 2.1392238e-01 -5.6725917e-06  9.8167866e-02]
    [clamp t= 1.53s] wall= -17.55mm v=  +0.01mm/s  본체면 잔여  -0.05mm  bag_com=[ 2.1391913e-01 -5.0138965e-06  9.8158382e-02]
    [clamp t= 1.70s] wall= -17.55mm v=  +0.01mm/s  본체면 잔여  -0.05mm  bag_com=[ 2.1391676e-01 -6.0425486e-06  9.8150730e-02]
    [clamp t= 1.87s] wall= -17.55mm v=  +0.00mm/s  본체면 잔여  -0.05mm  bag_com=[ 2.1391478e-01 -8.5554475e-06  9.8143637e-02]
    [clamp t= 2.04s] wall= -17.55mm v=  +0.02mm/s  본체면 잔여  -0.05mm  bag_com=[ 2.1391223e-01 -1.7318973e-05  9.8144062e-02]
    [clamp t= 2.21s] wall= -17.54mm v=  +0.01mm/s  본체면 잔여  -0.04mm  bag_com=[ 2.1391559e-01 -3.2739968e-05  9.8144501e-02]
    [clamp t= 2.38s] wall= -17.54mm v=  +0.02mm/s  본체면 잔여  -0.04mm  bag_com=[ 2.1391512e-01 -3.1746586e-05  9.8136753e-02]
    [clamp t= 2.55s] wall= -17.54mm v=  +0.01mm/s  본체면 잔여  -0.04mm  bag_com=[ 2.1391344e-01 -2.0583679e-05  9.8121129e-02]
    [clamp t= 2.72s] wall= -17.54mm v=  +0.02mm/s  본체면 잔여  -0.04mm  bag_com=[ 2.1391138e-01 -1.5169301e-05  9.8111600e-02]
    [clamp t= 2.89s] wall= -17.54mm v=  +0.00mm/s  본체면 잔여  -0.04mm  bag_com=[ 2.1390997e-01 -8.9643554e-06  9.8101594e-02]
    [clamp t= 3.06s] wall= -17.54mm v=  -0.01mm/s  본체면 잔여  -0.04mm  bag_com=[ 2.1390958e-01 -8.5119228e-07  9.8091044e-02]
    [clamp t= 3.23s] wall= -17.54mm v=  -0.01mm/s  본체면 잔여  -0.04mm  bag_com=[2.1390936e-01 7.6549968e-06 9.8080739e-02]
    [clamp t= 3.40s] wall= -17.54mm v=  -0.01mm/s  본체면 잔여  -0.04mm  bag_com=[2.1391025e-01 1.4592685e-05 9.8073550e-02]
    [clamp t= 3.57s] wall= -17.54mm v=  -0.01mm/s  본체면 잔여  -0.04mm  bag_com=[2.1391207e-01 2.6796379e-05 9.8061696e-02]
    [clamp t= 3.74s] wall= -17.54mm v=  -0.02mm/s  본체면 잔여  -0.04mm  bag_com=[2.1391489e-01 4.0220082e-05 9.8050363e-02]
    [clamp t= 3.91s] wall= -17.55mm v=  -0.02mm/s  본체면 잔여  -0.05mm  bag_com=[2.1391818e-01 5.3986605e-05 9.8039880e-02]
    [clamp t= 4.08s] wall= -17.55mm v=  -0.02mm/s  본체면 잔여  -0.05mm  bag_com=[2.1392226e-01 6.7847635e-05 9.8029844e-02]
    [clamp t= 4.25s] wall= -17.55mm v=  -0.02mm/s  본체면 잔여  -0.05mm  bag_com=[2.1392639e-01 8.1741513e-05 9.8020323e-02]
Traceback (most recent call last):
  File "C:\Crusher_isaacsim\Crusher_Genesis\Crusher_M0609_RG2_Tablet_Samplebag\full_workflow.py", line 2261, in <module>
    main(use_viewer=os.environ.get("VIEWER") == "1")
    ~~~~^^^^^^^^^^^^^^^^^^^^^^^^^^^^^^^^^^^^^^^^^^^^
  File "C:\Crusher_isaacsim\Crusher_Genesis\Crusher_M0609_RG2_Tablet_Samplebag\full_workflow.py", line 1979, in main
    raise RuntimeError(
    ...<6 lines>...
    )
RuntimeError: [clamp] Left_Wall DOF 발산: wall=-17.55mm (허용 -17.0~+11.0mm). WALL_FORCE_LIM=100.0N 로도 안정화되지 않았다 — CLAMP_TARGET(-12.0mm)을 줄이거나 힘 상한을 낮출 것.

[38;5;9m[Genesis] [18:30:12] [ERROR] RuntimeError: [clamp] Left_Wall DOF 발산: wall=-17.55mm (허용 -17.0~+11.0mm). WALL_FORCE_LIM=100.0N 로도 안정화되지 않았다 — CLAMP_TARGET(-12.0mm)을 줄이거나 힘 상한을 낮출 것.[0m
