============================================================
 Full workflow: tablet drop -> bag catch -> grasp -> lift -> Crusher slot insert (viewer=False)
============================================================
[mjcf] Left_Wall 반사 관성 armature=10.0kg (링크 질량 0.312kg + 랙/피니언/감속기/로터). 100N -> 9.7 m/s^2, kv 안정 한계 4125
[mjcf] Left_Wall 형상 교체: 옛 geom 12개(시각 1 + hull 11) -> 본체 hull 5개 + 플랜지 1개 + 시각 1개. 플랜지 = 충돌+시각. 중립 간격 플랜지 12.50mm / 본체 17.50mm
[fem_ipc_workarounds] FEMEntity.set_vertex_constraints 패치 완료 (IPC 커플러 버그 우회)
[38;5;226m[Genesis] [18:03:33] [WARNING] At least one of the meshes contain many faces (15432). Consider setting 'morph.decimate=True' to speed up collision detection and improve numerical stability.[0m
[38;5;226m[Genesis] [18:03:33] [WARNING] At least one of the meshes contain many faces (15762). Consider setting 'morph.decimate=True' to speed up collision detection and improve numerical stability.[0m
[38;5;226m[Genesis] [18:03:33] [WARNING] Mesh is not watertight. Falling back to convex hull for estimating inertial properties.[0m
[38;5;226m[Genesis] [18:03:33] [WARNING] Mesh is not watertight. Falling back to convex hull for estimating inertial properties.[0m
[38;5;226m[Genesis] [18:03:33] [WARNING] At least one of the meshes contain many faces (12522). Consider setting 'morph.decimate=True' to speed up collision detection and improve numerical stability.[0m
[38;5;226m[Genesis] [18:03:34] [WARNING] Mesh is not watertight. Falling back to convex hull for estimating inertial properties.[0m
[38;5;226m[Genesis] [18:03:34] [WARNING] Mesh is not watertight. Falling back to convex hull for estimating inertial properties.[0m
[38;5;226m[Genesis] [18:03:34] [WARNING] Mesh is not watertight. Falling back to convex hull for estimating inertial properties.[0m
[38;5;226m[Genesis] [18:03:34] [WARNING] Mesh is not watertight. Falling back to convex hull for estimating inertial properties.[0m
[38;5;226m[Genesis] [18:03:34] [WARNING] Mesh is not watertight. Falling back to convex hull for estimating inertial properties.[0m
[38;5;226m[Genesis] [18:03:34] [WARNING] Mesh is not watertight. Falling back to convex hull for estimating inertial properties.[0m
[38;5;226m[Genesis] [18:03:34] [WARNING] Mesh is not watertight. Falling back to convex hull for estimating inertial properties.[0m
[38;5;226m[Genesis] [18:03:34] [WARNING] Mesh is not watertight. Falling back to convex hull for estimating inertial properties.[0m
[38;5;226m[Genesis] [18:03:34] [WARNING] Mesh is not watertight. Falling back to convex hull for estimating inertial properties.[0m
[38;5;226m[Genesis] [18:03:34] [WARNING] Mesh is not watertight. Falling back to convex hull for estimating inertial properties.[0m
[38;5;226m[Genesis] [18:03:34] [WARNING] Mesh is not watertight. Falling back to convex hull for estimating inertial properties.[0m
[38;5;226m[Genesis] [18:03:34] [WARNING] Mesh is not watertight. Falling back to convex hull for estimating inertial properties.[0m
[38;5;226m[Genesis] [18:03:34] [WARNING] Mesh is not watertight. Falling back to convex hull for estimating inertial properties.[0m
[38;5;226m[Genesis] [18:03:34] [WARNING] Mesh is not watertight. Falling back to convex hull for estimating inertial properties.[0m
[38;5;226m[Genesis] [18:03:34] [WARNING] Mesh is not watertight. Falling back to convex hull for estimating inertial properties.[0m
[38;5;226m[Genesis] [18:03:34] [WARNING] At least one of the meshes contain many faces (27466). Consider setting 'morph.decimate=True' to speed up collision detection and improve numerical stability.[0m
[38;5;226m[Genesis] [18:03:34] [WARNING] Mesh is not watertight. Falling back to convex hull for estimating inertial properties.[0m
[38;5;226m[Genesis] [18:03:34] [WARNING] Mesh is not watertight. Falling back to convex hull for estimating inertial properties.[0m
[38;5;226m[Genesis] [18:03:34] [WARNING] Mesh is not watertight. Falling back to convex hull for estimating inertial properties.[0m
[38;5;226m[Genesis] [18:03:34] [WARNING] Mesh is not watertight. Falling back to convex hull for estimating inertial properties.[0m
[38;5;226m[Genesis] [18:03:34] [WARNING] Mesh is not watertight. Falling back to convex hull for estimating inertial properties.[0m

[build] scene.build() 시작...
[38;5;226m[Genesis] [18:03:35] [WARNING] Link 'L4_Motor2_Shaft_1' has dubious center of mass [x=0.000, y=-0.037, z=0.015] compared to the bounding box from geometry [x=(-0.018, 0.018), y=(-0.018, 0.018), z=(-0.000, 0.077)].[0m
[38;5;226m[Genesis] [18:03:35] [WARNING] Link 'M_Bottom_1' has dubious center of mass [x=0.166, y=0.030, z=-0.073] compared to the bounding box from geometry [x=(0.106, 0.155), y=(-0.011, 0.071), z=(-0.078, -0.068)].[0m
[38;5;226m[Genesis] [18:03:35] [WARNING] Link 'M_Back_1' has dubious center of mass [x=0.003, y=0.021, z=0.011] compared to the bounding box from geometry [x=(-0.035, -0.030), y=(-0.033, 0.076), z=(-0.005, 0.028)].[0m
[38;5;226m[Genesis] [18:03:35] [WARNING] Link 'M_Left1_1' has dubious center of mass [x=-0.025, y=-0.002, z=-0.014] compared to the bounding box from geometry [x=(-0.088, -0.032), y=(-0.005, -0.000), z=(-0.038, 0.010)].[0m
[38;5;226m[Genesis] [18:03:35] [WARNING] Link 'M_Right1_1' has dubious center of mass [x=-0.025, y=0.003, z=-0.014] compared to the bounding box from geometry [x=(-0.087, -0.033), y=(0.000, 0.005), z=(-0.038, 0.010)].[0m
[38;5;226m[Genesis] [18:03:35] [WARNING] Link 'M_Top_1' has dubious center of mass [x=-0.024, y=0.028, z=0.005] compared to the bounding box from geometry [x=(-0.088, -0.032), y=(-0.031, 0.088), z=(-0.000, 0.010)].[0m
[38;5;226m[Genesis] [18:03:35] [WARNING] Link 'M_LeftLink_1' has dubious center of mass [x=-0.002, y=0.005, z=0.046] compared to the bounding box from geometry [x=(-0.040, -0.035), y=(-0.005, 0.015), z=(-0.005, 0.095)].[0m
[38;5;226m[Genesis] [18:03:35] [WARNING] Link 'M_RightLink_1' has dubious center of mass [x=-0.002, y=-0.005, z=0.046] compared to the bounding box from geometry [x=(-0.040, -0.035), y=(-0.015, 0.005), z=(-0.005, 0.095)].[0m
[38;5;226m[Genesis] [18:03:35] [WARNING] Link 'M_LeftLink2_copy_1' has dubious center of mass [x=-0.005, y=-0.005, z=0.021] compared to the bounding box from geometry [x=(-0.044, -0.032), y=(-0.015, 0.005), z=(-0.000, 0.045)].[0m
[38;5;226m[Genesis] [18:03:35] [WARNING] Link 'link_2' has dubious center of mass [x=0.000, y=0.000, z=0.000] compared to the bounding box from geometry [x=(-0.068, 0.479), y=(-0.069, 0.069), z=(0.082, 0.274)].[0m
[38;5;226m[Genesis] [18:03:35] [WARNING] Constraint solver time constant should be greater than 2*substep_dt. timeconst is changed from `0.0002` to `0.01`). Decrease simulation timestep or increase timeconst to avoid altering the original value.[0m
[38;5;226m[Genesis] [18:03:36] [WARNING] Filtered out geometry pairs causing self-collision for the neutral configuration (qpos0): (91, 114), (104, 106). Consider tuning Morph option 'decompose_robot_error_threshold' or specify dedicated collision meshes. This behavior can be disabled by setting Morph option 'enable_neutral_collision=True'.[0m
C:\Users\simuser\miniconda3\envs\crusher_genesis\Lib\site-packages\quadrants\_test_tools\warnings_helper.py:11: UserWarning: cannot create weak reference to 'tuple' object. Template mapper caching disabled.
  warnings.warn(message)
[verify] L2_Left_Wall1_1 충돌 geom 6개 / 시각 geom 3개  (플랜지 접촉=ON, 기대 충돌 6개)
[build] 성공 (13.3s)
[bag] shape 고정: 714/714 정점(바닥+양측면), 입구는 자유
[slot] 간격축 = world Y (겹침 -12.5mm), 슬롯 길이축 = world X (겹침 +65.0mm)
[slot] gap_cx=0.2125 gap_cy=-0.0053 gap_width=12.5mm wall_top_z=0.0870
[slot] pocket(L1_Wall1_1) center=(0.1745,0.0330)
[ctrl] Left_Wall armature=10.0kg (런타임 API) — 유효 질량 10.31kg, 100N -> 9.7 m/s^2, kv 안정 한계 4125 (현재 500)
[ctrl] Left_Wall force clip: ±100 N (Motor2 ctrlrange, docs/Crusher.md §5) — 벽은 이 힘에서 균형지는 위치에 멈춘다
[bag] grip_strip verts near FINGER_MID: 76
[38;5;226m[Genesis] [18:03:49] [WARNING] fps=30 is not reachable with dt=0.005. Recording at fps=28.57142857142857 instead.[0m
[38;5;226m[Genesis] [18:03:49] [WARNING] fps=30 is not reachable with dt=0.005. Recording at fps=28.57142857142857 instead.[0m
[38;5;226m[Genesis] [18:03:49] [WARNING] fps=30 is not reachable with dt=0.005. Recording at fps=28.57142857142857 instead.[0m

[phase] 0 prep (1.0s) — 크랭크 0->-3.142rad(-180deg), Left_Wall 0->+6mm(개방)
[phase] prep     @done  crank=-3.000rad  wall=+5.43mm
    [drop k=   0] tablet_z=+424.36mm bag_com=[0.00646321 0.2561791  0.39925352]
    [drop k=  40] tablet_z=+411.24mm bag_com=[0.00646321 0.2561791  0.39925352]
    [drop k=  80] tablet_z=+404.46mm bag_com=[0.00646321 0.2561791  0.39925352]
    [drop k= 120] tablet_z=+384.44mm bag_com=[0.00646321 0.2561791  0.39925352]
[phase] drop     @done  bag_com=[0.00646321 0.2561791  0.39925352]  finger_z=0.4378  tablet_z=+380.58mm  tilt=0.8deg  bag_bottom=0.3543
[phase] settle   @done  bag_com=[0.00646321 0.2561791  0.39925352]  finger_z=0.4378  tablet_z=+368.34mm  tilt=0.8deg  bag_bottom=0.3543
[bag] shape 고정 해제 — 이제부터 순수 마찰 파지
[phase] close    @done  bag_com=[0.00643381 0.25569525 0.39880148]  finger_z=0.4360  tablet_z=+364.67mm  tilt=0.7deg  bag_bottom=0.3538
[phase] grasp    @done  bag_com=[0.0063967  0.2557257  0.39880678]  finger_z=0.4361  tablet_z=+359.74mm  tilt=0.5deg  bag_bottom=0.3538
[phase] lift     @done  bag_com=[0.00562062 0.25873023 0.52436036]  finger_z=0.5620  tablet_z=+482.43mm  tilt=1.1deg  bag_bottom=0.4791
[phase] hold     @done  bag_com=[0.00557524 0.25864357 0.5243411 ]  finger_z=0.5620  tablet_z=+482.40mm  tilt=1.2deg  bag_bottom=0.4791
[slot] wall_center_z=0.0510  insert_z(finger)=0.1330  hang=82mm
[slot] 봉투중심 보정 dy=+0.0mm -> finger_y=-0.0053 (봉투중심 y=-0.0053 = gap_cy -0.0053)
[slot] 봉투중심 보정 dx=-28.0mm -> finger_x=0.2405 (봉투중심 x=0.2125 = gap_cx 0.2125) — 실링이 측벽에 물린다
[sweep] Y_OFFSET_MM=+0.0mm -> target_xy=[ 0.24049766 -0.00527226]  (gap_cy=-0.0053)
[cam] side view 고정: pos=(np.float64(0.21249766187667846), np.float64(-0.5552722595214844), np.float64(0.169001227684021)) look=(np.float64(0.21249766187667846), np.float64(-0.005272259521484357), np.float64(0.169001227684021)) (gap_width=12.5mm, z범위 above=0.2870~insert=0.1330)

[ik] above-slot target=[ 0.24049766 -0.00527226  0.28700123]  arm_q=[-5.1308370e-01  4.4076139e-01  8.6771089e-01 -1.4246907e-05
  1.8327389e+00  4.1990781e+00]
    [above k=   0] tablet_z=+482.40mm bag_com=[0.00557519 0.25864285 0.5243406 ]
    [above k=  40] tablet_z=+481.10mm bag_com=[0.00949119 0.25763005 0.5229734 ]
    [above k=  80] tablet_z=+473.11mm bag_com=[0.03063091 0.2476099  0.5147092 ]
    [above k= 120] tablet_z=+453.79mm bag_com=[0.07114411 0.22117235 0.4952235 ]
    [above k= 160] tablet_z=+419.67mm bag_com=[0.11880033 0.17869695 0.4611728 ]
    [above k= 200] tablet_z=+373.67mm bag_com=[0.1596426  0.12682277 0.413101  ]
    [above k= 240] tablet_z=+325.75mm bag_com=[0.18712778 0.07639048 0.3580182 ]
    [above k= 280] tablet_z=+275.98mm bag_com=[0.2034316  0.03399672 0.30694696]
    [above k= 320] tablet_z=+239.50mm bag_com=[0.21000214 0.00750944 0.27016369]
    [above k= 360] tablet_z=+222.06mm bag_com=[ 0.2124076  -0.00627475  0.2527286 ]
[phase] above    @done  bag_com=[ 0.2127149  -0.00687744  0.24963926]  finger_z=0.2868  tablet_z=+218.77mm  tilt=6.0deg  bag_bottom=0.2043
[phase] aboveset @done  bag_com=[ 0.21285087 -0.00696308  0.24948247]  finger_z=0.2868  tablet_z=+217.14mm  tilt=5.8deg  bag_bottom=0.2043
[ik] insert target=[ 0.24049766 -0.00527226  0.13300123]  웨이포인트 41개(카테시안 직선)  arm_q=[-5.1307672e-01  4.2122823e-01  1.3185071e+00  8.6742453e-05
  1.4014754e+00  4.1990943e+00]
    [insert k=   0] tablet_z=+216.98mm bag_com=[ 0.2128003  -0.00695522  0.24932641]
    [insert k=  40] tablet_z=+215.26mm bag_com=[ 0.21285069 -0.007       0.24795954]
    [insert k=  80] tablet_z=+207.37mm bag_com=[ 0.21289934 -0.00722674  0.2402984 ]
    [insert k= 120] tablet_z=+190.89mm bag_com=[ 0.21290787 -0.00718733  0.22387932]
    [insert k= 160] tablet_z=+167.04mm bag_com=[ 0.21290676 -0.00667516  0.19992296]
    [insert k= 200] tablet_z=+138.45mm bag_com=[ 0.21291931 -0.00692876  0.17175363]
    [insert k= 240] tablet_z=+108.53mm bag_com=[ 0.21293084 -0.00715903  0.14370252]
    [insert k= 280] tablet_z=+89.77mm bag_com=[0.2153088  0.00114391 0.12397   ]
    [insert k= 320] tablet_z=+68.18mm bag_com=[ 0.2131378  -0.00354539  0.10400212]
    [insert k= 360] tablet_z=+60.36mm bag_com=[ 0.21296254 -0.00795294  0.09674676]
[phase] insert   @done  bag_com=[ 0.21295954 -0.00619393  0.09541099]  finger_z=0.1328  tablet_z=+58.76mm  tilt=5.5deg  bag_bottom=0.0503
[phase] settle2  @done  bag_com=[ 0.21297362 -0.00684493  0.09541614]  finger_z=0.1328  tablet_z=+54.23mm  tilt=5.9deg  bag_bottom=0.0503
[trim] TRIM_ROUNDS=0 — 생략(기본값). settle2 시점 bag_bottom 오차 +0.7mm 를 그대로 결과로 쓴다.
[trim] 최종 finger_z=0.1330  (초기 0.1330, 하한 0.1030)

[phase] 9 clamp (4.3s) — Left_Wall +6.0mm -> -12.0mm (실링부 압착)
    [clamp t= 0.00s] wall=  +5.99mm v=  -2.42mm/s  본체면 잔여 +23.49mm  bag_com=[ 0.21297425 -0.00684685  0.09541581]
    [clamp t= 0.17s] wall=  -1.67mm v= -85.79mm/s  본체면 잔여 +15.83mm  bag_com=[ 0.21308233 -0.00538313  0.0953627 ]
    [clamp t= 0.34s] wall= -13.62mm v=+227.67mm/s  본체면 잔여  +3.88mm  bag_com=[ 0.21336713 -0.00038827  0.09673186]
    [clamp t= 0.51s] wall= -15.96mm v= +91.25mm/s  본체면 잔여  +1.54mm  bag_com=[ 0.21368152 -0.00036806  0.09815999]
    [clamp t= 0.68s] wall= -17.24mm v= +22.12mm/s  본체면 잔여  +0.26mm  bag_com=[ 2.1370082e-01 -6.1618579e-05  9.7973950e-02]
    [clamp t= 0.85s] wall= -17.17mm v=  -1.66mm/s  본체면 잔여  +0.33mm  bag_com=[2.1372312e-01 4.2755342e-05 9.7896717e-02]
    [clamp t= 1.02s] wall= -17.09mm v=  +0.44mm/s  본체면 잔여  +0.41mm  bag_com=[2.1372066e-01 8.4247338e-05 9.7844221e-02]
    [clamp t= 1.19s] wall= -17.05mm v=  +0.19mm/s  본체면 잔여  +0.45mm  bag_com=[2.1370772e-01 1.0198348e-04 9.7803481e-02]
    [clamp t= 1.36s] wall= -17.02mm v=  +0.14mm/s  본체면 잔여  +0.48mm  bag_com=[2.13697821e-01 1.12666414e-04 9.77566093e-02]
    [clamp t= 1.53s] wall= -17.00mm v=  +0.09mm/s  본체면 잔여  +0.50mm  bag_com=[2.1369566e-01 1.2713924e-04 9.7714365e-02]
    [clamp t= 1.70s] wall= -16.99mm v=  +0.08mm/s  본체면 잔여  +0.51mm  bag_com=[2.1369708e-01 1.3933032e-04 9.7679280e-02]
    [clamp t= 1.87s] wall= -16.98mm v=  +0.06mm/s  본체면 잔여  +0.52mm  bag_com=[2.1369755e-01 1.5520943e-04 9.7650424e-02]
    [clamp t= 2.04s] wall= -16.97mm v=  +0.05mm/s  본체면 잔여  +0.53mm  bag_com=[2.1369709e-01 1.7336755e-04 9.7624496e-02]
    [clamp t= 2.21s] wall= -16.96mm v=  +0.04mm/s  본체면 잔여  +0.54mm  bag_com=[2.1369448e-01 1.9148135e-04 9.7601660e-02]
    [clamp t= 2.38s] wall= -16.95mm v=  +0.04mm/s  본체면 잔여  +0.55mm  bag_com=[2.1368070e-01 1.9420721e-04 9.7583972e-02]
    [clamp t= 2.55s] wall= -16.95mm v=  +0.03mm/s  본체면 잔여  +0.55mm  bag_com=[2.1367227e-01 1.9841979e-04 9.7570725e-02]
    [clamp t= 2.72s] wall= -16.94mm v=  +0.03mm/s  본체면 잔여  +0.56mm  bag_com=[2.1366788e-01 2.0610512e-04 9.7558051e-02]
    [clamp t= 2.89s] wall= -16.94mm v=  +0.03mm/s  본체면 잔여  +0.56mm  bag_com=[2.1366525e-01 2.1326725e-04 9.7545773e-02]
    [clamp t= 3.06s] wall= -16.93mm v=  +0.02mm/s  본체면 잔여  +0.57mm  bag_com=[0.21366444 0.00022165 0.09753308]
    [clamp t= 3.23s] wall= -16.93mm v=  +0.02mm/s  본체면 잔여  +0.57mm  bag_com=[0.2136648  0.00023009 0.09752037]
    [clamp t= 3.40s] wall= -16.93mm v=  +0.02mm/s  본체면 잔여  +0.57mm  bag_com=[0.21366474 0.00023772 0.09750785]
    [clamp t= 3.57s] wall= -16.92mm v=  +0.01mm/s  본체면 잔여  +0.58mm  bag_com=[0.2136644  0.00024407 0.09749541]
    [clamp t= 3.74s] wall= -16.92mm v=  +0.02mm/s  본체면 잔여  +0.58mm  bag_com=[0.21366312 0.00024947 0.09748304]
    [clamp t= 3.91s] wall= -16.92mm v=  +0.01mm/s  본체면 잔여  +0.58mm  bag_com=[0.21366152 0.00025455 0.09747085]
    [clamp t= 4.08s] wall= -16.92mm v=  +0.01mm/s  본체면 잔여  +0.58mm  bag_com=[0.2136597  0.00025957 0.09745874]
    [clamp t= 4.25s] wall= -16.92mm v=  +0.01mm/s  본체면 잔여  +0.58mm  bag_com=[0.21365716 0.00026395 0.09744713]
[phase] clamp    @done  wall=-16.92mm  (잔여: 플랜지면 -4.42mm / 본체면 0.58mm)  bag_com=[0.21365656 0.00026513 0.09744348]
    [release k=   0] tablet_z=+64.10mm bag_com=[0.21365646 0.00026523 0.09744314]
    [release k=  40] tablet_z=+64.12mm bag_com=[0.21360913 0.00174688 0.09680503]
    [release k=  80] tablet_z=+64.14mm bag_com=[0.2133535  0.00484663 0.09646924]
[phase] release  @done  bag_com=[0.21333255 0.00516577 0.09633856]  finger_z=0.1345  tablet_z=+64.15mm  tilt=14.8deg  bag_bottom=0.0583

[RESULT] GRIP_OFFSET_MM=-28mm  Y_OFFSET_MM=+0.0mm  verdict=PASS  (삽입 성공, 걸림/붕괴 없음)
[RESULT] final_bottom_z=0.0583  wall_center_z=0.0510  오차=+7.3mm(+면 얕음/-면 깊음)
[RESULT] width_y=40.1mm(baseline 15.0mm)  height_z=78.9mm(baseline 90.7mm)
[SUMMARY] flange=ON mode=force v=8.0mm/s F=100N kp=5000 hold=0 wall=-16.92mm body_gap=+0.58mm stalled=N drop=+0.0mm tilt=14.8deg width=40.1mm reach_err=+7.3mm verdict=PASS

[saved] overview -> C:\Crusher_isaacsim\Crusher_Genesis\Crusher_M0609_RG2_Tablet_Samplebag\RESULT_F5_A10\grip-28mm\full_workflow_grip-28mm_yoff+0.0mm_20260831_180323_overview.mp4
[saved] bagcam   -> C:\Crusher_isaacsim\Crusher_Genesis\Crusher_M0609_RG2_Tablet_Samplebag\RESULT_F5_A10\grip-28mm\full_workflow_grip-28mm_yoff+0.0mm_20260831_180323_bagcam.mp4
[saved] sideview -> C:\Crusher_isaacsim\Crusher_Genesis\Crusher_M0609_RG2_Tablet_Samplebag\RESULT_F5_A10\grip-28mm\full_workflow_grip-28mm_yoff+0.0mm_20260831_180323_sideview.mp4

[timing] build=13.3s  steps=491.1s (2892 steps, 169.8ms/step)  합계=504.4s
완료.
