============================================================
 Full workflow: tablet drop -> bag catch -> grasp -> lift -> Crusher slot insert (viewer=False)
============================================================
[fem_ipc_workarounds] FEMEntity.set_vertex_constraints 패치 완료 (IPC 커플러 버그 우회)
[38;5;226m[Genesis] [23:08:26] [WARNING] Mesh is not watertight. Falling back to convex hull for estimating inertial properties.[0m
[38;5;226m[Genesis] [23:08:26] [WARNING] Mesh is not watertight. Falling back to convex hull for estimating inertial properties.[0m
[38;5;226m[Genesis] [23:08:26] [WARNING] Mesh is not watertight. Falling back to convex hull for estimating inertial properties.[0m
[38;5;226m[Genesis] [23:08:26] [WARNING] Mesh is not watertight. Falling back to convex hull for estimating inertial properties.[0m
[38;5;226m[Genesis] [23:08:26] [WARNING] Mesh is not watertight. Falling back to convex hull for estimating inertial properties.[0m
[38;5;226m[Genesis] [23:08:26] [WARNING] Mesh is not watertight. Falling back to convex hull for estimating inertial properties.[0m
[38;5;226m[Genesis] [23:08:26] [WARNING] Mesh is not watertight. Falling back to convex hull for estimating inertial properties.[0m
[38;5;226m[Genesis] [23:08:26] [WARNING] Mesh is not watertight. Falling back to convex hull for estimating inertial properties.[0m
[38;5;226m[Genesis] [23:08:26] [WARNING] Mesh is not watertight. Falling back to convex hull for estimating inertial properties.[0m
[38;5;226m[Genesis] [23:08:26] [WARNING] Mesh is not watertight. Falling back to convex hull for estimating inertial properties.[0m
[38;5;226m[Genesis] [23:08:26] [WARNING] Mesh is not watertight. Falling back to convex hull for estimating inertial properties.[0m
[38;5;226m[Genesis] [23:08:26] [WARNING] Mesh is not watertight. Falling back to convex hull for estimating inertial properties.[0m
[38;5;226m[Genesis] [23:08:26] [WARNING] Mesh is not watertight. Falling back to convex hull for estimating inertial properties.[0m
[38;5;226m[Genesis] [23:08:26] [WARNING] Mesh is not watertight. Falling back to convex hull for estimating inertial properties.[0m
[38;5;226m[Genesis] [23:08:26] [WARNING] Mesh is not watertight. Falling back to convex hull for estimating inertial properties.[0m
[38;5;226m[Genesis] [23:08:26] [WARNING] Mesh is not watertight. Falling back to convex hull for estimating inertial properties.[0m
[38;5;226m[Genesis] [23:08:26] [WARNING] Mesh is not watertight. Falling back to convex hull for estimating inertial properties.[0m
[38;5;226m[Genesis] [23:08:26] [WARNING] Mesh is not watertight. Falling back to convex hull for estimating inertial properties.[0m
[38;5;226m[Genesis] [23:08:26] [WARNING] Mesh is not watertight. Falling back to convex hull for estimating inertial properties.[0m
[38;5;226m[Genesis] [23:08:26] [WARNING] Mesh is not watertight. Falling back to convex hull for estimating inertial properties.[0m
[38;5;226m[Genesis] [23:08:26] [WARNING] Mesh is not watertight. Falling back to convex hull for estimating inertial properties.[0m
[38;5;226m[Genesis] [23:08:26] [WARNING] Mesh is not watertight. Falling back to convex hull for estimating inertial properties.[0m
[38;5;226m[Genesis] [23:08:26] [WARNING] Mesh is not watertight. Falling back to convex hull for estimating inertial properties.[0m
[38;5;226m[Genesis] [23:08:26] [WARNING] Mesh is not watertight. Falling back to convex hull for estimating inertial properties.[0m
[38;5;226m[Genesis] [23:08:26] [WARNING] Mesh is not watertight. Falling back to convex hull for estimating inertial properties.[0m
[38;5;226m[Genesis] [23:08:26] [WARNING] Mesh is not watertight. Falling back to convex hull for estimating inertial properties.[0m
[38;5;226m[Genesis] [23:08:26] [WARNING] Mesh is not watertight. Falling back to convex hull for estimating inertial properties.[0m
[38;5;226m[Genesis] [23:08:26] [WARNING] Mesh is not watertight. Falling back to convex hull for estimating inertial properties.[0m
[38;5;226m[Genesis] [23:08:26] [WARNING] Mesh is not watertight. Falling back to convex hull for estimating inertial properties.[0m
[38;5;226m[Genesis] [23:08:26] [WARNING] Mesh is not watertight. Falling back to convex hull for estimating inertial properties.[0m
[38;5;226m[Genesis] [23:08:26] [WARNING] Mesh is not watertight. Falling back to convex hull for estimating inertial properties.[0m
[38;5;226m[Genesis] [23:08:26] [WARNING] Mesh is not watertight. Falling back to convex hull for estimating inertial properties.[0m
[38;5;226m[Genesis] [23:08:26] [WARNING] Mesh is not watertight. Falling back to convex hull for estimating inertial properties.[0m
[38;5;226m[Genesis] [23:08:26] [WARNING] Mesh is not watertight. Falling back to convex hull for estimating inertial properties.[0m
[38;5;226m[Genesis] [23:08:26] [WARNING] Mesh is not watertight. Falling back to convex hull for estimating inertial properties.[0m
[38;5;226m[Genesis] [23:08:26] [WARNING] Mesh is not watertight. Falling back to convex hull for estimating inertial properties.[0m
[38;5;226m[Genesis] [23:08:26] [WARNING] Mesh is not watertight. Falling back to convex hull for estimating inertial properties.[0m
[38;5;226m[Genesis] [23:08:26] [WARNING] Mesh is not watertight. Falling back to convex hull for estimating inertial properties.[0m
[38;5;226m[Genesis] [23:08:26] [WARNING] Mesh is not watertight. Falling back to convex hull for estimating inertial properties.[0m
[38;5;226m[Genesis] [23:08:26] [WARNING] Mesh is not watertight. Falling back to convex hull for estimating inertial properties.[0m
[38;5;226m[Genesis] [23:08:26] [WARNING] Mesh is not watertight. Falling back to convex hull for estimating inertial properties.[0m
[38;5;226m[Genesis] [23:08:26] [WARNING] At least one of the meshes contain many faces (27466). Consider setting 'morph.decimate=True' to speed up collision detection and improve numerical stability.[0m
[38;5;226m[Genesis] [23:08:27] [WARNING] Mesh is not watertight. Falling back to convex hull for estimating inertial properties.[0m
[38;5;226m[Genesis] [23:08:27] [WARNING] Mesh is not watertight. Falling back to convex hull for estimating inertial properties.[0m
[38;5;226m[Genesis] [23:08:27] [WARNING] Mesh is not watertight. Falling back to convex hull for estimating inertial properties.[0m
[38;5;226m[Genesis] [23:08:27] [WARNING] Mesh is not watertight. Falling back to convex hull for estimating inertial properties.[0m
[38;5;226m[Genesis] [23:08:27] [WARNING] Mesh is not watertight. Falling back to convex hull for estimating inertial properties.[0m

[build] scene.build() 시작...
[38;5;226m[Genesis] [23:08:27] [WARNING] Link 'L4_Motor2_Shaft_1' has dubious center of mass [x=0.000, y=-0.037, z=0.015] compared to the bounding box from geometry [x=(-0.018, 0.018), y=(-0.018, 0.018), z=(-0.000, 0.077)].[0m
[38;5;226m[Genesis] [23:08:27] [WARNING] Link 'Shaft_copy_1' has dubious center of mass [x=0.000, y=-0.015, z=0.003] compared to the bounding box from geometry [x=(-0.053, -0.009), y=(-0.015, 0.029), z=(-0.013, 0.026)].[0m
[38;5;226m[Genesis] [23:08:27] [WARNING] Link 'Shaft_copy_1' has dubious mass 0.095 compared to the estimate from geometry 0.001.[0m
[38;5;226m[Genesis] [23:08:27] [WARNING] Link 'Shaft_copy_1' has dubious inertia [ixx=2.607e-05,iyy=1.928e-05,izz=1.271e-05] compared to the estimate from geometry [ixx=1.278e-05,iyy=1.809e-07,izz=1.278e-05].[0m
[38;5;226m[Genesis] [23:08:27] [WARNING] Link 'M_Bottom_1' has dubious center of mass [x=0.019, y=0.081, z=0.045] compared to the bounding box from geometry [x=(0.057, 0.168), y=(-0.028, 0.093), z=(-0.093, 0.055)].[0m
[38;5;226m[Genesis] [23:08:27] [WARNING] Link 'link_2' has dubious center of mass [x=0.000, y=0.000, z=0.000] compared to the bounding box from geometry [x=(-0.068, 0.479), y=(-0.069, 0.069), z=(0.082, 0.274)].[0m
[38;5;226m[Genesis] [23:08:27] [WARNING] Constraint solver time constant should be greater than 2*substep_dt. timeconst is changed from `0.0002` to `0.01`). Decrease simulation timestep or increase timeconst to avoid altering the original value.[0m
python.exe : C:\Users\simuser\miniconda3\envs\crusher_genesis\Lib\site-packages\quadrants\_test_tools\warnings_helper.p
y:11: UserWarning: cannot create weak reference to 'tuple' object. Template mapper caching disabled.
At line:1 char:539
+ ... | Out-Null; & "C:\Users\simuser\miniconda3\envs\crusher_genesis\pytho ...
+                 ~~~~~~~~~~~~~~~~~~~~~~~~~~~~~~~~~~~~~~~~~~~~~~~~~~~~~~~~~
    + CategoryInfo          : NotSpecified: (C:\Users\simuse...ching disabled.:String) [], RemoteException
    + FullyQualifiedErrorId : NativeCommandError
 
  warnings.warn(message)
[build] 성공
[bag] shape 고정: 339/771 정점(바닥+양측면), 입구는 자유
[slot] gap_cx=-0.3303 gap_cy=-0.0473 gap_width=12.0mm wall_top_z=0.0864
[slot] pocket(L1_Wall1_1) center=(-0.3683,-0.0853)
[bag] grip_strip verts near FINGER_MID: 102
[38;5;226m[Genesis] [23:08:36] [WARNING] fps=30 is not reachable with dt=0.005. Recording at fps=28.57142857142857 instead.[0m
[38;5;226m[Genesis] [23:08:36] [WARNING] fps=30 is not reachable with dt=0.005. Recording at fps=28.57142857142857 instead.[0m
[38;5;226m[Genesis] [23:08:36] [WARNING] fps=30 is not reachable with dt=0.005. Recording at fps=28.57142857142857 instead.[0m

[phase] 0 prep (1.0s) — 크랭크 0->-3.142rad(-180deg), Left_Wall 0->+6mm(개방)
[phase] prep     @done  crank=-3.000rad  wall=+5.43mm
    [drop k=   0] tablet_z=+387.28mm bag_com=[-0.12829472 -0.61895275  0.3975804 ]
    [drop k=  40] tablet_z=+354.78mm bag_com=[-0.12866172 -0.61873376  0.39752597]
    [drop k=  80] tablet_z=+354.78mm bag_com=[-0.12902589 -0.61850595  0.39743778]
    [drop k= 120] tablet_z=+354.78mm bag_com=[-0.12957983 -0.61832243  0.39728352]
[phase] drop     @done  bag_com=[-0.13026981 -0.6181856   0.39706272]  finger_z=0.4378  tablet_z=+354.78mm  tilt=5.4deg  bag_bottom=0.3551
[phase] settle   @done  bag_com=[-0.13202037 -0.6177209   0.396305  ]  finger_z=0.4378  tablet_z=+354.78mm  tilt=6.6deg  bag_bottom=0.3551
[bag] shape 고정 해제 — 이제부터 순수 마찰 파지
[phase] close    @done  bag_com=[-0.12934159 -0.61353904  0.3956609 ]  finger_z=0.4361  tablet_z=+354.78mm  tilt=15.0deg  bag_bottom=0.3538
[phase] grasp    @done  bag_com=[-0.1310535  -0.61282533  0.3951142 ]  finger_z=0.4361  tablet_z=+354.78mm  tilt=16.9deg  bag_bottom=0.3538
[phase] lift     @done  bag_com=[-0.16540004 -0.6135983   0.35579962]  finger_z=0.5620  tablet_z=+354.78mm  tilt=82.9deg  bag_bottom=0.3513
[phase] hold     @done  bag_com=[-0.16545165 -0.6135979   0.35579807]  finger_z=0.5620  tablet_z=+354.78mm  tilt=82.9deg  bag_bottom=0.3513
[slot] wall_center_z=0.0504  insert_z(finger)=0.1324  hang=82mm
[slot] 봉투중심 보정 dy=+24.0mm -> finger_y=-0.0713 (봉투중심 y=-0.0473 = gap_cy -0.0473)
[sweep] Y_OFFSET_MM=+0.0mm -> target_xy=[-0.33027777 -0.07130234]  (gap_cy=-0.0473)
[cam] side view 고정: pos=(np.float64(-0.3302777709960938), np.float64(-0.597302336215973), np.float64(0.168431227684021)) look=(np.float64(-0.3302777709960938), np.float64(-0.047302336215972886), np.float64(0.168431227684021)) (gap_width=12.0mm, z범위 above=0.2864~insert=0.1324)

[ik] above-slot target=[-0.33027777 -0.07130234  0.28643123]  arm_q=[1.5605546e+00 6.0462815e-01 6.0963309e-01 4.5791210e-04 1.9271390e+00
 1.5605723e+00]
    [above k=   0] tablet_z=+354.78mm bag_com=[-0.16545212 -0.6135979   0.35579807]
    [above k=  40] tablet_z=+354.78mm bag_com=[-0.16547269 -0.6135974   0.35579735]
    [above k=  80] tablet_z=+354.78mm bag_com=[-0.16549419 -0.6135981   0.3557967 ]
    [above k= 120] tablet_z=+354.78mm bag_com=[-0.16551779 -0.6135965   0.3557959 ]
    [above k= 160] tablet_z=+354.78mm bag_com=[-0.16554579 -0.6135966   0.35579488]
    [above k= 200] tablet_z=+354.78mm bag_com=[-0.16558218 -0.61359584  0.3557937 ]
    [above k= 240] tablet_z=+354.78mm bag_com=[-0.16562684 -0.61359555  0.35579178]
    [above k= 280] tablet_z=+354.78mm bag_com=[-0.165664  -0.6135951  0.3557902]
    [above k= 320] tablet_z=+354.78mm bag_com=[-0.1656979  -0.61359435  0.35578912]
    [above k= 360] tablet_z=+354.78mm bag_com=[-0.16573192 -0.6135935   0.35578793]
[phase] above    @done  bag_com=[-0.16576485 -0.6135926   0.35578686]  finger_z=0.2862  tablet_z=+354.78mm  tilt=82.9deg  bag_bottom=0.3512
[phase] aboveset @done  bag_com=[-0.1659402  -0.6135921   0.35578045]  finger_z=0.2862  tablet_z=+354.78mm  tilt=82.9deg  bag_bottom=0.3512
[ik] insert target=[-0.33027777 -0.07130234  0.13243123]  웨이포인트 41개(카테시안 직선)  arm_q=[1.5606072e+00 5.4405183e-01 1.1330127e+00 4.1018677e-04 1.4643276e+00
 1.5603598e+00]
    [insert k=   0] tablet_z=+354.78mm bag_com=[-0.16594106 -0.61359215  0.35578042]
    [insert k=  40] tablet_z=+354.78mm bag_com=[-0.16597661 -0.6135917   0.35577923]
    [insert k=  80] tablet_z=+354.78mm bag_com=[-0.16601233 -0.61359155  0.35577777]
    [insert k= 120] tablet_z=+354.78mm bag_com=[-0.1660482  -0.61359143  0.35577646]
    [insert k= 160] tablet_z=+354.78mm bag_com=[-0.16608463 -0.6135907   0.355775  ]
    [insert k= 200] tablet_z=+354.78mm bag_com=[-0.16612129 -0.61359006  0.35577366]
    [insert k= 240] tablet_z=+354.78mm bag_com=[-0.16615792 -0.61358917  0.3557721 ]
    [insert k= 280] tablet_z=+354.78mm bag_com=[-0.1661948  -0.61358845  0.3557707 ]
    [insert k= 320] tablet_z=+354.78mm bag_com=[-0.16623186 -0.61358833  0.35576934]
    [insert k= 360] tablet_z=+354.78mm bag_com=[-0.16626944 -0.6135879   0.3557677 ]
[phase] insert   @done  bag_com=[-0.16630596 -0.61358696  0.3557661 ]  finger_z=0.1322  tablet_z=+354.78mm  tilt=82.9deg  bag_bottom=0.3512
[phase] settle2  @done  bag_com=[-0.1664021  -0.6135868   0.35576212]  finger_z=0.1322  tablet_z=+354.78mm  tilt=82.9deg  bag_bottom=0.3511
[trim] TRIM_ROUNDS=0 — 생략(기본값). settle2 시점 bag_bottom 오차 +300.7mm 를 그대로 결과로 쓴다.
[trim] 최종 finger_z=0.1324  (초기 0.1324, 하한 0.1024)

[phase] 9 clamp (2.0s) — Left_Wall +6.0mm -> -5.0mm (실링부 압착)
[phase] clamp    @done  wall=-4.48mm  bag_com=[-0.16677296 -0.6135804   0.35574767]
    [release k=   0] tablet_z=+354.78mm bag_com=[-0.1667738  -0.61358035  0.35574764]
    [release k=  40] tablet_z=+354.78mm bag_com=[-0.16680685 -0.6135796   0.35574666]
    [release k=  80] tablet_z=+354.78mm bag_com=[-0.16683964 -0.6135794   0.35574535]
[phase] release  @done  bag_com=[-0.16685565 -0.61357886  0.35574475]  finger_z=0.1339  tablet_z=+354.78mm  tilt=82.9deg  bag_bottom=0.3511

[RESULT] GRIP_OFFSET_MM=-24mm  Y_OFFSET_MM=+0.0mm  verdict=FAIL  (미도달(bag_bottom_z=0.3511 vs wall_center_z=0.0504, diff=300.6mm>15mm))
[RESULT] final_bottom_z=0.3511  wall_center_z=0.0504  오차=+300.6mm(+면 얕음/-면 깊음)
[RESULT] width_y=66.5mm(baseline 67.1mm)  height_z=8.9mm(baseline 8.6mm)

[saved] overview -> C:\Crusher_isaacsim\Crusher_Genesis\Crusher_M0609_RG2_Tablet_Samplebag\RESULT\grip-24mm\full_workflow_grip-24mm_yoff+0.0mm_20260814_230820_overview.mp4
[saved] bagcam   -> C:\Crusher_isaacsim\Crusher_Genesis\Crusher_M0609_RG2_Tablet_Samplebag\RESULT\grip-24mm\full_workflow_grip-24mm_yoff+0.0mm_20260814_230820_bagcam.mp4
[saved] sideview -> C:\Crusher_isaacsim\Crusher_Genesis\Crusher_M0609_RG2_Tablet_Samplebag\RESULT\grip-24mm\full_workflow_grip-24mm_yoff+0.0mm_20260814_230820_sideview.mp4
완료.
