============================================================
 [Legacy] Legacy_vs_IPC pipeline_legacy  (viewer=False)
============================================================
[bag-proxy] 247 verts, 472 faces -> C:\Crusher_isaacsim\Crusher_Genesis\Legacy_vs_IPC\RESULT\_bag_pbd_proxy.stl
[tablet-proxy] 122 verts -> C:\Crusher_isaacsim\Crusher_Genesis\Legacy_vs_IPC\RESULT\_tablet_rigid_capsule.stl
[38;5;226m[Genesis] [19:15:06] [WARNING] At least one of the meshes contain many faces (27466). Consider setting 'morph.decimate=True' to speed up collision detection and improve numerical stability.[0m

[build] scene.build() 시작...
[38;5;226m[Genesis] [19:15:07] [WARNING] Link 'L4_Motor2_Shaft_1' has dubious center of mass [x=0.000, y=-0.037, z=0.015] compared to the bounding box from geometry [x=(-0.018, 0.018), y=(-0.018, 0.018), z=(-0.000, 0.077)].[0m
[38;5;226m[Genesis] [19:15:07] [WARNING] Link 'link_2' has dubious center of mass [x=0.000, y=0.000, z=0.000] compared to the bounding box from geometry [x=(-0.068, 0.479), y=(-0.069, 0.069), z=(0.082, 0.274)].[0m
C:\Users\simuser\miniconda3\envs\crusher_genesis\Lib\site-packages\quadrants\_test_tools\warnings_helper.py:11: UserWarning: cannot create weak reference to 'tuple' object. Template mapper caching disabled.
  warnings.warn(message)
C:\Users\simuser\miniconda3\envs\crusher_genesis\Lib\site-packages\quadrants\lang\ast\ast_transformers\call_transformer.py:245: DeprecationWarning: keyword.__init__ got an unexpected keyword argument 'ctx'. Support for arbitrary keyword arguments is deprecated and will be removed in Python 3.15.
  kwarg_node = ast.keyword(
C:\Users\simuser\miniconda3\envs\crusher_genesis\Lib\site-packages\quadrants\lang\ast\ast_transformers\call_transformer.py:245: DeprecationWarning: keyword.__init__ got an unexpected keyword argument 'ctx'. Support for arbitrary keyword arguments is deprecated and will be removed in Python 3.15.
  kwarg_node = ast.keyword(
[build] 성공 (16.0s)
[bag] shape 고정: 743/1819 정점(바닥+양측면), 입구는 자유
[slot] gap_cx=-0.3303 gap_cy=-0.0473 gap_width=12.0mm wall_top_z=0.0864
[slot] pocket(L1_Wall1_1) center=(-0.3683,-0.0853)  wall_center_z=0.0504

[phase] 0 prep (1.00s sim) — 크랭크 0->-3.142rad, Left_Wall 0->+6mm
[phase] prep     @done  (82.1s wall)
    [drop k=   0] tablet_z=+46070.87mm bag_com=[-0.14461346 -0.6379659   0.4108369 ]
    [drop k= 187] tablet_z=+46070.87mm bag_com=[-0.14838314 -0.63679177  0.41382217]
    [drop k= 374] tablet_z=+46070.87mm bag_com=[-0.15225923 -0.6355419   0.4174083 ]
    [drop k= 561] tablet_z=+46070.87mm bag_com=[-0.15579224 -0.63435674  0.42029956]
    [drop k= 748] tablet_z=+46070.87mm bag_com=[-0.15926325 -0.633144    0.4232206 ]
[phase] drop     @done  bag_com=[-0.15928458 -0.63313764  0.42323664]  finger_z=0.4357  tablet_z=+46070.87mm  (59.2s wall)
[bag] shape 고정 해제 — 이제부터 weld 파지만 유지
[phase] settle   @done  bag_com=[100. 100. 100.]  finger_z=0.4357  tablet_z=+46070.87mm  (25.6s wall)
[phase] close    @done  bag_com=[100. 100. 100.]  finger_z=0.4315  tablet_z=+46070.87mm  (33.4s wall)
[grasp] attach 0 particles -> f1_flex_finger
[phase] grasp    @done  bag_com=[100. 100. 100.]  finger_z=0.4315  tablet_z=+46070.87mm  (16.4s wall)
[phase] lift     @done  bag_com=[100. 100. 100.]  finger_z=0.5574  tablet_z=+46070.87mm  (87.0s wall)
[phase] hold     @done  bag_com=[100. 100. 100.]  finger_z=0.5574  tablet_z=+46070.87mm  (43.2s wall)
[slot] wall_center_z=0.0504  insert_z(finger)=0.1024  margin=52mm

[ik] above-slot target=[-0.33027777 -0.04730234  0.28643123]  arm_q=[ 1.6532952   0.71888226  0.42320722 -0.26537916  2.0061324   1.5416577 ]
    [above k=   0] tablet_z=+46070.87mm bag_com=[100. 100. 100.]
    [above k= 500] tablet_z=+46070.87mm bag_com=[100. 100. 100.]
    [above k=1000] tablet_z=+46070.87mm bag_com=[100. 100. 100.]
    [above k=1500] tablet_z=+46070.87mm bag_com=[100. 100. 100.]
[phase] above    @done  bag_com=[100. 100. 100.]  finger_z=0.2864  tablet_z=+46070.87mm  (176.3s wall)
[ik] insert target=[-0.33027777 -0.04730234  0.10243123]  arm_q=[ 1.653343    0.6276743   1.0914478  -0.24195889  1.4466094   1.6863893 ]
    [insert k=   0] tablet_z=+46070.87mm bag_com=[100. 100. 100.]
    [insert k= 500] tablet_z=+46070.87mm bag_com=[100. 100. 100.]
    [insert k=1000] tablet_z=+46070.87mm bag_com=[100. 100. 100.]
    [insert k=1500] tablet_z=+46070.87mm bag_com=[100. 100. 100.]
[phase] insert   @done  bag_com=[100. 100. 100.]  finger_z=0.1024  tablet_z=+46070.87mm  (150.9s wall)
[phase] settle2  @done  bag_com=[100. 100. 100.]  finger_z=0.1024  tablet_z=+46070.87mm  (30.7s wall)

[phase] 9 clamp (2.00s sim) — Left_Wall +6.0mm -> -5.0mm
[phase] clamp    @done  bag_com=[100. 100. 100.]  (130.6s wall)  dist_to_slot=173394.2mm (xy=141688.5mm)
[release] weld 해제
    [release k=   0] tablet_z=+46070.87mm bag_com=[100. 100. 100.]
    [release k= 125] tablet_z=+46070.87mm bag_com=[100. 100. 100.]
    [release k= 250] tablet_z=+46070.87mm bag_com=[100. 100. 100.]
    [release k= 375] tablet_z=+46070.87mm bag_com=[100. 100. 100.]
[phase] release  @done  bag_com=[100. 100. 100.]  finger_z=0.1067  tablet_z=+46070.87mm  (37.6s wall)

[saved] overview -> C:\Crusher_isaacsim\Crusher_Genesis\Legacy_vs_IPC\RESULT\legacy_20260720_191500_overview.mp4
[saved] bagcam   -> C:\Crusher_isaacsim\Crusher_Genesis\Legacy_vs_IPC\RESULT\legacy_20260720_191500_bagcam.mp4

[saved] C:\Crusher_isaacsim\Crusher_Genesis\Legacy_vs_IPC\RESULT\results_legacy_20260720_191500.json
[summary] total_wall=947.1s  sim_time=11.15s  dist_to_slot(final)=173394.2mm (xy=141688.5mm)
완료.
